[  +23 ms] Unable to locate an Android SDK.
[   +5 ms] executing: sysctl hw.optional.arm64
[   +2 ms] Exit code 0 from: sysctl hw.optional.arm64
[        ] hw.optional.arm64: 1
[   +3 ms] Artifact Instance of 'MaterialFonts' is not required, skipping update.
[        ] Artifact Instance of 'GradleWrapper' is not required, skipping update.
[        ] Artifact Instance of 'AndroidGenSnapshotArtifacts' is not required, skipping update.
[        ] Artifact Instance of 'AndroidInternalBuildArtifacts' is not required, skipping update.
[        ] Artifact Instance of 'IOSEngineArtifacts' is not required, skipping update.
[        ] Artifact Instance of 'FlutterWebSdk' is not required, skipping update.
[        ] Artifact Instance of 'LegacyCanvasKitRemover' is not required, skipping update.
[        ] Artifact Instance of 'FlutterSdk' is not required, skipping update.
[        ] Artifact Instance of 'WindowsEngineArtifacts' is not required, skipping update.
[        ] Artifact Instance of 'MacOSEngineArtifacts' is not required, skipping update.
[        ] Artifact Instance of 'LinuxEngineArtifacts' is not required, skipping update.
[        ] Artifact Instance of 'LinuxFuchsiaSDKArtifacts' is not required, skipping update.
[        ] Artifact Instance of 'MacOSFuchsiaSDKArtifacts' is not required, skipping update.
[        ] Artifact Instance of 'FlutterRunnerSDKArtifacts' is not required, skipping update.
[        ] Artifact Instance of 'FlutterRunnerDebugSymbols' is not required, skipping update.
[        ] Artifact Instance of 'IosUsbArtifacts' is not required, skipping update.
[        ] Artifact Instance of 'IosUsbArtifacts' is not required, skipping update.
[        ] Artifact Instance of 'IosUsbArtifacts' is not required, skipping update.
[        ] Artifact Instance of 'IosUsbArtifacts' is not required, skipping update.
[        ] Artifact Instance of 'IosUsbArtifacts' is not required, skipping update.
[        ] Artifact Instance of 'IosUsbArtifacts' is not required, skipping update.
[        ] Artifact Instance of 'FontSubsetArtifacts' is not required, skipping update.
[        ] Artifact Instance of 'PubDependencies' is not required, skipping update.
[        ] executing: [/Users/vertin/development/flutter/] git -c log.showSignature=false log HEAD -n 1 --pretty=format:%ad --date=iso
[  +11 ms] Exit code 0 from: git -c log.showSignature=false log HEAD -n 1 --pretty=format:%ad --date=iso
[        ] 2026-01-28 13:43:12 -0800
[   +7 ms] Artifact Instance of 'AndroidGenSnapshotArtifacts' is not required, skipping update.
[        ] Artifact Instance of 'AndroidInternalBuildArtifacts' is not required, skipping update.
[        ] Artifact Instance of 'IOSEngineArtifacts' is not required, skipping update.
[        ] Artifact Instance of 'FlutterWebSdk' is not required, skipping update.
[        ] Artifact Instance of 'FlutterEngineStamp' is not required, skipping update.
[        ] Artifact Instance of 'LegacyCanvasKitRemover' is not required, skipping update.
[   +1 ms] Artifact Instance of 'WindowsEngineArtifacts' is not required, skipping update.
[        ] Artifact Instance of 'MacOSEngineArtifacts' is not required, skipping update.
[        ] Artifact Instance of 'LinuxEngineArtifacts' is not required, skipping update.
[        ] Artifact Instance of 'LinuxFuchsiaSDKArtifacts' is not required, skipping update.
[        ] Artifact Instance of 'MacOSFuchsiaSDKArtifacts' is not required, skipping update.
[        ] Artifact Instance of 'FlutterRunnerSDKArtifacts' is not required, skipping update.
[        ] Artifact Instance of 'FlutterRunnerDebugSymbols' is not required, skipping update.
[  +21 ms] Artifact Instance of 'MaterialFonts' is not required, skipping update.
[        ] Artifact Instance of 'GradleWrapper' is not required, skipping update.
[        ] Artifact Instance of 'AndroidGenSnapshotArtifacts' is not required, skipping update.
[        ] Artifact Instance of 'AndroidInternalBuildArtifacts' is not required, skipping update.
[        ] Artifact Instance of 'IOSEngineArtifacts' is not required, skipping update.
[        ] Artifact Instance of 'FlutterWebSdk' is not required, skipping update.
[        ] Artifact Instance of 'FlutterEngineStamp' is not required, skipping update.
[        ] Artifact Instance of 'LegacyCanvasKitRemover' is not required, skipping update.
[        ] Artifact Instance of 'FlutterSdk' is not required, skipping update.
[        ] Artifact Instance of 'WindowsEngineArtifacts' is not required, skipping update.
[        ] Artifact Instance of 'LinuxEngineArtifacts' is not required, skipping update.
[        ] Artifact Instance of 'LinuxFuchsiaSDKArtifacts' is not required, skipping update.
[        ] Artifact Instance of 'MacOSFuchsiaSDKArtifacts' is not required, skipping update.
[        ] Artifact Instance of 'FlutterRunnerSDKArtifacts' is not required, skipping update.
[        ] Artifact Instance of 'FlutterRunnerDebugSymbols' is not required, skipping update.
[        ] Artifact Instance of 'IosUsbArtifacts' is not required, skipping update.
[        ] Artifact Instance of 'IosUsbArtifacts' is not required, skipping update.
[        ] Artifact Instance of 'IosUsbArtifacts' is not required, skipping update.
[        ] Artifact Instance of 'IosUsbArtifacts' is not required, skipping update.
[        ] Artifact Instance of 'IosUsbArtifacts' is not required, skipping update.
[        ] Artifact Instance of 'IosUsbArtifacts' is not required, skipping update.
[        ] Artifact Instance of 'FontSubsetArtifacts' is not required, skipping update.
[        ] Artifact Instance of 'PubDependencies' is not required, skipping update.
[  +16 ms] Skipping pub get: version match.
[  +54 ms] Found plugin zego_express_engine at /Users/vertin/.pub-cache/hosted/pub.dev/zego_express_engine-3.23.0/
[   +5 ms] Found plugin wakelock_plus at /Users/vertin/.pub-cache/hosted/pub.dev/wakelock_plus-1.3.2/
[   +4 ms] Found plugin package_info_plus at /Users/vertin/.pub-cache/hosted/pub.dev/package_info_plus-8.0.2/
[   +3 ms] Found plugin video_thumbnail at /Users/vertin/.pub-cache/hosted/pub.dev/video_thumbnail-0.5.6/
[        ] Found plugin video_player_web at /Users/vertin/.pub-cache/hosted/pub.dev/video_player_web-2.3.5/
[   +2 ms] Found plugin video_player_avfoundation at /Users/vertin/.pub-cache/hosted/pub.dev/video_player_avfoundation-2.7.1/
[        ] Found plugin video_player_android at /Users/vertin/.pub-cache/hosted/pub.dev/video_player_android-2.8.7/
[        ] Found plugin video_player at /Users/vertin/.pub-cache/hosted/pub.dev/video_player-2.10.0/
[   +2 ms] Found plugin url_launcher_windows at /Users/vertin/.pub-cache/hosted/pub.dev/url_launcher_windows-3.1.4/
[   +1 ms] Found plugin url_launcher_web at /Users/vertin/.pub-cache/hosted/pub.dev/url_launcher_web-2.4.1/
[        ] Found plugin url_launcher_macos at /Users/vertin/.pub-cache/hosted/pub.dev/url_launcher_macos-3.2.2/
[        ] Found plugin url_launcher_linux at /Users/vertin/.pub-cache/hosted/pub.dev/url_launcher_linux-3.2.1/
[        ] Found plugin url_launcher_ios at /Users/vertin/.pub-cache/hosted/pub.dev/url_launcher_ios-6.3.3/
[        ] Found plugin url_launcher_android at /Users/vertin/.pub-cache/hosted/pub.dev/url_launcher_android-6.3.16/
[        ] Found plugin url_launcher at /Users/vertin/.pub-cache/hosted/pub.dev/url_launcher-6.3.1/
[   +1 ms] Found plugin super_native_extensions at /Users/vertin/.pub-cache/hosted/pub.dev/super_native_extensions-0.9.1/
[   +2 ms] Found plugin irondash_engine_context at /Users/vertin/.pub-cache/hosted/pub.dev/irondash_engine_context-0.5.5/
[        ] Found plugin device_info_plus at /Users/vertin/.pub-cache/hosted/pub.dev/device_info_plus-11.5.0/
[   +4 ms] Found plugin sqflite at /Users/vertin/.pub-cache/hosted/pub.dev/sqflite-2.3.3+1/
[        ] Found plugin sign_in_with_apple_web at /Users/vertin/.pub-cache/hosted/pub.dev/sign_in_with_apple_web-3.0.0/
[        ] Found plugin sign_in_with_apple at /Users/vertin/.pub-cache/hosted/pub.dev/sign_in_with_apple-7.0.1/
[        ] Found plugin shared_preferences_windows at /Users/vertin/.pub-cache/hosted/pub.dev/shared_preferences_windows-2.4.1/
[        ] Found plugin path_provider_windows at /Users/vertin/.pub-cache/hosted/pub.dev/path_provider_windows-2.3.0/
[   +1 ms] Found plugin shared_preferences_web at /Users/vertin/.pub-cache/hosted/pub.dev/shared_preferences_web-2.4.3/
[        ] Found plugin shared_preferences_linux at /Users/vertin/.pub-cache/hosted/pub.dev/shared_preferences_linux-2.4.1/
[   +1 ms] Found plugin path_provider_linux at /Users/vertin/.pub-cache/hosted/pub.dev/path_provider_linux-2.2.1/
[   +1 ms] Found plugin shared_preferences_foundation at /Users/vertin/.pub-cache/hosted/pub.dev/shared_preferences_foundation-2.5.4/
[        ] Found plugin shared_preferences_android at /Users/vertin/.pub-cache/hosted/pub.dev/shared_preferences_android-2.4.10/
[        ] Found plugin shared_preferences at /Users/vertin/.pub-cache/hosted/pub.dev/shared_preferences-2.5.3/
[   +1 ms] Found plugin path_provider at /Users/vertin/.pub-cache/hosted/pub.dev/path_provider-2.1.4/
[        ] Found plugin path_provider_foundation at /Users/vertin/.pub-cache/hosted/pub.dev/path_provider_foundation-2.4.0/
[        ] Found plugin path_provider_android at /Users/vertin/.pub-cache/hosted/pub.dev/path_provider_android-2.2.10/
[   +1 ms] Found plugin share_plus at /Users/vertin/.pub-cache/hosted/pub.dev/share_plus-10.0.2/
[        ] Found plugin record_windows at /Users/vertin/.pub-cache/hosted/pub.dev/record_windows-1.0.6/
[        ] Found plugin record_web at /Users/vertin/.pub-cache/hosted/pub.dev/record_web-1.1.8/
[   +1 ms] Found plugin record_macos at /Users/vertin/.pub-cache/hosted/pub.dev/record_macos-1.0.0/
[        ] Found plugin record_linux at /Users/vertin/.pub-cache/hosted/pub.dev/record_linux-1.1.0/
[   +2 ms] Found plugin record_ios at /Users/vertin/.pub-cache/hosted/pub.dev/record_ios-1.0.0/
[        ] Found plugin record_android at /Users/vertin/.pub-cache/hosted/pub.dev/record_android-1.3.3/
[        ] Found plugin record at /Users/vertin/.pub-cache/hosted/pub.dev/record-6.0.0/
[   +1 ms] Found plugin qr_code_tools at /Users/vertin/.pub-cache/hosted/pub.dev/qr_code_tools-0.2.0/
[        ] Found plugin qr_code_scanner_plus at /Users/vertin/.pub-cache/hosted/pub.dev/qr_code_scanner_plus-2.0.14/
[   +2 ms] Found plugin permission_handler_windows at /Users/vertin/.pub-cache/hosted/pub.dev/permission_handler_windows-0.2.1/
[        ] Found plugin permission_handler_html at /Users/vertin/.pub-cache/hosted/pub.dev/permission_handler_html-0.1.3+5/
[        ] Found plugin permission_handler_apple at /Users/vertin/.pub-cache/hosted/pub.dev/permission_handler_apple-9.4.7/
[        ] Found plugin permission_handler_android at /Users/vertin/.pub-cache/hosted/pub.dev/permission_handler_android-13.0.1/
[        ] Found plugin permission_handler at /Users/vertin/.pub-cache/hosted/pub.dev/permission_handler-12.0.1/
[        ] Found plugin pdfx at /Users/vertin/.pub-cache/hosted/pub.dev/pdfx-2.9.2/
[        ] Found plugin open_filex at /Users/vertin/.pub-cache/hosted/pub.dev/open_filex-4.7.0/
[   +5 ms] Found plugin image_picker_windows at /Users/vertin/.pub-cache/hosted/pub.dev/image_picker_windows-0.2.1+1/
[        ] Found plugin file_selector_windows at /Users/vertin/.pub-cache/hosted/pub.dev/file_selector_windows-0.9.3+5/
[        ] Found plugin image_picker_macos at /Users/vertin/.pub-cache/hosted/pub.dev/image_picker_macos-0.2.1+2/
[        ] Found plugin file_selector_macos at /Users/vertin/.pub-cache/hosted/pub.dev/file_selector_macos-0.9.5/
[        ] Found plugin image_picker_linux at /Users/vertin/.pub-cache/hosted/pub.dev/image_picker_linux-0.2.1+2/
[        ] Found plugin file_selector_linux at /Users/vertin/.pub-cache/hosted/pub.dev/file_selector_linux-0.9.4/
[        ] Found plugin image_picker_ios at /Users/vertin/.pub-cache/hosted/pub.dev/image_picker_ios-0.8.12+2/
[        ] Found plugin image_picker_for_web at /Users/vertin/.pub-cache/hosted/pub.dev/image_picker_for_web-3.0.6/
[        ] Found plugin image_picker_android at /Users/vertin/.pub-cache/hosted/pub.dev/image_picker_android-0.8.12+23/
[        ] Found plugin flutter_plugin_android_lifecycle at /Users/vertin/.pub-cache/hosted/pub.dev/flutter_plugin_android_lifecycle-2.0.28/
[        ] Found plugin image_picker at /Users/vertin/.pub-cache/hosted/pub.dev/image_picker-1.1.2/
[        ] Found plugin image_gallery_saver_plus at /Users/vertin/.pub-cache/hosted/pub.dev/image_gallery_saver_plus-4.0.1/
[        ] Found plugin google_sign_in_web at /Users/vertin/.pub-cache/hosted/pub.dev/google_sign_in_web-0.12.4+4/
[        ] Found plugin google_sign_in_ios at /Users/vertin/.pub-cache/hosted/pub.dev/google_sign_in_ios-5.9.0/
[        ] Found plugin google_sign_in_android at /Users/vertin/.pub-cache/hosted/pub.dev/google_sign_in_android-6.2.1/
[        ] Found plugin google_sign_in at /Users/vertin/.pub-cache/hosted/pub.dev/google_sign_in-6.3.0/
[        ] Found plugin google_api_headers at /Users/vertin/.pub-cache/hosted/pub.dev/google_api_headers-4.5.3/
[        ] Found plugin geolocator at /Users/vertin/.pub-cache/hosted/pub.dev/geolocator-10.1.1/
[        ] Found plugin geolocator_windows at /Users/vertin/.pub-cache/hosted/pub.dev/geolocator_windows-0.2.5/
[        ] Found plugin geolocator_web at /Users/vertin/.pub-cache/hosted/pub.dev/geolocator_web-2.2.1/
[        ] Found plugin geolocator_apple at /Users/vertin/.pub-cache/hosted/pub.dev/geolocator_apple-2.3.13/
[        ] Found plugin geolocator_android at /Users/vertin/.pub-cache/hosted/pub.dev/geolocator_android-4.6.2/
[   +1 ms] Found plugin webview_flutter_wkwebview at /Users/vertin/.pub-cache/hosted/pub.dev/webview_flutter_wkwebview-3.23.6/
[        ] Found plugin webview_flutter_android at /Users/vertin/.pub-cache/hosted/pub.dev/webview_flutter_android-4.10.11/
[        ] Found plugin webview_flutter at /Users/vertin/.pub-cache/hosted/pub.dev/webview_flutter-4.13.1/
[   +2 ms] Found plugin just_audio at /Users/vertin/.pub-cache/hosted/pub.dev/just_audio-0.10.5/
[        ] Found plugin just_audio_web at /Users/vertin/.pub-cache/hosted/pub.dev/just_audio_web-0.4.16/
[        ] Found plugin audio_session at /Users/vertin/.pub-cache/hosted/pub.dev/audio_session-0.2.2/
[   +2 ms] Found plugin quill_native_bridge at /Users/vertin/.pub-cache/hosted/pub.dev/quill_native_bridge-11.1.0/
[        ] Found plugin quill_native_bridge_windows at /Users/vertin/.pub-cache/hosted/pub.dev/quill_native_bridge_windows-0.0.2/
[        ] Found plugin quill_native_bridge_web at /Users/vertin/.pub-cache/hosted/pub.dev/quill_native_bridge_web-0.0.2/
[        ] Found plugin quill_native_bridge_macos at /Users/vertin/.pub-cache/hosted/pub.dev/quill_native_bridge_macos-0.0.1/
[        ] Found plugin quill_native_bridge_ios at /Users/vertin/.pub-cache/hosted/pub.dev/quill_native_bridge_ios-0.0.1/
[        ] Found plugin quill_native_bridge_android at /Users/vertin/.pub-cache/hosted/pub.dev/quill_native_bridge_android-0.0.1+2/
[   +1 ms] Found plugin flutter_keyboard_visibility_temp_fork at /Users/vertin/.pub-cache/hosted/pub.dev/flutter_keyboard_visibility_temp_fork-0.1.5/
[        ] Found plugin flutter_keyboard_visibility_windows at /Users/vertin/.pub-cache/hosted/pub.dev/flutter_keyboard_visibility_windows-1.0.0/
[        ] Found plugin flutter_keyboard_visibility_macos at /Users/vertin/.pub-cache/hosted/pub.dev/flutter_keyboard_visibility_macos-1.0.0/
[        ] Found plugin flutter_keyboard_visibility_linux at /Users/vertin/.pub-cache/hosted/pub.dev/flutter_keyboard_visibility_linux-1.0.0/
[   +1 ms] Found plugin flutter_inappwebview at /Users/vertin/.pub-cache/hosted/pub.dev/flutter_inappwebview-6.1.5/
[        ] Found plugin flutter_inappwebview_windows at /Users/vertin/.pub-cache/hosted/pub.dev/flutter_inappwebview_windows-0.6.0/
[        ] Found plugin flutter_inappwebview_web at /Users/vertin/.pub-cache/hosted/pub.dev/flutter_inappwebview_web-1.1.2/
[        ] Found plugin flutter_inappwebview_macos at /Users/vertin/.pub-cache/hosted/pub.dev/flutter_inappwebview_macos-1.1.2/
[        ] Found plugin flutter_inappwebview_ios at /Users/vertin/.pub-cache/hosted/pub.dev/flutter_inappwebview_ios-1.1.2/
[        ] Found plugin flutter_inappwebview_android at /Users/vertin/.pub-cache/hosted/pub.dev/flutter_inappwebview_android-1.1.3/
[        ] Found plugin flutter_branch_sdk at /Users/vertin/.pub-cache/hosted/pub.dev/flutter_branch_sdk-8.11.0/
[        ] Found plugin firebase_storage_web at /Users/vertin/.pub-cache/hosted/pub.dev/firebase_storage_web-3.10.14/
[        ] Found plugin firebase_core at /Users/vertin/.pub-cache/hosted/pub.dev/firebase_core-3.14.0/
[        ] Found plugin firebase_core_web at /Users/vertin/.pub-cache/hosted/pub.dev/firebase_core_web-2.23.0/
[        ] Found plugin firebase_storage at /Users/vertin/.pub-cache/hosted/pub.dev/firebase_storage-12.4.7/
[        ] Found plugin firebase_performance_web at /Users/vertin/.pub-cache/hosted/pub.dev/firebase_performance_web-0.1.7+13/
[        ] Found plugin firebase_performance at /Users/vertin/.pub-cache/hosted/pub.dev/firebase_performance-0.10.1+7/
[        ] Found plugin firebase_messaging_web at /Users/vertin/.pub-cache/hosted/pub.dev/firebase_messaging_web-3.10.7/
[        ] Found plugin firebase_messaging at /Users/vertin/.pub-cache/hosted/pub.dev/firebase_messaging-15.2.7/
[        ] Found plugin firebase_dynamic_links at /Users/vertin/.pub-cache/hosted/pub.dev/firebase_dynamic_links-6.1.7/
[        ] Found plugin firebase_auth_web at /Users/vertin/.pub-cache/hosted/pub.dev/firebase_auth_web-5.15.0/
[        ] Found plugin firebase_auth at /Users/vertin/.pub-cache/hosted/pub.dev/firebase_auth-5.6.0/
[        ] Found plugin file_picker at /Users/vertin/.pub-cache/hosted/pub.dev/file_picker-10.1.9/
[        ] Found plugin emoji_picker_flutter at /Users/vertin/.pub-cache/hosted/pub.dev/emoji_picker_flutter-4.4.0/
[        ] Found plugin desktop_drop at /Users/vertin/.pub-cache/hosted/pub.dev/desktop_drop-0.7.0/
[        ] Found plugin cupertino_native at /Users/vertin/.pub-cache/hosted/pub.dev/cupertino_native-0.1.1/
[        ] Found plugin cloud_functions_web at /Users/vertin/.pub-cache/hosted/pub.dev/cloud_functions_web-4.11.2/
[        ] Found plugin cloud_functions at /Users/vertin/.pub-cache/hosted/pub.dev/cloud_functions-5.5.2/
[        ] Found plugin cloud_firestore_web at /Users/vertin/.pub-cache/hosted/pub.dev/cloud_firestore_web-4.4.9/
[        ] Found plugin cloud_firestore at /Users/vertin/.pub-cache/hosted/pub.dev/cloud_firestore-5.6.9/
[        ] Found plugin camera_macos at /Users/vertin/.pub-cache/hosted/pub.dev/camera_macos-0.0.9/
[        ] Found plugin camera at /Users/vertin/.pub-cache/hosted/pub.dev/camera-0.11.3+1/
[        ] Found plugin camera_web at /Users/vertin/.pub-cache/hosted/pub.dev/camera_web-0.3.5+3/
[        ] Found plugin camera_avfoundation at /Users/vertin/.pub-cache/hosted/pub.dev/camera_avfoundation-0.9.23+2/
[        ] Found plugin camera_android_camerax at /Users/vertin/.pub-cache/hosted/pub.dev/camera_android_camerax-0.6.30/
[   +1 ms] Found plugin audio_waveforms at /Users/vertin/.pub-cache/hosted/pub.dev/audio_waveforms-1.3.0/
[        ] Found plugin assets_audio_player_web at /Users/vertin/.pub-cache/git/Flutter-AssetsAudioPlayerWeb-cae7ceb6af99f4da1ec27136d312d0ef045c83d9/
[        ] Found plugin assets_audio_player at /Users/vertin/.pub-cache/git/Flutter-AssetsAudioPlayer-243f9533279b73fa9dae345cc96e5d7d84cac0ac/
[        ] Found plugin app_links at /Users/vertin/.pub-cache/hosted/pub.dev/app_links-7.0.0/
[        ] Found plugin app_links_web at /Users/vertin/.pub-cache/hosted/pub.dev/app_links_web-1.0.4/
[        ] Found plugin app_links_linux at /Users/vertin/.pub-cache/hosted/pub.dev/app_links_linux-1.0.3/
[        ] Found plugin gtk at /Users/vertin/.pub-cache/hosted/pub.dev/gtk-2.1.0/
[        ] Found plugin app_badge_plus at /Users/vertin/.pub-cache/hosted/pub.dev/app_badge_plus-1.2.6/
[        ] Found plugin adaptive_platform_ui at /Users/vertin/.pub-cache/hosted/pub.dev/adaptive_platform_ui-0.1.101/
[  +22 ms] Found plugin zego_express_engine at /Users/vertin/.pub-cache/hosted/pub.dev/zego_express_engine-3.23.0/
[   +1 ms] Found plugin wakelock_plus at /Users/vertin/.pub-cache/hosted/pub.dev/wakelock_plus-1.3.2/
[        ] Found plugin package_info_plus at /Users/vertin/.pub-cache/hosted/pub.dev/package_info_plus-8.0.2/
[        ] Found plugin video_thumbnail at /Users/vertin/.pub-cache/hosted/pub.dev/video_thumbnail-0.5.6/
[        ] Found plugin video_player_web at /Users/vertin/.pub-cache/hosted/pub.dev/video_player_web-2.3.5/
[        ] Found plugin video_player_avfoundation at /Users/vertin/.pub-cache/hosted/pub.dev/video_player_avfoundation-2.7.1/
[        ] Found plugin video_player_android at /Users/vertin/.pub-cache/hosted/pub.dev/video_player_android-2.8.7/
[        ] Found plugin video_player at /Users/vertin/.pub-cache/hosted/pub.dev/video_player-2.10.0/
[        ] Found plugin url_launcher_windows at /Users/vertin/.pub-cache/hosted/pub.dev/url_launcher_windows-3.1.4/
[        ] Found plugin url_launcher_web at /Users/vertin/.pub-cache/hosted/pub.dev/url_launcher_web-2.4.1/
[        ] Found plugin url_launcher_macos at /Users/vertin/.pub-cache/hosted/pub.dev/url_launcher_macos-3.2.2/
[        ] Found plugin url_launcher_linux at /Users/vertin/.pub-cache/hosted/pub.dev/url_launcher_linux-3.2.1/
[        ] Found plugin url_launcher_ios at /Users/vertin/.pub-cache/hosted/pub.dev/url_launcher_ios-6.3.3/
[        ] Found plugin url_launcher_android at /Users/vertin/.pub-cache/hosted/pub.dev/url_launcher_android-6.3.16/
[        ] Found plugin url_launcher at /Users/vertin/.pub-cache/hosted/pub.dev/url_launcher-6.3.1/
[        ] Found plugin super_native_extensions at /Users/vertin/.pub-cache/hosted/pub.dev/super_native_extensions-0.9.1/
[   +1 ms] Found plugin irondash_engine_context at /Users/vertin/.pub-cache/hosted/pub.dev/irondash_engine_context-0.5.5/
[        ] Found plugin device_info_plus at /Users/vertin/.pub-cache/hosted/pub.dev/device_info_plus-11.5.0/
[   +1 ms] Found plugin sqflite at /Users/vertin/.pub-cache/hosted/pub.dev/sqflite-2.3.3+1/
[        ] Found plugin sign_in_with_apple_web at /Users/vertin/.pub-cache/hosted/pub.dev/sign_in_with_apple_web-3.0.0/
[        ] Found plugin sign_in_with_apple at /Users/vertin/.pub-cache/hosted/pub.dev/sign_in_with_apple-7.0.1/
[        ] Found plugin shared_preferences_windows at /Users/vertin/.pub-cache/hosted/pub.dev/shared_preferences_windows-2.4.1/
[        ] Found plugin path_provider_windows at /Users/vertin/.pub-cache/hosted/pub.dev/path_provider_windows-2.3.0/
[        ] Found plugin shared_preferences_web at /Users/vertin/.pub-cache/hosted/pub.dev/shared_preferences_web-2.4.3/
[        ] Found plugin shared_preferences_linux at /Users/vertin/.pub-cache/hosted/pub.dev/shared_preferences_linux-2.4.1/
[        ] Found plugin path_provider_linux at /Users/vertin/.pub-cache/hosted/pub.dev/path_provider_linux-2.2.1/
[        ] Found plugin shared_preferences_foundation at /Users/vertin/.pub-cache/hosted/pub.dev/shared_preferences_foundation-2.5.4/
[        ] Found plugin shared_preferences_android at /Users/vertin/.pub-cache/hosted/pub.dev/shared_preferences_android-2.4.10/
[        ] Found plugin shared_preferences at /Users/vertin/.pub-cache/hosted/pub.dev/shared_preferences-2.5.3/
[        ] Found plugin path_provider at /Users/vertin/.pub-cache/hosted/pub.dev/path_provider-2.1.4/
[        ] Found plugin path_provider_foundation at /Users/vertin/.pub-cache/hosted/pub.dev/path_provider_foundation-2.4.0/
[        ] Found plugin path_provider_android at /Users/vertin/.pub-cache/hosted/pub.dev/path_provider_android-2.2.10/
[        ] Found plugin share_plus at /Users/vertin/.pub-cache/hosted/pub.dev/share_plus-10.0.2/
[        ] Found plugin record_windows at /Users/vertin/.pub-cache/hosted/pub.dev/record_windows-1.0.6/
[        ] Found plugin record_web at /Users/vertin/.pub-cache/hosted/pub.dev/record_web-1.1.8/
[        ] Found plugin record_macos at /Users/vertin/.pub-cache/hosted/pub.dev/record_macos-1.0.0/
[        ] Found plugin record_linux at /Users/vertin/.pub-cache/hosted/pub.dev/record_linux-1.1.0/
[        ] Found plugin record_ios at /Users/vertin/.pub-cache/hosted/pub.dev/record_ios-1.0.0/
[        ] Found plugin record_android at /Users/vertin/.pub-cache/hosted/pub.dev/record_android-1.3.3/
[        ] Found plugin record at /Users/vertin/.pub-cache/hosted/pub.dev/record-6.0.0/
[        ] Found plugin qr_code_tools at /Users/vertin/.pub-cache/hosted/pub.dev/qr_code_tools-0.2.0/
[        ] Found plugin qr_code_scanner_plus at /Users/vertin/.pub-cache/hosted/pub.dev/qr_code_scanner_plus-2.0.14/
[   +1 ms] Found plugin permission_handler_windows at /Users/vertin/.pub-cache/hosted/pub.dev/permission_handler_windows-0.2.1/
[        ] Found plugin permission_handler_html at /Users/vertin/.pub-cache/hosted/pub.dev/permission_handler_html-0.1.3+5/
[        ] Found plugin permission_handler_apple at /Users/vertin/.pub-cache/hosted/pub.dev/permission_handler_apple-9.4.7/
[        ] Found plugin permission_handler_android at /Users/vertin/.pub-cache/hosted/pub.dev/permission_handler_android-13.0.1/
[        ] Found plugin permission_handler at /Users/vertin/.pub-cache/hosted/pub.dev/permission_handler-12.0.1/
[        ] Found plugin pdfx at /Users/vertin/.pub-cache/hosted/pub.dev/pdfx-2.9.2/
[        ] Found plugin open_filex at /Users/vertin/.pub-cache/hosted/pub.dev/open_filex-4.7.0/
[   +3 ms] Found plugin image_picker_windows at /Users/vertin/.pub-cache/hosted/pub.dev/image_picker_windows-0.2.1+1/
[        ] Found plugin file_selector_windows at /Users/vertin/.pub-cache/hosted/pub.dev/file_selector_windows-0.9.3+5/
[        ] Found plugin image_picker_macos at /Users/vertin/.pub-cache/hosted/pub.dev/image_picker_macos-0.2.1+2/
[        ] Found plugin file_selector_macos at /Users/vertin/.pub-cache/hosted/pub.dev/file_selector_macos-0.9.5/
[        ] Found plugin image_picker_linux at /Users/vertin/.pub-cache/hosted/pub.dev/image_picker_linux-0.2.1+2/
[        ] Found plugin file_selector_linux at /Users/vertin/.pub-cache/hosted/pub.dev/file_selector_linux-0.9.4/
[        ] Found plugin image_picker_ios at /Users/vertin/.pub-cache/hosted/pub.dev/image_picker_ios-0.8.12+2/
[        ] Found plugin image_picker_for_web at /Users/vertin/.pub-cache/hosted/pub.dev/image_picker_for_web-3.0.6/
[        ] Found plugin image_picker_android at /Users/vertin/.pub-cache/hosted/pub.dev/image_picker_android-0.8.12+23/
[        ] Found plugin flutter_plugin_android_lifecycle at /Users/vertin/.pub-cache/hosted/pub.dev/flutter_plugin_android_lifecycle-2.0.28/
[        ] Found plugin image_picker at /Users/vertin/.pub-cache/hosted/pub.dev/image_picker-1.1.2/
[        ] Found plugin image_gallery_saver_plus at /Users/vertin/.pub-cache/hosted/pub.dev/image_gallery_saver_plus-4.0.1/
[        ] Found plugin google_sign_in_web at /Users/vertin/.pub-cache/hosted/pub.dev/google_sign_in_web-0.12.4+4/
[        ] Found plugin google_sign_in_ios at /Users/vertin/.pub-cache/hosted/pub.dev/google_sign_in_ios-5.9.0/
[        ] Found plugin google_sign_in_android at /Users/vertin/.pub-cache/hosted/pub.dev/google_sign_in_android-6.2.1/
[        ] Found plugin google_sign_in at /Users/vertin/.pub-cache/hosted/pub.dev/google_sign_in-6.3.0/
[        ] Found plugin google_api_headers at /Users/vertin/.pub-cache/hosted/pub.dev/google_api_headers-4.5.3/
[        ] Found plugin geolocator at /Users/vertin/.pub-cache/hosted/pub.dev/geolocator-10.1.1/
[        ] Found plugin geolocator_windows at /Users/vertin/.pub-cache/hosted/pub.dev/geolocator_windows-0.2.5/
[        ] Found plugin geolocator_web at /Users/vertin/.pub-cache/hosted/pub.dev/geolocator_web-2.2.1/
[        ] Found plugin geolocator_apple at /Users/vertin/.pub-cache/hosted/pub.dev/geolocator_apple-2.3.13/
[        ] Found plugin geolocator_android at /Users/vertin/.pub-cache/hosted/pub.dev/geolocator_android-4.6.2/
[        ] Found plugin webview_flutter_wkwebview at /Users/vertin/.pub-cache/hosted/pub.dev/webview_flutter_wkwebview-3.23.6/
[        ] Found plugin webview_flutter_android at /Users/vertin/.pub-cache/hosted/pub.dev/webview_flutter_android-4.10.11/
[        ] Found plugin webview_flutter at /Users/vertin/.pub-cache/hosted/pub.dev/webview_flutter-4.13.1/
[   +1 ms] Found plugin just_audio at /Users/vertin/.pub-cache/hosted/pub.dev/just_audio-0.10.5/
[        ] Found plugin just_audio_web at /Users/vertin/.pub-cache/hosted/pub.dev/just_audio_web-0.4.16/
[        ] Found plugin audio_session at /Users/vertin/.pub-cache/hosted/pub.dev/audio_session-0.2.2/
[   +1 ms] Found plugin quill_native_bridge at /Users/vertin/.pub-cache/hosted/pub.dev/quill_native_bridge-11.1.0/
[        ] Found plugin quill_native_bridge_windows at /Users/vertin/.pub-cache/hosted/pub.dev/quill_native_bridge_windows-0.0.2/
[        ] Found plugin quill_native_bridge_web at /Users/vertin/.pub-cache/hosted/pub.dev/quill_native_bridge_web-0.0.2/
[        ] Found plugin quill_native_bridge_macos at /Users/vertin/.pub-cache/hosted/pub.dev/quill_native_bridge_macos-0.0.1/
[        ] Found plugin quill_native_bridge_ios at /Users/vertin/.pub-cache/hosted/pub.dev/quill_native_bridge_ios-0.0.1/
[        ] Found plugin quill_native_bridge_android at /Users/vertin/.pub-cache/hosted/pub.dev/quill_native_bridge_android-0.0.1+2/
[        ] Found plugin flutter_keyboard_visibility_temp_fork at /Users/vertin/.pub-cache/hosted/pub.dev/flutter_keyboard_visibility_temp_fork-0.1.5/
[        ] Found plugin flutter_keyboard_visibility_windows at /Users/vertin/.pub-cache/hosted/pub.dev/flutter_keyboard_visibility_windows-1.0.0/
[        ] Found plugin flutter_keyboard_visibility_macos at /Users/vertin/.pub-cache/hosted/pub.dev/flutter_keyboard_visibility_macos-1.0.0/
[        ] Found plugin flutter_keyboard_visibility_linux at /Users/vertin/.pub-cache/hosted/pub.dev/flutter_keyboard_visibility_linux-1.0.0/
[   +1 ms] Found plugin flutter_inappwebview at /Users/vertin/.pub-cache/hosted/pub.dev/flutter_inappwebview-6.1.5/
[        ] Found plugin flutter_inappwebview_windows at /Users/vertin/.pub-cache/hosted/pub.dev/flutter_inappwebview_windows-0.6.0/
[        ] Found plugin flutter_inappwebview_web at /Users/vertin/.pub-cache/hosted/pub.dev/flutter_inappwebview_web-1.1.2/
[        ] Found plugin flutter_inappwebview_macos at /Users/vertin/.pub-cache/hosted/pub.dev/flutter_inappwebview_macos-1.1.2/
[        ] Found plugin flutter_inappwebview_ios at /Users/vertin/.pub-cache/hosted/pub.dev/flutter_inappwebview_ios-1.1.2/
[        ] Found plugin flutter_inappwebview_android at /Users/vertin/.pub-cache/hosted/pub.dev/flutter_inappwebview_android-1.1.3/
[        ] Found plugin flutter_branch_sdk at /Users/vertin/.pub-cache/hosted/pub.dev/flutter_branch_sdk-8.11.0/
[        ] Found plugin firebase_storage_web at /Users/vertin/.pub-cache/hosted/pub.dev/firebase_storage_web-3.10.14/
[        ] Found plugin firebase_core at /Users/vertin/.pub-cache/hosted/pub.dev/firebase_core-3.14.0/
[        ] Found plugin firebase_core_web at /Users/vertin/.pub-cache/hosted/pub.dev/firebase_core_web-2.23.0/
[        ] Found plugin firebase_storage at /Users/vertin/.pub-cache/hosted/pub.dev/firebase_storage-12.4.7/
[        ] Found plugin firebase_performance_web at /Users/vertin/.pub-cache/hosted/pub.dev/firebase_performance_web-0.1.7+13/
[        ] Found plugin firebase_performance at /Users/vertin/.pub-cache/hosted/pub.dev/firebase_performance-0.10.1+7/
[        ] Found plugin firebase_messaging_web at /Users/vertin/.pub-cache/hosted/pub.dev/firebase_messaging_web-3.10.7/
[        ] Found plugin firebase_messaging at /Users/vertin/.pub-cache/hosted/pub.dev/firebase_messaging-15.2.7/
[        ] Found plugin firebase_dynamic_links at /Users/vertin/.pub-cache/hosted/pub.dev/firebase_dynamic_links-6.1.7/
[        ] Found plugin firebase_auth_web at /Users/vertin/.pub-cache/hosted/pub.dev/firebase_auth_web-5.15.0/
[        ] Found plugin firebase_auth at /Users/vertin/.pub-cache/hosted/pub.dev/firebase_auth-5.6.0/
[        ] Found plugin file_picker at /Users/vertin/.pub-cache/hosted/pub.dev/file_picker-10.1.9/
[        ] Found plugin emoji_picker_flutter at /Users/vertin/.pub-cache/hosted/pub.dev/emoji_picker_flutter-4.4.0/
[        ] Found plugin desktop_drop at /Users/vertin/.pub-cache/hosted/pub.dev/desktop_drop-0.7.0/
[        ] Found plugin cupertino_native at /Users/vertin/.pub-cache/hosted/pub.dev/cupertino_native-0.1.1/
[        ] Found plugin cloud_functions_web at /Users/vertin/.pub-cache/hosted/pub.dev/cloud_functions_web-4.11.2/
[        ] Found plugin cloud_functions at /Users/vertin/.pub-cache/hosted/pub.dev/cloud_functions-5.5.2/
[        ] Found plugin cloud_firestore_web at /Users/vertin/.pub-cache/hosted/pub.dev/cloud_firestore_web-4.4.9/
[        ] Found plugin cloud_firestore at /Users/vertin/.pub-cache/hosted/pub.dev/cloud_firestore-5.6.9/
[        ] Found plugin camera_macos at /Users/vertin/.pub-cache/hosted/pub.dev/camera_macos-0.0.9/
[        ] Found plugin camera at /Users/vertin/.pub-cache/hosted/pub.dev/camera-0.11.3+1/
[        ] Found plugin camera_web at /Users/vertin/.pub-cache/hosted/pub.dev/camera_web-0.3.5+3/
[        ] Found plugin camera_avfoundation at /Users/vertin/.pub-cache/hosted/pub.dev/camera_avfoundation-0.9.23+2/
[        ] Found plugin camera_android_camerax at /Users/vertin/.pub-cache/hosted/pub.dev/camera_android_camerax-0.6.30/
[   +1 ms] Found plugin audio_waveforms at /Users/vertin/.pub-cache/hosted/pub.dev/audio_waveforms-1.3.0/
[        ] Found plugin assets_audio_player_web at /Users/vertin/.pub-cache/git/Flutter-AssetsAudioPlayerWeb-cae7ceb6af99f4da1ec27136d312d0ef045c83d9/
[        ] Found plugin assets_audio_player at /Users/vertin/.pub-cache/git/Flutter-AssetsAudioPlayer-243f9533279b73fa9dae345cc96e5d7d84cac0ac/
[        ] Found plugin app_links at /Users/vertin/.pub-cache/hosted/pub.dev/app_links-7.0.0/
[        ] Found plugin app_links_web at /Users/vertin/.pub-cache/hosted/pub.dev/app_links_web-1.0.4/
[        ] Found plugin app_links_linux at /Users/vertin/.pub-cache/hosted/pub.dev/app_links_linux-1.0.3/
[   +2 ms] Found plugin gtk at /Users/vertin/.pub-cache/hosted/pub.dev/gtk-2.1.0/
[        ] Found plugin app_badge_plus at /Users/vertin/.pub-cache/hosted/pub.dev/app_badge_plus-1.2.6/
[   +1 ms] Found plugin adaptive_platform_ui at /Users/vertin/.pub-cache/hosted/pub.dev/adaptive_platform_ui-0.1.101/
[   +5 ms] Skipping generating web_plugin_registrant.dart because it is up-to-date.
[  +11 ms] Found plugin zego_express_engine at /Users/vertin/.pub-cache/hosted/pub.dev/zego_express_engine-3.23.0/
[        ] Found plugin wakelock_plus at /Users/vertin/.pub-cache/hosted/pub.dev/wakelock_plus-1.3.2/
[        ] Found plugin package_info_plus at /Users/vertin/.pub-cache/hosted/pub.dev/package_info_plus-8.0.2/
[        ] Found plugin video_thumbnail at /Users/vertin/.pub-cache/hosted/pub.dev/video_thumbnail-0.5.6/
[        ] Found plugin video_player_web at /Users/vertin/.pub-cache/hosted/pub.dev/video_player_web-2.3.5/
[        ] Found plugin video_player_avfoundation at /Users/vertin/.pub-cache/hosted/pub.dev/video_player_avfoundation-2.7.1/
[        ] Found plugin video_player_android at /Users/vertin/.pub-cache/hosted/pub.dev/video_player_android-2.8.7/
[        ] Found plugin video_player at /Users/vertin/.pub-cache/hosted/pub.dev/video_player-2.10.0/
[        ] Found plugin url_launcher_windows at /Users/vertin/.pub-cache/hosted/pub.dev/url_launcher_windows-3.1.4/
[        ] Found plugin url_launcher_web at /Users/vertin/.pub-cache/hosted/pub.dev/url_launcher_web-2.4.1/
[        ] Found plugin url_launcher_macos at /Users/vertin/.pub-cache/hosted/pub.dev/url_launcher_macos-3.2.2/
[        ] Found plugin url_launcher_linux at /Users/vertin/.pub-cache/hosted/pub.dev/url_launcher_linux-3.2.1/
[        ] Found plugin url_launcher_ios at /Users/vertin/.pub-cache/hosted/pub.dev/url_launcher_ios-6.3.3/
[        ] Found plugin url_launcher_android at /Users/vertin/.pub-cache/hosted/pub.dev/url_launcher_android-6.3.16/
[        ] Found plugin url_launcher at /Users/vertin/.pub-cache/hosted/pub.dev/url_launcher-6.3.1/
[        ] Found plugin super_native_extensions at /Users/vertin/.pub-cache/hosted/pub.dev/super_native_extensions-0.9.1/
[        ] Found plugin irondash_engine_context at /Users/vertin/.pub-cache/hosted/pub.dev/irondash_engine_context-0.5.5/
[        ] Found plugin device_info_plus at /Users/vertin/.pub-cache/hosted/pub.dev/device_info_plus-11.5.0/
[   +1 ms] Found plugin sqflite at /Users/vertin/.pub-cache/hosted/pub.dev/sqflite-2.3.3+1/
[        ] Found plugin sign_in_with_apple_web at /Users/vertin/.pub-cache/hosted/pub.dev/sign_in_with_apple_web-3.0.0/
[        ] Found plugin sign_in_with_apple at /Users/vertin/.pub-cache/hosted/pub.dev/sign_in_with_apple-7.0.1/
[        ] Found plugin shared_preferences_windows at /Users/vertin/.pub-cache/hosted/pub.dev/shared_preferences_windows-2.4.1/
[        ] Found plugin path_provider_windows at /Users/vertin/.pub-cache/hosted/pub.dev/path_provider_windows-2.3.0/
[        ] Found plugin shared_preferences_web at /Users/vertin/.pub-cache/hosted/pub.dev/shared_preferences_web-2.4.3/
[        ] Found plugin shared_preferences_linux at /Users/vertin/.pub-cache/hosted/pub.dev/shared_preferences_linux-2.4.1/
[        ] Found plugin path_provider_linux at /Users/vertin/.pub-cache/hosted/pub.dev/path_provider_linux-2.2.1/
[        ] Found plugin shared_preferences_foundation at /Users/vertin/.pub-cache/hosted/pub.dev/shared_preferences_foundation-2.5.4/
[        ] Found plugin shared_preferences_android at /Users/vertin/.pub-cache/hosted/pub.dev/shared_preferences_android-2.4.10/
[        ] Found plugin shared_preferences at /Users/vertin/.pub-cache/hosted/pub.dev/shared_preferences-2.5.3/
[        ] Found plugin path_provider at /Users/vertin/.pub-cache/hosted/pub.dev/path_provider-2.1.4/
[        ] Found plugin path_provider_foundation at /Users/vertin/.pub-cache/hosted/pub.dev/path_provider_foundation-2.4.0/
[        ] Found plugin path_provider_android at /Users/vertin/.pub-cache/hosted/pub.dev/path_provider_android-2.2.10/
[        ] Found plugin share_plus at /Users/vertin/.pub-cache/hosted/pub.dev/share_plus-10.0.2/
[        ] Found plugin record_windows at /Users/vertin/.pub-cache/hosted/pub.dev/record_windows-1.0.6/
[        ] Found plugin record_web at /Users/vertin/.pub-cache/hosted/pub.dev/record_web-1.1.8/
[        ] Found plugin record_macos at /Users/vertin/.pub-cache/hosted/pub.dev/record_macos-1.0.0/
[        ] Found plugin record_linux at /Users/vertin/.pub-cache/hosted/pub.dev/record_linux-1.1.0/
[        ] Found plugin record_ios at /Users/vertin/.pub-cache/hosted/pub.dev/record_ios-1.0.0/
[        ] Found plugin record_android at /Users/vertin/.pub-cache/hosted/pub.dev/record_android-1.3.3/
[        ] Found plugin record at /Users/vertin/.pub-cache/hosted/pub.dev/record-6.0.0/
[        ] Found plugin qr_code_tools at /Users/vertin/.pub-cache/hosted/pub.dev/qr_code_tools-0.2.0/
[        ] Found plugin qr_code_scanner_plus at /Users/vertin/.pub-cache/hosted/pub.dev/qr_code_scanner_plus-2.0.14/
[   +1 ms] Found plugin permission_handler_windows at /Users/vertin/.pub-cache/hosted/pub.dev/permission_handler_windows-0.2.1/
[        ] Found plugin permission_handler_html at /Users/vertin/.pub-cache/hosted/pub.dev/permission_handler_html-0.1.3+5/
[        ] Found plugin permission_handler_apple at /Users/vertin/.pub-cache/hosted/pub.dev/permission_handler_apple-9.4.7/
[        ] Found plugin permission_handler_android at /Users/vertin/.pub-cache/hosted/pub.dev/permission_handler_android-13.0.1/
[        ] Found plugin permission_handler at /Users/vertin/.pub-cache/hosted/pub.dev/permission_handler-12.0.1/
[        ] Found plugin pdfx at /Users/vertin/.pub-cache/hosted/pub.dev/pdfx-2.9.2/
[        ] Found plugin open_filex at /Users/vertin/.pub-cache/hosted/pub.dev/open_filex-4.7.0/
[   +3 ms] Found plugin image_picker_windows at /Users/vertin/.pub-cache/hosted/pub.dev/image_picker_windows-0.2.1+1/
[        ] Found plugin file_selector_windows at /Users/vertin/.pub-cache/hosted/pub.dev/file_selector_windows-0.9.3+5/
[        ] Found plugin image_picker_macos at /Users/vertin/.pub-cache/hosted/pub.dev/image_picker_macos-0.2.1+2/
[        ] Found plugin file_selector_macos at /Users/vertin/.pub-cache/hosted/pub.dev/file_selector_macos-0.9.5/
[        ] Found plugin image_picker_linux at /Users/vertin/.pub-cache/hosted/pub.dev/image_picker_linux-0.2.1+2/
[        ] Found plugin file_selector_linux at /Users/vertin/.pub-cache/hosted/pub.dev/file_selector_linux-0.9.4/
[        ] Found plugin image_picker_ios at /Users/vertin/.pub-cache/hosted/pub.dev/image_picker_ios-0.8.12+2/
[        ] Found plugin image_picker_for_web at /Users/vertin/.pub-cache/hosted/pub.dev/image_picker_for_web-3.0.6/
[        ] Found plugin image_picker_android at /Users/vertin/.pub-cache/hosted/pub.dev/image_picker_android-0.8.12+23/
[        ] Found plugin flutter_plugin_android_lifecycle at /Users/vertin/.pub-cache/hosted/pub.dev/flutter_plugin_android_lifecycle-2.0.28/
[        ] Found plugin image_picker at /Users/vertin/.pub-cache/hosted/pub.dev/image_picker-1.1.2/
[        ] Found plugin image_gallery_saver_plus at /Users/vertin/.pub-cache/hosted/pub.dev/image_gallery_saver_plus-4.0.1/
[        ] Found plugin google_sign_in_web at /Users/vertin/.pub-cache/hosted/pub.dev/google_sign_in_web-0.12.4+4/
[        ] Found plugin google_sign_in_ios at /Users/vertin/.pub-cache/hosted/pub.dev/google_sign_in_ios-5.9.0/
[        ] Found plugin google_sign_in_android at /Users/vertin/.pub-cache/hosted/pub.dev/google_sign_in_android-6.2.1/
[        ] Found plugin google_sign_in at /Users/vertin/.pub-cache/hosted/pub.dev/google_sign_in-6.3.0/
[        ] Found plugin google_api_headers at /Users/vertin/.pub-cache/hosted/pub.dev/google_api_headers-4.5.3/
[        ] Found plugin geolocator at /Users/vertin/.pub-cache/hosted/pub.dev/geolocator-10.1.1/
[        ] Found plugin geolocator_windows at /Users/vertin/.pub-cache/hosted/pub.dev/geolocator_windows-0.2.5/
[        ] Found plugin geolocator_web at /Users/vertin/.pub-cache/hosted/pub.dev/geolocator_web-2.2.1/
[        ] Found plugin geolocator_apple at /Users/vertin/.pub-cache/hosted/pub.dev/geolocator_apple-2.3.13/
[        ] Found plugin geolocator_android at /Users/vertin/.pub-cache/hosted/pub.dev/geolocator_android-4.6.2/
[        ] Found plugin webview_flutter_wkwebview at /Users/vertin/.pub-cache/hosted/pub.dev/webview_flutter_wkwebview-3.23.6/
[        ] Found plugin webview_flutter_android at /Users/vertin/.pub-cache/hosted/pub.dev/webview_flutter_android-4.10.11/
[        ] Found plugin webview_flutter at /Users/vertin/.pub-cache/hosted/pub.dev/webview_flutter-4.13.1/
[   +1 ms] Found plugin just_audio at /Users/vertin/.pub-cache/hosted/pub.dev/just_audio-0.10.5/
[        ] Found plugin just_audio_web at /Users/vertin/.pub-cache/hosted/pub.dev/just_audio_web-0.4.16/
[        ] Found plugin audio_session at /Users/vertin/.pub-cache/hosted/pub.dev/audio_session-0.2.2/
[   +1 ms] Found plugin quill_native_bridge at /Users/vertin/.pub-cache/hosted/pub.dev/quill_native_bridge-11.1.0/
[        ] Found plugin quill_native_bridge_windows at /Users/vertin/.pub-cache/hosted/pub.dev/quill_native_bridge_windows-0.0.2/
[        ] Found plugin quill_native_bridge_web at /Users/vertin/.pub-cache/hosted/pub.dev/quill_native_bridge_web-0.0.2/
[        ] Found plugin quill_native_bridge_macos at /Users/vertin/.pub-cache/hosted/pub.dev/quill_native_bridge_macos-0.0.1/
[        ] Found plugin quill_native_bridge_ios at /Users/vertin/.pub-cache/hosted/pub.dev/quill_native_bridge_ios-0.0.1/
[        ] Found plugin quill_native_bridge_android at /Users/vertin/.pub-cache/hosted/pub.dev/quill_native_bridge_android-0.0.1+2/
[        ] Found plugin flutter_keyboard_visibility_temp_fork at /Users/vertin/.pub-cache/hosted/pub.dev/flutter_keyboard_visibility_temp_fork-0.1.5/
[        ] Found plugin flutter_keyboard_visibility_windows at /Users/vertin/.pub-cache/hosted/pub.dev/flutter_keyboard_visibility_windows-1.0.0/
[        ] Found plugin flutter_keyboard_visibility_macos at /Users/vertin/.pub-cache/hosted/pub.dev/flutter_keyboard_visibility_macos-1.0.0/
[        ] Found plugin flutter_keyboard_visibility_linux at /Users/vertin/.pub-cache/hosted/pub.dev/flutter_keyboard_visibility_linux-1.0.0/
[        ] Found plugin flutter_inappwebview at /Users/vertin/.pub-cache/hosted/pub.dev/flutter_inappwebview-6.1.5/
[        ] Found plugin flutter_inappwebview_windows at /Users/vertin/.pub-cache/hosted/pub.dev/flutter_inappwebview_windows-0.6.0/
[        ] Found plugin flutter_inappwebview_web at /Users/vertin/.pub-cache/hosted/pub.dev/flutter_inappwebview_web-1.1.2/
[        ] Found plugin flutter_inappwebview_macos at /Users/vertin/.pub-cache/hosted/pub.dev/flutter_inappwebview_macos-1.1.2/
[        ] Found plugin flutter_inappwebview_ios at /Users/vertin/.pub-cache/hosted/pub.dev/flutter_inappwebview_ios-1.1.2/
[        ] Found plugin flutter_inappwebview_android at /Users/vertin/.pub-cache/hosted/pub.dev/flutter_inappwebview_android-1.1.3/
[        ] Found plugin flutter_branch_sdk at /Users/vertin/.pub-cache/hosted/pub.dev/flutter_branch_sdk-8.11.0/
[        ] Found plugin firebase_storage_web at /Users/vertin/.pub-cache/hosted/pub.dev/firebase_storage_web-3.10.14/
[        ] Found plugin firebase_core at /Users/vertin/.pub-cache/hosted/pub.dev/firebase_core-3.14.0/
[        ] Found plugin firebase_core_web at /Users/vertin/.pub-cache/hosted/pub.dev/firebase_core_web-2.23.0/
[        ] Found plugin firebase_storage at /Users/vertin/.pub-cache/hosted/pub.dev/firebase_storage-12.4.7/
[        ] Found plugin firebase_performance_web at /Users/vertin/.pub-cache/hosted/pub.dev/firebase_performance_web-0.1.7+13/
[        ] Found plugin firebase_performance at /Users/vertin/.pub-cache/hosted/pub.dev/firebase_performance-0.10.1+7/
[        ] Found plugin firebase_messaging_web at /Users/vertin/.pub-cache/hosted/pub.dev/firebase_messaging_web-3.10.7/
[        ] Found plugin firebase_messaging at /Users/vertin/.pub-cache/hosted/pub.dev/firebase_messaging-15.2.7/
[        ] Found plugin firebase_dynamic_links at /Users/vertin/.pub-cache/hosted/pub.dev/firebase_dynamic_links-6.1.7/
[        ] Found plugin firebase_auth_web at /Users/vertin/.pub-cache/hosted/pub.dev/firebase_auth_web-5.15.0/
[        ] Found plugin firebase_auth at /Users/vertin/.pub-cache/hosted/pub.dev/firebase_auth-5.6.0/
[        ] Found plugin file_picker at /Users/vertin/.pub-cache/hosted/pub.dev/file_picker-10.1.9/
[        ] Found plugin emoji_picker_flutter at /Users/vertin/.pub-cache/hosted/pub.dev/emoji_picker_flutter-4.4.0/
[        ] Found plugin desktop_drop at /Users/vertin/.pub-cache/hosted/pub.dev/desktop_drop-0.7.0/
[        ] Found plugin cupertino_native at /Users/vertin/.pub-cache/hosted/pub.dev/cupertino_native-0.1.1/
[        ] Found plugin cloud_functions_web at /Users/vertin/.pub-cache/hosted/pub.dev/cloud_functions_web-4.11.2/
[        ] Found plugin cloud_functions at /Users/vertin/.pub-cache/hosted/pub.dev/cloud_functions-5.5.2/
[        ] Found plugin cloud_firestore_web at /Users/vertin/.pub-cache/hosted/pub.dev/cloud_firestore_web-4.4.9/
[        ] Found plugin cloud_firestore at /Users/vertin/.pub-cache/hosted/pub.dev/cloud_firestore-5.6.9/
[        ] Found plugin camera_macos at /Users/vertin/.pub-cache/hosted/pub.dev/camera_macos-0.0.9/
[        ] Found plugin camera at /Users/vertin/.pub-cache/hosted/pub.dev/camera-0.11.3+1/
[        ] Found plugin camera_web at /Users/vertin/.pub-cache/hosted/pub.dev/camera_web-0.3.5+3/
[        ] Found plugin camera_avfoundation at /Users/vertin/.pub-cache/hosted/pub.dev/camera_avfoundation-0.9.23+2/
[        ] Found plugin camera_android_camerax at /Users/vertin/.pub-cache/hosted/pub.dev/camera_android_camerax-0.6.30/
[   +1 ms] Found plugin audio_waveforms at /Users/vertin/.pub-cache/hosted/pub.dev/audio_waveforms-1.3.0/
[        ] Found plugin assets_audio_player_web at /Users/vertin/.pub-cache/git/Flutter-AssetsAudioPlayerWeb-cae7ceb6af99f4da1ec27136d312d0ef045c83d9/
[        ] Found plugin assets_audio_player at /Users/vertin/.pub-cache/git/Flutter-AssetsAudioPlayer-243f9533279b73fa9dae345cc96e5d7d84cac0ac/
[        ] Found plugin app_links at /Users/vertin/.pub-cache/hosted/pub.dev/app_links-7.0.0/
[        ] Found plugin app_links_web at /Users/vertin/.pub-cache/hosted/pub.dev/app_links_web-1.0.4/
[        ] Found plugin app_links_linux at /Users/vertin/.pub-cache/hosted/pub.dev/app_links_linux-1.0.3/
[        ] Found plugin gtk at /Users/vertin/.pub-cache/hosted/pub.dev/gtk-2.1.0/
[        ] Found plugin app_badge_plus at /Users/vertin/.pub-cache/hosted/pub.dev/app_badge_plus-1.2.6/
[        ] Found plugin adaptive_platform_ui at /Users/vertin/.pub-cache/hosted/pub.dev/adaptive_platform_ui-0.1.101/
[   +7 ms] Generating /Users/vertin/Downloads/LinkedUp-Club-MacOS-Vertin-Dev/android/app/src/main/java/io/flutter/plugins/GeneratedPluginRegistrant.java
[   +1 ms] Skipping generating GeneratedPluginRegistrant.java because it is up-to-date.
[   +1 ms] Skipping generating GeneratedPluginRegistrant.h because it is up-to-date.
[        ] Skipping generating GeneratedPluginRegistrant.m because it is up-to-date.
[        ] Skipping generating GeneratedPluginRegistrant.swift because it is up-to-date.
[   +6 ms] executing: sysctl hw.optional.arm64
[   +2 ms] Exit code 0 from: sysctl hw.optional.arm64
[        ] hw.optional.arm64: 1
[        ] executing: /usr/bin/arch -arm64e xcrun xcodebuild -version
[  +89 ms] Exit code 0 from: /usr/bin/arch -arm64e xcrun xcodebuild -version
[        ] Xcode 26.2
           Build version 17C52
[  +38 ms] executing: /usr/bin/plutil -convert xml1 -o - /Users/vertin/Downloads/LinkedUp-Club-MacOS-Vertin-Dev/macos/Runner/Info.plist
[   +5 ms] Exit code 0 from: /usr/bin/plutil -convert xml1 -o - /Users/vertin/Downloads/LinkedUp-Club-MacOS-Vertin-Dev/macos/Runner/Info.plist
[        ] <?xml version="1.0" encoding="UTF-8"?>
           <!DOCTYPE plist PUBLIC "-//Apple//DTD PLIST 1.0//EN" "http://www.apple.com/DTDs/PropertyList-1.0.dtd">
           <plist version="1.0">
           <dict>
           	<key>CFBundleDevelopmentRegion</key>
           	<string>$(DEVELOPMENT_LANGUAGE)</string>
           	<key>CFBundleExecutable</key>
           	<string>$(EXECUTABLE_NAME)</string>
           	<key>CFBundleGetInfoString</key>
           	<string></string>
           	<key>CFBundleIconFile</key>
           	<string>AppIcon</string>
           	<key>CFBundleIdentifier</key>
           	<string>$(PRODUCT_BUNDLE_IDENTIFIER)</string>
           	<key>CFBundleInfoDictionaryVersion</key>
           	<string>6.0</string>
           	<key>CFBundleName</key>
           	<string>$(PRODUCT_NAME)</string>
           	<key>CFBundlePackageType</key>
           	<string>APPL</string>
           	<key>CFBundleShortVersionString</key>
           	<string>$(FLUTTER_BUILD_NAME)</string>
           	<key>CFBundleURLTypes</key>
           	<array>
           		<dict>
           			<key>CFBundleURLName</key>
           			<string>com.focuskpi.linkedup</string>
           			<key>CFBundleURLSchemes</key>
           			<array>
           				<string>com.googleusercontent.apps.548534727055-nudrbc4rnh96q9uumdkknfcq7hqp3fle</string>
           			</array>
           		</dict>
           	</array>
           	<key>CFBundleVersion</key>
           	<string>$(FLUTTER_BUILD_NUMBER)</string>
           	<key>FirebaseAppDelegateProxyEnabled</key>
           	<false/>
           	<key>LSApplicationCategoryType</key>
           	<string>public.app-category.social-networking</string>
           	<key>LSMinimumSystemVersion</key>
           	<string>$(MACOSX_DEPLOYMENT_TARGET)</string>
           	<key>NSCameraUsageDescription</key>
           	<string>Enables users to send photos in chat</string>
           	<key>NSHumanReadableCopyright</key>
           	<string>$(PRODUCT_COPYRIGHT)</string>
           	<key>NSLocationWhenInUseUsageDescription</key>
           	<string>(Optional)This app needs location access for location-based features.</string>
           	<key>NSMainNibFile</key>
           	<string>MainMenu</string>
           	<key>NSMicrophoneUsageDescription</key>
           	<string>This app needs access to microphone for audio recording.</string>
           	<key>NSPhotoLibraryUsageDescription</key>
           	<string>This app needs access to photo library to select images.</string>
           	<key>NSPrincipalClass</key>
           	<string>NSApplication</string>
           	<key>NSSupportsAutomaticTermination</key>
           	<false/>
           	<key>NSSupportsSuddenTermination</key>
           	<true/>
           	<key>NSUserNotificationsUsageDescription</key>
           	<string>This app needs to send you notifications to keep you updated on messages, events, and important updates.</string>
           </dict>
           </plist>
[  +20 ms] The Swift Package Manager feature is off. Skipping the migration that adds Swift Package Manager integration...
[   +1 ms] executing: [/Users/vertin/Downloads/LinkedUp-Club-MacOS-Vertin-Dev/macos/] /usr/bin/arch -arm64e xcrun xcodebuild -list -project Runner.xcodeproj
[ +735 ms] Command line invocation:
               /Applications/Xcode.app/Contents/Developer/usr/bin/xcodebuild -list -project Runner.xcodeproj

           Information about project "Runner":
               Targets:
                   Runner
                   Flutter Assemble

               Build Configurations:
                   Debug
                   Release
                   Profile

               If no build configuration is specified and -scheme is not passed then "Release" is used.

               Schemes:
                   Flutter Assemble
                   Runner
[   +1 ms] executing: [/Users/vertin/Downloads/LinkedUp-Club-MacOS-Vertin-Dev/macos/] /usr/bin/arch -arm64e xcrun xcodebuild -list
[ +577 ms] Command line invocation:
               /Applications/Xcode.app/Contents/Developer/usr/bin/xcodebuild -list

           Information about project "Runner":
               Targets:
                   Runner
                   Flutter Assemble

               Build Configurations:
                   Debug
                   Release
                   Profile

               If no build configuration is specified and -scheme is not passed then "Release" is used.

               Schemes:
                   Flutter Assemble
                   Runner
[   +2 ms] executing: [/Users/vertin/Downloads/LinkedUp-Club-MacOS-Vertin-Dev/macos/Runner.xcodeproj/] /usr/bin/arch -arm64e xcrun xcodebuild -project /Users/vertin/Downloads/LinkedUp-Club-MacOS-Vertin-Dev/macos/Runner.xcodeproj -scheme Runner -configuration Release -destination generic/platform=macOS -showBuildSettings BUILD_DIR=/Users/vertin/Downloads/LinkedUp-Club-MacOS-Vertin-Dev/build/macos
[        ] executing: [/Users/vertin/Downloads/LinkedUp-Club-MacOS-Vertin-Dev/macos/Runner.xcodeproj/] /usr/bin/arch -arm64e xcrun xcodebuild -project /Users/vertin/Downloads/LinkedUp-Club-MacOS-Vertin-Dev/macos/Runner.xcodeproj -scheme Runner -configuration Release -destination generic/platform=macOS -showBuildSettings BUILD_DIR=/Users/vertin/Downloads/LinkedUp-Club-MacOS-Vertin-Dev/build/macos
[ +775 ms] Command line invocation:
               /Applications/Xcode.app/Contents/Developer/usr/bin/xcodebuild -project /Users/vertin/Downloads/LinkedUp-Club-MacOS-Vertin-Dev/macos/Runner.xcodeproj -scheme Runner -configuration Release -destination generic/platform=macOS -showBuildSettings BUILD_DIR=/Users/vertin/Downloads/LinkedUp-Club-MacOS-Vertin-Dev/build/macos

           Build settings from command line:
               BUILD_DIR = /Users/vertin/Downloads/LinkedUp-Club-MacOS-Vertin-Dev/build/macos

           Build settings for action build and target Runner:
               ACTION = build
               AD_HOC_CODE_SIGNING_ALLOWED = YES
               AGGREGATE_TRACKED_DOMAINS = YES
               ALLOW_BUILD_REQUEST_OVERRIDES = NO
               ALLOW_TARGET_PLATFORM_SPECIALIZATION = NO
               ALTERNATE_GROUP = staff
               ALTERNATE_MODE = u+w,go-w,a+rX
               ALTERNATE_OWNER = vertin
               ALTERNATIVE_DISTRIBUTION_WEB = NO
               ALWAYS_EMBED_SWIFT_STANDARD_LIBRARIES = YES
               ALWAYS_SEARCH_USER_PATHS = NO
               ALWAYS_USE_SEPARATE_HEADERMAPS = NO
               APPLICATION_EXTENSION_API_ONLY = NO
               APPLY_RULES_IN_COPY_FILES = NO
               APPLY_RULES_IN_COPY_HEADERS = NO
               APP_ID = com.linkedup.club
               APP_NAME = LinkedUp
               APP_SHORTCUTS_ENABLE_FLEXIBLE_MATCHING = YES
               ARCHS = arm64 x86_64
               ARCHS_STANDARD = arm64 x86_64
               ARCHS_STANDARD_32_64_BIT = arm64 x86_64 i386
               ARCHS_STANDARD_32_BIT = i386
               ARCHS_STANDARD_64_BIT = arm64 x86_64
               ARCHS_STANDARD_INCLUDING_64_BIT = arm64 x86_64
               ASSETCATALOG_COMPILER_APPICON_NAME = AppIcon
               AUTOMATICALLY_MERGE_DEPENDENCIES = NO
               AUTOMATION_APPLE_EVENTS = NO
               AVAILABLE_PLATFORMS = android appletvos appletvsimulator driverkit iphoneos iphonesimulator macosx qnx watchos watchsimulator webassembly xros xrsimulator
               BUILD_ACTIVE_RESOURCES_ONLY = NO
               BUILD_COMPONENTS = headers build
               BUILD_DIR = /Users/vertin/Downloads/LinkedUp-Club-MacOS-Vertin-Dev/build/macos
               BUILD_LIBRARY_FOR_DISTRIBUTION = NO
               BUILD_ROOT = /Users/vertin/Library/Developer/Xcode/DerivedData/Runner-exrefhkctxeyihaukgkzghhmrxwv/Build/Products
               BUILD_STYLE = 
               BUILD_VARIANTS = normal
               BUILT_PRODUCTS_DIR = /Users/vertin/Downloads/LinkedUp-Club-MacOS-Vertin-Dev/build/macos/Release
               BUNDLE_CONTENTS_FOLDER_PATH = Contents/
               BUNDLE_CONTENTS_FOLDER_PATH_deep = Contents/
               BUNDLE_EXECUTABLE_FOLDER_NAME_deep = MacOS
               BUNDLE_EXECUTABLE_FOLDER_PATH = Contents/MacOS
               BUNDLE_EXTENSIONS_FOLDER_PATH = Contents/Extensions
               BUNDLE_FORMAT = deep
               BUNDLE_FRAMEWORKS_FOLDER_PATH = Contents/Frameworks
               BUNDLE_PLUGINS_FOLDER_PATH = Contents/PlugIns
               BUNDLE_PRIVATE_HEADERS_FOLDER_PATH = Contents/PrivateHeaders
               BUNDLE_PUBLIC_HEADERS_FOLDER_PATH = Contents/Headers
               CACHE_ROOT = /var/folders/qj/kvblbzx56b9d1gvjn_jtmv_w0000gn/C/com.apple.DeveloperTools/26.2-17C52/Xcode
               CCHROOT = /var/folders/qj/kvblbzx56b9d1gvjn_jtmv_w0000gn/C/com.apple.DeveloperTools/26.2-17C52/Xcode
               CHMOD = /bin/chmod
               CHOWN = /usr/sbin/chown
               CLANG_ANALYZER_NONNULL = YES
               CLANG_ANALYZER_NUMBER_OBJECT_CONVERSION = YES_AGGRESSIVE
               CLANG_CACHE_FINE_GRAINED_OUTPUTS = YES
               CLANG_CXX_LANGUAGE_STANDARD = gnu++14
               CLANG_CXX_LIBRARY = libc++
               CLANG_ENABLE_EXPLICIT_MODULES = YES
               CLANG_ENABLE_MODULES = YES
               CLANG_ENABLE_OBJC_ARC = YES
               CLANG_MODULES_BUILD_SESSION_FILE = /Users/vertin/Library/Developer/Xcode/DerivedData/ModuleCache.noindex/Session.modulevalidation
               CLANG_UNDEFINED_BEHAVIOR_SANITIZER_NULLABILITY = YES
               CLANG_WARN_BLOCK_CAPTURE_AUTORELEASING = YES
               CLANG_WARN_BOOL_CONVERSION = YES
               CLANG_WARN_COMMA = YES
               CLANG_WARN_CONSTANT_CONVERSION = YES
               CLANG_WARN_DEPRECATED_OBJC_IMPLEMENTATIONS = YES
               CLANG_WARN_DIRECT_OBJC_ISA_USAGE = YES_ERROR
               CLANG_WARN_DOCUMENTATION_COMMENTS = YES
               CLANG_WARN_EMPTY_BODY = YES
               CLANG_WARN_ENUM_CONVERSION = YES
               CLANG_WARN_INFINITE_RECURSION = YES
               CLANG_WARN_INT_CONVERSION = YES
               CLANG_WARN_NON_LITERAL_NULL_CONVERSION = YES
               CLANG_WARN_OBJC_IMPLICIT_RETAIN_SELF = YES
               CLANG_WARN_OBJC_LITERAL_CONVERSION = YES
               CLANG_WARN_OBJC_REPEATED_USE_OF_WEAK = YES
               CLANG_WARN_OBJC_ROOT_CLASS = YES_ERROR
               CLANG_WARN_PRAGMA_PACK = YES
               CLANG_WARN_QUOTED_INCLUDE_IN_FRAMEWORK_HEADER = NO
               CLANG_WARN_RANGE_LOOP_ANALYSIS = YES
               CLANG_WARN_STRICT_PROTOTYPES = YES
               CLANG_WARN_SUSPICIOUS_MOVE = YES
               CLANG_WARN_UNGUARDED_AVAILABILITY = YES_AGGRESSIVE
               CLANG_WARN_UNREACHABLE_CODE = YES
               CLANG_WARN__DUPLICATE_METHOD_MATCH = YES
               CLASS_FILE_DIR = /Users/vertin/Library/Developer/Xcode/DerivedData/Runner-exrefhkctxeyihaukgkzghhmrxwv/Build/Intermediates.noindex/Runner.build/Release/Runner.build/JavaClasses
               CLEAN_PRECOMPS = YES
               CLONE_HEADERS = NO
               COCOAPODS_PARALLEL_CODE_SIGN = true
               CODESIGNING_FOLDER_PATH = /Users/vertin/Downloads/LinkedUp-Club-MacOS-Vertin-Dev/build/macos/Release/LinkedUp.app
               CODE_SIGNING_ALLOWED = YES
               CODE_SIGNING_REQUIRED = YES
               CODE_SIGN_ENTITLEMENTS = Runner/Release.entitlements
               CODE_SIGN_IDENTITY = Apple Development
               CODE_SIGN_IDENTITY_NO = Apple Development
               CODE_SIGN_IDENTITY_YES = -
               CODE_SIGN_INJECT_BASE_ENTITLEMENTS = YES
               CODE_SIGN_STYLE = Automatic
               COLOR_DIAGNOSTICS = NO
               COMBINE_HIDPI_IMAGES = YES
               COMPILATION_CACHE_CAS_PATH = /Users/vertin/Library/Developer/Xcode/DerivedData/CompilationCache.noindex
               COMPILATION_CACHE_KEEP_CAS_DIRECTORY = YES
               COMPILER_INDEX_STORE_ENABLE = Default
               COMPOSITE_SDK_DIRS = /Users/vertin/Library/Developer/Xcode/DerivedData/Runner-exrefhkctxeyihaukgkzghhmrxwv/Build/Intermediates.noindex/CompositeSDKs
               COMPRESS_PNG_FILES = NO
               CONFIGURATION = Release
               CONFIGURATION_BUILD_DIR = /Users/vertin/Downloads/LinkedUp-Club-MacOS-Vertin-Dev/build/macos/Release
               CONFIGURATION_TEMP_DIR = /Users/vertin/Library/Developer/Xcode/DerivedData/Runner-exrefhkctxeyihaukgkzghhmrxwv/Build/Intermediates.noindex/Runner.build/Release
               CONTENTS_FOLDER_PATH = LinkedUp.app/Contents
               CONTENTS_FOLDER_PATH_SHALLOW_BUNDLE_NO = LinkedUp.app/Contents
               CONTENTS_FOLDER_PATH_SHALLOW_BUNDLE_YES = LinkedUp.app
               COPYING_PRESERVES_HFS_DATA = NO
               COPYRIGHT = Copyright © 2024 LinkedUp Club. All rights reserved.
               COPY_HEADERS_RUN_UNIFDEF = NO
               COPY_PHASE_STRIP = NO
               CP = /bin/cp
               CREATE_INFOPLIST_SECTION_IN_BINARY = NO
               CURRENT_ARCH = undefined_arch
               CURRENT_PROJECT_VERSION = 28
               CURRENT_VARIANT = normal
               DART_DEFINES = RkxVVFRFUl9WRVJTSU9OPTMuMzguOQ==,RkxVVFRFUl9DSEFOTkVMPXN0YWJsZQ==,RkxVVFRFUl9HSVRfVVJMPWh0dHBzOi8vZ2l0aHViLmNvbS9mbHV0dGVyL2ZsdXR0ZXIuZ2l0,RkxVVFRFUl9GUkFNRVdPUktfUkVWSVNJT049NjczMjNkZTI4NQ==,RkxVVFRFUl9FTkdJTkVfUkVWSVNJT049NTg3YzE4Zjg3Mw==,RkxVVFRFUl9EQVJUX1ZFUlNJT049My4xMC44
               DART_OBFUSCATION = false
               DEAD_CODE_STRIPPING = NO
               DEBUGGING_SYMBOLS = YES
               DEBUG_INFORMATION_FORMAT = dwarf-with-dsym
               DEBUG_INFORMATION_VERSION = compiler-default
               DEFAULT_COMPILER = com.apple.compilers.llvm.clang.1_0
               DEFAULT_DEXT_INSTALL_PATH = /System/Library/DriverExtensions
               DEFAULT_KEXT_INSTALL_PATH = /System/Library/Extensions
               DEFINES_MODULE = NO
               DEPLOYMENT_LOCATION = NO
               DEPLOYMENT_POSTPROCESSING = NO
               DEPLOYMENT_TARGET_SETTING_NAME = MACOSX_DEPLOYMENT_TARGET
               DEPLOYMENT_TARGET_SUGGESTED_VALUES = 10.13 10.14 10.15 11.0 11.1 11.2 11.3 11.4 11.5 12.0 12.2 12.3 12.4 13.0 13.1 13.2 13.3 13.4 13.5 14.0 14.1 14.2 14.3 14.4 14.5 14.6 15.0 15.1 15.2 15.3 15.4 15.5 15.6 26.0 26.1 26.2
               DERIVED_FILES_DIR = /Users/vertin/Library/Developer/Xcode/DerivedData/Runner-exrefhkctxeyihaukgkzghhmrxwv/Build/Intermediates.noindex/Runner.build/Release/Runner.build/DerivedSources
               DERIVED_FILE_DIR = /Users/vertin/Library/Developer/Xcode/DerivedData/Runner-exrefhkctxeyihaukgkzghhmrxwv/Build/Intermediates.noindex/Runner.build/Release/Runner.build/DerivedSources
               DERIVED_SOURCES_DIR = /Users/vertin/Library/Developer/Xcode/DerivedData/Runner-exrefhkctxeyihaukgkzghhmrxwv/Build/Intermediates.noindex/Runner.build/Release/Runner.build/DerivedSources
               DEVELOPER_APPLICATIONS_DIR = /Applications/Xcode.app/Contents/Developer/Applications
               DEVELOPER_BIN_DIR = /Applications/Xcode.app/Contents/Developer/usr/bin
               DEVELOPER_DIR = /Applications/Xcode.app/Contents/Developer
               DEVELOPER_FRAMEWORKS_DIR = /Applications/Xcode.app/Contents/Developer/Library/Frameworks
               DEVELOPER_FRAMEWORKS_DIR_QUOTED = /Applications/Xcode.app/Contents/Developer/Library/Frameworks
               DEVELOPER_LIBRARY_DIR = /Applications/Xcode.app/Contents/Developer/Library
               DEVELOPER_SDK_DIR = /Applications/Xcode.app/Contents/Developer/Platforms/MacOSX.platform/Developer/SDKs
               DEVELOPER_TOOLS_DIR = /Applications/Xcode.app/Contents/Developer/Tools
               DEVELOPER_USR_DIR = /Applications/Xcode.app/Contents/Developer/usr
               DEVELOPMENT_LANGUAGE = en
               DEVELOPMENT_TEAM = 3GQ93ABMNG
               DIAGNOSE_MISSING_TARGET_DEPENDENCIES = YES
               DIFF = /usr/bin/diff
               DOCUMENTATION_FOLDER_PATH = LinkedUp.app/Contents/Resources/en.lproj/Documentation
               DONT_GENERATE_INFOPLIST_FILE = NO
               DRIVERKIT_DEPLOYMENT_TARGET = 25.2
               DSTROOT = /tmp/Runner.dst
               DT_TOOLCHAIN_DIR = /Applications/Xcode.app/Contents/Developer/Toolchains/XcodeDefault.xctoolchain
               DWARF_DSYM_FILE_NAME = LinkedUp.app.dSYM
               DWARF_DSYM_FILE_SHOULD_ACCOMPANY_PRODUCT = NO
               DWARF_DSYM_FOLDER_PATH = /Users/vertin/Downloads/LinkedUp-Club-MacOS-Vertin-Dev/build/macos/Release
               DYNAMIC_LIBRARY_EXTENSION = dylib
               EAGER_COMPILATION_ALLOW_SCRIPTS = NO
               EAGER_LINKING = NO
               EMBEDDED_CONTENT_CONTAINS_SWIFT = NO
               EMBEDDED_PROFILE_NAME = embedded.provisionprofile
               EMBED_ASSET_PACKS_IN_PRODUCT_BUNDLE = NO
               ENABLE_APP_SANDBOX = NO
               ENABLE_CODE_COVERAGE = YES
               ENABLE_CPLUSPLUS_BOUNDS_SAFE_BUFFERS = NO
               ENABLE_C_BOUNDS_SAFETY = NO
               ENABLE_DEBUG_DYLIB = YES
               ENABLE_DEFAULT_HEADER_SEARCH_PATHS = YES
               ENABLE_DEFAULT_SEARCH_PATHS = YES
               ENABLE_ENHANCED_SECURITY = NO
               ENABLE_HARDENED_RUNTIME = NO
               ENABLE_HEADER_DEPENDENCIES = YES
               ENABLE_INCOMING_NETWORK_CONNECTIONS = NO
               ENABLE_NS_ASSERTIONS = NO
               ENABLE_ON_DEMAND_RESOURCES = NO
               ENABLE_OUTGOING_NETWORK_CONNECTIONS = NO
               ENABLE_POINTER_AUTHENTICATION = NO
               ENABLE_RESOURCE_ACCESS_AUDIO_INPUT = NO
               ENABLE_RESOURCE_ACCESS_BLUETOOTH = NO
               ENABLE_RESOURCE_ACCESS_CALENDARS = NO
               ENABLE_RESOURCE_ACCESS_CAMERA = NO
               ENABLE_RESOURCE_ACCESS_CONTACTS = NO
               ENABLE_RESOURCE_ACCESS_LOCATION = NO
               ENABLE_RESOURCE_ACCESS_PHOTO_LIBRARY = NO
               ENABLE_RESOURCE_ACCESS_PRINTING = NO
               ENABLE_RESOURCE_ACCESS_USB = NO
               ENABLE_SDK_IMPORTS = NO
               ENABLE_SECURITY_COMPILER_WARNINGS = NO
               ENABLE_STRICT_OBJC_MSGSEND = YES
               ENABLE_TESTABILITY = NO
               ENABLE_TESTING_SEARCH_PATHS = NO
               ENABLE_USER_SCRIPT_SANDBOXING = NO
               ENFORCE_VALID_ARCHS = YES
               ENTITLEMENTS_ALLOWED = YES
               ENTITLEMENTS_DESTINATION = Signature
               ENTITLEMENTS_REQUIRED = NO
               EXCLUDED_INSTALLSRC_SUBDIRECTORY_PATTERNS = .DS_Store .svn .git .hg CVS
               EXCLUDED_RECURSIVE_SEARCH_PATH_SUBDIRECTORIES = *.nib *.lproj *.framework *.gch *.xcode* *.xcassets *.icon (*) .DS_Store CVS .svn .git .hg *.pbproj *.pbxproj
               EXECUTABLES_FOLDER_PATH = LinkedUp.app/Contents/Executables
               EXECUTABLE_FOLDER_PATH = LinkedUp.app/Contents/MacOS
               EXECUTABLE_FOLDER_PATH_SHALLOW_BUNDLE_NO = LinkedUp.app/Contents/MacOS
               EXECUTABLE_FOLDER_PATH_SHALLOW_BUNDLE_YES = LinkedUp.app/Contents
               EXECUTABLE_NAME = LinkedUp
               EXECUTABLE_PATH = LinkedUp.app/Contents/MacOS/LinkedUp
               EXTENSIONS_FOLDER_PATH = LinkedUp.app/Contents/Extensions
               FILE_LIST = /Users/vertin/Library/Developer/Xcode/DerivedData/Runner-exrefhkctxeyihaukgkzghhmrxwv/Build/Intermediates.noindex/Runner.build/Release/Runner.build/Objects/LinkFileList
               FIXED_FILES_DIR = /Users/vertin/Library/Developer/Xcode/DerivedData/Runner-exrefhkctxeyihaukgkzghhmrxwv/Build/Intermediates.noindex/Runner.build/Release/Runner.build/FixedFiles
               FLUTTER_APPLICATION_PATH = /Users/vertin/Downloads/LinkedUp-Club-MacOS-Vertin-Dev
               FLUTTER_BUILD_DIR = build
               FLUTTER_BUILD_NAME = 1.8.8
               FLUTTER_BUILD_NUMBER = 28
               FLUTTER_ROOT = /Users/vertin/development/flutter
               FLUTTER_TARGET = lib/main.dart
               FRAMEWORKS_FOLDER_PATH = LinkedUp.app/Contents/Frameworks
               FRAMEWORK_FLAG_PREFIX = -framework
               FRAMEWORK_SEARCH_PATHS = /Users/vertin/Downloads/LinkedUp-Club-MacOS-Vertin-Dev/build/macos/Release  "/Users/vertin/Downloads/LinkedUp-Club-MacOS-Vertin-Dev/build/macos/Release/AppAuth" "/Users/vertin/Downloads/LinkedUp-Club-MacOS-Vertin-Dev/build/macos/Release/AppCheckCore" "/Users/vertin/Downloads/LinkedUp-Club-MacOS-Vertin-Dev/build/macos/Release/FirebaseAppCheckInterop" "/Users/vertin/Downloads/LinkedUp-Club-MacOS-Vertin-Dev/build/macos/Release/FirebaseAuth" "/Users/vertin/Downloads/LinkedUp-Club-MacOS-Vertin-Dev/build/macos/Release/FirebaseAuthInterop" "/Users/vertin/Downloads/LinkedUp-Club-MacOS-Vertin-Dev/build/macos/Release/FirebaseCore" "/Users/vertin/Downloads/LinkedUp-Club-MacOS-Vertin-Dev/build/macos/Release/FirebaseCoreExtension" "/Users/vertin/Downloads/LinkedUp-Club-MacOS-Vertin-Dev/build/macos/Release/FirebaseCoreInternal" "/Users/vertin/Downloads/LinkedUp-Club-MacOS-Vertin-Dev/build/macos/Release/FirebaseFirestoreBinary" "/Users/vertin/Downloads/LinkedUp-Club-MacOS-Vertin-Dev/build/macos/Release/FirebaseFunctions" "/Users/vertin/Downloads/LinkedUp-Club-MacOS-Vertin-Dev/build/macos/Release/FirebaseInstallations" "/Users/vertin/Downloads/LinkedUp-Club-MacOS-Vertin-Dev/build/macos/Release/FirebaseMessaging" "/Users/vertin/Downloads/LinkedUp-Club-MacOS-Vertin-Dev/build/macos/Release/FirebaseMessagingInterop" "/Users/vertin/Downloads/LinkedUp-Club-MacOS-Vertin-Dev/build/macos/Release/FirebaseSharedSwift" "/Users/vertin/Downloads/LinkedUp-Club-MacOS-Vertin-Dev/build/macos/Release/FirebaseStorage" "/Users/vertin/Downloads/LinkedUp-Club-MacOS-Vertin-Dev/build/macos/Release/GTMAppAuth" "/Users/vertin/Downloads/LinkedUp-Club-MacOS-Vertin-Dev/build/macos/Release/GTMSessionFetcher" "/Users/vertin/Downloads/LinkedUp-Club-MacOS-Vertin-Dev/build/macos/Release/GoogleDataTransport" "/Users/vertin/Downloads/LinkedUp-Club-MacOS-Vertin-Dev/build/macos/Release/GoogleSignIn" "/Users/vertin/Downloads/LinkedUp-Club-MacOS-Vertin-Dev/build/macos/Release/GoogleUtilities" "/Users/vertin/Downloads/LinkedUp-Club-MacOS-Vertin-Dev/build/macos/Release/OrderedSet" "/Users/vertin/Downloads/LinkedUp-Club-MacOS-Vertin-Dev/build/macos/Release/PromisesObjC" "/Users/vertin/Downloads/LinkedUp-Club-MacOS-Vertin-Dev/build/macos/Release/app_badge_plus" "/Users/vertin/Downloads/LinkedUp-Club-MacOS-Vertin-Dev/build/macos/Release/app_links" "/Users/vertin/Downloads/LinkedUp-Club-MacOS-Vertin-Dev/build/macos/Release/assets_audio_player" "/Users/vertin/Downloads/LinkedUp-Club-MacOS-Vertin-Dev/build/macos/Release/assets_audio_player_web" "/Users/vertin/Downloads/LinkedUp-Club-MacOS-Vertin-Dev/build/macos/Release/audio_session" "/Users/vertin/Downloads/LinkedUp-Club-MacOS-Vertin-Dev/build/macos/Release/camera_macos" "/Users/vertin/Downloads/LinkedUp-Club-MacOS-Vertin-Dev/build/macos/Release/cloud_firestore" "/Users/vertin/Downloads/LinkedUp-Club-MacOS-Vertin-Dev/build/macos/Release/cloud_functions" "/Users/vertin/Downloads/LinkedUp-Club-MacOS-Vertin-Dev/build/macos/Release/cupertino_native" "/Users/vertin/Downloads/LinkedUp-Club-MacOS-Vertin-Dev/build/macos/Release/desktop_drop" "/Users/vertin/Downloads/LinkedUp-Club-MacOS-Vertin-Dev/build/macos/Release/device_info_plus" "/Users/vertin/Downloads/LinkedUp-Club-MacOS-Vertin-Dev/build/macos/Release/emoji_picker_flutter" "/Users/vertin/Downloads/LinkedUp-Club-MacOS-Vertin-Dev/build/macos/Release/file_picker" "/Users/vertin/Downloads/LinkedUp-Club-MacOS-Vertin-Dev/build/macos/Release/file_selector_macos" "/Users/vertin/Downloads/LinkedUp-Club-MacOS-Vertin-Dev/build/macos/Release/firebase_auth" "/Users/vertin/Downloads/LinkedUp-Club-MacOS-Vertin-Dev/build/macos/Release/firebase_core" "/Users/vertin/Downloads/LinkedUp-Club-MacOS-Vertin-Dev/build/macos/Release/firebase_messaging" "/Users/vertin/Downloads/LinkedUp-Club-MacOS-Vertin-Dev/build/macos/Release/firebase_storage" "/Users/vertin/Downloads/LinkedUp-Club-MacOS-Vertin-Dev/build/macos/Release/flutter_inappwebview_macos" "/Users/vertin/Downloads/LinkedUp-Club-MacOS-Vertin-Dev/build/macos/Release/geolocator_apple" "/Users/vertin/Downloads/LinkedUp-Club-MacOS-Vertin-Dev/build/macos/Release/google_sign_in_ios" "/Users/vertin/Downloads/LinkedUp-Club-MacOS-Vertin-Dev/build/macos/Release/irondash_engine_context" "/Users/vertin/Downloads/LinkedUp-Club-MacOS-Vertin-Dev/build/macos/Release/just_audio" "/Users/vertin/Downloads/LinkedUp-Club-MacOS-Vertin-Dev/build/macos/Release/leveldb-library" "/Users/vertin/Downloads/LinkedUp-Club-MacOS-Vertin-Dev/build/macos/Release/nanopb" "/Users/vertin/Downloads/LinkedUp-Club-MacOS-Vertin-Dev/build/macos/Release/package_info_plus" "/Users/vertin/Downloads/LinkedUp-Club-MacOS-Vertin-Dev/build/macos/Release/path_provider_foundation" "/Users/vertin/Downloads/LinkedUp-Club-MacOS-Vertin-Dev/build/macos/Release/pdfx" "/Users/vertin/Downloads/LinkedUp-Club-MacOS-Vertin-Dev/build/macos/Release/quill_native_bridge_macos" "/Users/vertin/Downloads/LinkedUp-Club-MacOS-Vertin-Dev/build/macos/Release/record_macos" "/Users/vertin/Downloads/LinkedUp-Club-MacOS-Vertin-Dev/build/macos/Release/share_plus" "/Users/vertin/Downloads/LinkedUp-Club-MacOS-Vertin-Dev/build/macos/Release/shared_preferences_foundation" "/Users/vertin/Downloads/LinkedUp-Club-MacOS-Vertin-Dev/build/macos/Release/sign_in_with_apple" "/Users/vertin/Downloads/LinkedUp-Club-MacOS-Vertin-Dev/build/macos/Release/sqflite" "/Users/vertin/Downloads/LinkedUp-Club-MacOS-Vertin-Dev/build/macos/Release/super_native_extensions" "/Users/vertin/Downloads/LinkedUp-Club-MacOS-Vertin-Dev/build/macos/Release/url_launcher_macos" "/Users/vertin/Downloads/LinkedUp-Club-MacOS-Vertin-Dev/build/macos/Release/video_player_avfoundation" "/Users/vertin/Downloads/LinkedUp-Club-MacOS-Vertin-Dev/build/macos/Release/wakelock_plus" "/Users/vertin/Downloads/LinkedUp-Club-MacOS-Vertin-Dev/build/macos/Release/webview_flutter_wkwebview" "/Users/vertin/Downloads/LinkedUp-Club-MacOS-Vertin-Dev/build/macos/Release/zego_express_engine" "/Users/vertin/Downloads/LinkedUp-Club-MacOS-Vertin-Dev/macos/Pods/../Flutter/ephemeral/.symlinks/plugins/zego_express_engine/macos/libs" "/Users/vertin/Downloads/LinkedUp-Club-MacOS-Vertin-Dev/macos/Pods/FirebaseFirestoreAbseilBinary" "/Users/vertin/Downloads/LinkedUp-Club-MacOS-Vertin-Dev/macos/Pods/FirebaseFirestoreGRPCBoringSSLBinary" "/Users/vertin/Downloads/LinkedUp-Club-MacOS-Vertin-Dev/macos/Pods/FirebaseFirestoreGRPCCPPBinary" "/Users/vertin/Downloads/LinkedUp-Club-MacOS-Vertin-Dev/macos/Pods/FirebaseFirestoreGRPCCoreBinary" "/Users/vertin/Downloads/LinkedUp-Club-MacOS-Vertin-Dev/macos/Pods/FirebaseFirestoreInternalBinary" "/Users/vertin/Downloads/LinkedUp-Club-MacOS-Vertin-Dev/build/macos/Release/XCFrameworkIntermediates/FirebaseFirestoreAbseilBinary" "/Users/vertin/Downloads/LinkedUp-Club-MacOS-Vertin-Dev/build/macos/Release/XCFrameworkIntermediates/FirebaseFirestoreGRPCBoringSSLBinary" "/Users/vertin/Downloads/LinkedUp-Club-MacOS-Vertin-Dev/build/macos/Release/XCFrameworkIntermediates/FirebaseFirestoreGRPCCPPBinary" "/Users/vertin/Downloads/LinkedUp-Club-MacOS-Vertin-Dev/build/macos/Release/XCFrameworkIntermediates/FirebaseFirestoreGRPCCoreBinary" "/Users/vertin/Downloads/LinkedUp-Club-MacOS-Vertin-Dev/build/macos/Release/XCFrameworkIntermediates/FirebaseFirestoreInternalBinary" "/Users/vertin/Downloads/LinkedUp-Club-MacOS-Vertin-Dev/build/macos/Release/XCFrameworkIntermediates/zego_express_engine" "/Users/vertin/Downloads/LinkedUp-Club-MacOS-Vertin-Dev/build/macos/Release/AppAuth" "/Users/vertin/Downloads/LinkedUp-Club-MacOS-Vertin-Dev/build/macos/Release/AppCheckCore" "/Users/vertin/Downloads/LinkedUp-Club-MacOS-Vertin-Dev/build/macos/Release/FirebaseAppCheckInterop" "/Users/vertin/Downloads/LinkedUp-Club-MacOS-Vertin-Dev/build/macos/Release/FirebaseAuth" "/Users/vertin/Downloads/LinkedUp-Club-MacOS-Vertin-Dev/build/macos/Release/FirebaseAuthInterop" "/Users/vertin/Downloads/LinkedUp-Club-MacOS-Vertin-Dev/build/macos/Release/FirebaseCore" "/Users/vertin/Downloads/LinkedUp-Club-MacOS-Vertin-Dev/build/macos/Release/FirebaseCoreExtension" "/Users/vertin/Downloads/LinkedUp-Club-MacOS-Vertin-Dev/build/macos/Release/FirebaseCoreInternal" "/Users/vertin/Downloads/LinkedUp-Club-MacOS-Vertin-Dev/build/macos/Release/FirebaseFirestoreBinary" "/Users/vertin/Downloads/LinkedUp-Club-MacOS-Vertin-Dev/build/macos/Release/FirebaseFunctions" "/Users/vertin/Downloads/LinkedUp-Club-MacOS-Vertin-Dev/build/macos/Release/FirebaseInstallations" "/Users/vertin/Downloads/LinkedUp-Club-MacOS-Vertin-Dev/build/macos/Release/FirebaseMessaging" "/Users/vertin/Downloads/LinkedUp-Club-MacOS-Vertin-Dev/build/macos/Release/FirebaseMessagingInterop" "/Users/vertin/Downloads/LinkedUp-Club-MacOS-Vertin-Dev/build/macos/Release/FirebaseSharedSwift" "/Users/vertin/Downloads/LinkedUp-Club-MacOS-Vertin-Dev/build/macos/Release/FirebaseStorage" "/Users/vertin/Downloads/LinkedUp-Club-MacOS-Vertin-Dev/build/macos/Release/GTMAppAuth" "/Users/vertin/Downloads/LinkedUp-Club-MacOS-Vertin-Dev/build/macos/Release/GTMSessionFetcher" "/Users/vertin/Downloads/LinkedUp-Club-MacOS-Vertin-Dev/build/macos/Release/GoogleDataTransport" "/Users/vertin/Downloads/LinkedUp-Club-MacOS-Vertin-Dev/build/macos/Release/GoogleSignIn" "/Users/vertin/Downloads/LinkedUp-Club-MacOS-Vertin-Dev/build/macos/Release/GoogleUtilities" "/Users/vertin/Downloads/LinkedUp-Club-MacOS-Vertin-Dev/build/macos/Release/OrderedSet" "/Users/vertin/Downloads/LinkedUp-Club-MacOS-Vertin-Dev/build/macos/Release/PromisesObjC" "/Users/vertin/Downloads/LinkedUp-Club-MacOS-Vertin-Dev/build/macos/Release/app_badge_plus" "/Users/vertin/Downloads/LinkedUp-Club-MacOS-Vertin-Dev/build/macos/Release/app_links" "/Users/vertin/Downloads/LinkedUp-Club-MacOS-Vertin-Dev/build/macos/Release/assets_audio_player" "/Users/vertin/Downloads/LinkedUp-Club-MacOS-Vertin-Dev/build/macos/Release/assets_audio_player_web" "/Users/vertin/Downloads/LinkedUp-Club-MacOS-Vertin-Dev/build/macos/Release/audio_session" "/Users/vertin/Downloads/LinkedUp-Club-MacOS-Vertin-Dev/build/macos/Release/camera_macos" "/Users/vertin/Downloads/LinkedUp-Club-MacOS-Vertin-Dev/build/macos/Release/cloud_firestore" "/Users/vertin/Downloads/LinkedUp-Club-MacOS-Vertin-Dev/build/macos/Release/cloud_functions" "/Users/vertin/Downloads/LinkedUp-Club-MacOS-Vertin-Dev/build/macos/Release/cupertino_native" "/Users/vertin/Downloads/LinkedUp-Club-MacOS-Vertin-Dev/build/macos/Release/desktop_drop" "/Users/vertin/Downloads/LinkedUp-Club-MacOS-Vertin-Dev/build/macos/Release/device_info_plus" "/Users/vertin/Downloads/LinkedUp-Club-MacOS-Vertin-Dev/build/macos/Release/emoji_picker_flutter" "/Users/vertin/Downloads/LinkedUp-Club-MacOS-Vertin-Dev/build/macos/Release/file_picker" "/Users/vertin/Downloads/LinkedUp-Club-MacOS-Vertin-Dev/build/macos/Release/file_selector_macos" "/Users/vertin/Downloads/LinkedUp-Club-MacOS-Vertin-Dev/build/macos/Release/firebase_auth" "/Users/vertin/Downloads/LinkedUp-Club-MacOS-Vertin-Dev/build/macos/Release/firebase_core" "/Users/vertin/Downloads/LinkedUp-Club-MacOS-Vertin-Dev/build/macos/Release/firebase_messaging" "/Users/vertin/Downloads/LinkedUp-Club-MacOS-Vertin-Dev/build/macos/Release/firebase_storage" "/Users/vertin/Downloads/LinkedUp-Club-MacOS-Vertin-Dev/build/macos/Release/flutter_inappwebview_macos" "/Users/vertin/Downloads/LinkedUp-Club-MacOS-Vertin-Dev/build/macos/Release/geolocator_apple" "/Users/vertin/Downloads/LinkedUp-Club-MacOS-Vertin-Dev/build/macos/Release/google_sign_in_ios" "/Users/vertin/Downloads/LinkedUp-Club-MacOS-Vertin-Dev/build/macos/Release/irondash_engine_context" "/Users/vertin/Downloads/LinkedUp-Club-MacOS-Vertin-Dev/build/macos/Release/just_audio" "/Users/vertin/Downloads/LinkedUp-Club-MacOS-Vertin-Dev/build/macos/Release/leveldb-library" "/Users/vertin/Downloads/LinkedUp-Club-MacOS-Vertin-Dev/build/macos/Release/nanopb" "/Users/vertin/Downloads/LinkedUp-Club-MacOS-Vertin-Dev/build/macos/Release/package_info_plus" "/Users/vertin/Downloads/LinkedUp-Club-MacOS-Vertin-Dev/build/macos/Release/path_provider_foundation" "/Users/vertin/Downloads/LinkedUp-Club-MacOS-Vertin-Dev/build/macos/Release/pdfx" "/Users/vertin/Downloads/LinkedUp-Club-MacOS-Vertin-Dev/build/macos/Release/quill_native_bridge_macos" "/Users/vertin/Downloads/LinkedUp-Club-MacOS-Vertin-Dev/build/macos/Release/record_macos" "/Users/vertin/Downloads/LinkedUp-Club-MacOS-Vertin-Dev/build/macos/Release/share_plus" "/Users/vertin/Downloads/LinkedUp-Club-MacOS-Vertin-Dev/build/macos/Release/shared_preferences_foundation" "/Users/vertin/Downloads/LinkedUp-Club-MacOS-Vertin-Dev/build/macos/Release/sign_in_with_apple" "/Users/vertin/Downloads/LinkedUp-Club-MacOS-Vertin-Dev/build/macos/Release/sqflite" "/Users/vertin/Downloads/LinkedUp-Club-MacOS-Vertin-Dev/build/macos/Release/super_native_extensions" "/Users/vertin/Downloads/LinkedUp-Club-MacOS-Vertin-Dev/build/macos/Release/url_launcher_macos" "/Users/vertin/Downloads/LinkedUp-Club-MacOS-Vertin-Dev/build/macos/Release/video_player_avfoundation" "/Users/vertin/Downloads/LinkedUp-Club-MacOS-Vertin-Dev/build/macos/Release/wakelock_plus" "/Users/vertin/Downloads/LinkedUp-Club-MacOS-Vertin-Dev/build/macos/Release/webview_flutter_wkwebview" "/Users/vertin/Downloads/LinkedUp-Club-MacOS-Vertin-Dev/build/macos/Release/zego_express_engine" "/Users/vertin/Downloads/LinkedUp-Club-MacOS-Vertin-Dev/macos/Pods/../Flutter/ephemeral/.symlinks/plugins/zego_express_engine/macos/libs" "/Users/vertin/Downloads/LinkedUp-Club-MacOS-Vertin-Dev/macos/Pods/FirebaseFirestoreAbseilBinary" "/Users/vertin/Downloads/LinkedUp-Club-MacOS-Vertin-Dev/macos/Pods/FirebaseFirestoreGRPCBoringSSLBinary" "/Users/vertin/Downloads/LinkedUp-Club-MacOS-Vertin-Dev/macos/Pods/FirebaseFirestoreGRPCCPPBinary" "/Users/vertin/Downloads/LinkedUp-Club-MacOS-Vertin-Dev/macos/Pods/FirebaseFirestoreGRPCCoreBinary" "/Users/vertin/Downloads/LinkedUp-Club-MacOS-Vertin-Dev/macos/Pods/FirebaseFirestoreInternalBinary" "/Users/vertin/Downloads/LinkedUp-Club-MacOS-Vertin-Dev/build/macos/Release/XCFrameworkIntermediates/FirebaseFirestoreAbseilBinary" "/Users/vertin/Downloads/LinkedUp-Club-MacOS-Vertin-Dev/build/macos/Release/XCFrameworkIntermediates/FirebaseFirestoreGRPCBoringSSLBinary" "/Users/vertin/Downloads/LinkedUp-Club-MacOS-Vertin-Dev/build/macos/Release/XCFrameworkIntermediates/FirebaseFirestoreGRPCCPPBinary" "/Users/vertin/Downloads/LinkedUp-Club-MacOS-Vertin-Dev/build/macos/Release/XCFrameworkIntermediates/FirebaseFirestoreGRPCCoreBinary" "/Users/vertin/Downloads/LinkedUp-Club-MacOS-Vertin-Dev/build/macos/Release/XCFrameworkIntermediates/FirebaseFirestoreInternalBinary" "/Users/vertin/Downloads/LinkedUp-Club-MacOS-Vertin-Dev/build/macos/Release/XCFrameworkIntermediates/zego_express_engine" /Users/vertin/Downloads/LinkedUp-Club-MacOS-Vertin-Dev/build/macos/Release/FirebaseMessaging /Users/vertin/Downloads/LinkedUp-Club-MacOS-Vertin-Dev/build/macos/Release/FirebaseCore /Users/vertin/Downloads/LinkedUp-Club-MacOS-Vertin-Dev/build/macos/Release/GoogleSignIn /Users/vertin/Downloads/LinkedUp-Club-MacOS-Vertin-Dev/build/macos/Release/app_badge_plus /Users/vertin/Downloads/LinkedUp-Club-MacOS-Vertin-Dev/build/macos/Release/app_links /Users/vertin/Downloads/LinkedUp-Club-MacOS-Vertin-Dev/build/macos/Release/assets_audio_player /Users/vertin/Downloads/LinkedUp-Club-MacOS-Vertin-Dev/build/macos/Release/audio_session /Users/vertin/Downloads/LinkedUp-Club-MacOS-Vertin-Dev/build/macos/Release/camera_macos /Users/vertin/Downloads/LinkedUp-Club-MacOS-Vertin-Dev/build/macos/Release/cloud_firestore /Users/vertin/Downloads/LinkedUp-Club-MacOS-Vertin-Dev/build/macos/Release/cloud_functions /Users/vertin/Downloads/LinkedUp-Club-MacOS-Vertin-Dev/build/macos/Release/desktop_drop /Users/vertin/Downloads/LinkedUp-Club-MacOS-Vertin-Dev/build/macos/Release/device_info_plus /Users/vertin/Downloads/LinkedUp-Club-MacOS-Vertin-Dev/build/macos/Release/emoji_picker_flutter /Users/vertin/Downloads/LinkedUp-Club-MacOS-Vertin-Dev/build/macos/Release/file_picker /Users/vertin/Downloads/LinkedUp-Club-MacOS-Vertin-Dev/build/macos/Release/file_selector_macos /Users/vertin/Downloads/LinkedUp-Club-MacOS-Vertin-Dev/build/macos/Release/firebase_auth /Users/vertin/Downloads/LinkedUp-Club-MacOS-Vertin-Dev/build/macos/Release/firebase_core /Users/vertin/Downloads/LinkedUp-Club-MacOS-Vertin-Dev/build/macos/Release/firebase_messaging /Users/vertin/Downloads/LinkedUp-Club-MacOS-Vertin-Dev/build/macos/Release/firebase_storage /Users/vertin/Downloads/LinkedUp-Club-MacOS-Vertin-Dev/build/macos/Release/flutter_inappwebview_macos /Users/vertin/Downloads/LinkedUp-Club-MacOS-Vertin-Dev/build/macos/Release/geolocator_apple /Users/vertin/Downloads/LinkedUp-Club-MacOS-Vertin-Dev/build/macos/Release/google_sign_in_ios /Users/vertin/Downloads/LinkedUp-Club-MacOS-Vertin-Dev/build/macos/Release/irondash_engine_context /Users/vertin/Downloads/LinkedUp-Club-MacOS-Vertin-Dev/build/macos/Release/just_audio /Users/vertin/Downloads/LinkedUp-Club-MacOS-Vertin-Dev/build/macos/Release/nanopb /Users/vertin/Downloads/LinkedUp-Club-MacOS-Vertin-Dev/build/macos/Release/package_info_plus /Users/vertin/Downloads/LinkedUp-Club-MacOS-Vertin-Dev/build/macos/Release/path_provider_foundation /Users/vertin/Downloads/LinkedUp-Club-MacOS-Vertin-Dev/build/macos/Release/record_macos /Users/vertin/Downloads/LinkedUp-Club-MacOS-Vertin-Dev/build/macos/Release/share_plus /Users/vertin/Downloads/LinkedUp-Club-MacOS-Vertin-Dev/build/macos/Release/shared_preferences_foundation /Users/vertin/Downloads/LinkedUp-Club-MacOS-Vertin-Dev/build/macos/Release/sign_in_with_apple /Users/vertin/Downloads/LinkedUp-Club-MacOS-Vertin-Dev/build/macos/Release/sqflite /Users/vertin/Downloads/LinkedUp-Club-MacOS-Vertin-Dev/build/macos/Release/super_native_extensions /Users/vertin/Downloads/LinkedUp-Club-MacOS-Vertin-Dev/build/macos/Release/url_launcher_macos /Users/vertin/Downloads/LinkedUp-Club-MacOS-Vertin-Dev/build/macos/Release/video_player_avfoundation /Users/vertin/Downloads/LinkedUp-Club-MacOS-Vertin-Dev/build/macos/Release/wakelock_plus /Users/vertin/Downloads/LinkedUp-Club-MacOS-Vertin-Dev/build/macos/Release/webview_flutter_wkwebview /Users/vertin/Downloads/LinkedUp-Club-MacOS-Vertin-Dev/build/macos/Release/zego_express_engine
               FRAMEWORK_VERSION = A
               FULL_PRODUCT_NAME = LinkedUp.app
               FUSE_BUILD_PHASES = YES
               FUSE_BUILD_SCRIPT_PHASES = NO
               GCC3_VERSION = 3.3
               GCC_C_LANGUAGE_STANDARD = gnu11
               GCC_DYNAMIC_NO_PIC = NO
               GCC_INLINES_ARE_PRIVATE_EXTERN = YES
               GCC_NO_COMMON_BLOCKS = YES
               GCC_PFE_FILE_C_DIALECTS = c objective-c c++ objective-c++
               GCC_PREPROCESSOR_DEFINITIONS =  COCOAPODS=1  PB_FIELD_32BIT=1 PB_NO_PACKED_STRUCTS=1 PB_ENABLE_MALLOC=1 COCOAPODS=1  COCOAPODS=1  PB_FIELD_32BIT=1 PB_NO_PACKED_STRUCTS=1 PB_ENABLE_MALLOC=1 PB_FIELD_32BIT=1 PB_NO_PACKED_STRUCTS=1 PB_ENABLE_MALLOC=1
               GCC_SYMBOLS_PRIVATE_EXTERN = YES
               GCC_TREAT_WARNINGS_AS_ERRORS = NO
               GCC_VERSION = com.apple.compilers.llvm.clang.1_0
               GCC_VERSION_IDENTIFIER = com_apple_compilers_llvm_clang_1_0
               GCC_WARN_64_TO_32_BIT_CONVERSION = YES
               GCC_WARN_ABOUT_RETURN_TYPE = YES_ERROR
               GCC_WARN_SHADOW = YES
               GCC_WARN_STRICT_SELECTOR_MATCH = YES
               GCC_WARN_UNDECLARED_SELECTOR = YES
               GCC_WARN_UNINITIALIZED_AUTOS = YES_AGGRESSIVE
               GCC_WARN_UNUSED_FUNCTION = YES
               GCC_WARN_UNUSED_VARIABLE = YES
               GENERATED_MODULEMAP_DIR = /Users/vertin/Library/Developer/Xcode/DerivedData/Runner-exrefhkctxeyihaukgkzghhmrxwv/Build/Intermediates.noindex/GeneratedModuleMaps
               GENERATE_INFOPLIST_FILE = NO
               GENERATE_INTERMEDIATE_TEXT_BASED_STUBS = YES
               GENERATE_PKGINFO_FILE = YES
               GENERATE_PRELINK_OBJECT_FILE = NO
               GENERATE_PROFILING_CODE = NO
               GENERATE_TEXT_BASED_STUBS = NO
               GID = 20
               GROUP = staff
               HEADERMAP_INCLUDES_FLAT_ENTRIES_FOR_TARGET_BEING_BUILT = YES
               HEADERMAP_INCLUDES_FRAMEWORK_ENTRIES_FOR_ALL_PRODUCT_TYPES = YES
               HEADERMAP_INCLUDES_FRAMEWORK_ENTRIES_FOR_TARGETS_NOT_BEING_BUILT = YES
               HEADERMAP_INCLUDES_NONPUBLIC_NONPRIVATE_HEADERS = YES
               HEADERMAP_INCLUDES_PROJECT_HEADERS = YES
               HEADERMAP_USES_FRAMEWORK_PREFIX_ENTRIES = YES
               HEADERMAP_USES_VFS = NO
               HEADER_SEARCH_PATHS = /Users/vertin/Downloads/LinkedUp-Club-MacOS-Vertin-Dev/build/macos/Release/include  "/Users/vertin/Downloads/LinkedUp-Club-MacOS-Vertin-Dev/build/macos/Release/AppAuth/AppAuth.framework/Headers" "/Users/vertin/Downloads/LinkedUp-Club-MacOS-Vertin-Dev/build/macos/Release/AppCheckCore/AppCheckCore.framework/Headers" "/Users/vertin/Downloads/LinkedUp-Club-MacOS-Vertin-Dev/build/macos/Release/FirebaseAppCheckInterop/FirebaseAppCheckInterop.framework/Headers" "/Users/vertin/Downloads/LinkedUp-Club-MacOS-Vertin-Dev/build/macos/Release/FirebaseAuth/FirebaseAuth.framework/Headers" "/Users/vertin/Downloads/LinkedUp-Club-MacOS-Vertin-Dev/build/macos/Release/FirebaseAuthInterop/FirebaseAuthInterop.framework/Headers" "/Users/vertin/Downloads/LinkedUp-Club-MacOS-Vertin-Dev/build/macos/Release/FirebaseCore/FirebaseCore.framework/Headers" "/Users/vertin/Downloads/LinkedUp-Club-MacOS-Vertin-Dev/build/macos/Release/FirebaseCoreExtension/FirebaseCoreExtension.framework/Headers" "/Users/vertin/Downloads/LinkedUp-Club-MacOS-Vertin-Dev/build/macos/Release/FirebaseCoreInternal/FirebaseCoreInternal.framework/Headers" "/Users/vertin/Downloads/LinkedUp-Club-MacOS-Vertin-Dev/build/macos/Release/FirebaseFirestoreBinary/FirebaseFirestore.framework/Headers" "/Users/vertin/Downloads/LinkedUp-Club-MacOS-Vertin-Dev/build/macos/Release/FirebaseFunctions/FirebaseFunctions.framework/Headers" "/Users/vertin/Downloads/LinkedUp-Club-MacOS-Vertin-Dev/build/macos/Release/FirebaseInstallations/FirebaseInstallations.framework/Headers" "/Users/vertin/Downloads/LinkedUp-Club-MacOS-Vertin-Dev/build/macos/Release/FirebaseMessaging/FirebaseMessaging.framework/Headers" "/Users/vertin/Downloads/LinkedUp-Club-MacOS-Vertin-Dev/build/macos/Release/FirebaseMessagingInterop/FirebaseMessagingInterop.framework/Headers" "/Users/vertin/Downloads/LinkedUp-Club-MacOS-Vertin-Dev/build/macos/Release/FirebaseSharedSwift/FirebaseSharedSwift.framework/Headers" "/Users/vertin/Downloads/LinkedUp-Club-MacOS-Vertin-Dev/build/macos/Release/FirebaseStorage/FirebaseStorage.framework/Headers" "/Users/vertin/Downloads/LinkedUp-Club-MacOS-Vertin-Dev/build/macos/Release/GTMAppAuth/GTMAppAuth.framework/Headers" "/Users/vertin/Downloads/LinkedUp-Club-MacOS-Vertin-Dev/build/macos/Release/GTMSessionFetcher/GTMSessionFetcher.framework/Headers" "/Users/vertin/Downloads/LinkedUp-Club-MacOS-Vertin-Dev/build/macos/Release/GoogleDataTransport/GoogleDataTransport.framework/Headers" "/Users/vertin/Downloads/LinkedUp-Club-MacOS-Vertin-Dev/build/macos/Release/GoogleSignIn/GoogleSignIn.framework/Headers" "/Users/vertin/Downloads/LinkedUp-Club-MacOS-Vertin-Dev/build/macos/Release/GoogleUtilities/GoogleUtilities.framework/Headers" "/Users/vertin/Downloads/LinkedUp-Club-MacOS-Vertin-Dev/build/macos/Release/OrderedSet/OrderedSet.framework/Headers" "/Users/vertin/Downloads/LinkedUp-Club-MacOS-Vertin-Dev/build/macos/Release/PromisesObjC/FBLPromises.framework/Headers" "/Users/vertin/Downloads/LinkedUp-Club-MacOS-Vertin-Dev/build/macos/Release/app_badge_plus/app_badge_plus.framework/Headers" "/Users/vertin/Downloads/LinkedUp-Club-MacOS-Vertin-Dev/build/macos/Release/app_links/app_links.framework/Headers" "/Users/vertin/Downloads/LinkedUp-Club-MacOS-Vertin-Dev/build/macos/Release/assets_audio_player/assets_audio_player.framework/Headers" "/Users/vertin/Downloads/LinkedUp-Club-MacOS-Vertin-Dev/build/macos/Release/assets_audio_player_web/assets_audio_player_web.framework/Headers" "/Users/vertin/Downloads/LinkedUp-Club-MacOS-Vertin-Dev/build/macos/Release/audio_session/audio_session.framework/Headers" "/Users/vertin/Downloads/LinkedUp-Club-MacOS-Vertin-Dev/build/macos/Release/camera_macos/camera_macos.framework/Headers" "/Users/vertin/Downloads/LinkedUp-Club-MacOS-Vertin-Dev/build/macos/Release/cloud_firestore/cloud_firestore.framework/Headers" "/Users/vertin/Downloads/LinkedUp-Club-MacOS-Vertin-Dev/build/macos/Release/cloud_functions/cloud_functions.framework/Headers" "/Users/vertin/Downloads/LinkedUp-Club-MacOS-Vertin-Dev/build/macos/Release/cupertino_native/cupertino_native.framework/Headers" "/Users/vertin/Downloads/LinkedUp-Club-MacOS-Vertin-Dev/build/macos/Release/desktop_drop/desktop_drop.framework/Headers" "/Users/vertin/Downloads/LinkedUp-Club-MacOS-Vertin-Dev/build/macos/Release/device_info_plus/device_info_plus.framework/Headers" "/Users/vertin/Downloads/LinkedUp-Club-MacOS-Vertin-Dev/build/macos/Release/emoji_picker_flutter/emoji_picker_flutter.framework/Headers" "/Users/vertin/Downloads/LinkedUp-Club-MacOS-Vertin-Dev/build/macos/Release/file_picker/file_picker.framework/Headers" "/Users/vertin/Downloads/LinkedUp-Club-MacOS-Vertin-Dev/build/macos/Release/file_selector_macos/file_selector_macos.framework/Headers" "/Users/vertin/Downloads/LinkedUp-Club-MacOS-Vertin-Dev/build/macos/Release/firebase_auth/firebase_auth.framework/Headers" "/Users/vertin/Downloads/LinkedUp-Club-MacOS-Vertin-Dev/build/macos/Release/firebase_core/firebase_core.framework/Headers" "/Users/vertin/Downloads/LinkedUp-Club-MacOS-Vertin-Dev/build/macos/Release/firebase_messaging/firebase_messaging.framework/Headers" "/Users/vertin/Downloads/LinkedUp-Club-MacOS-Vertin-Dev/build/macos/Release/firebase_storage/firebase_storage.framework/Headers" "/Users/vertin/Downloads/LinkedUp-Club-MacOS-Vertin-Dev/build/macos/Release/flutter_inappwebview_macos/flutter_inappwebview_macos.framework/Headers" "/Users/vertin/Downloads/LinkedUp-Club-MacOS-Vertin-Dev/build/macos/Release/geolocator_apple/geolocator_apple.framework/Headers" "/Users/vertin/Downloads/LinkedUp-Club-MacOS-Vertin-Dev/build/macos/Release/google_sign_in_ios/google_sign_in_ios.framework/Headers" "/Users/vertin/Downloads/LinkedUp-Club-MacOS-Vertin-Dev/build/macos/Release/irondash_engine_context/irondash_engine_context.framework/Headers" "/Users/vertin/Downloads/LinkedUp-Club-MacOS-Vertin-Dev/build/macos/Release/just_audio/just_audio.framework/Headers" "/Users/vertin/Downloads/LinkedUp-Club-MacOS-Vertin-Dev/build/macos/Release/leveldb-library/leveldb.framework/Headers" "/Users/vertin/Downloads/LinkedUp-Club-MacOS-Vertin-Dev/build/macos/Release/nanopb/nanopb.framework/Headers" "/Users/vertin/Downloads/LinkedUp-Club-MacOS-Vertin-Dev/build/macos/Release/package_info_plus/package_info_plus.framework/Headers" "/Users/vertin/Downloads/LinkedUp-Club-MacOS-Vertin-Dev/build/macos/Release/path_provider_foundation/path_provider_foundation.framework/Headers" "/Users/vertin/Downloads/LinkedUp-Club-MacOS-Vertin-Dev/build/macos/Release/pdfx/pdfx.framework/Headers" "/Users/vertin/Downloads/LinkedUp-Club-MacOS-Vertin-Dev/build/macos/Release/quill_native_bridge_macos/quill_native_bridge_macos.framework/Headers" "/Users/vertin/Downloads/LinkedUp-Club-MacOS-Vertin-Dev/build/macos/Release/record_macos/record_macos.framework/Headers" "/Users/vertin/Downloads/LinkedUp-Club-MacOS-Vertin-Dev/build/macos/Release/share_plus/share_plus.framework/Headers" "/Users/vertin/Downloads/LinkedUp-Club-MacOS-Vertin-Dev/build/macos/Release/shared_preferences_foundation/shared_preferences_foundation.framework/Headers" "/Users/vertin/Downloads/LinkedUp-Club-MacOS-Vertin-Dev/build/macos/Release/sign_in_with_apple/sign_in_with_apple.framework/Headers" "/Users/vertin/Downloads/LinkedUp-Club-MacOS-Vertin-Dev/build/macos/Release/sqflite/sqflite.framework/Headers" "/Users/vertin/Downloads/LinkedUp-Club-MacOS-Vertin-Dev/build/macos/Release/super_native_extensions/super_native_extensions.framework/Headers" "/Users/vertin/Downloads/LinkedUp-Club-MacOS-Vertin-Dev/build/macos/Release/url_launcher_macos/url_launcher_macos.framework/Headers" "/Users/vertin/Downloads/LinkedUp-Club-MacOS-Vertin-Dev/build/macos/Release/video_player_avfoundation/video_player_avfoundation.framework/Headers" "/Users/vertin/Downloads/LinkedUp-Club-MacOS-Vertin-Dev/build/macos/Release/wakelock_plus/wakelock_plus.framework/Headers" "/Users/vertin/Downloads/LinkedUp-Club-MacOS-Vertin-Dev/build/macos/Release/webview_flutter_wkwebview/webview_flutter_wkwebview.framework/Headers" "/Users/vertin/Downloads/LinkedUp-Club-MacOS-Vertin-Dev/build/macos/Release/zego_express_engine/zego_express_engine.framework/Headers" "/Users/vertin/Downloads/LinkedUp-Club-MacOS-Vertin-Dev/macos/Pods/Headers/Public" "/Users/vertin/Downloads/LinkedUp-Club-MacOS-Vertin-Dev/macos/Pods/Headers/Public/Firebase"  /Users/vertin/Downloads/LinkedUp-Club-MacOS-Vertin-Dev/macos/Pods/Firebase/CoreOnly/Sources "/Users/vertin/Downloads/LinkedUp-Club-MacOS-Vertin-Dev/build/macos/Release/AppAuth/AppAuth.framework/Headers" "/Users/vertin/Downloads/LinkedUp-Club-MacOS-Vertin-Dev/build/macos/Release/AppCheckCore/AppCheckCore.framework/Headers" "/Users/vertin/Downloads/LinkedUp-Club-MacOS-Vertin-Dev/build/macos/Release/FirebaseAppCheckInterop/FirebaseAppCheckInterop.framework/Headers" "/Users/vertin/Downloads/LinkedUp-Club-MacOS-Vertin-Dev/build/macos/Release/FirebaseAuth/FirebaseAuth.framework/Headers" "/Users/vertin/Downloads/LinkedUp-Club-MacOS-Vertin-Dev/build/macos/Release/FirebaseAuthInterop/FirebaseAuthInterop.framework/Headers" "/Users/vertin/Downloads/LinkedUp-Club-MacOS-Vertin-Dev/build/macos/Release/FirebaseCore/FirebaseCore.framework/Headers" "/Users/vertin/Downloads/LinkedUp-Club-MacOS-Vertin-Dev/build/macos/Release/FirebaseCoreExtension/FirebaseCoreExtension.framework/Headers" "/Users/vertin/Downloads/LinkedUp-Club-MacOS-Vertin-Dev/build/macos/Release/FirebaseCoreInternal/FirebaseCoreInternal.framework/Headers" "/Users/vertin/Downloads/LinkedUp-Club-MacOS-Vertin-Dev/build/macos/Release/FirebaseFirestoreBinary/FirebaseFirestore.framework/Headers" "/Users/vertin/Downloads/LinkedUp-Club-MacOS-Vertin-Dev/build/macos/Release/FirebaseFunctions/FirebaseFunctions.framework/Headers" "/Users/vertin/Downloads/LinkedUp-Club-MacOS-Vertin-Dev/build/macos/Release/FirebaseInstallations/FirebaseInstallations.framework/Headers" "/Users/vertin/Downloads/LinkedUp-Club-MacOS-Vertin-Dev/build/macos/Release/FirebaseMessaging/FirebaseMessaging.framework/Headers" "/Users/vertin/Downloads/LinkedUp-Club-MacOS-Vertin-Dev/build/macos/Release/FirebaseMessagingInterop/FirebaseMessagingInterop.framework/Headers" "/Users/vertin/Downloads/LinkedUp-Club-MacOS-Vertin-Dev/build/macos/Release/FirebaseSharedSwift/FirebaseSharedSwift.framework/Headers" "/Users/vertin/Downloads/LinkedUp-Club-MacOS-Vertin-Dev/build/macos/Release/FirebaseStorage/FirebaseStorage.framework/Headers" "/Users/vertin/Downloads/LinkedUp-Club-MacOS-Vertin-Dev/build/macos/Release/GTMAppAuth/GTMAppAuth.framework/Headers" "/Users/vertin/Downloads/LinkedUp-Club-MacOS-Vertin-Dev/build/macos/Release/GTMSessionFetcher/GTMSessionFetcher.framework/Headers" "/Users/vertin/Downloads/LinkedUp-Club-MacOS-Vertin-Dev/build/macos/Release/GoogleDataTransport/GoogleDataTransport.framework/Headers" "/Users/vertin/Downloads/LinkedUp-Club-MacOS-Vertin-Dev/build/macos/Release/GoogleSignIn/GoogleSignIn.framework/Headers" "/Users/vertin/Downloads/LinkedUp-Club-MacOS-Vertin-Dev/build/macos/Release/GoogleUtilities/GoogleUtilities.framework/Headers" "/Users/vertin/Downloads/LinkedUp-Club-MacOS-Vertin-Dev/build/macos/Release/OrderedSet/OrderedSet.framework/Headers" "/Users/vertin/Downloads/LinkedUp-Club-MacOS-Vertin-Dev/build/macos/Release/PromisesObjC/FBLPromises.framework/Headers" "/Users/vertin/Downloads/LinkedUp-Club-MacOS-Vertin-Dev/build/macos/Release/app_badge_plus/app_badge_plus.framework/Headers" "/Users/vertin/Downloads/LinkedUp-Club-MacOS-Vertin-Dev/build/macos/Release/app_links/app_links.framework/Headers" "/Users/vertin/Downloads/LinkedUp-Club-MacOS-Vertin-Dev/build/macos/Release/assets_audio_player/assets_audio_player.framework/Headers" "/Users/vertin/Downloads/LinkedUp-Club-MacOS-Vertin-Dev/build/macos/Release/assets_audio_player_web/assets_audio_player_web.framework/Headers" "/Users/vertin/Downloads/LinkedUp-Club-MacOS-Vertin-Dev/build/macos/Release/audio_session/audio_session.framework/Headers" "/Users/vertin/Downloads/LinkedUp-Club-MacOS-Vertin-Dev/build/macos/Release/camera_macos/camera_macos.framework/Headers" "/Users/vertin/Downloads/LinkedUp-Club-MacOS-Vertin-Dev/build/macos/Release/cloud_firestore/cloud_firestore.framework/Headers" "/Users/vertin/Downloads/LinkedUp-Club-MacOS-Vertin-Dev/build/macos/Release/cloud_functions/cloud_functions.framework/Headers" "/Users/vertin/Downloads/LinkedUp-Club-MacOS-Vertin-Dev/build/macos/Release/cupertino_native/cupertino_native.framework/Headers" "/Users/vertin/Downloads/LinkedUp-Club-MacOS-Vertin-Dev/build/macos/Release/desktop_drop/desktop_drop.framework/Headers" "/Users/vertin/Downloads/LinkedUp-Club-MacOS-Vertin-Dev/build/macos/Release/device_info_plus/device_info_plus.framework/Headers" "/Users/vertin/Downloads/LinkedUp-Club-MacOS-Vertin-Dev/build/macos/Release/emoji_picker_flutter/emoji_picker_flutter.framework/Headers" "/Users/vertin/Downloads/LinkedUp-Club-MacOS-Vertin-Dev/build/macos/Release/file_picker/file_picker.framework/Headers" "/Users/vertin/Downloads/LinkedUp-Club-MacOS-Vertin-Dev/build/macos/Release/file_selector_macos/file_selector_macos.framework/Headers" "/Users/vertin/Downloads/LinkedUp-Club-MacOS-Vertin-Dev/build/macos/Release/firebase_auth/firebase_auth.framework/Headers" "/Users/vertin/Downloads/LinkedUp-Club-MacOS-Vertin-Dev/build/macos/Release/firebase_core/firebase_core.framework/Headers" "/Users/vertin/Downloads/LinkedUp-Club-MacOS-Vertin-Dev/build/macos/Release/firebase_messaging/firebase_messaging.framework/Headers" "/Users/vertin/Downloads/LinkedUp-Club-MacOS-Vertin-Dev/build/macos/Release/firebase_storage/firebase_storage.framework/Headers" "/Users/vertin/Downloads/LinkedUp-Club-MacOS-Vertin-Dev/build/macos/Release/flutter_inappwebview_macos/flutter_inappwebview_macos.framework/Headers" "/Users/vertin/Downloads/LinkedUp-Club-MacOS-Vertin-Dev/build/macos/Release/geolocator_apple/geolocator_apple.framework/Headers" "/Users/vertin/Downloads/LinkedUp-Club-MacOS-Vertin-Dev/build/macos/Release/google_sign_in_ios/google_sign_in_ios.framework/Headers" "/Users/vertin/Downloads/LinkedUp-Club-MacOS-Vertin-Dev/build/macos/Release/irondash_engine_context/irondash_engine_context.framework/Headers" "/Users/vertin/Downloads/LinkedUp-Club-MacOS-Vertin-Dev/build/macos/Release/just_audio/just_audio.framework/Headers" "/Users/vertin/Downloads/LinkedUp-Club-MacOS-Vertin-Dev/build/macos/Release/leveldb-library/leveldb.framework/Headers" "/Users/vertin/Downloads/LinkedUp-Club-MacOS-Vertin-Dev/build/macos/Release/nanopb/nanopb.framework/Headers" "/Users/vertin/Downloads/LinkedUp-Club-MacOS-Vertin-Dev/build/macos/Release/package_info_plus/package_info_plus.framework/Headers" "/Users/vertin/Downloads/LinkedUp-Club-MacOS-Vertin-Dev/build/macos/Release/path_provider_foundation/path_provider_foundation.framework/Headers" "/Users/vertin/Downloads/LinkedUp-Club-MacOS-Vertin-Dev/build/macos/Release/pdfx/pdfx.framework/Headers" "/Users/vertin/Downloads/LinkedUp-Club-MacOS-Vertin-Dev/build/macos/Release/quill_native_bridge_macos/quill_native_bridge_macos.framework/Headers" "/Users/vertin/Downloads/LinkedUp-Club-MacOS-Vertin-Dev/build/macos/Release/record_macos/record_macos.framework/Headers" "/Users/vertin/Downloads/LinkedUp-Club-MacOS-Vertin-Dev/build/macos/Release/share_plus/share_plus.framework/Headers" "/Users/vertin/Downloads/LinkedUp-Club-MacOS-Vertin-Dev/build/macos/Release/shared_preferences_foundation/shared_preferences_foundation.framework/Headers" "/Users/vertin/Downloads/LinkedUp-Club-MacOS-Vertin-Dev/build/macos/Release/sign_in_with_apple/sign_in_with_apple.framework/Headers" "/Users/vertin/Downloads/LinkedUp-Club-MacOS-Vertin-Dev/build/macos/Release/sqflite/sqflite.framework/Headers" "/Users/vertin/Downloads/LinkedUp-Club-MacOS-Vertin-Dev/build/macos/Release/super_native_extensions/super_native_extensions.framework/Headers" "/Users/vertin/Downloads/LinkedUp-Club-MacOS-Vertin-Dev/build/macos/Release/url_launcher_macos/url_launcher_macos.framework/Headers" "/Users/vertin/Downloads/LinkedUp-Club-MacOS-Vertin-Dev/build/macos/Release/video_player_avfoundation/video_player_avfoundation.framework/Headers" "/Users/vertin/Downloads/LinkedUp-Club-MacOS-Vertin-Dev/build/macos/Release/wakelock_plus/wakelock_plus.framework/Headers" "/Users/vertin/Downloads/LinkedUp-Club-MacOS-Vertin-Dev/build/macos/Release/webview_flutter_wkwebview/webview_flutter_wkwebview.framework/Headers" "/Users/vertin/Downloads/LinkedUp-Club-MacOS-Vertin-Dev/build/macos/Release/zego_express_engine/zego_express_engine.framework/Headers" "/Users/vertin/Downloads/LinkedUp-Club-MacOS-Vertin-Dev/macos/Pods/Headers/Public" "/Users/vertin/Downloads/LinkedUp-Club-MacOS-Vertin-Dev/macos/Pods/Headers/Public/Firebase"  "/Users/vertin/Downloads/LinkedUp-Club-MacOS-Vertin-Dev/build/macos/Release/AppAuth/AppAuth.framework/Headers" "/Users/vertin/Downloads/LinkedUp-Club-MacOS-Vertin-Dev/build/macos/Release/AppCheckCore/AppCheckCore.framework/Headers" "/Users/vertin/Downloads/LinkedUp-Club-MacOS-Vertin-Dev/build/macos/Release/FirebaseAppCheckInterop/FirebaseAppCheckInterop.framework/Headers" "/Users/vertin/Downloads/LinkedUp-Club-MacOS-Vertin-Dev/build/macos/Release/FirebaseAuth/FirebaseAuth.framework/Headers" "/Users/vertin/Downloads/LinkedUp-Club-MacOS-Vertin-Dev/build/macos/Release/FirebaseAuthInterop/FirebaseAuthInterop.framework/Headers" "/Users/vertin/Downloads/LinkedUp-Club-MacOS-Vertin-Dev/build/macos/Release/FirebaseCore/FirebaseCore.framework/Headers" "/Users/vertin/Downloads/LinkedUp-Club-MacOS-Vertin-Dev/build/macos/Release/FirebaseCoreExtension/FirebaseCoreExtension.framework/Headers" "/Users/vertin/Downloads/LinkedUp-Club-MacOS-Vertin-Dev/build/macos/Release/FirebaseCoreInternal/FirebaseCoreInternal.framework/Headers" "/Users/vertin/Downloads/LinkedUp-Club-MacOS-Vertin-Dev/build/macos/Release/FirebaseFirestoreBinary/FirebaseFirestore.framework/Headers" "/Users/vertin/Downloads/LinkedUp-Club-MacOS-Vertin-Dev/build/macos/Release/FirebaseFunctions/FirebaseFunctions.framework/Headers" "/Users/vertin/Downloads/LinkedUp-Club-MacOS-Vertin-Dev/build/macos/Release/FirebaseInstallations/FirebaseInstallations.framework/Headers" "/Users/vertin/Downloads/LinkedUp-Club-MacOS-Vertin-Dev/build/macos/Release/FirebaseMessaging/FirebaseMessaging.framework/Headers" "/Users/vertin/Downloads/LinkedUp-Club-MacOS-Vertin-Dev/build/macos/Release/FirebaseMessagingInterop/FirebaseMessagingInterop.framework/Headers" "/Users/vertin/Downloads/LinkedUp-Club-MacOS-Vertin-Dev/build/macos/Release/FirebaseSharedSwift/FirebaseSharedSwift.framework/Headers" "/Users/vertin/Downloads/LinkedUp-Club-MacOS-Vertin-Dev/build/macos/Release/FirebaseStorage/FirebaseStorage.framework/Headers" "/Users/vertin/Downloads/LinkedUp-Club-MacOS-Vertin-Dev/build/macos/Release/GTMAppAuth/GTMAppAuth.framework/Headers" "/Users/vertin/Downloads/LinkedUp-Club-MacOS-Vertin-Dev/build/macos/Release/GTMSessionFetcher/GTMSessionFetcher.framework/Headers" "/Users/vertin/Downloads/LinkedUp-Club-MacOS-Vertin-Dev/build/macos/Release/GoogleDataTransport/GoogleDataTransport.framework/Headers" "/Users/vertin/Downloads/LinkedUp-Club-MacOS-Vertin-Dev/build/macos/Release/GoogleSignIn/GoogleSignIn.framework/Headers" "/Users/vertin/Downloads/LinkedUp-Club-MacOS-Vertin-Dev/build/macos/Release/GoogleUtilities/GoogleUtilities.framework/Headers" "/Users/vertin/Downloads/LinkedUp-Club-MacOS-Vertin-Dev/build/macos/Release/OrderedSet/OrderedSet.framework/Headers" "/Users/vertin/Downloads/LinkedUp-Club-MacOS-Vertin-Dev/build/macos/Release/PromisesObjC/FBLPromises.framework/Headers" "/Users/vertin/Downloads/LinkedUp-Club-MacOS-Vertin-Dev/build/macos/Release/app_badge_plus/app_badge_plus.framework/Headers" "/Users/vertin/Downloads/LinkedUp-Club-MacOS-Vertin-Dev/build/macos/Release/app_links/app_links.framework/Headers" "/Users/vertin/Downloads/LinkedUp-Club-MacOS-Vertin-Dev/build/macos/Release/assets_audio_player/assets_audio_player.framework/Headers" "/Users/vertin/Downloads/LinkedUp-Club-MacOS-Vertin-Dev/build/macos/Release/assets_audio_player_web/assets_audio_player_web.framework/Headers" "/Users/vertin/Downloads/LinkedUp-Club-MacOS-Vertin-Dev/build/macos/Release/audio_session/audio_session.framework/Headers" "/Users/vertin/Downloads/LinkedUp-Club-MacOS-Vertin-Dev/build/macos/Release/camera_macos/camera_macos.framework/Headers" "/Users/vertin/Downloads/LinkedUp-Club-MacOS-Vertin-Dev/build/macos/Release/cloud_firestore/cloud_firestore.framework/Headers" "/Users/vertin/Downloads/LinkedUp-Club-MacOS-Vertin-Dev/build/macos/Release/cloud_functions/cloud_functions.framework/Headers" "/Users/vertin/Downloads/LinkedUp-Club-MacOS-Vertin-Dev/build/macos/Release/cupertino_native/cupertino_native.framework/Headers" "/Users/vertin/Downloads/LinkedUp-Club-MacOS-Vertin-Dev/build/macos/Release/desktop_drop/desktop_drop.framework/Headers" "/Users/vertin/Downloads/LinkedUp-Club-MacOS-Vertin-Dev/build/macos/Release/device_info_plus/device_info_plus.framework/Headers" "/Users/vertin/Downloads/LinkedUp-Club-MacOS-Vertin-Dev/build/macos/Release/emoji_picker_flutter/emoji_picker_flutter.framework/Headers" "/Users/vertin/Downloads/LinkedUp-Club-MacOS-Vertin-Dev/build/macos/Release/file_picker/file_picker.framework/Headers" "/Users/vertin/Downloads/LinkedUp-Club-MacOS-Vertin-Dev/build/macos/Release/file_selector_macos/file_selector_macos.framework/Headers" "/Users/vertin/Downloads/LinkedUp-Club-MacOS-Vertin-Dev/build/macos/Release/firebase_auth/firebase_auth.framework/Headers" "/Users/vertin/Downloads/LinkedUp-Club-MacOS-Vertin-Dev/build/macos/Release/firebase_core/firebase_core.framework/Headers" "/Users/vertin/Downloads/LinkedUp-Club-MacOS-Vertin-Dev/build/macos/Release/firebase_messaging/firebase_messaging.framework/Headers" "/Users/vertin/Downloads/LinkedUp-Club-MacOS-Vertin-Dev/build/macos/Release/firebase_storage/firebase_storage.framework/Headers" "/Users/vertin/Downloads/LinkedUp-Club-MacOS-Vertin-Dev/build/macos/Release/flutter_inappwebview_macos/flutter_inappwebview_macos.framework/Headers" "/Users/vertin/Downloads/LinkedUp-Club-MacOS-Vertin-Dev/build/macos/Release/geolocator_apple/geolocator_apple.framework/Headers" "/Users/vertin/Downloads/LinkedUp-Club-MacOS-Vertin-Dev/build/macos/Release/google_sign_in_ios/google_sign_in_ios.framework/Headers" "/Users/vertin/Downloads/LinkedUp-Club-MacOS-Vertin-Dev/build/macos/Release/irondash_engine_context/irondash_engine_context.framework/Headers" "/Users/vertin/Downloads/LinkedUp-Club-MacOS-Vertin-Dev/build/macos/Release/just_audio/just_audio.framework/Headers" "/Users/vertin/Downloads/LinkedUp-Club-MacOS-Vertin-Dev/build/macos/Release/leveldb-library/leveldb.framework/Headers" "/Users/vertin/Downloads/LinkedUp-Club-MacOS-Vertin-Dev/build/macos/Release/nanopb/nanopb.framework/Headers" "/Users/vertin/Downloads/LinkedUp-Club-MacOS-Vertin-Dev/build/macos/Release/package_info_plus/package_info_plus.framework/Headers" "/Users/vertin/Downloads/LinkedUp-Club-MacOS-Vertin-Dev/build/macos/Release/path_provider_foundation/path_provider_foundation.framework/Headers" "/Users/vertin/Downloads/LinkedUp-Club-MacOS-Vertin-Dev/build/macos/Release/pdfx/pdfx.framework/Headers" "/Users/vertin/Downloads/LinkedUp-Club-MacOS-Vertin-Dev/build/macos/Release/quill_native_bridge_macos/quill_native_bridge_macos.framework/Headers" "/Users/vertin/Downloads/LinkedUp-Club-MacOS-Vertin-Dev/build/macos/Release/record_macos/record_macos.framework/Headers" "/Users/vertin/Downloads/LinkedUp-Club-MacOS-Vertin-Dev/build/macos/Release/share_plus/share_plus.framework/Headers" "/Users/vertin/Downloads/LinkedUp-Club-MacOS-Vertin-Dev/build/macos/Release/shared_preferences_foundation/shared_preferences_foundation.framework/Headers" "/Users/vertin/Downloads/LinkedUp-Club-MacOS-Vertin-Dev/build/macos/Release/sign_in_with_apple/sign_in_with_apple.framework/Headers" "/Users/vertin/Downloads/LinkedUp-Club-MacOS-Vertin-Dev/build/macos/Release/sqflite/sqflite.framework/Headers" "/Users/vertin/Downloads/LinkedUp-Club-MacOS-Vertin-Dev/build/macos/Release/super_native_extensions/super_native_extensions.framework/Headers" "/Users/vertin/Downloads/LinkedUp-Club-MacOS-Vertin-Dev/build/macos/Release/url_launcher_macos/url_launcher_macos.framework/Headers" "/Users/vertin/Downloads/LinkedUp-Club-MacOS-Vertin-Dev/build/macos/Release/video_player_avfoundation/video_player_avfoundation.framework/Headers" "/Users/vertin/Downloads/LinkedUp-Club-MacOS-Vertin-Dev/build/macos/Release/wakelock_plus/wakelock_plus.framework/Headers" "/Users/vertin/Downloads/LinkedUp-Club-MacOS-Vertin-Dev/build/macos/Release/webview_flutter_wkwebview/webview_flutter_wkwebview.framework/Headers" "/Users/vertin/Downloads/LinkedUp-Club-MacOS-Vertin-Dev/build/macos/Release/zego_express_engine/zego_express_engine.framework/Headers" "/Users/vertin/Downloads/LinkedUp-Club-MacOS-Vertin-Dev/macos/Pods/Headers/Public" "/Users/vertin/Downloads/LinkedUp-Club-MacOS-Vertin-Dev/macos/Pods/Headers/Public/Firebase"  /Users/vertin/Downloads/LinkedUp-Club-MacOS-Vertin-Dev/macos/Pods/Firebase/CoreOnly/Sources /Users/vertin/Downloads/LinkedUp-Club-MacOS-Vertin-Dev/macos/Pods/Firebase/CoreOnly/Sources
               HOME = /Users/vertin
               HOST_ARCH = arm64
               HOST_PLATFORM = macosx
               ICONV = /usr/bin/iconv
               IMPLICIT_DEPENDENCY_DOMAIN = default
               INFOPLIST_ENABLE_CFBUNDLEICONS_MERGE = YES
               INFOPLIST_EXPAND_BUILD_SETTINGS = YES
               INFOPLIST_FILE = Runner/Info.plist
               INFOPLIST_KEY_CFBundleDisplayName = Lona
               INFOPLIST_KEY_LSApplicationCategoryType = public.app-category.social-networking
               INFOPLIST_OUTPUT_FORMAT = same-as-input
               INFOPLIST_PATH = LinkedUp.app/Contents/Info.plist
               INFOPLIST_PREPROCESS = NO
               INFOSTRINGS_PATH = LinkedUp.app/Contents/Resources/en.lproj/InfoPlist.strings
               INLINE_PRIVATE_FRAMEWORKS = NO
               INSTALLAPI_IGNORE_SKIP_INSTALL = YES
               INSTALLHDRS_COPY_PHASE = NO
               INSTALLHDRS_SCRIPT_PHASE = NO
               INSTALL_DIR = /tmp/Runner.dst/Applications
               INSTALL_GROUP = staff
               INSTALL_MODE_FLAG = u+w,go-w,a+rX
               INSTALL_OWNER = vertin
               INSTALL_PATH = /Applications
               INSTALL_ROOT = /tmp/Runner.dst
               IOS_UNZIPPERED_TWIN_PREFIX_PATH = /System/iOSSupport
               IPHONEOS_DEPLOYMENT_TARGET = 26.2
               IS_MACCATALYST = NO
               IS_UNOPTIMIZED_BUILD = NO
               JAVAC_DEFAULT_FLAGS = -J-Xms64m -J-XX:NewSize=4M -J-Dfile.encoding=UTF8
               JAVA_APP_STUB = /System/Library/Frameworks/JavaVM.framework/Resources/MacOS/JavaApplicationStub
               JAVA_ARCHIVE_CLASSES = YES
               JAVA_ARCHIVE_TYPE = JAR
               JAVA_COMPILER = /usr/bin/javac
               JAVA_FOLDER_PATH = LinkedUp.app/Contents/Resources/Java
               JAVA_FRAMEWORK_RESOURCES_DIRS = Resources
               JAVA_JAR_FLAGS = cv
               JAVA_SOURCE_SUBDIR = .
               JAVA_USE_DEPENDENCIES = YES
               JAVA_ZIP_FLAGS = -urg
               JIKES_DEFAULT_FLAGS = +E +OLDCSO
               KASAN_CFLAGS_CLASSIC = -DKASAN=1 -DKASAN_CLASSIC=1 -fsanitize=address -mllvm -asan-globals-live-support -mllvm -asan-force-dynamic-shadow
               KASAN_CFLAGS_TBI = -DKASAN=1 -DKASAN_TBI=1 -fsanitize=kernel-hwaddress -mllvm -hwasan-recover=0 -mllvm -hwasan-instrument-atomics=0 -mllvm -hwasan-instrument-stack=1 -mllvm -hwasan-generate-tags-with-calls=1 -mllvm -hwasan-instrument-with-calls=1 -mllvm -hwasan-use-short-granules=0 -mllvm -hwasan-memory-access-callback-prefix=__asan_
               KASAN_DEFAULT_CFLAGS = -DKASAN=1 -DKASAN_CLASSIC=1 -fsanitize=address -mllvm -asan-globals-live-support -mllvm -asan-force-dynamic-shadow
               KEEP_PRIVATE_EXTERNS = NO
               LD_DEPENDENCY_INFO_FILE = /Users/vertin/Library/Developer/Xcode/DerivedData/Runner-exrefhkctxeyihaukgkzghhmrxwv/Build/Intermediates.noindex/Runner.build/Release/Runner.build/Objects-normal/undefined_arch/LinkedUp_dependency_info.dat
               LD_EXPORT_SYMBOLS = YES
               LD_GENERATE_MAP_FILE = NO
               LD_MAP_FILE_PATH = /Users/vertin/Library/Developer/Xcode/DerivedData/Runner-exrefhkctxeyihaukgkzghhmrxwv/Build/Intermediates.noindex/Runner.build/Release/Runner.build/LinkedUp-LinkMap-normal-undefined_arch.txt
               LD_NO_PIE = NO
               LD_QUOTE_LINKER_ARGUMENTS_FOR_COMPILER_DRIVER = YES
               LD_RUNPATH_SEARCH_PATHS =  /usr/lib/swift '@executable_path/../Frameworks' '@loader_path/Frameworks' "/Applications/Xcode.app/Contents/Developer/Toolchains/XcodeDefault.xctoolchain/usr/lib/swift/macosx" /usr/lib/swift '@executable_path/../Frameworks' '@loader_path/Frameworks' "/Applications/Xcode.app/Contents/Developer/Toolchains/XcodeDefault.xctoolchain/usr/lib/swift/macosx" @executable_path/../Frameworks
               LD_RUNPATH_SEARCH_PATHS_YES = @loader_path/../Frameworks
               LD_SHARED_CACHE_ELIGIBLE = Automatic
               LD_WARN_DUPLICATE_LIBRARIES = NO
               LD_WARN_UNUSED_DYLIBS = NO
               LEGACY_DEVELOPER_DIR = /Applications/Xcode.app/Contents/PlugIns/Xcode3Core.ideplugin/Contents/SharedSupport/Developer
               LEX = lex
               LIBRARY_DEXT_INSTALL_PATH = /Library/DriverExtensions
               LIBRARY_FLAG_NOSPACE = YES
               LIBRARY_FLAG_PREFIX = -l
               LIBRARY_KEXT_INSTALL_PATH = /Library/Extensions
               LIBRARY_SEARCH_PATHS = /Users/vertin/Downloads/LinkedUp-Club-MacOS-Vertin-Dev/build/macos/Release /Applications/Xcode.app/Contents/Developer/Toolchains/XcodeDefault.xctoolchain/usr/lib/swift/macosx /Applications/Xcode.app/Contents/Developer/Platforms/MacOSX.platform/Developer/SDKs/MacOSX26.2.sdk/usr/lib/swift /Applications/Xcode.app/Contents/Developer/Toolchains/XcodeDefault.xctoolchain/usr/lib/swift/macosx /Applications/Xcode.app/Contents/Developer/Platforms/MacOSX.platform/Developer/SDKs/MacOSX26.2.sdk/usr/lib/swift /Applications/Xcode.app/Contents/Developer/Toolchains/XcodeDefault.xctoolchain/usr/lib/swift/macosx /Applications/Xcode.app/Contents/Developer/Platforms/MacOSX.platform/Developer/SDKs/MacOSX26.2.sdk/usr/lib/swift /Applications/Xcode.app/Contents/Developer/Toolchains/XcodeDefault.xctoolchain/usr/lib/swift/macosx /Applications/Xcode.app/Contents/Developer/Platforms/MacOSX.platform/Developer/SDKs/MacOSX26.2.sdk/usr/lib/swift
               LINKER_DISPLAYS_MANGLED_NAMES = NO
               LINK_FILE_LIST_normal_arm64 = /Users/vertin/Library/Developer/Xcode/DerivedData/Runner-exrefhkctxeyihaukgkzghhmrxwv/Build/Intermediates.noindex/Runner.build/Release/Runner.build/Objects-normal/arm64/LinkedUp.LinkFileList
               LINK_FILE_LIST_normal_x86_64 = /Users/vertin/Library/Developer/Xcode/DerivedData/Runner-exrefhkctxeyihaukgkzghhmrxwv/Build/Intermediates.noindex/Runner.build/Release/Runner.build/Objects-normal/x86_64/LinkedUp.LinkFileList
               LINK_OBJC_RUNTIME = YES
               LINK_WITH_STANDARD_LIBRARIES = YES
               LLVM_TARGET_TRIPLE_OS_VERSION = macos13.0
               LLVM_TARGET_TRIPLE_OS_VERSION_NO = macos13.0
               LLVM_TARGET_TRIPLE_OS_VERSION_YES = macos26.2
               LLVM_TARGET_TRIPLE_VENDOR = apple
               LM_AUX_CONST_METADATA_LIST_PATH_normal_arm64 = /Users/vertin/Library/Developer/Xcode/DerivedData/Runner-exrefhkctxeyihaukgkzghhmrxwv/Build/Intermediates.noindex/Runner.build/Release/Runner.build/Objects-normal/arm64/LinkedUp.SwiftConstValuesFileList
               LM_AUX_CONST_METADATA_LIST_PATH_normal_x86_64 = /Users/vertin/Library/Developer/Xcode/DerivedData/Runner-exrefhkctxeyihaukgkzghhmrxwv/Build/Intermediates.noindex/Runner.build/Release/Runner.build/Objects-normal/x86_64/LinkedUp.SwiftConstValuesFileList
               LOCALIZATION_EXPORT_SUPPORTED = YES
               LOCALIZATION_PREFERS_STRING_CATALOGS = NO
               LOCALIZED_RESOURCES_FOLDER_PATH = LinkedUp.app/Contents/Resources/en.lproj
               LOCALIZED_STRING_MACRO_NAMES = NSLocalizedString CFCopyLocalizedString
               LOCALIZED_STRING_SWIFTUI_SUPPORT = YES
               LOCAL_ADMIN_APPS_DIR = /Applications/Utilities
               LOCAL_APPS_DIR = /Applications
               LOCAL_DEVELOPER_DIR = /Library/Developer
               LOCAL_LIBRARY_DIR = /Library
               LOCROOT = /Users/vertin/Downloads/LinkedUp-Club-MacOS-Vertin-Dev/macos
               LOCSYMROOT = /Users/vertin/Downloads/LinkedUp-Club-MacOS-Vertin-Dev/macos
               MACH_O_TYPE = mh_execute
               MACOSX_DEPLOYMENT_TARGET = 13.0
               MAC_OS_X_PRODUCT_BUILD_VERSION = 25A362
               MAC_OS_X_VERSION_ACTUAL = 260001
               MAC_OS_X_VERSION_MAJOR = 260000
               MAC_OS_X_VERSION_MINOR = 260000
               MAKE_MERGEABLE = NO
               MARKETING_VERSION = 1.8.8
               MERGEABLE_LIBRARY = NO
               MERGED_BINARY_TYPE = none
               MERGE_LINKED_LIBRARIES = NO
               METAL_LIBRARY_FILE_BASE = default
               METAL_LIBRARY_OUTPUT_DIR = /Users/vertin/Downloads/LinkedUp-Club-MacOS-Vertin-Dev/build/macos/Release/LinkedUp.app/Contents/Resources
               MODULES_FOLDER_PATH = LinkedUp.app/Contents/Modules
               MODULE_CACHE_DIR = /Users/vertin/Library/Developer/Xcode/DerivedData/ModuleCache.noindex
               MTL_ENABLE_DEBUG_INFO = NO
               NATIVE_ARCH = arm64
               NATIVE_ARCH_32_BIT = arm
               NATIVE_ARCH_64_BIT = arm64
               NATIVE_ARCH_ACTUAL = arm64
               NO_COMMON = YES
               OBJECT_FILE_DIR = /Users/vertin/Library/Developer/Xcode/DerivedData/Runner-exrefhkctxeyihaukgkzghhmrxwv/Build/Intermediates.noindex/Runner.build/Release/Runner.build/Objects
               OBJECT_FILE_DIR_normal = /Users/vertin/Library/Developer/Xcode/DerivedData/Runner-exrefhkctxeyihaukgkzghhmrxwv/Build/Intermediates.noindex/Runner.build/Release/Runner.build/Objects-normal
               OBJROOT = /Users/vertin/Library/Developer/Xcode/DerivedData/Runner-exrefhkctxeyihaukgkzghhmrxwv/Build/Intermediates.noindex
               ONLY_ACTIVE_ARCH = NO
               OS = MACOS
               OSAC = /usr/bin/osacompile
               OTHER_LDFLAGS =  -ObjC -l"c++" -l"sqlite3" -l"z" -framework "AppAuth" -framework "AppCheckCore" -framework "AppKit" -framework "Carbon" -framework "CoreGraphics" -framework "CoreTelephony" -framework "CoreText" -framework "FBLPromises" -framework "FirebaseAppCheckInterop" -framework "FirebaseAuth" -framework "FirebaseAuthInterop" -framework "FirebaseCore" -framework "FirebaseCoreExtension" -framework "FirebaseCoreInternal" -framework "FirebaseFirestore" -framework "FirebaseFirestoreInternal" -framework "FirebaseFunctions" -framework "FirebaseInstallations" -framework "FirebaseMessaging" -framework "FirebaseMessagingInterop" -framework "FirebaseSharedSwift" -framework "FirebaseStorage" -framework "Foundation" -framework "GTMAppAuth" -framework "GTMSessionFetcher" -framework "GoogleDataTransport" -framework "GoogleSignIn" -framework "GoogleUtilities" -framework "LocalAuthentication" -framework "OrderedSet" -framework "Security" -framework "SystemConfiguration" -framework "ZegoExpressEngine" -framework "absl" -framework "app_badge_plus" -framework "app_links" -framework "assets_audio_player" -framework "assets_audio_player_web" -framework "audio_session" -framework "camera_macos" -framework "cloud_firestore" -framework "cloud_functions" -framework "cupertino_native" -framework "desktop_drop" -framework "device_info_plus" -framework "emoji_picker_flutter" -framework "file_picker" -framework "file_selector_macos" -framework "firebase_auth" -framework "firebase_core" -framework "firebase_messaging" -framework "firebase_storage" -framework "flutter_inappwebview_macos" -framework "geolocator_apple" -framework "google_sign_in_ios" -framework "grpc" -framework "grpcpp" -framework "irondash_engine_context" -framework "just_audio" -framework "leveldb" -framework "nanopb" -framework "openssl_grpc" -framework "package_info_plus" -framework "path_provider_foundation" -framework "pdfx" -framework "quill_native_bridge_macos" -framework "record_macos" -framework "share_plus" -framework "shared_preferences_foundation" -framework "sign_in_with_apple" -framework "sqflite" -framework "super_native_extensions" -framework "url_launcher_macos" -framework "video_player_avfoundation" -framework "wakelock_plus" -framework "webview_flutter_wkwebview" -framework "zego_express_engine" -weak_framework "AuthenticationServices" -weak_framework "DeviceCheck" -weak_framework "FirebaseFirestoreInternal" -weak_framework "UserNotifications" -ObjC -l"c++" -l"sqlite3" -l"z" -framework "AppAuth" -framework "AppCheckCore" -framework "AppKit" -framework "Carbon" -framework "CoreGraphics" -framework "CoreTelephony" -framework "CoreText" -framework "FBLPromises" -framework "FirebaseAppCheckInterop" -framework "FirebaseAuth" -framework "FirebaseAuthInterop" -framework "FirebaseCore" -framework "FirebaseCoreExtension" -framework "FirebaseCoreInternal" -framework "FirebaseFirestore" -framework "FirebaseFirestoreInternal" -framework "FirebaseFunctions" -framework "FirebaseInstallations" -framework "FirebaseMessaging" -framework "FirebaseMessagingInterop" -framework "FirebaseSharedSwift" -framework "FirebaseStorage" -framework "Foundation" -framework "GTMAppAuth" -framework "GTMSessionFetcher" -framework "GoogleDataTransport" -framework "GoogleSignIn" -framework "GoogleUtilities" -framework "LocalAuthentication" -framework "OrderedSet" -framework "Security" -framework "SystemConfiguration" -framework "ZegoExpressEngine" -framework "absl" -framework "app_badge_plus" -framework "app_links" -framework "assets_audio_player" -framework "assets_audio_player_web" -framework "audio_session" -framework "camera_macos" -framework "cloud_firestore" -framework "cloud_functions" -framework "cupertino_native" -framework "desktop_drop" -framework "device_info_plus" -framework "emoji_picker_flutter" -framework "file_picker" -framework "file_selector_macos" -framework "firebase_auth" -framework "firebase_core" -framework "firebase_messaging" -framework "firebase_storage" -framework "flutter_inappwebview_macos" -framework "geolocator_apple" -framework "google_sign_in_ios" -framework "grpc" -framework "grpcpp" -framework "irondash_engine_context" -framework "just_audio" -framework "leveldb" -framework "nanopb" -framework "openssl_grpc" -framework "package_info_plus" -framework "path_provider_foundation" -framework "pdfx" -framework "quill_native_bridge_macos" -framework "record_macos" -framework "share_plus" -framework "shared_preferences_foundation" -framework "sign_in_with_apple" -framework "sqflite" -framework "super_native_extensions" -framework "url_launcher_macos" -framework "video_player_avfoundation" -framework "wakelock_plus" -framework "webview_flutter_wkwebview" -framework "zego_express_engine" -weak_framework "AuthenticationServices" -weak_framework "DeviceCheck" -weak_framework "FirebaseFirestoreInternal" -weak_framework "UserNotifications"
               OTHER_SWIFT_FLAGS =  -D COCOAPODS -D COCOAPODS
               PACKAGE_CONFIG = /Users/vertin/Downloads/LinkedUp-Club-MacOS-Vertin-Dev/.dart_tool/package_config.json
               PACKAGE_TYPE = com.apple.package-type.wrapper.application
               PASCAL_STRINGS = YES
               PATH = /Applications/Xcode.app/Contents/SharedFrameworks/SwiftBuild.framework/Versions/A/PlugIns/SWBBuildService.bundle/Contents/PlugIns/SWBUniversalPlatformPlugin.bundle/Contents/Frameworks/SWBUniversalPlatform.framework/Resources:/Applications/Xcode.app/Contents/Developer/Toolchains/XcodeDefault.xctoolchain/usr/bin:/Applications/Xcode.app/Contents/Developer/Toolchains/XcodeDefault.xctoolchain/usr/local/bin:/Applications/Xcode.app/Contents/Developer/Toolchains/XcodeDefault.xctoolchain/usr/libexec:/Applications/Xcode.app/Contents/Developer/Platforms/MacOSX.platform/usr/bin:/Applications/Xcode.app/Contents/Developer/Platforms/MacOSX.platform/usr/local/bin:/Applications/Xcode.app/Contents/Developer/Platforms/MacOSX.platform/Developer/usr/bin:/Applications/Xcode.app/Contents/Developer/Platforms/MacOSX.platform/Developer/usr/local/bin:/Applications/Xcode.app/Contents/Developer/usr/bin:/Applications/Xcode.app/Contents/Developer/usr/local/bin:/Users/vertin/.gem/ruby/2.6.0/bin:/usr/local/bin:/System/Cryptexes/App/usr/bin:/usr/bin:/bin:/usr/sbin:/sbin:/var/run/com.apple.security.cryptexd/codex.system/bootstrap/usr/local/bin:/var/run/com.apple.security.cryptexd/codex.system/bootstrap/usr/bin:/var/run/com.apple.security.cryptexd/codex.system/bootstrap/usr/appleinternal/bin:/Library/Apple/usr/bin:/Users/vertin/.cargo/bin:/Users/vertin/development/flutter/bin
               PATH_PREFIXES_EXCLUDED_FROM_HEADER_DEPENDENCIES = /usr/include /usr/local/include /System/Library/Frameworks /System/Library/PrivateFrameworks /Applications/Xcode.app/Contents/Developer/Headers /Applications/Xcode.app/Contents/Developer/SDKs /Applications/Xcode.app/Contents/Developer/Platforms
               PBDEVELOPMENTPLIST_PATH = LinkedUp.app/Contents/pbdevelopment.plist
               PER_ARCH_MODULE_FILE_DIR = /Users/vertin/Library/Developer/Xcode/DerivedData/Runner-exrefhkctxeyihaukgkzghhmrxwv/Build/Intermediates.noindex/Runner.build/Release/Runner.build/Objects-normal/undefined_arch
               PER_ARCH_OBJECT_FILE_DIR = /Users/vertin/Library/Developer/Xcode/DerivedData/Runner-exrefhkctxeyihaukgkzghhmrxwv/Build/Intermediates.noindex/Runner.build/Release/Runner.build/Objects-normal/undefined_arch
               PER_VARIANT_OBJECT_FILE_DIR = /Users/vertin/Library/Developer/Xcode/DerivedData/Runner-exrefhkctxeyihaukgkzghhmrxwv/Build/Intermediates.noindex/Runner.build/Release/Runner.build/Objects-normal
               PKGINFO_FILE_PATH = /Users/vertin/Library/Developer/Xcode/DerivedData/Runner-exrefhkctxeyihaukgkzghhmrxwv/Build/Intermediates.noindex/Runner.build/Release/Runner.build/PkgInfo
               PKGINFO_PATH = LinkedUp.app/Contents/PkgInfo
               PLATFORM_DEVELOPER_APPLICATIONS_DIR = /Applications/Xcode.app/Contents/Developer/Applications
               PLATFORM_DEVELOPER_BIN_DIR = /Applications/Xcode.app/Contents/Developer/usr/bin
               PLATFORM_DEVELOPER_LIBRARY_DIR = /Applications/Xcode.app/Contents/Developer/Library
               PLATFORM_DEVELOPER_SDK_DIR = /Applications/Xcode.app/Contents/Developer/Platforms/MacOSX.platform/Developer/SDKs
               PLATFORM_DEVELOPER_TOOLS_DIR = /Applications/Xcode.app/Contents/Developer/Tools
               PLATFORM_DEVELOPER_USR_DIR = /Applications/Xcode.app/Contents/Developer/usr
               PLATFORM_DIR = /Applications/Xcode.app/Contents/Developer/Platforms/MacOSX.platform
               PLATFORM_DISPLAY_NAME = macOS
               PLATFORM_FAMILY_NAME = macOS
               PLATFORM_NAME = macosx
               PLATFORM_PREFERRED_ARCH = x86_64
               PLATFORM_PRODUCT_BUILD_VERSION = 25C57
               PLATFORM_REQUIRES_SWIFT_AUTOLINK_EXTRACT = NO
               PLATFORM_REQUIRES_SWIFT_MODULEWRAP = NO
               PLIST_FILE_OUTPUT_FORMAT = same-as-input
               PLUGINS_FOLDER_PATH = LinkedUp.app/Contents/PlugIns
               PODS_BUILD_DIR = /Users/vertin/Downloads/LinkedUp-Club-MacOS-Vertin-Dev/build/macos
               PODS_CONFIGURATION_BUILD_DIR = /Users/vertin/Downloads/LinkedUp-Club-MacOS-Vertin-Dev/build/macos/Release
               PODS_PODFILE_DIR_PATH = /Users/vertin/Downloads/LinkedUp-Club-MacOS-Vertin-Dev/macos/.
               PODS_ROOT = /Users/vertin/Downloads/LinkedUp-Club-MacOS-Vertin-Dev/macos/Pods
               PODS_XCFRAMEWORKS_BUILD_DIR = /Users/vertin/Downloads/LinkedUp-Club-MacOS-Vertin-Dev/build/macos/Release/XCFrameworkIntermediates
               PRECOMPS_INCLUDE_HEADERS_FROM_BUILT_PRODUCTS_DIR = YES
               PRECOMP_DESTINATION_DIR = /Users/vertin/Library/Developer/Xcode/DerivedData/Runner-exrefhkctxeyihaukgkzghhmrxwv/Build/Intermediates.noindex/Runner.build/Release/Runner.build/PrefixHeaders
               PRIVATE_HEADERS_FOLDER_PATH = LinkedUp.app/Contents/PrivateHeaders
               PROCESSED_INFOPLIST_PATH = /Users/vertin/Library/Developer/Xcode/DerivedData/Runner-exrefhkctxeyihaukgkzghhmrxwv/Build/Intermediates.noindex/Runner.build/Release/Runner.build/Objects-normal/undefined_arch/Processed-Info.plist
               PRODUCT_BUNDLE_IDENTIFIER = com.linkedup.club
               PRODUCT_BUNDLE_PACKAGE_TYPE = APPL
               PRODUCT_MODULE_NAME = LinkedUp
               PRODUCT_NAME = LinkedUp
               PRODUCT_SETTINGS_PATH = /Users/vertin/Downloads/LinkedUp-Club-MacOS-Vertin-Dev/macos/Runner/Info.plist
               PRODUCT_TYPE = com.apple.product-type.application
               PROFILING_CODE = NO
               PROJECT = Runner
               PROJECT_DERIVED_FILE_DIR = /Users/vertin/Library/Developer/Xcode/DerivedData/Runner-exrefhkctxeyihaukgkzghhmrxwv/Build/Intermediates.noindex/Runner.build/DerivedSources
               PROJECT_DIR = /Users/vertin/Downloads/LinkedUp-Club-MacOS-Vertin-Dev/macos
               PROJECT_FILE_PATH = /Users/vertin/Downloads/LinkedUp-Club-MacOS-Vertin-Dev/macos/Runner.xcodeproj
               PROJECT_GUID = 18c1723432283e0cc55f10a6dcfd9e02
               PROJECT_NAME = Runner
               PROJECT_TEMP_DIR = /Users/vertin/Library/Developer/Xcode/DerivedData/Runner-exrefhkctxeyihaukgkzghhmrxwv/Build/Intermediates.noindex/Runner.build
               PROJECT_TEMP_ROOT = /Users/vertin/Library/Developer/Xcode/DerivedData/Runner-exrefhkctxeyihaukgkzghhmrxwv/Build/Intermediates.noindex
               PROVISIONING_PROFILE_REQUIRED = NO
               PROVISIONING_PROFILE_REQUIRED_YES_YES = YES
               PROVISIONING_PROFILE_SUPPORTED = YES
               PUBLIC_HEADERS_FOLDER_PATH = LinkedUp.app/Contents/Headers
               RECOMMENDED_MACOSX_DEPLOYMENT_TARGET = 11.0
               RECURSIVE_SEARCH_PATHS_FOLLOW_SYMLINKS = YES
               REGISTER_APP_GROUPS = YES
               REMOVE_CVS_FROM_RESOURCES = YES
               REMOVE_GIT_FROM_RESOURCES = YES
               REMOVE_HEADERS_FROM_EMBEDDED_BUNDLES = YES
               REMOVE_HG_FROM_RESOURCES = YES
               REMOVE_STATIC_EXECUTABLES_FROM_EMBEDDED_BUNDLES = YES
               REMOVE_SVN_FROM_RESOURCES = YES
               RESCHEDULE_INDEPENDENT_HEADERS_PHASES = YES
               REZ_COLLECTOR_DIR = /Users/vertin/Library/Developer/Xcode/DerivedData/Runner-exrefhkctxeyihaukgkzghhmrxwv/Build/Intermediates.noindex/Runner.build/Release/Runner.build/ResourceManagerResources
               REZ_OBJECTS_DIR = /Users/vertin/Library/Developer/Xcode/DerivedData/Runner-exrefhkctxeyihaukgkzghhmrxwv/Build/Intermediates.noindex/Runner.build/Release/Runner.build/ResourceManagerResources/Objects
               REZ_SEARCH_PATHS = /Users/vertin/Downloads/LinkedUp-Club-MacOS-Vertin-Dev/build/macos/Release 
               RUNTIME_EXCEPTION_ALLOW_DYLD_ENVIRONMENT_VARIABLES = NO
               RUNTIME_EXCEPTION_ALLOW_JIT = NO
               RUNTIME_EXCEPTION_ALLOW_UNSIGNED_EXECUTABLE_MEMORY = NO
               RUNTIME_EXCEPTION_DEBUGGING_TOOL = NO
               RUNTIME_EXCEPTION_DISABLE_EXECUTABLE_PAGE_PROTECTION = NO
               RUNTIME_EXCEPTION_DISABLE_LIBRARY_VALIDATION = NO
               SCAN_ALL_SOURCE_FILES_FOR_INCLUDES = NO
               SCRIPTS_FOLDER_PATH = LinkedUp.app/Contents/Resources/Scripts
               SDKROOT = /Applications/Xcode.app/Contents/Developer/Platforms/MacOSX.platform/Developer/SDKs/MacOSX26.2.sdk
               SDK_DIR = /Applications/Xcode.app/Contents/Developer/Platforms/MacOSX.platform/Developer/SDKs/MacOSX26.2.sdk
               SDK_DIR_macosx = /Applications/Xcode.app/Contents/Developer/Platforms/MacOSX.platform/Developer/SDKs/MacOSX26.2.sdk
               SDK_DIR_macosx26_2 = /Applications/Xcode.app/Contents/Developer/Platforms/MacOSX.platform/Developer/SDKs/MacOSX26.2.sdk
               SDK_NAME = macosx26.2
               SDK_NAMES = macosx26.2
               SDK_PRODUCT_BUILD_VERSION = 25C57
               SDK_STAT_CACHE_DIR = /Users/vertin/Library/Developer/Xcode/DerivedData
               SDK_STAT_CACHE_ENABLE = YES
               SDK_STAT_CACHE_PATH = /Users/vertin/Library/Developer/Xcode/DerivedData/SDKStatCaches.noindex/macosx26.2-25C57-00fa09913b459cbbc988d1f6730289ae.sdkstatcache
               SDK_VERSION = 26.2
               SDK_VERSION_ACTUAL = 260200
               SDK_VERSION_MAJOR = 260000
               SDK_VERSION_MINOR = 260200
               SED = /usr/bin/sed
               SEPARATE_STRIP = NO
               SEPARATE_SYMBOL_EDIT = NO
               SET_DIR_MODE_OWNER_GROUP = YES
               SET_FILE_MODE_OWNER_GROUP = NO
               SHALLOW_BUNDLE = NO
               SHALLOW_BUNDLE_PLATFORM = NO
               SHALLOW_BUNDLE_TRIPLE = macos
               SHALLOW_BUNDLE_ios_macabi = NO
               SHALLOW_BUNDLE_macos = NO
               SHARED_DERIVED_FILE_DIR = /Users/vertin/Downloads/LinkedUp-Club-MacOS-Vertin-Dev/build/macos/Release/DerivedSources
               SHARED_FRAMEWORKS_FOLDER_PATH = LinkedUp.app/Contents/SharedFrameworks
               SHARED_PRECOMPS_DIR = /Users/vertin/Library/Developer/Xcode/DerivedData/Runner-exrefhkctxeyihaukgkzghhmrxwv/Build/Intermediates.noindex/PrecompiledHeaders
               SHARED_SUPPORT_FOLDER_PATH = LinkedUp.app/Contents/SharedSupport
               SKIP_INSTALL = NO
               SOURCE_ROOT = /Users/vertin/Downloads/LinkedUp-Club-MacOS-Vertin-Dev/macos
               SRCROOT = /Users/vertin/Downloads/LinkedUp-Club-MacOS-Vertin-Dev/macos
               STRINGSDATA_DIR = /Users/vertin/Library/Developer/Xcode/DerivedData/Runner-exrefhkctxeyihaukgkzghhmrxwv/Build/Intermediates.noindex/Runner.build/Release/Runner.build/Objects-normal/undefined_arch
               STRINGSDATA_ROOT = /Users/vertin/Library/Developer/Xcode/DerivedData/Runner-exrefhkctxeyihaukgkzghhmrxwv/Build/Intermediates.noindex/Runner.build/Release/Runner.build
               STRINGS_FILE_INFOPLIST_RENAME = YES
               STRINGS_FILE_OUTPUT_ENCODING = UTF-16
               STRING_CATALOG_GENERATE_SYMBOLS = NO
               STRIP_BITCODE_FROM_COPIED_FILES = NO
               STRIP_INSTALLED_PRODUCT = YES
               STRIP_PNG_TEXT = NO
               STRIP_STYLE = all
               STRIP_SWIFT_SYMBOLS = YES
               SUPPORTED_PLATFORMS = macosx
               SUPPORTS_MACCATALYST = NO
               SUPPORTS_ON_DEMAND_RESOURCES = NO
               SUPPORTS_TEXT_BASED_API = NO
               SUPPRESS_WARNINGS = NO
               SWIFT_COMPILATION_MODE = wholemodule
               SWIFT_EMIT_CONST_VALUE_PROTOCOLS = AppIntent EntityQuery AppEntity TransientEntity AppEnum AppShortcutProviding AppShortcutsProvider AnyResolverProviding AppIntentsPackage DynamicOptionsProvider _IntentValueRepresentable _AssistantIntentsProvider _GenerativeFunctionExtractable IntentValueQuery Resolver AppExtension ExtensionPointDefining
               SWIFT_EMIT_LOC_STRINGS = NO
               SWIFT_ENABLE_EXPLICIT_MODULES = YES
               SWIFT_OPTIMIZATION_LEVEL = -O
               SWIFT_PLATFORM_TARGET_PREFIX = macos
               SWIFT_RESPONSE_FILE_PATH_normal_arm64 = /Users/vertin/Library/Developer/Xcode/DerivedData/Runner-exrefhkctxeyihaukgkzghhmrxwv/Build/Intermediates.noindex/Runner.build/Release/Runner.build/Objects-normal/arm64/LinkedUp.SwiftFileList
               SWIFT_RESPONSE_FILE_PATH_normal_x86_64 = /Users/vertin/Library/Developer/Xcode/DerivedData/Runner-exrefhkctxeyihaukgkzghhmrxwv/Build/Intermediates.noindex/Runner.build/Release/Runner.build/Objects-normal/x86_64/LinkedUp.SwiftFileList
               SWIFT_VERSION = 5.0
               SYMROOT = /Users/vertin/Library/Developer/Xcode/DerivedData/Runner-exrefhkctxeyihaukgkzghhmrxwv/Build/Products
               SYSTEM_ADMIN_APPS_DIR = /Applications/Utilities
               SYSTEM_APPS_DIR = /Applications
               SYSTEM_CORE_SERVICES_DIR = /System/Library/CoreServices
               SYSTEM_DEMOS_DIR = /Applications/Extras
               SYSTEM_DEVELOPER_APPS_DIR = /Applications/Xcode.app/Contents/Developer/Applications
               SYSTEM_DEVELOPER_BIN_DIR = /Applications/Xcode.app/Contents/Developer/usr/bin
               SYSTEM_DEVELOPER_DEMOS_DIR = /Applications/Xcode.app/Contents/Developer/Applications/Utilities/Built Examples
               SYSTEM_DEVELOPER_DIR = /Applications/Xcode.app/Contents/Developer
               SYSTEM_DEVELOPER_DOC_DIR = /Applications/Xcode.app/Contents/Developer/ADC Reference Library
               SYSTEM_DEVELOPER_GRAPHICS_TOOLS_DIR = /Applications/Xcode.app/Contents/Developer/Applications/Graphics Tools
               SYSTEM_DEVELOPER_JAVA_TOOLS_DIR = /Applications/Xcode.app/Contents/Developer/Applications/Java Tools
               SYSTEM_DEVELOPER_PERFORMANCE_TOOLS_DIR = /Applications/Xcode.app/Contents/Developer/Applications/Performance Tools
               SYSTEM_DEVELOPER_RELEASENOTES_DIR = /Applications/Xcode.app/Contents/Developer/ADC Reference Library/releasenotes
               SYSTEM_DEVELOPER_TOOLS = /Applications/Xcode.app/Contents/Developer/Tools
               SYSTEM_DEVELOPER_TOOLS_DOC_DIR = /Applications/Xcode.app/Contents/Developer/ADC Reference Library/documentation/DeveloperTools
               SYSTEM_DEVELOPER_TOOLS_RELEASENOTES_DIR = /Applications/Xcode.app/Contents/Developer/ADC Reference Library/releasenotes/DeveloperTools
               SYSTEM_DEVELOPER_USR_DIR = /Applications/Xcode.app/Contents/Developer/usr
               SYSTEM_DEVELOPER_UTILITIES_DIR = /Applications/Xcode.app/Contents/Developer/Applications/Utilities
               SYSTEM_DEXT_INSTALL_PATH = /System/Library/DriverExtensions
               SYSTEM_DOCUMENTATION_DIR = /Library/Documentation
               SYSTEM_EXTENSIONS_FOLDER_PATH = LinkedUp.app/Contents/Library/SystemExtensions
               SYSTEM_EXTENSIONS_FOLDER_PATH_SHALLOW_BUNDLE_NO = LinkedUp.app/Contents/Library/SystemExtensions
               SYSTEM_EXTENSIONS_FOLDER_PATH_SHALLOW_BUNDLE_YES = LinkedUp.app/Contents/SystemExtensions
               SYSTEM_KEXT_INSTALL_PATH = /System/Library/Extensions
               SYSTEM_LIBRARY_DIR = /System/Library
               TAPI_DEMANGLE = YES
               TAPI_ENABLE_PROJECT_HEADERS = NO
               TAPI_LANGUAGE = objective-c
               TAPI_LANGUAGE_STANDARD = compiler-default
               TAPI_USE_SRCROOT = YES
               TAPI_VERIFY_MODE = Pedantic
               TARGETNAME = Runner
               TARGET_BUILD_DIR = /Users/vertin/Downloads/LinkedUp-Club-MacOS-Vertin-Dev/build/macos/Release
               TARGET_NAME = Runner
               TARGET_TEMP_DIR = /Users/vertin/Library/Developer/Xcode/DerivedData/Runner-exrefhkctxeyihaukgkzghhmrxwv/Build/Intermediates.noindex/Runner.build/Release/Runner.build
               TEMP_DIR = /Users/vertin/Library/Developer/Xcode/DerivedData/Runner-exrefhkctxeyihaukgkzghhmrxwv/Build/Intermediates.noindex/Runner.build/Release/Runner.build
               TEMP_FILES_DIR = /Users/vertin/Library/Developer/Xcode/DerivedData/Runner-exrefhkctxeyihaukgkzghhmrxwv/Build/Intermediates.noindex/Runner.build/Release/Runner.build
               TEMP_FILE_DIR = /Users/vertin/Library/Developer/Xcode/DerivedData/Runner-exrefhkctxeyihaukgkzghhmrxwv/Build/Intermediates.noindex/Runner.build/Release/Runner.build
               TEMP_ROOT = /Users/vertin/Library/Developer/Xcode/DerivedData/Runner-exrefhkctxeyihaukgkzghhmrxwv/Build/Intermediates.noindex
               TEMP_SANDBOX_DIR = /Users/vertin/Library/Developer/Xcode/DerivedData/Runner-exrefhkctxeyihaukgkzghhmrxwv/Build/Intermediates.noindex/TemporaryTaskSandboxes
               TEST_FRAMEWORK_SEARCH_PATHS =  /Applications/Xcode.app/Contents/Developer/Platforms/MacOSX.platform/Developer/Library/Frameworks
               TEST_LIBRARY_SEARCH_PATHS =  /Applications/Xcode.app/Contents/Developer/Platforms/MacOSX.platform/Developer/usr/lib
               TOOLCHAINS = com.apple.dt.toolchain.XcodeDefault
               TOOLCHAIN_DIR = /Applications/Xcode.app/Contents/Developer/Toolchains/XcodeDefault.xctoolchain
               TRACK_WIDGET_CREATION = true
               TREAT_MISSING_BASELINES_AS_TEST_FAILURES = NO
               TREAT_MISSING_SCRIPT_PHASE_OUTPUTS_AS_ERRORS = NO
               TREE_SHAKE_ICONS = true
               TVOS_DEPLOYMENT_TARGET = 26.2
               UID = 501
               UNINSTALLED_PRODUCTS_DIR = /Users/vertin/Library/Developer/Xcode/DerivedData/Runner-exrefhkctxeyihaukgkzghhmrxwv/Build/Intermediates.noindex/UninstalledProducts
               UNLOCALIZED_RESOURCES_FOLDER_PATH = LinkedUp.app/Contents/Resources
               UNLOCALIZED_RESOURCES_FOLDER_PATH_SHALLOW_BUNDLE_NO = LinkedUp.app/Contents/Resources
               UNLOCALIZED_RESOURCES_FOLDER_PATH_SHALLOW_BUNDLE_YES = LinkedUp.app/Contents
               UNSTRIPPED_PRODUCT = NO
               USER = vertin
               USER_APPS_DIR = /Users/vertin/Applications
               USER_LIBRARY_DIR = /Users/vertin/Library
               USE_DYNAMIC_NO_PIC = YES
               USE_HEADERMAP = YES
               USE_HEADER_SYMLINKS = NO
               USE_RECURSIVE_SCRIPT_INPUTS_IN_SCRIPT_PHASES = YES
               VALIDATE_DEVELOPMENT_ASSET_PATHS = YES_ERROR
               VALIDATE_PRODUCT = NO
               VALID_ARCHS = arm64 arm64e i386 x86_64
               VERBOSE_PBXCP = NO
               VERSIONPLIST_PATH = LinkedUp.app/Contents/version.plist
               VERSION_INFO_BUILDER = vertin
               VERSION_INFO_FILE = LinkedUp_vers.c
               VERSION_INFO_STRING = "@(#)PROGRAM:LinkedUp  PROJECT:Runner-28"
               WARNING_CFLAGS = -Wall -Wconditional-uninitialized -Wnullable-to-nonnull-conversion -Wmissing-method-return-type -Woverlength-strings
               WATCHOS_DEPLOYMENT_TARGET = 26.2
               WORKSPACE_DIR = /Users/vertin/Downloads/LinkedUp-Club-MacOS-Vertin-Dev/macos/Runner.xcodeproj
               WRAPPER_EXTENSION = app
               WRAPPER_NAME = LinkedUp.app
               WRAPPER_SUFFIX = .app
               WRAP_ASSET_PACKS_IN_SEPARATE_DIRECTORIES = NO
               XCODE_APP_SUPPORT_DIR = /Applications/Xcode.app/Contents/Developer/Library/Xcode
               XCODE_PRODUCT_BUILD_VERSION = 17C52
               XCODE_VERSION_ACTUAL = 2620
               XCODE_VERSION_MAJOR = 2600
               XCODE_VERSION_MINOR = 2620
               XPCSERVICES_FOLDER_PATH = LinkedUp.app/Contents/XPCServices
               XROS_DEPLOYMENT_TARGET = 26.2
               YACC = yacc
               _BOOL_ = NO
               _BOOL_NO = NO
               _BOOL_YES = YES
               _DEVELOPMENT_TEAM_IS_EMPTY = NO
               _DISCOVER_COMMAND_LINE_LINKER_INPUTS = YES
               _DISCOVER_COMMAND_LINE_LINKER_INPUTS_INCLUDE_WL = YES
               _IS_EMPTY_ = YES
               _LD_MULTIARCH = YES
               _MACOSX_DEPLOYMENT_TARGET_IS_EMPTY = NO
               _WRAPPER_CONTENTS_DIR = /Contents
               _WRAPPER_CONTENTS_DIR_SHALLOW_BUNDLE_NO = /Contents
               _WRAPPER_PARENT_PATH = /..
               _WRAPPER_PARENT_PATH_SHALLOW_BUNDLE_NO = /..
               _WRAPPER_RESOURCES_DIR = /Resources
               _WRAPPER_RESOURCES_DIR_SHALLOW_BUNDLE_NO = /Resources
               __DIAGNOSE_DEPRECATED_ARCHS = YES
               __IS_NOT_MACOS = NO
               __IS_NOT_MACOS_macosx = NO
               __IS_NOT_SIMULATOR = YES
               __IS_NOT_SIMULATOR_simulator = NO
               arch = undefined_arch
               variant = normal
[  +23 ms] Found plugin zego_express_engine at /Users/vertin/.pub-cache/hosted/pub.dev/zego_express_engine-3.23.0/
[   +1 ms] Found plugin wakelock_plus at /Users/vertin/.pub-cache/hosted/pub.dev/wakelock_plus-1.3.2/
[        ] Found plugin package_info_plus at /Users/vertin/.pub-cache/hosted/pub.dev/package_info_plus-8.0.2/
[   +1 ms] Found plugin video_thumbnail at /Users/vertin/.pub-cache/hosted/pub.dev/video_thumbnail-0.5.6/
[        ] Found plugin video_player_web at /Users/vertin/.pub-cache/hosted/pub.dev/video_player_web-2.3.5/
[        ] Found plugin video_player_avfoundation at /Users/vertin/.pub-cache/hosted/pub.dev/video_player_avfoundation-2.7.1/
[        ] Found plugin video_player_android at /Users/vertin/.pub-cache/hosted/pub.dev/video_player_android-2.8.7/
[        ] Found plugin video_player at /Users/vertin/.pub-cache/hosted/pub.dev/video_player-2.10.0/
[        ] Found plugin url_launcher_windows at /Users/vertin/.pub-cache/hosted/pub.dev/url_launcher_windows-3.1.4/
[        ] Found plugin url_launcher_web at /Users/vertin/.pub-cache/hosted/pub.dev/url_launcher_web-2.4.1/
[        ] Found plugin url_launcher_macos at /Users/vertin/.pub-cache/hosted/pub.dev/url_launcher_macos-3.2.2/
[        ] Found plugin url_launcher_linux at /Users/vertin/.pub-cache/hosted/pub.dev/url_launcher_linux-3.2.1/
[        ] Found plugin url_launcher_ios at /Users/vertin/.pub-cache/hosted/pub.dev/url_launcher_ios-6.3.3/
[        ] Found plugin url_launcher_android at /Users/vertin/.pub-cache/hosted/pub.dev/url_launcher_android-6.3.16/
[        ] Found plugin url_launcher at /Users/vertin/.pub-cache/hosted/pub.dev/url_launcher-6.3.1/
[        ] Found plugin super_native_extensions at /Users/vertin/.pub-cache/hosted/pub.dev/super_native_extensions-0.9.1/
[        ] Found plugin irondash_engine_context at /Users/vertin/.pub-cache/hosted/pub.dev/irondash_engine_context-0.5.5/
[        ] Found plugin device_info_plus at /Users/vertin/.pub-cache/hosted/pub.dev/device_info_plus-11.5.0/
[   +1 ms] Found plugin sqflite at /Users/vertin/.pub-cache/hosted/pub.dev/sqflite-2.3.3+1/
[        ] Found plugin sign_in_with_apple_web at /Users/vertin/.pub-cache/hosted/pub.dev/sign_in_with_apple_web-3.0.0/
[        ] Found plugin sign_in_with_apple at /Users/vertin/.pub-cache/hosted/pub.dev/sign_in_with_apple-7.0.1/
[        ] Found plugin shared_preferences_windows at /Users/vertin/.pub-cache/hosted/pub.dev/shared_preferences_windows-2.4.1/
[        ] Found plugin path_provider_windows at /Users/vertin/.pub-cache/hosted/pub.dev/path_provider_windows-2.3.0/
[        ] Found plugin shared_preferences_web at /Users/vertin/.pub-cache/hosted/pub.dev/shared_preferences_web-2.4.3/
[        ] Found plugin shared_preferences_linux at /Users/vertin/.pub-cache/hosted/pub.dev/shared_preferences_linux-2.4.1/
[        ] Found plugin path_provider_linux at /Users/vertin/.pub-cache/hosted/pub.dev/path_provider_linux-2.2.1/
[        ] Found plugin shared_preferences_foundation at /Users/vertin/.pub-cache/hosted/pub.dev/shared_preferences_foundation-2.5.4/
[        ] Found plugin shared_preferences_android at /Users/vertin/.pub-cache/hosted/pub.dev/shared_preferences_android-2.4.10/
[        ] Found plugin shared_preferences at /Users/vertin/.pub-cache/hosted/pub.dev/shared_preferences-2.5.3/
[        ] Found plugin path_provider at /Users/vertin/.pub-cache/hosted/pub.dev/path_provider-2.1.4/
[        ] Found plugin path_provider_foundation at /Users/vertin/.pub-cache/hosted/pub.dev/path_provider_foundation-2.4.0/
[        ] Found plugin path_provider_android at /Users/vertin/.pub-cache/hosted/pub.dev/path_provider_android-2.2.10/
[        ] Found plugin share_plus at /Users/vertin/.pub-cache/hosted/pub.dev/share_plus-10.0.2/
[        ] Found plugin record_windows at /Users/vertin/.pub-cache/hosted/pub.dev/record_windows-1.0.6/
[        ] Found plugin record_web at /Users/vertin/.pub-cache/hosted/pub.dev/record_web-1.1.8/
[        ] Found plugin record_macos at /Users/vertin/.pub-cache/hosted/pub.dev/record_macos-1.0.0/
[        ] Found plugin record_linux at /Users/vertin/.pub-cache/hosted/pub.dev/record_linux-1.1.0/
[        ] Found plugin record_ios at /Users/vertin/.pub-cache/hosted/pub.dev/record_ios-1.0.0/
[        ] Found plugin record_android at /Users/vertin/.pub-cache/hosted/pub.dev/record_android-1.3.3/
[        ] Found plugin record at /Users/vertin/.pub-cache/hosted/pub.dev/record-6.0.0/
[        ] Found plugin qr_code_tools at /Users/vertin/.pub-cache/hosted/pub.dev/qr_code_tools-0.2.0/
[        ] Found plugin qr_code_scanner_plus at /Users/vertin/.pub-cache/hosted/pub.dev/qr_code_scanner_plus-2.0.14/
[   +1 ms] Found plugin permission_handler_windows at /Users/vertin/.pub-cache/hosted/pub.dev/permission_handler_windows-0.2.1/
[        ] Found plugin permission_handler_html at /Users/vertin/.pub-cache/hosted/pub.dev/permission_handler_html-0.1.3+5/
[        ] Found plugin permission_handler_apple at /Users/vertin/.pub-cache/hosted/pub.dev/permission_handler_apple-9.4.7/
[        ] Found plugin permission_handler_android at /Users/vertin/.pub-cache/hosted/pub.dev/permission_handler_android-13.0.1/
[        ] Found plugin permission_handler at /Users/vertin/.pub-cache/hosted/pub.dev/permission_handler-12.0.1/
[        ] Found plugin pdfx at /Users/vertin/.pub-cache/hosted/pub.dev/pdfx-2.9.2/
[        ] Found plugin open_filex at /Users/vertin/.pub-cache/hosted/pub.dev/open_filex-4.7.0/
[   +3 ms] Found plugin image_picker_windows at /Users/vertin/.pub-cache/hosted/pub.dev/image_picker_windows-0.2.1+1/
[        ] Found plugin file_selector_windows at /Users/vertin/.pub-cache/hosted/pub.dev/file_selector_windows-0.9.3+5/
[        ] Found plugin image_picker_macos at /Users/vertin/.pub-cache/hosted/pub.dev/image_picker_macos-0.2.1+2/
[        ] Found plugin file_selector_macos at /Users/vertin/.pub-cache/hosted/pub.dev/file_selector_macos-0.9.5/
[        ] Found plugin image_picker_linux at /Users/vertin/.pub-cache/hosted/pub.dev/image_picker_linux-0.2.1+2/
[        ] Found plugin file_selector_linux at /Users/vertin/.pub-cache/hosted/pub.dev/file_selector_linux-0.9.4/
[        ] Found plugin image_picker_ios at /Users/vertin/.pub-cache/hosted/pub.dev/image_picker_ios-0.8.12+2/
[        ] Found plugin image_picker_for_web at /Users/vertin/.pub-cache/hosted/pub.dev/image_picker_for_web-3.0.6/
[        ] Found plugin image_picker_android at /Users/vertin/.pub-cache/hosted/pub.dev/image_picker_android-0.8.12+23/
[        ] Found plugin flutter_plugin_android_lifecycle at /Users/vertin/.pub-cache/hosted/pub.dev/flutter_plugin_android_lifecycle-2.0.28/
[        ] Found plugin image_picker at /Users/vertin/.pub-cache/hosted/pub.dev/image_picker-1.1.2/
[        ] Found plugin image_gallery_saver_plus at /Users/vertin/.pub-cache/hosted/pub.dev/image_gallery_saver_plus-4.0.1/
[        ] Found plugin google_sign_in_web at /Users/vertin/.pub-cache/hosted/pub.dev/google_sign_in_web-0.12.4+4/
[        ] Found plugin google_sign_in_ios at /Users/vertin/.pub-cache/hosted/pub.dev/google_sign_in_ios-5.9.0/
[        ] Found plugin google_sign_in_android at /Users/vertin/.pub-cache/hosted/pub.dev/google_sign_in_android-6.2.1/
[        ] Found plugin google_sign_in at /Users/vertin/.pub-cache/hosted/pub.dev/google_sign_in-6.3.0/
[        ] Found plugin google_api_headers at /Users/vertin/.pub-cache/hosted/pub.dev/google_api_headers-4.5.3/
[        ] Found plugin geolocator at /Users/vertin/.pub-cache/hosted/pub.dev/geolocator-10.1.1/
[        ] Found plugin geolocator_windows at /Users/vertin/.pub-cache/hosted/pub.dev/geolocator_windows-0.2.5/
[        ] Found plugin geolocator_web at /Users/vertin/.pub-cache/hosted/pub.dev/geolocator_web-2.2.1/
[        ] Found plugin geolocator_apple at /Users/vertin/.pub-cache/hosted/pub.dev/geolocator_apple-2.3.13/
[        ] Found plugin geolocator_android at /Users/vertin/.pub-cache/hosted/pub.dev/geolocator_android-4.6.2/
[        ] Found plugin webview_flutter_wkwebview at /Users/vertin/.pub-cache/hosted/pub.dev/webview_flutter_wkwebview-3.23.6/
[        ] Found plugin webview_flutter_android at /Users/vertin/.pub-cache/hosted/pub.dev/webview_flutter_android-4.10.11/
[        ] Found plugin webview_flutter at /Users/vertin/.pub-cache/hosted/pub.dev/webview_flutter-4.13.1/
[   +1 ms] Found plugin just_audio at /Users/vertin/.pub-cache/hosted/pub.dev/just_audio-0.10.5/
[        ] Found plugin just_audio_web at /Users/vertin/.pub-cache/hosted/pub.dev/just_audio_web-0.4.16/
[        ] Found plugin audio_session at /Users/vertin/.pub-cache/hosted/pub.dev/audio_session-0.2.2/
[   +1 ms] Found plugin quill_native_bridge at /Users/vertin/.pub-cache/hosted/pub.dev/quill_native_bridge-11.1.0/
[        ] Found plugin quill_native_bridge_windows at /Users/vertin/.pub-cache/hosted/pub.dev/quill_native_bridge_windows-0.0.2/
[        ] Found plugin quill_native_bridge_web at /Users/vertin/.pub-cache/hosted/pub.dev/quill_native_bridge_web-0.0.2/
[        ] Found plugin quill_native_bridge_macos at /Users/vertin/.pub-cache/hosted/pub.dev/quill_native_bridge_macos-0.0.1/
[        ] Found plugin quill_native_bridge_ios at /Users/vertin/.pub-cache/hosted/pub.dev/quill_native_bridge_ios-0.0.1/
[        ] Found plugin quill_native_bridge_android at /Users/vertin/.pub-cache/hosted/pub.dev/quill_native_bridge_android-0.0.1+2/
[        ] Found plugin flutter_keyboard_visibility_temp_fork at /Users/vertin/.pub-cache/hosted/pub.dev/flutter_keyboard_visibility_temp_fork-0.1.5/
[        ] Found plugin flutter_keyboard_visibility_windows at /Users/vertin/.pub-cache/hosted/pub.dev/flutter_keyboard_visibility_windows-1.0.0/
[        ] Found plugin flutter_keyboard_visibility_macos at /Users/vertin/.pub-cache/hosted/pub.dev/flutter_keyboard_visibility_macos-1.0.0/
[        ] Found plugin flutter_keyboard_visibility_linux at /Users/vertin/.pub-cache/hosted/pub.dev/flutter_keyboard_visibility_linux-1.0.0/
[   +1 ms] Found plugin flutter_inappwebview at /Users/vertin/.pub-cache/hosted/pub.dev/flutter_inappwebview-6.1.5/
[        ] Found plugin flutter_inappwebview_windows at /Users/vertin/.pub-cache/hosted/pub.dev/flutter_inappwebview_windows-0.6.0/
[        ] Found plugin flutter_inappwebview_web at /Users/vertin/.pub-cache/hosted/pub.dev/flutter_inappwebview_web-1.1.2/
[        ] Found plugin flutter_inappwebview_macos at /Users/vertin/.pub-cache/hosted/pub.dev/flutter_inappwebview_macos-1.1.2/
[        ] Found plugin flutter_inappwebview_ios at /Users/vertin/.pub-cache/hosted/pub.dev/flutter_inappwebview_ios-1.1.2/
[        ] Found plugin flutter_inappwebview_android at /Users/vertin/.pub-cache/hosted/pub.dev/flutter_inappwebview_android-1.1.3/
[        ] Found plugin flutter_branch_sdk at /Users/vertin/.pub-cache/hosted/pub.dev/flutter_branch_sdk-8.11.0/
[        ] Found plugin firebase_storage_web at /Users/vertin/.pub-cache/hosted/pub.dev/firebase_storage_web-3.10.14/
[        ] Found plugin firebase_core at /Users/vertin/.pub-cache/hosted/pub.dev/firebase_core-3.14.0/
[        ] Found plugin firebase_core_web at /Users/vertin/.pub-cache/hosted/pub.dev/firebase_core_web-2.23.0/
[        ] Found plugin firebase_storage at /Users/vertin/.pub-cache/hosted/pub.dev/firebase_storage-12.4.7/
[        ] Found plugin firebase_performance_web at /Users/vertin/.pub-cache/hosted/pub.dev/firebase_performance_web-0.1.7+13/
[        ] Found plugin firebase_performance at /Users/vertin/.pub-cache/hosted/pub.dev/firebase_performance-0.10.1+7/
[        ] Found plugin firebase_messaging_web at /Users/vertin/.pub-cache/hosted/pub.dev/firebase_messaging_web-3.10.7/
[        ] Found plugin firebase_messaging at /Users/vertin/.pub-cache/hosted/pub.dev/firebase_messaging-15.2.7/
[        ] Found plugin firebase_dynamic_links at /Users/vertin/.pub-cache/hosted/pub.dev/firebase_dynamic_links-6.1.7/
[        ] Found plugin firebase_auth_web at /Users/vertin/.pub-cache/hosted/pub.dev/firebase_auth_web-5.15.0/
[        ] Found plugin firebase_auth at /Users/vertin/.pub-cache/hosted/pub.dev/firebase_auth-5.6.0/
[        ] Found plugin file_picker at /Users/vertin/.pub-cache/hosted/pub.dev/file_picker-10.1.9/
[        ] Found plugin emoji_picker_flutter at /Users/vertin/.pub-cache/hosted/pub.dev/emoji_picker_flutter-4.4.0/
[        ] Found plugin desktop_drop at /Users/vertin/.pub-cache/hosted/pub.dev/desktop_drop-0.7.0/
[        ] Found plugin cupertino_native at /Users/vertin/.pub-cache/hosted/pub.dev/cupertino_native-0.1.1/
[        ] Found plugin cloud_functions_web at /Users/vertin/.pub-cache/hosted/pub.dev/cloud_functions_web-4.11.2/
[        ] Found plugin cloud_functions at /Users/vertin/.pub-cache/hosted/pub.dev/cloud_functions-5.5.2/
[        ] Found plugin cloud_firestore_web at /Users/vertin/.pub-cache/hosted/pub.dev/cloud_firestore_web-4.4.9/
[        ] Found plugin cloud_firestore at /Users/vertin/.pub-cache/hosted/pub.dev/cloud_firestore-5.6.9/
[        ] Found plugin camera_macos at /Users/vertin/.pub-cache/hosted/pub.dev/camera_macos-0.0.9/
[        ] Found plugin camera at /Users/vertin/.pub-cache/hosted/pub.dev/camera-0.11.3+1/
[        ] Found plugin camera_web at /Users/vertin/.pub-cache/hosted/pub.dev/camera_web-0.3.5+3/
[        ] Found plugin camera_avfoundation at /Users/vertin/.pub-cache/hosted/pub.dev/camera_avfoundation-0.9.23+2/
[        ] Found plugin camera_android_camerax at /Users/vertin/.pub-cache/hosted/pub.dev/camera_android_camerax-0.6.30/
[   +1 ms] Found plugin audio_waveforms at /Users/vertin/.pub-cache/hosted/pub.dev/audio_waveforms-1.3.0/
[        ] Found plugin assets_audio_player_web at /Users/vertin/.pub-cache/git/Flutter-AssetsAudioPlayerWeb-cae7ceb6af99f4da1ec27136d312d0ef045c83d9/
[        ] Found plugin assets_audio_player at /Users/vertin/.pub-cache/git/Flutter-AssetsAudioPlayer-243f9533279b73fa9dae345cc96e5d7d84cac0ac/
[        ] Found plugin app_links at /Users/vertin/.pub-cache/hosted/pub.dev/app_links-7.0.0/
[        ] Found plugin app_links_web at /Users/vertin/.pub-cache/hosted/pub.dev/app_links_web-1.0.4/
[        ] Found plugin app_links_linux at /Users/vertin/.pub-cache/hosted/pub.dev/app_links_linux-1.0.3/
[        ] Found plugin gtk at /Users/vertin/.pub-cache/hosted/pub.dev/gtk-2.1.0/
[        ] Found plugin app_badge_plus at /Users/vertin/.pub-cache/hosted/pub.dev/app_badge_plus-1.2.6/
[        ] Found plugin adaptive_platform_ui at /Users/vertin/.pub-cache/hosted/pub.dev/adaptive_platform_ui-0.1.101/
[   +8 ms] Building macOS application...
[        ] executing: /usr/bin/env xcrun xcodebuild -workspace /Users/vertin/Downloads/LinkedUp-Club-MacOS-Vertin-Dev/macos/Runner.xcworkspace -configuration Release -scheme Runner -derivedDataPath /Users/vertin/Downloads/LinkedUp-Club-MacOS-Vertin-Dev/build/macos -destination generic/platform=macOS OBJROOT=/Users/vertin/Downloads/LinkedUp-Club-MacOS-Vertin-Dev/build/macos/Build/Intermediates.noindex SYMROOT=/Users/vertin/Downloads/LinkedUp-Club-MacOS-Vertin-Dev/build/macos/Build/Products VERBOSE_SCRIPT_LOGGING=YES COMPILER_INDEX_STORE_ENABLE=NO
[ +374 ms] Command line invocation:
[        ]     /Applications/Xcode.app/Contents/Developer/usr/bin/xcodebuild -workspace /Users/vertin/Downloads/LinkedUp-Club-MacOS-Vertin-Dev/macos/Runner.xcworkspace -configuration Release -scheme Runner -derivedDataPath /Users/vertin/Downloads/LinkedUp-Club-MacOS-Vertin-Dev/build/macos -destination generic/platform=macOS OBJROOT=/Users/vertin/Downloads/LinkedUp-Club-MacOS-Vertin-Dev/build/macos/Build/Intermediates.noindex SYMROOT=/Users/vertin/Downloads/LinkedUp-Club-MacOS-Vertin-Dev/build/macos/Build/Products VERBOSE_SCRIPT_LOGGING=YES COMPILER_INDEX_STORE_ENABLE=NO
[        ] Build settings from command line:
[        ]     COMPILER_INDEX_STORE_ENABLE = NO
[        ]     OBJROOT = /Users/vertin/Downloads/LinkedUp-Club-MacOS-Vertin-Dev/build/macos/Build/Intermediates.noindex
[        ]     SYMROOT = /Users/vertin/Downloads/LinkedUp-Club-MacOS-Vertin-Dev/build/macos/Build/Products
[        ]     VERBOSE_SCRIPT_LOGGING = YES
[ +555 ms] ComputePackagePrebuildTargetDependencyGraph
[ +406 ms] Prepare packages
[   +2 ms] CreateBuildRequest
[        ] SendProjectDescription
[  +64 ms] CreateBuildOperation
[  +16 ms] ComputeTargetDependencyGraph
[ +176 ms] warning: Building targets in manual order is deprecated - choose Dependency Order in scheme settings instead, or set DISABLE_MANUAL_TARGET_ORDER_BUILD_WARNING in any of the targets in the current scheme to suppress this warning
[        ] note: Target dependency graph (2 targets)
[        ]     Target 'Runner' in project 'Runner'
[        ]         ➜ Explicit dependency on target 'Flutter Assemble' in project 'Runner'
[        ]     Target 'Flutter Assemble' in project 'Runner' (no dependencies)
[   +1 ms] GatherProvisioningInputs
[ +170 ms] CreateBuildDescription
[  +13 ms] ExecuteExternalTool /Applications/Xcode.app/Contents/Developer/Toolchains/XcodeDefault.xctoolchain/usr/bin/clang -v -E -dM -isysroot /Applications/Xcode.app/Contents/Developer/Platforms/MacOSX.platform/Developer/SDKs/MacOSX26.2.sdk -x c -c /dev/null
[ +116 ms] ExecuteExternalTool /Applications/Xcode.app/Contents/Developer/usr/bin/ibtool --version --output-format xml1
[        ] ExecuteExternalTool /Applications/Xcode.app/Contents/Developer/usr/bin/actool --version --output-format xml1
[        ] ExecuteExternalTool /Applications/Xcode.app/Contents/Developer/Toolchains/XcodeDefault.xctoolchain/usr/bin/swiftc --version
[   +9 ms] ExecuteExternalTool /Applications/Xcode.app/Contents/Developer/Toolchains/XcodeDefault.xctoolchain/usr/bin/ld -version_details
[ +125 ms] Build description signature: 44723efeddd21b8df43acdf8e70a8524
[        ] Build description path: /Users/vertin/Downloads/LinkedUp-Club-MacOS-Vertin-Dev/build/macos/Build/Intermediates.noindex/XCBuildData/44723efeddd21b8df43acdf8e70a8524.xcbuilddata
[ +151 ms] ClangStatCache /Applications/Xcode.app/Contents/Developer/Toolchains/XcodeDefault.xctoolchain/usr/bin/clang-stat-cache /Applications/Xcode.app/Contents/Developer/Platforms/MacOSX.platform/Developer/SDKs/MacOSX26.2.sdk /Users/vertin/Downloads/LinkedUp-Club-MacOS-Vertin-Dev/build/macos/SDKStatCaches.noindex/macosx26.2-25C57-00fa09913b459cbbc988d1f6730289ae.sdkstatcache
[        ]     cd /Users/vertin/Downloads/LinkedUp-Club-MacOS-Vertin-Dev/macos
[        ]     /Applications/Xcode.app/Contents/Developer/Toolchains/XcodeDefault.xctoolchain/usr/bin/clang-stat-cache /Applications/Xcode.app/Contents/Developer/Platforms/MacOSX.platform/Developer/SDKs/MacOSX26.2.sdk -o /Users/vertin/Downloads/LinkedUp-Club-MacOS-Vertin-Dev/build/macos/SDKStatCaches.noindex/macosx26.2-25C57-00fa09913b459cbbc988d1f6730289ae.sdkstatcache
[ +675 ms] WriteAuxiliaryFile /Users/vertin/Downloads/LinkedUp-Club-MacOS-Vertin-Dev/build/macos/Build/Intermediates.noindex/Runner.build/Release/Flutter\ Assemble.build/InputFileList-33CC111E2044C6BF0003C045-FlutterInputs-d04a3dd6eb436ef04e48ad68845cdc44-resolved.xcfilelist (in target 'Flutter Assemble' from project 'Runner')
[        ]     cd /Users/vertin/Downloads/LinkedUp-Club-MacOS-Vertin-Dev/macos
[        ]     write-file /Users/vertin/Downloads/LinkedUp-Club-MacOS-Vertin-Dev/build/macos/Build/Intermediates.noindex/Runner.build/Release/Flutter\ Assemble.build/InputFileList-33CC111E2044C6BF0003C045-FlutterInputs-d04a3dd6eb436ef04e48ad68845cdc44-resolved.xcfilelist
[        ] WriteAuxiliaryFile /Users/vertin/Downloads/LinkedUp-Club-MacOS-Vertin-Dev/build/macos/Build/Intermediates.noindex/Runner.build/Release/Flutter\ Assemble.build/OutputFileList-33CC111E2044C6BF0003C045-FlutterOutputs-9cee4d4281efe2c8fe1207c4c1e71afe-resolved.xcfilelist (in target 'Flutter Assemble' from project 'Runner')
[        ]     cd /Users/vertin/Downloads/LinkedUp-Club-MacOS-Vertin-Dev/macos
[        ]     write-file /Users/vertin/Downloads/LinkedUp-Club-MacOS-Vertin-Dev/build/macos/Build/Intermediates.noindex/Runner.build/Release/Flutter\ Assemble.build/OutputFileList-33CC111E2044C6BF0003C045-FlutterOutputs-9cee4d4281efe2c8fe1207c4c1e71afe-resolved.xcfilelist
[   +1 ms] PhaseScriptExecution Run\ Script /Users/vertin/Downloads/LinkedUp-Club-MacOS-Vertin-Dev/build/macos/Build/Intermediates.noindex/Runner.build/Release/Flutter\ Assemble.build/Script-33CC111E2044C6BF0003C045.sh (in target 'Flutter Assemble' from project 'Runner')
[        ]     cd /Users/vertin/Downloads/LinkedUp-Club-MacOS-Vertin-Dev/macos
[        ]     export ACTION\=build
[        ]     export AD_HOC_CODE_SIGNING_ALLOWED\=YES
[        ]     export ALLOW_BUILD_REQUEST_OVERRIDES\=NO
[        ]     export ALLOW_TARGET_PLATFORM_SPECIALIZATION\=NO
[        ]     export ALTERNATE_GROUP\=staff
[        ]     export ALTERNATE_MODE\=u+w,go-w,a+rX
[        ]     export ALTERNATE_OWNER\=vertin
[        ]     export ALTERNATIVE_DISTRIBUTION_WEB\=NO
[        ]     export ALWAYS_EMBED_SWIFT_STANDARD_LIBRARIES\=YES
[        ]     export ALWAYS_SEARCH_USER_PATHS\=NO
[        ]     export ALWAYS_USE_SEPARATE_HEADERMAPS\=NO
[        ]     export APPLICATION_EXTENSION_API_ONLY\=NO
[        ]     export APPLY_RULES_IN_COPY_FILES\=NO
[        ]     export APPLY_RULES_IN_COPY_HEADERS\=NO
[        ]     export APP_ID\=com.linkedup.club
[        ]     export APP_NAME\=LinkedUp
[        ]     export APP_SHORTCUTS_ENABLE_FLEXIBLE_MATCHING\=YES
[        ]     export ARCHS\=arm64\ x86_64
[        ]     export ARCHS_STANDARD\=arm64\ x86_64
[        ]     export ARCHS_STANDARD_32_64_BIT\=arm64\ x86_64\ i386
[        ]     export ARCHS_STANDARD_32_BIT\=i386
[        ]     export ARCHS_STANDARD_64_BIT\=arm64\ x86_64
[        ]     export ARCHS_STANDARD_INCLUDING_64_BIT\=arm64\ x86_64
[        ]     export AUTOMATICALLY_MERGE_DEPENDENCIES\=NO
[        ]     export AUTOMATION_APPLE_EVENTS\=NO
[        ]     export AVAILABLE_PLATFORMS\=android\ appletvos\ appletvsimulator\ driverkit\ iphoneos\ iphonesimulator\ macosx\ qnx\ watchos\ watchsimulator\ webassembly\ xros\ xrsimulator
[        ]     export BUILD_ACTIVE_RESOURCES_ONLY\=NO
[        ]     export BUILD_COMPONENTS\=headers\ build
[        ]     export BUILD_DIR\=/Users/vertin/Downloads/LinkedUp-Club-MacOS-Vertin-Dev/build/macos/Build/Products
[        ]     export BUILD_LIBRARY_FOR_DISTRIBUTION\=NO
[        ]     export BUILD_ROOT\=/Users/vertin/Downloads/LinkedUp-Club-MacOS-Vertin-Dev/build/macos/Build/Products
[        ]     export BUILD_STYLE\=
[        ]     export BUILD_VARIANTS\=normal
[        ]     export BUILT_PRODUCTS_DIR\=/Users/vertin/Downloads/LinkedUp-Club-MacOS-Vertin-Dev/build/macos/Build/Products/Release
[        ]     export BUNDLE_CONTENTS_FOLDER_PATH\=Contents/
[        ]     export BUNDLE_CONTENTS_FOLDER_PATH_deep\=Contents/
[        ]     export BUNDLE_EXECUTABLE_FOLDER_NAME_deep\=MacOS
[        ]     export BUNDLE_EXECUTABLE_FOLDER_PATH\=Contents/MacOS
[        ]     export BUNDLE_EXTENSIONS_FOLDER_PATH\=Contents/Extensions
[        ]     export BUNDLE_FORMAT\=deep
[        ]     export BUNDLE_FRAMEWORKS_FOLDER_PATH\=Contents/Frameworks
[        ]     export BUNDLE_PLUGINS_FOLDER_PATH\=Contents/PlugIns
[        ]     export BUNDLE_PRIVATE_HEADERS_FOLDER_PATH\=Contents/PrivateHeaders
[        ]     export BUNDLE_PUBLIC_HEADERS_FOLDER_PATH\=Contents/Headers
[        ]     export CACHE_ROOT\=/var/folders/qj/kvblbzx56b9d1gvjn_jtmv_w0000gn/C/com.apple.DeveloperTools/26.2-17C52/Xcode
[        ]     export CCHROOT\=/var/folders/qj/kvblbzx56b9d1gvjn_jtmv_w0000gn/C/com.apple.DeveloperTools/26.2-17C52/Xcode
[        ]     export CHMOD\=/bin/chmod
[        ]     export CHOWN\=/usr/sbin/chown
[        ]     export CLANG_ANALYZER_NONNULL\=YES
[        ]     export CLANG_ANALYZER_NUMBER_OBJECT_CONVERSION\=YES_AGGRESSIVE
[        ]     export CLANG_CACHE_FINE_GRAINED_OUTPUTS\=YES
[        ]     export CLANG_CXX_LANGUAGE_STANDARD\=gnu++14
[        ]     export CLANG_CXX_LIBRARY\=libc++
[        ]     export CLANG_ENABLE_EXPLICIT_MODULES\=YES
[        ]     export CLANG_ENABLE_MODULES\=YES
[        ]     export CLANG_ENABLE_OBJC_ARC\=YES
[        ]     export CLANG_MODULES_BUILD_SESSION_FILE\=/Users/vertin/Downloads/LinkedUp-Club-MacOS-Vertin-Dev/build/macos/ModuleCache.noindex/Session.modulevalidation
[        ]     export CLANG_UNDEFINED_BEHAVIOR_SANITIZER_NULLABILITY\=YES
[        ]     export CLANG_WARN_BLOCK_CAPTURE_AUTORELEASING\=YES
[        ]     export CLANG_WARN_BOOL_CONVERSION\=YES
[        ]     export CLANG_WARN_COMMA\=YES
[        ]     export CLANG_WARN_CONSTANT_CONVERSION\=YES
[        ]     export CLANG_WARN_DEPRECATED_OBJC_IMPLEMENTATIONS\=YES
[        ]     export CLANG_WARN_DIRECT_OBJC_ISA_USAGE\=YES_ERROR
[        ]     export CLANG_WARN_DOCUMENTATION_COMMENTS\=YES
[        ]     export CLANG_WARN_EMPTY_BODY\=YES
[        ]     export CLANG_WARN_ENUM_CONVERSION\=YES
[        ]     export CLANG_WARN_INFINITE_RECURSION\=YES
[        ]     export CLANG_WARN_INT_CONVERSION\=YES
[        ]     export CLANG_WARN_NON_LITERAL_NULL_CONVERSION\=YES
[        ]     export CLANG_WARN_OBJC_IMPLICIT_RETAIN_SELF\=YES
[        ]     export CLANG_WARN_OBJC_LITERAL_CONVERSION\=YES
[        ]     export CLANG_WARN_OBJC_REPEATED_USE_OF_WEAK\=YES
[        ]     export CLANG_WARN_OBJC_ROOT_CLASS\=YES_ERROR
[        ]     export CLANG_WARN_PRAGMA_PACK\=YES
[        ]     export CLANG_WARN_QUOTED_INCLUDE_IN_FRAMEWORK_HEADER\=NO
[        ]     export CLANG_WARN_RANGE_LOOP_ANALYSIS\=YES
[        ]     export CLANG_WARN_STRICT_PROTOTYPES\=YES
[        ]     export CLANG_WARN_SUSPICIOUS_MOVE\=YES
[        ]     export CLANG_WARN_UNGUARDED_AVAILABILITY\=YES_AGGRESSIVE
[        ]     export CLANG_WARN_UNREACHABLE_CODE\=YES
[        ]     export CLANG_WARN__DUPLICATE_METHOD_MATCH\=YES
[        ]     export CLASS_FILE_DIR\=/Users/vertin/Downloads/LinkedUp-Club-MacOS-Vertin-Dev/build/macos/Build/Intermediates.noindex/Runner.build/Release/Flutter\ Assemble.build/JavaClasses
[        ]     export CLEAN_PRECOMPS\=YES
[        ]     export CLONE_HEADERS\=NO
[        ]     export COCOAPODS_PARALLEL_CODE_SIGN\=true
[        ]     export CODESIGNING_FOLDER_PATH\=/Users/vertin/Downloads/LinkedUp-Club-MacOS-Vertin-Dev/build/macos/Build/Products/Release/
[        ]     export CODE_SIGNING_ALLOWED\=NO
[        ]     export CODE_SIGNING_REQUIRED\=YES
[        ]     export CODE_SIGN_IDENTITY\=Apple\ Development
[        ]     export CODE_SIGN_IDENTITY_NO\=Apple\ Development
[        ]     export CODE_SIGN_IDENTITY_YES\=-
[        ]     export CODE_SIGN_INJECT_BASE_ENTITLEMENTS\=YES
[        ]     export CODE_SIGN_STYLE\=Automatic
[        ]     export COLOR_DIAGNOSTICS\=NO
[        ]     export COMBINE_HIDPI_IMAGES\=NO
[        ]     export COMPILATION_CACHE_CAS_PATH\=/Users/vertin/Downloads/LinkedUp-Club-MacOS-Vertin-Dev/build/macos/CompilationCache.noindex
[        ]     export COMPILATION_CACHE_KEEP_CAS_DIRECTORY\=YES
[        ]     export COMPILER_INDEX_STORE_ENABLE\=NO
[        ]     export COMPOSITE_SDK_DIRS\=/Users/vertin/Downloads/LinkedUp-Club-MacOS-Vertin-Dev/build/macos/Build/Intermediates.noindex/CompositeSDKs
[        ]     export COMPRESS_PNG_FILES\=NO
[        ]     export CONFIGURATION\=Release
[        ]     export CONFIGURATION_BUILD_DIR\=/Users/vertin/Downloads/LinkedUp-Club-MacOS-Vertin-Dev/build/macos/Build/Products/Release
[        ]     export CONFIGURATION_TEMP_DIR\=/Users/vertin/Downloads/LinkedUp-Club-MacOS-Vertin-Dev/build/macos/Build/Intermediates.noindex/Runner.build/Release
[        ]     export COPYING_PRESERVES_HFS_DATA\=NO
[        ]     export COPYRIGHT\=Copyright\ ©\ 2024\ LinkedUp\ Club.\ All\ rights\ reserved.
[        ]     export COPY_HEADERS_RUN_UNIFDEF\=NO
[        ]     export COPY_PHASE_STRIP\=NO
[        ]     export CP\=/bin/cp
[        ]     export CREATE_INFOPLIST_SECTION_IN_BINARY\=NO
[        ]     export CURRENT_ARCH\=undefined_arch
[        ]     export CURRENT_VARIANT\=normal
[        ]     export DART_DEFINES\=RkxVVFRFUl9WRVJTSU9OPTMuMzguOQ\=\=,RkxVVFRFUl9DSEFOTkVMPXN0YWJsZQ\=\=,RkxVVFRFUl9HSVRfVVJMPWh0dHBzOi8vZ2l0aHViLmNvbS9mbHV0dGVyL2ZsdXR0ZXIuZ2l0,RkxVVFRFUl9GUkFNRVdPUktfUkVWSVNJT049NjczMjNkZTI4NQ\=\=,RkxVVFRFUl9FTkdJTkVfUkVWSVNJT049NTg3YzE4Zjg3Mw\=\=,RkxVVFRFUl9EQVJUX1ZFUlNJT049My4xMC44
[        ]     export DART_OBFUSCATION\=false
[        ]     export DEAD_CODE_STRIPPING\=NO
[        ]     export DEBUGGING_SYMBOLS\=YES
[        ]     export DEBUG_INFORMATION_FORMAT\=dwarf-with-dsym
[        ]     export DEBUG_INFORMATION_VERSION\=compiler-default
[        ]     export DEFAULT_COMPILER\=com.apple.compilers.llvm.clang.1_0
[        ]     export DEFAULT_DEXT_INSTALL_PATH\=/System/Library/DriverExtensions
[        ]     export DEFAULT_KEXT_INSTALL_PATH\=/System/Library/Extensions
[        ]     export DEFINES_MODULE\=NO
[        ]     export DEPLOYMENT_LOCATION\=NO
[        ]     export DEPLOYMENT_POSTPROCESSING\=NO
[        ]     export DEPLOYMENT_TARGET_SETTING_NAME\=MACOSX_DEPLOYMENT_TARGET
[        ]     export DEPLOYMENT_TARGET_SUGGESTED_VALUES\=10.13\ 10.14\ 10.15\ 11.0\ 11.1\ 11.2\ 11.3\ 11.4\ 11.5\ 12.0\ 12.2\ 12.3\ 12.4\ 13.0\ 13.1\ 13.2\ 13.3\ 13.4\ 13.5\ 14.0\ 14.1\ 14.2\ 14.3\ 14.4\ 14.5\ 14.6\ 15.0\ 15.1\ 15.2\ 15.3\ 15.4\ 15.5\ 15.6\ 26.0\ 26.1\ 26.2
[        ]     export DERIVED_FILES_DIR\=/Users/vertin/Downloads/LinkedUp-Club-MacOS-Vertin-Dev/build/macos/Build/Intermediates.noindex/Runner.build/Release/Flutter\ Assemble.build/DerivedSources
[        ]     export DERIVED_FILE_DIR\=/Users/vertin/Downloads/LinkedUp-Club-MacOS-Vertin-Dev/build/macos/Build/Intermediates.noindex/Runner.build/Release/Flutter\ Assemble.build/DerivedSources
[        ]     export DERIVED_SOURCES_DIR\=/Users/vertin/Downloads/LinkedUp-Club-MacOS-Vertin-Dev/build/macos/Build/Intermediates.noindex/Runner.build/Release/Flutter\ Assemble.build/DerivedSources
[        ]     export DEVELOPER_APPLICATIONS_DIR\=/Applications/Xcode.app/Contents/Developer/Applications
[        ]     export DEVELOPER_BIN_DIR\=/Applications/Xcode.app/Contents/Developer/usr/bin
[        ]     export DEVELOPER_DIR\=/Applications/Xcode.app/Contents/Developer
[        ]     export DEVELOPER_FRAMEWORKS_DIR\=/Applications/Xcode.app/Contents/Developer/Library/Frameworks
[        ]     export DEVELOPER_FRAMEWORKS_DIR_QUOTED\=/Applications/Xcode.app/Contents/Developer/Library/Frameworks
[        ]     export DEVELOPER_LIBRARY_DIR\=/Applications/Xcode.app/Contents/Developer/Library
[        ]     export DEVELOPER_SDK_DIR\=/Applications/Xcode.app/Contents/Developer/Platforms/MacOSX.platform/Developer/SDKs
[        ]     export DEVELOPER_TOOLS_DIR\=/Applications/Xcode.app/Contents/Developer/Tools
[        ]     export DEVELOPER_USR_DIR\=/Applications/Xcode.app/Contents/Developer/usr
[        ]     export DEVELOPMENT_LANGUAGE\=en
[        ]     export DIAGNOSE_MISSING_TARGET_DEPENDENCIES\=YES
[        ]     export DIFF\=/usr/bin/diff
[        ]     export DONT_GENERATE_INFOPLIST_FILE\=NO
[        ]     export DSTROOT\=/tmp/Runner.dst
[        ]     export DT_TOOLCHAIN_DIR\=/Applications/Xcode.app/Contents/Developer/Toolchains/XcodeDefault.xctoolchain
[        ]     export DWARF_DSYM_FILE_NAME\=.dSYM
[        ]     export DWARF_DSYM_FILE_SHOULD_ACCOMPANY_PRODUCT\=NO
[        ]     export DWARF_DSYM_FOLDER_PATH\=/Users/vertin/Downloads/LinkedUp-Club-MacOS-Vertin-Dev/build/macos/Build/Products/Release
[        ]     export DYNAMIC_LIBRARY_EXTENSION\=dylib
[        ]     export EAGER_COMPILATION_ALLOW_SCRIPTS\=NO
[        ]     export EAGER_LINKING\=NO
[        ]     export EMBEDDED_CONTENT_CONTAINS_SWIFT\=NO
[        ]     export EMBEDDED_PROFILE_NAME\=embedded.provisionprofile
[        ]     export EMBED_ASSET_PACKS_IN_PRODUCT_BUNDLE\=NO
[        ]     export ENABLE_APP_SANDBOX\=NO
[        ]     export ENABLE_CODE_COVERAGE\=YES
[        ]     export ENABLE_CPLUSPLUS_BOUNDS_SAFE_BUFFERS\=NO
[        ]     export ENABLE_C_BOUNDS_SAFETY\=NO
[        ]     export ENABLE_DEBUG_DYLIB\=NO
[        ]     export ENABLE_DEFAULT_HEADER_SEARCH_PATHS\=YES
[        ]     export ENABLE_DEFAULT_SEARCH_PATHS\=YES
[        ]     export ENABLE_ENHANCED_SECURITY\=NO
[        ]     export ENABLE_HARDENED_RUNTIME\=NO
[        ]     export ENABLE_HEADER_DEPENDENCIES\=YES
[        ]     export ENABLE_INCOMING_NETWORK_CONNECTIONS\=NO
[        ]     export ENABLE_NS_ASSERTIONS\=NO
[        ]     export ENABLE_ON_DEMAND_RESOURCES\=NO
[        ]     export ENABLE_OUTGOING_NETWORK_CONNECTIONS\=NO
[        ]     export ENABLE_POINTER_AUTHENTICATION\=NO
[        ]     export ENABLE_PREVIEWS\=NO
[        ]     export ENABLE_RESOURCE_ACCESS_AUDIO_INPUT\=NO
[        ]     export ENABLE_RESOURCE_ACCESS_BLUETOOTH\=NO
[        ]     export ENABLE_RESOURCE_ACCESS_CALENDARS\=NO
[        ]     export ENABLE_RESOURCE_ACCESS_CAMERA\=NO
[        ]     export ENABLE_RESOURCE_ACCESS_CONTACTS\=NO
[        ]     export ENABLE_RESOURCE_ACCESS_LOCATION\=NO
[        ]     export ENABLE_RESOURCE_ACCESS_PHOTO_LIBRARY\=NO
[        ]     export ENABLE_RESOURCE_ACCESS_PRINTING\=NO
[        ]     export ENABLE_RESOURCE_ACCESS_USB\=NO
[        ]     export ENABLE_SDK_IMPORTS\=NO
[        ]     export ENABLE_SECURITY_COMPILER_WARNINGS\=NO
[        ]     export ENABLE_STRICT_OBJC_MSGSEND\=YES
[        ]     export ENABLE_TESTABILITY\=NO
[        ]     export ENABLE_TESTING_SEARCH_PATHS\=NO
[        ]     export ENABLE_USER_SCRIPT_SANDBOXING\=NO
[        ]     export ENABLE_XOJIT_PREVIEWS\=NO
[        ]     export ENFORCE_VALID_ARCHS\=YES
[        ]     export ENTITLEMENTS_DESTINATION\=Signature
[        ]     export ENTITLEMENTS_REQUIRED\=YES
[        ]     export EXCLUDED_INSTALLSRC_SUBDIRECTORY_PATTERNS\=.DS_Store\ .svn\ .git\ .hg\ CVS
[        ]     export EXCLUDED_RECURSIVE_SEARCH_PATH_SUBDIRECTORIES\=\*.nib\ \*.lproj\ \*.framework\ \*.gch\ \*.xcode\*\ \*.xcassets\ \*.icon\ \(\*\)\ .DS_Store\ CVS\ .svn\ .git\ .hg\ \*.pbproj\ \*.pbxproj
[        ]     export FILE_LIST\=/Users/vertin/Downloads/LinkedUp-Club-MacOS-Vertin-Dev/build/macos/Build/Intermediates.noindex/Runner.build/Release/Flutter\ Assemble.build/Objects/LinkFileList
[        ]     export FIXED_FILES_DIR\=/Users/vertin/Downloads/LinkedUp-Club-MacOS-Vertin-Dev/build/macos/Build/Intermediates.noindex/Runner.build/Release/Flutter\ Assemble.build/FixedFiles
[        ]     export FLUTTER_APPLICATION_PATH\=/Users/vertin/Downloads/LinkedUp-Club-MacOS-Vertin-Dev
[        ]     export FLUTTER_BUILD_DIR\=build
[        ]     export FLUTTER_BUILD_NAME\=1.8.8
[        ]     export FLUTTER_BUILD_NUMBER\=29
[        ]     export FLUTTER_ROOT\=/Users/vertin/development/flutter
[        ]     export FLUTTER_TARGET\=lib/main.dart
[        ]     export FRAMEWORK_SEARCH_PATHS\=\ \"/Users/vertin/Downloads/LinkedUp-Club-MacOS-Vertin-Dev/build/macos/Build/Products/Release/AppAuth\"\ \"/Users/vertin/Downloads/LinkedUp-Club-MacOS-Vertin-Dev/build/macos/Build/Products/Release/AppCheckCore\"\ \"/Users/vertin/Downloads/LinkedUp-Club-MacOS-Vertin-Dev/build/macos/Build/Products/Release/FirebaseAppCheckInterop\"\ \"/Users/vertin/Downloads/LinkedUp-Club-MacOS-Vertin-Dev/build/macos/Build/Products/Release/FirebaseAuth\"\ \"/Users/vertin/Downloads/LinkedUp-Club-MacOS-Vertin-Dev/build/macos/Build/Products/Release/FirebaseAuthInterop\"\ \"/Users/vertin/Downloads/LinkedUp-Club-MacOS-Vertin-Dev/build/macos/Build/Products/Release/FirebaseCore\"\ \"/Users/vertin/Downloads/LinkedUp-Club-MacOS-Vertin-Dev/build/macos/Build/Products/Release/FirebaseCoreExtension\"\ \"/Users/vertin/Downloads/LinkedUp-Club-MacOS-Vertin-Dev/build/macos/Build/Products/Release/FirebaseCoreInternal\"\ \"/Users/vertin/Downloads/LinkedUp-Club-MacOS-Vertin-Dev/build/macos/Build/Products/Release/FirebaseFirestoreBinary\"\ \"/Users/vertin/Downloads/LinkedUp-Club-MacOS-Vertin-Dev/build/macos/Build/Products/Release/FirebaseFunctions\"\ \"/Users/vertin/Downloads/LinkedUp-Club-MacOS-Vertin-Dev/build/macos/Build/Products/Release/FirebaseInstallations\"\ \"/Users/vertin/Downloads/LinkedUp-Club-MacOS-Vertin-Dev/build/macos/Build/Products/Release/FirebaseMessaging\"\ \"/Users/vertin/Downloads/LinkedUp-Club-MacOS-Vertin-Dev/build/macos/Build/Products/Release/FirebaseMessagingInterop\"\ \"/Users/vertin/Downloads/LinkedUp-Club-MacOS-Vertin-Dev/build/macos/Build/Products/Release/FirebaseSharedSwift\"\ \"/Users/vertin/Downloads/LinkedUp-Club-MacOS-Vertin-Dev/build/macos/Build/Products/Release/FirebaseStorage\"\ \"/Users/vertin/Downloads/LinkedUp-Club-MacOS-Vertin-Dev/build/macos/Build/Products/Release/GTMAppAuth\"\ \"/Users/vertin/Downloads/LinkedUp-Club-MacOS-Vertin-Dev/build/macos/Build/Products/Release/GTMSessionFetcher\"\ \"/Users/vertin/Downloads/LinkedUp-Club-MacOS-Vertin-Dev/build/macos/Build/Products/Release/GoogleDataTransport\"\ \"/Users/vertin/Downloads/LinkedUp-Club-MacOS-Vertin-Dev/build/macos/Build/Products/Release/GoogleSignIn\"\ \"/Users/vertin/Downloads/LinkedUp-Club-MacOS-Vertin-Dev/build/macos/Build/Products/Release/GoogleUtilities\"\ \"/Users/vertin/Downloads/LinkedUp-Club-MacOS-Vertin-Dev/build/macos/Build/Products/Release/OrderedSet\"\ \"/Users/vertin/Downloads/LinkedUp-Club-MacOS-Vertin-Dev/build/macos/Build/Products/Release/PromisesObjC\"\ \"/Users/vertin/Downloads/LinkedUp-Club-MacOS-Vertin-Dev/build/macos/Build/Products/Release/app_badge_plus\"\ \"/Users/vertin/Downloads/LinkedUp-Club-MacOS-Vertin-Dev/build/macos/Build/Products/Release/app_links\"\ \"/Users/vertin/Downloads/LinkedUp-Club-MacOS-Vertin-Dev/build/macos/Build/Products/Release/assets_audio_player\"\ \"/Users/vertin/Downloads/LinkedUp-Club-MacOS-Vertin-Dev/build/macos/Build/Products/Release/assets_audio_player_web\"\ \"/Users/vertin/Downloads/LinkedUp-Club-MacOS-Vertin-Dev/build/macos/Build/Products/Release/audio_session\"\ \"/Users/vertin/Downloads/LinkedUp-Club-MacOS-Vertin-Dev/build/macos/Build/Products/Release/camera_macos\"\ \"/Users/vertin/Downloads/LinkedUp-Club-MacOS-Vertin-Dev/build/macos/Build/Products/Release/cloud_firestore\"\ \"/Users/vertin/Downloads/LinkedUp-Club-MacOS-Vertin-Dev/build/macos/Build/Products/Release/cloud_functions\"\ \"/Users/vertin/Downloads/LinkedUp-Club-MacOS-Vertin-Dev/build/macos/Build/Products/Release/cupertino_native\"\ \"/Users/vertin/Downloads/LinkedUp-Club-MacOS-Vertin-Dev/build/macos/Build/Products/Release/desktop_drop\"\ \"/Users/vertin/Downloads/LinkedUp-Club-MacOS-Vertin-Dev/build/macos/Build/Products/Release/device_info_plus\"\ \"/Users/vertin/Downloads/LinkedUp-Club-MacOS-Vertin-Dev/build/macos/Build/Products/Release/emoji_picker_flutter\"\ \"/Users/vertin/Downloads/LinkedUp-Club-MacOS-Vertin-Dev/build/macos/Build/Products/Release/file_picker\"\ \"/Users/vertin/Downloads/LinkedUp-Club-MacOS-Vertin-Dev/build/macos/Build/Products/Release/file_selector_macos\"\ \"/Users/vertin/Downloads/LinkedUp-Club-MacOS-Vertin-Dev/build/macos/Build/Products/Release/firebase_auth\"\ \"/Users/vertin/Downloads/LinkedUp-Club-MacOS-Vertin-Dev/build/macos/Build/Products/Release/firebase_core\"\ \"/Users/vertin/Downloads/LinkedUp-Club-MacOS-Vertin-Dev/build/macos/Build/Products/Release/firebase_messaging\"\ \"/Users/vertin/Downloads/LinkedUp-Club-MacOS-Vertin-Dev/build/macos/Build/Products/Release/firebase_storage\"\ \"/Users/vertin/Downloads/LinkedUp-Club-MacOS-Vertin-Dev/build/macos/Build/Products/Release/flutter_inappwebview_macos\"\ \"/Users/vertin/Downloads/LinkedUp-Club-MacOS-Vertin-Dev/build/macos/Build/Products/Release/geolocator_apple\"\ \"/Users/vertin/Downloads/LinkedUp-Club-MacOS-Vertin-Dev/build/macos/Build/Products/Release/google_sign_in_ios\"\ \"/Users/vertin/Downloads/LinkedUp-Club-MacOS-Vertin-Dev/build/macos/Build/Products/Release/irondash_engine_context\"\ \"/Users/vertin/Downloads/LinkedUp-Club-MacOS-Vertin-Dev/build/macos/Build/Products/Release/just_audio\"\ \"/Users/vertin/Downloads/LinkedUp-Club-MacOS-Vertin-Dev/build/macos/Build/Products/Release/leveldb-library\"\ \"/Users/vertin/Downloads/LinkedUp-Club-MacOS-Vertin-Dev/build/macos/Build/Products/Release/nanopb\"\ \"/Users/vertin/Downloads/LinkedUp-Club-MacOS-Vertin-Dev/build/macos/Build/Products/Release/package_info_plus\"\ \"/Users/vertin/Downloads/LinkedUp-Club-MacOS-Vertin-Dev/build/macos/Build/Products/Release/path_provider_foundation\"\ \"/Users/vertin/Downloads/LinkedUp-Club-MacOS-Vertin-Dev/build/macos/Build/Products/Release/pdfx\"\ \"/Users/vertin/Downloads/LinkedUp-Club-MacOS-Vertin-Dev/build/macos/Build/Products/Release/quill_native_bridge_macos\"\ \"/Users/vertin/Downloads/LinkedUp-Club-MacOS-Vertin-Dev/build/macos/Build/Products/Release/record_macos\"\ \"/Users/vertin/Downloads/LinkedUp-Club-MacOS-Vertin-Dev/build/macos/Build/Products/Release/share_plus\"\ \"/Users/vertin/Downloads/LinkedUp-Club-MacOS-Vertin-Dev/build/macos/Build/Products/Release/shared_preferences_foundation\"\ \"/Users/vertin/Downloads/LinkedUp-Club-MacOS-Vertin-Dev/build/macos/Build/Products/Release/sign_in_with_apple\"\ \"/Users/vertin/Downloads/LinkedUp-Club-MacOS-Vertin-Dev/build/macos/Build/Products/Release/sqflite\"\ \"/Users/vertin/Downloads/LinkedUp-Club-MacOS-Vertin-Dev/build/macos/Build/Products/Release/super_native_extensions\"\ \"/Users/vertin/Downloads/LinkedUp-Club-MacOS-Vertin-Dev/build/macos/Build/Products/Release/url_launcher_macos\"\ \"/Users/vertin/Downloads/LinkedUp-Club-MacOS-Vertin-Dev/build/macos/Build/Products/Release/video_player_avfoundation\"\ \"/Users/vertin/Downloads/LinkedUp-Club-MacOS-Vertin-Dev/build/macos/Build/Products/Release/wakelock_plus\"\ \"/Users/vertin/Downloads/LinkedUp-Club-MacOS-Vertin-Dev/build/macos/Build/Products/Release/webview_flutter_wkwebview\"\ \"/Users/vertin/Downloads/LinkedUp-Club-MacOS-Vertin-Dev/build/macos/Build/Products/Release/zego_express_engine\"\ \"/Users/vertin/Downloads/LinkedUp-Club-MacOS-Vertin-Dev/macos/Pods/../Flutter/ephemeral/.symlinks/plugins/zego_express_engine/macos/libs\"\ \"/Users/vertin/Downloads/LinkedUp-Club-MacOS-Vertin-Dev/macos/Pods/FirebaseFirestoreAbseilBinary\"\ \"/Users/vertin/Downloads/LinkedUp-Club-MacOS-Vertin-Dev/macos/Pods/FirebaseFirestoreGRPCBoringSSLBinary\"\ \"/Users/vertin/Downloads/LinkedUp-Club-MacOS-Vertin-Dev/macos/Pods/FirebaseFirestoreGRPCCPPBinary\"\ \"/Users/vertin/Downloads/LinkedUp-Club-MacOS-Vertin-Dev/macos/Pods/FirebaseFirestoreGRPCCoreBinary\"\ \"/Users/vertin/Downloads/LinkedUp-Club-MacOS-Vertin-Dev/macos/Pods/FirebaseFirestoreInternalBinary\"\ \"/Users/vertin/Downloads/LinkedUp-Club-MacOS-Vertin-Dev/build/macos/Build/Products/Release/XCFrameworkIntermediates/FirebaseFirestoreAbseilBinary\"\ \"/Users/vertin/Downloads/LinkedUp-Club-MacOS-Vertin-Dev/build/macos/Build/Products/Release/XCFrameworkIntermediates/FirebaseFirestoreGRPCBoringSSLBinary\"\ \"/Users/vertin/Downloads/LinkedUp-Club-MacOS-Vertin-Dev/build/macos/Build/Products/Release/XCFrameworkIntermediates/FirebaseFirestoreGRPCCPPBinary\"\ \"/Users/vertin/Downloads/LinkedUp-Club-MacOS-Vertin-Dev/build/macos/Build/Products/Release/XCFrameworkIntermediates/FirebaseFirestoreGRPCCoreBinary\"\ \"/Users/vertin/Downloads/LinkedUp-Club-MacOS-Vertin-Dev/build/macos/Build/Products/Release/XCFrameworkIntermediates/FirebaseFirestoreInternalBinary\"\ \"/Users/vertin/Downloads/LinkedUp-Club-MacOS-Vertin-Dev/build/macos/Build/Products/Release/XCFrameworkIntermediates/zego_express_engine\"
[        ]     export FRAMEWORK_VERSION\=A
[        ]     export FUSE_BUILD_PHASES\=YES
[        ]     export FUSE_BUILD_SCRIPT_PHASES\=NO
[        ]     export GCC3_VERSION\=3.3
[        ]     export GCC_C_LANGUAGE_STANDARD\=gnu11
[        ]     export GCC_NO_COMMON_BLOCKS\=YES
[        ]     export GCC_PFE_FILE_C_DIALECTS\=c\ objective-c\ c++\ objective-c++
[        ]     export GCC_PREPROCESSOR_DEFINITIONS\=\ COCOAPODS\=1\ \ PB_FIELD_32BIT\=1\ PB_NO_PACKED_STRUCTS\=1\ PB_ENABLE_MALLOC\=1
[        ]     export GCC_TREAT_WARNINGS_AS_ERRORS\=NO
[        ]     export GCC_VERSION\=com.apple.compilers.llvm.clang.1_0
[        ]     export GCC_VERSION_IDENTIFIER\=com_apple_compilers_llvm_clang_1_0
[        ]     export GCC_WARN_64_TO_32_BIT_CONVERSION\=YES
[        ]     export GCC_WARN_ABOUT_RETURN_TYPE\=YES_ERROR
[        ]     export GCC_WARN_SHADOW\=YES
[        ]     export GCC_WARN_STRICT_SELECTOR_MATCH\=YES
[        ]     export GCC_WARN_UNDECLARED_SELECTOR\=YES
[        ]     export GCC_WARN_UNINITIALIZED_AUTOS\=YES_AGGRESSIVE
[        ]     export GCC_WARN_UNUSED_FUNCTION\=YES
[        ]     export GCC_WARN_UNUSED_VARIABLE\=YES
[        ]     export GENERATED_MODULEMAP_DIR\=/Users/vertin/Downloads/LinkedUp-Club-MacOS-Vertin-Dev/build/macos/Build/Intermediates.noindex/GeneratedModuleMaps
[        ]     export GENERATE_INFOPLIST_FILE\=NO
[        ]     export GENERATE_INTERMEDIATE_TEXT_BASED_STUBS\=YES
[        ]     export GENERATE_PKGINFO_FILE\=NO
[        ]     export GENERATE_PRELINK_OBJECT_FILE\=NO
[        ]     export GENERATE_PROFILING_CODE\=NO
[        ]     export GENERATE_TEXT_BASED_STUBS\=NO
[        ]     export GID\=20
[        ]     export GROUP\=staff
[        ]     export HEADERMAP_INCLUDES_FLAT_ENTRIES_FOR_TARGET_BEING_BUILT\=YES
[        ]     export HEADERMAP_INCLUDES_FRAMEWORK_ENTRIES_FOR_ALL_PRODUCT_TYPES\=YES
[        ]     export HEADERMAP_INCLUDES_FRAMEWORK_ENTRIES_FOR_TARGETS_NOT_BEING_BUILT\=YES
[        ]     export HEADERMAP_INCLUDES_NONPUBLIC_NONPRIVATE_HEADERS\=YES
[        ]     export HEADERMAP_INCLUDES_PROJECT_HEADERS\=YES
[        ]     export HEADERMAP_USES_FRAMEWORK_PREFIX_ENTRIES\=YES
[        ]     export HEADERMAP_USES_VFS\=NO
[        ]     export HEADER_SEARCH_PATHS\=\ \"/Users/vertin/Downloads/LinkedUp-Club-MacOS-Vertin-Dev/build/macos/Build/Products/Release/AppAuth/AppAuth.framework/Headers\"\ \"/Users/vertin/Downloads/LinkedUp-Club-MacOS-Vertin-Dev/build/macos/Build/Products/Release/AppCheckCore/AppCheckCore.framework/Headers\"\ \"/Users/vertin/Downloads/LinkedUp-Club-MacOS-Vertin-Dev/build/macos/Build/Products/Release/FirebaseAppCheckInterop/FirebaseAppCheckInterop.framework/Headers\"\ \"/Users/vertin/Downloads/LinkedUp-Club-MacOS-Vertin-Dev/build/macos/Build/Products/Release/FirebaseAuth/FirebaseAuth.framework/Headers\"\ \"/Users/vertin/Downloads/LinkedUp-Club-MacOS-Vertin-Dev/build/macos/Build/Products/Release/FirebaseAuthInterop/FirebaseAuthInterop.framework/Headers\"\ \"/Users/vertin/Downloads/LinkedUp-Club-MacOS-Vertin-Dev/build/macos/Build/Products/Release/FirebaseCore/FirebaseCore.framework/Headers\"\ \"/Users/vertin/Downloads/LinkedUp-Club-MacOS-Vertin-Dev/build/macos/Build/Products/Release/FirebaseCoreExtension/FirebaseCoreExtension.framework/Headers\"\ \"/Users/vertin/Downloads/LinkedUp-Club-MacOS-Vertin-Dev/build/macos/Build/Products/Release/FirebaseCoreInternal/FirebaseCoreInternal.framework/Headers\"\ \"/Users/vertin/Downloads/LinkedUp-Club-MacOS-Vertin-Dev/build/macos/Build/Products/Release/FirebaseFirestoreBinary/FirebaseFirestore.framework/Headers\"\ \"/Users/vertin/Downloads/LinkedUp-Club-MacOS-Vertin-Dev/build/macos/Build/Products/Release/FirebaseFunctions/FirebaseFunctions.framework/Headers\"\ \"/Users/vertin/Downloads/LinkedUp-Club-MacOS-Vertin-Dev/build/macos/Build/Products/Release/FirebaseInstallations/FirebaseInstallations.framework/Headers\"\ \"/Users/vertin/Downloads/LinkedUp-Club-MacOS-Vertin-Dev/build/macos/Build/Products/Release/FirebaseMessaging/FirebaseMessaging.framework/Headers\"\ \"/Users/vertin/Downloads/LinkedUp-Club-MacOS-Vertin-Dev/build/macos/Build/Products/Release/FirebaseMessagingInterop/FirebaseMessagingInterop.framework/Headers\"\ \"/Users/vertin/Downloads/LinkedUp-Club-MacOS-Vertin-Dev/build/macos/Build/Products/Release/FirebaseSharedSwift/FirebaseSharedSwift.framework/Headers\"\ \"/Users/vertin/Downloads/LinkedUp-Club-MacOS-Vertin-Dev/build/macos/Build/Products/Release/FirebaseStorage/FirebaseStorage.framework/Headers\"\ \"/Users/vertin/Downloads/LinkedUp-Club-MacOS-Vertin-Dev/build/macos/Build/Products/Release/GTMAppAuth/GTMAppAuth.framework/Headers\"\ \"/Users/vertin/Downloads/LinkedUp-Club-MacOS-Vertin-Dev/build/macos/Build/Products/Release/GTMSessionFetcher/GTMSessionFetcher.framework/Headers\"\ \"/Users/vertin/Downloads/LinkedUp-Club-MacOS-Vertin-Dev/build/macos/Build/Products/Release/GoogleDataTransport/GoogleDataTransport.framework/Headers\"\ \"/Users/vertin/Downloads/LinkedUp-Club-MacOS-Vertin-Dev/build/macos/Build/Products/Release/GoogleSignIn/GoogleSignIn.framework/Headers\"\ \"/Users/vertin/Downloads/LinkedUp-Club-MacOS-Vertin-Dev/build/macos/Build/Products/Release/GoogleUtilities/GoogleUtilities.framework/Headers\"\ \"/Users/vertin/Downloads/LinkedUp-Club-MacOS-Vertin-Dev/build/macos/Build/Products/Release/OrderedSet/OrderedSet.framework/Headers\"\ \"/Users/vertin/Downloads/LinkedUp-Club-MacOS-Vertin-Dev/build/macos/Build/Products/Release/PromisesObjC/FBLPromises.framework/Headers\"\ \"/Users/vertin/Downloads/LinkedUp-Club-MacOS-Vertin-Dev/build/macos/Build/Products/Release/app_badge_plus/app_badge_plus.framework/Headers\"\ \"/Users/vertin/Downloads/LinkedUp-Club-MacOS-Vertin-Dev/build/macos/Build/Products/Release/app_links/app_links.framework/Headers\"\ \"/Users/vertin/Downloads/LinkedUp-Club-MacOS-Vertin-Dev/build/macos/Build/Products/Release/assets_audio_player/assets_audio_player.framework/Headers\"\ \"/Users/vertin/Downloads/LinkedUp-Club-MacOS-Vertin-Dev/build/macos/Build/Products/Release/assets_audio_player_web/assets_audio_player_web.framework/Headers\"\ \"/Users/vertin/Downloads/LinkedUp-Club-MacOS-Vertin-Dev/build/macos/Build/Products/Release/audio_session/audio_session.framework/Headers\"\ \"/Users/vertin/Downloads/LinkedUp-Club-MacOS-Vertin-Dev/build/macos/Build/Products/Release/camera_macos/camera_macos.framework/Headers\"\ \"/Users/vertin/Downloads/LinkedUp-Club-MacOS-Vertin-Dev/build/macos/Build/Products/Release/cloud_firestore/cloud_firestore.framework/Headers\"\ \"/Users/vertin/Downloads/LinkedUp-Club-MacOS-Vertin-Dev/build/macos/Build/Products/Release/cloud_functions/cloud_functions.framework/Headers\"\ \"/Users/vertin/Downloads/LinkedUp-Club-MacOS-Vertin-Dev/build/macos/Build/Products/Release/cupertino_native/cupertino_native.framework/Headers\"\ \"/Users/vertin/Downloads/LinkedUp-Club-MacOS-Vertin-Dev/build/macos/Build/Products/Release/desktop_drop/desktop_drop.framework/Headers\"\ \"/Users/vertin/Downloads/LinkedUp-Club-MacOS-Vertin-Dev/build/macos/Build/Products/Release/device_info_plus/device_info_plus.framework/Headers\"\ \"/Users/vertin/Downloads/LinkedUp-Club-MacOS-Vertin-Dev/build/macos/Build/Products/Release/emoji_picker_flutter/emoji_picker_flutter.framework/Headers\"\ \"/Users/vertin/Downloads/LinkedUp-Club-MacOS-Vertin-Dev/build/macos/Build/Products/Release/file_picker/file_picker.framework/Headers\"\ \"/Users/vertin/Downloads/LinkedUp-Club-MacOS-Vertin-Dev/build/macos/Build/Products/Release/file_selector_macos/file_selector_macos.framework/Headers\"\ \"/Users/vertin/Downloads/LinkedUp-Club-MacOS-Vertin-Dev/build/macos/Build/Products/Release/firebase_auth/firebase_auth.framework/Headers\"\ \"/Users/vertin/Downloads/LinkedUp-Club-MacOS-Vertin-Dev/build/macos/Build/Products/Release/firebase_core/firebase_core.framework/Headers\"\ \"/Users/vertin/Downloads/LinkedUp-Club-MacOS-Vertin-Dev/build/macos/Build/Products/Release/firebase_messaging/firebase_messaging.framework/Headers\"\ \"/Users/vertin/Downloads/LinkedUp-Club-MacOS-Vertin-Dev/build/macos/Build/Products/Release/firebase_storage/firebase_storage.framework/Headers\"\ \"/Users/vertin/Downloads/LinkedUp-Club-MacOS-Vertin-Dev/build/macos/Build/Products/Release/flutter_inappwebview_macos/flutter_inappwebview_macos.framework/Headers\"\ \"/Users/vertin/Downloads/LinkedUp-Club-MacOS-Vertin-Dev/build/macos/Build/Products/Release/geolocator_apple/geolocator_apple.framework/Headers\"\ \"/Users/vertin/Downloads/LinkedUp-Club-MacOS-Vertin-Dev/build/macos/Build/Products/Release/google_sign_in_ios/google_sign_in_ios.framework/Headers\"\ \"/Users/vertin/Downloads/LinkedUp-Club-MacOS-Vertin-Dev/build/macos/Build/Products/Release/irondash_engine_context/irondash_engine_context.framework/Headers\"\ \"/Users/vertin/Downloads/LinkedUp-Club-MacOS-Vertin-Dev/build/macos/Build/Products/Release/just_audio/just_audio.framework/Headers\"\ \"/Users/vertin/Downloads/LinkedUp-Club-MacOS-Vertin-Dev/build/macos/Build/Products/Release/leveldb-library/leveldb.framework/Headers\"\ \"/Users/vertin/Downloads/LinkedUp-Club-MacOS-Vertin-Dev/build/macos/Build/Products/Release/nanopb/nanopb.framework/Headers\"\ \"/Users/vertin/Downloads/LinkedUp-Club-MacOS-Vertin-Dev/build/macos/Build/Products/Release/package_info_plus/package_info_plus.framework/Headers\"\ \"/Users/vertin/Downloads/LinkedUp-Club-MacOS-Vertin-Dev/build/macos/Build/Products/Release/path_provider_foundation/path_provider_foundation.framework/Headers\"\ \"/Users/vertin/Downloads/LinkedUp-Club-MacOS-Vertin-Dev/build/macos/Build/Products/Release/pdfx/pdfx.framework/Headers\"\ \"/Users/vertin/Downloads/LinkedUp-Club-MacOS-Vertin-Dev/build/macos/Build/Products/Release/quill_native_bridge_macos/quill_native_bridge_macos.framework/Headers\"\ \"/Users/vertin/Downloads/LinkedUp-Club-MacOS-Vertin-Dev/build/macos/Build/Products/Release/record_macos/record_macos.framework/Headers\"\ \"/Users/vertin/Downloads/LinkedUp-Club-MacOS-Vertin-Dev/build/macos/Build/Products/Release/share_plus/share_plus.framework/Headers\"\ \"/Users/vertin/Downloads/LinkedUp-Club-MacOS-Vertin-Dev/build/macos/Build/Products/Release/shared_preferences_foundation/shared_preferences_foundation.framework/Headers\"\ \"/Users/vertin/Downloads/LinkedUp-Club-MacOS-Vertin-Dev/build/macos/Build/Products/Release/sign_in_with_apple/sign_in_with_apple.framework/Headers\"\ \"/Users/vertin/Downloads/LinkedUp-Club-MacOS-Vertin-Dev/build/macos/Build/Products/Release/sqflite/sqflite.framework/Headers\"\ \"/Users/vertin/Downloads/LinkedUp-Club-MacOS-Vertin-Dev/build/macos/Build/Products/Release/super_native_extensions/super_native_extensions.framework/Headers\"\ \"/Users/vertin/Downloads/LinkedUp-Club-MacOS-Vertin-Dev/build/macos/Build/Products/Release/url_launcher_macos/url_launcher_macos.framework/Headers\"\ \"/Users/vertin/Downloads/LinkedUp-Club-MacOS-Vertin-Dev/build/macos/Build/Products/Release/video_player_avfoundation/video_player_avfoundation.framework/Headers\"\ \"/Users/vertin/Downloads/LinkedUp-Club-MacOS-Vertin-Dev/build/macos/Build/Products/Release/wakelock_plus/wakelock_plus.framework/Headers\"\ \"/Users/vertin/Downloads/LinkedUp-Club-MacOS-Vertin-Dev/build/macos/Build/Products/Release/webview_flutter_wkwebview/webview_flutter_wkwebview.framework/Headers\"\ \"/Users/vertin/Downloads/LinkedUp-Club-MacOS-Vertin-Dev/build/macos/Build/Products/Release/zego_express_engine/zego_express_engine.framework/Headers\"\ \"/Users/vertin/Downloads/LinkedUp-Club-MacOS-Vertin-Dev/macos/Pods/Headers/Public\"\ \"/Users/vertin/Downloads/LinkedUp-Club-MacOS-Vertin-Dev/macos/Pods/Headers/Public/Firebase\"\ \ /Users/vertin/Downloads/LinkedUp-Club-MacOS-Vertin-Dev/macos/Pods/Firebase/CoreOnly/Sources
[        ]     export HOME\=/Users/vertin
[        ]     export HOST_ARCH\=arm64
[        ]     export HOST_PLATFORM\=macosx
[        ]     export ICONV\=/usr/bin/iconv
[        ]     export IMPLICIT_DEPENDENCY_DOMAIN\=default
[        ]     export INFOPLIST_ENABLE_CFBUNDLEICONS_MERGE\=YES
[        ]     export INFOPLIST_EXPAND_BUILD_SETTINGS\=YES
[        ]     export INFOPLIST_OUTPUT_FORMAT\=same-as-input
[        ]     export INFOPLIST_PREPROCESS\=NO
[        ]     export INLINE_PRIVATE_FRAMEWORKS\=NO
[        ]     export INSTALLAPI_IGNORE_SKIP_INSTALL\=YES
[        ]     export INSTALLHDRS_COPY_PHASE\=NO
[        ]     export INSTALLHDRS_SCRIPT_PHASE\=NO
[        ]     export INSTALL_DIR\=/tmp/Runner.dst
[        ]     export INSTALL_GROUP\=staff
[        ]     export INSTALL_MODE_FLAG\=u+w,go-w,a+rX
[        ]     export INSTALL_OWNER\=vertin
[        ]     export INSTALL_ROOT\=/tmp/Runner.dst
[        ]     export IOS_UNZIPPERED_TWIN_PREFIX_PATH\=/System/iOSSupport
[        ]     export IS_MACCATALYST\=NO
[        ]     export IS_UNOPTIMIZED_BUILD\=NO
[        ]     export JAVAC_DEFAULT_FLAGS\=-J-Xms64m\ -J-XX:NewSize\=4M\ -J-Dfile.encoding\=UTF8
[        ]     export JAVA_APP_STUB\=/System/Library/Frameworks/JavaVM.framework/Resources/MacOS/JavaApplicationStub
[        ]     export JAVA_ARCHIVE_CLASSES\=YES
[        ]     export JAVA_ARCHIVE_TYPE\=JAR
[        ]     export JAVA_COMPILER\=/usr/bin/javac
[        ]     export JAVA_FRAMEWORK_RESOURCES_DIRS\=Resources
[        ]     export JAVA_JAR_FLAGS\=cv
[        ]     export JAVA_SOURCE_SUBDIR\=.
[        ]     export JAVA_USE_DEPENDENCIES\=YES
[        ]     export JAVA_ZIP_FLAGS\=-urg
[        ]     export JIKES_DEFAULT_FLAGS\=+E\ +OLDCSO
[        ]     export KASAN_CFLAGS_CLASSIC\=-DKASAN\=1\ -DKASAN_CLASSIC\=1\ -fsanitize\=address\ -mllvm\ -asan-globals-live-support\ -mllvm\ -asan-force-dynamic-shadow
[        ]     export KASAN_CFLAGS_TBI\=-DKASAN\=1\ -DKASAN_TBI\=1\ -fsanitize\=kernel-hwaddress\ -mllvm\ -hwasan-recover\=0\ -mllvm\ -hwasan-instrument-atomics\=0\ -mllvm\ -hwasan-instrument-stack\=1\ -mllvm\ -hwasan-generate-tags-with-calls\=1\ -mllvm\ -hwasan-instrument-with-calls\=1\ -mllvm\ -hwasan-use-short-granules\=0\ -mllvm\ -hwasan-memory-access-callback-prefix\=__asan_
[        ]     export KASAN_DEFAULT_CFLAGS\=-DKASAN\=1\ -DKASAN_CLASSIC\=1\ -fsanitize\=address\ -mllvm\ -asan-globals-live-support\ -mllvm\ -asan-force-dynamic-shadow
[        ]     export KEEP_PRIVATE_EXTERNS\=NO
[        ]     export LD_DEPENDENCY_INFO_FILE\=/Users/vertin/Downloads/LinkedUp-Club-MacOS-Vertin-Dev/build/macos/Build/Intermediates.noindex/Runner.build/Release/Flutter\ Assemble.build/Objects-normal/undefined_arch/Flutter\ Assemble_dependency_info.dat
[        ]     export LD_EXPORT_SYMBOLS\=YES
[        ]     export LD_GENERATE_MAP_FILE\=NO
[        ]     export LD_MAP_FILE_PATH\=/Users/vertin/Downloads/LinkedUp-Club-MacOS-Vertin-Dev/build/macos/Build/Intermediates.noindex/Runner.build/Release/Flutter\ Assemble.build/Flutter\ Assemble-LinkMap-normal-undefined_arch.txt
[        ]     export LD_NO_PIE\=NO
[        ]     export LD_QUOTE_LINKER_ARGUMENTS_FOR_COMPILER_DRIVER\=YES
[        ]     export LD_RUNPATH_SEARCH_PATHS\=\ /usr/lib/swift\ \'@executable_path/../Frameworks\'\ \'@loader_path/Frameworks\'\ \"/Applications/Xcode.app/Contents/Developer/Toolchains/XcodeDefault.xctoolchain/usr/lib/swift/macosx\"
[        ]     export LD_SHARED_CACHE_ELIGIBLE\=Automatic
[        ]     export LD_WARN_DUPLICATE_LIBRARIES\=NO
[        ]     export LD_WARN_UNUSED_DYLIBS\=NO
[        ]     export LEGACY_DEVELOPER_DIR\=/Applications/Xcode.app/Contents/PlugIns/Xcode3Core.ideplugin/Contents/SharedSupport/Developer
[        ]     export LEX\=lex
[        ]     export LIBRARY_DEXT_INSTALL_PATH\=/Library/DriverExtensions
[        ]     export LIBRARY_FLAG_NOSPACE\=YES
[        ]     export LIBRARY_KEXT_INSTALL_PATH\=/Library/Extensions
[        ]     export LIBRARY_SEARCH_PATHS\=\ \"/Applications/Xcode.app/Contents/Developer/Toolchains/XcodeDefault.xctoolchain/usr/lib/swift/macosx\"\ /usr/lib/swift\ /Applications/Xcode.app/Contents/Developer/Toolchains/XcodeDefault.xctoolchain/usr/lib/swift/macosx/\ /Applications/Xcode.app/Contents/Developer/Platforms/MacOSX.platform/Developer/SDKs/MacOSX26.2.sdk/usr/lib/swift
[        ]     export LINKER_DISPLAYS_MANGLED_NAMES\=NO
[        ]     export LINK_FILE_LIST_normal_arm64\=/Users/vertin/Downloads/LinkedUp-Club-MacOS-Vertin-Dev/build/macos/Build/Intermediates.noindex/Runner.build/Release/Flutter\ Assemble.build/Objects-normal/arm64/Flutter\ Assemble.LinkFileList
[        ]     export LINK_FILE_LIST_normal_x86_64\=/Users/vertin/Downloads/LinkedUp-Club-MacOS-Vertin-Dev/build/macos/Build/Intermediates.noindex/Runner.build/Release/Flutter\ Assemble.build/Objects-normal/x86_64/Flutter\ Assemble.LinkFileList
[        ]     export LINK_OBJC_RUNTIME\=YES
[        ]     export LINK_WITH_STANDARD_LIBRARIES\=YES
[        ]     export LLVM_TARGET_TRIPLE_OS_VERSION\=macos13.0
[        ]     export LLVM_TARGET_TRIPLE_OS_VERSION_NO\=macos13.0
[        ]     export LLVM_TARGET_TRIPLE_OS_VERSION_YES\=macos26.2
[        ]     export LLVM_TARGET_TRIPLE_VENDOR\=apple
[        ]     export LM_AUX_CONST_METADATA_LIST_PATH_normal_arm64\=/Users/vertin/Downloads/LinkedUp-Club-MacOS-Vertin-Dev/build/macos/Build/Intermediates.noindex/Runner.build/Release/Flutter\ Assemble.build/Objects-normal/arm64/Flutter\ Assemble.SwiftConstValuesFileList
[        ]     export LM_AUX_CONST_METADATA_LIST_PATH_normal_x86_64\=/Users/vertin/Downloads/LinkedUp-Club-MacOS-Vertin-Dev/build/macos/Build/Intermediates.noindex/Runner.build/Release/Flutter\ Assemble.build/Objects-normal/x86_64/Flutter\ Assemble.SwiftConstValuesFileList
[        ]     export LOCALIZATION_EXPORT_SUPPORTED\=YES
[        ]     export LOCALIZATION_PREFERS_STRING_CATALOGS\=NO
[        ]     export LOCALIZED_STRING_MACRO_NAMES\=NSLocalizedString\ CFCopyLocalizedString
[        ]     export LOCALIZED_STRING_SWIFTUI_SUPPORT\=YES
[        ]     export LOCAL_ADMIN_APPS_DIR\=/Applications/Utilities
[        ]     export LOCAL_APPS_DIR\=/Applications
[        ]     export LOCAL_DEVELOPER_DIR\=/Library/Developer
[        ]     export LOCAL_LIBRARY_DIR\=/Library
[        ]     export LOCROOT\=/Users/vertin/Downloads/LinkedUp-Club-MacOS-Vertin-Dev/macos
[        ]     export LOCSYMROOT\=/Users/vertin/Downloads/LinkedUp-Club-MacOS-Vertin-Dev/macos
[        ]     export MACOSX_DEPLOYMENT_TARGET\=13.0
[        ]     export MAC_OS_X_PRODUCT_BUILD_VERSION\=25A362
[        ]     export MAC_OS_X_VERSION_ACTUAL\=260001
[        ]     export MAC_OS_X_VERSION_MAJOR\=260000
[        ]     export MAC_OS_X_VERSION_MINOR\=260000
[        ]     export MAKE_MERGEABLE\=NO
[        ]     export MERGEABLE_LIBRARY\=NO
[        ]     export MERGED_BINARY_TYPE\=none
[        ]     export MERGE_LINKED_LIBRARIES\=NO
[        ]     export METAL_LIBRARY_FILE_BASE\=default
[        ]     export METAL_LIBRARY_OUTPUT_DIR\=/Users/vertin/Downloads/LinkedUp-Club-MacOS-Vertin-Dev/build/macos/Build/Products/Release/
[        ]     export MODULE_CACHE_DIR\=/Users/vertin/Downloads/LinkedUp-Club-MacOS-Vertin-Dev/build/macos/ModuleCache.noindex
[        ]     export MTL_ENABLE_DEBUG_INFO\=NO
[        ]     export NATIVE_ARCH\=arm64
[        ]     export NATIVE_ARCH_32_BIT\=arm
[        ]     export NATIVE_ARCH_64_BIT\=arm64
[        ]     export NATIVE_ARCH_ACTUAL\=arm64
[        ]     export NO_COMMON\=YES
[        ]     export OBJECT_FILE_DIR\=/Users/vertin/Downloads/LinkedUp-Club-MacOS-Vertin-Dev/build/macos/Build/Intermediates.noindex/Runner.build/Release/Flutter\ Assemble.build/Objects
[        ]     export OBJECT_FILE_DIR_normal\=/Users/vertin/Downloads/LinkedUp-Club-MacOS-Vertin-Dev/build/macos/Build/Intermediates.noindex/Runner.build/Release/Flutter\ Assemble.build/Objects-normal
[        ]     export OBJROOT\=/Users/vertin/Downloads/LinkedUp-Club-MacOS-Vertin-Dev/build/macos/Build/Intermediates.noindex
[        ]     export ONLY_ACTIVE_ARCH\=NO
[        ]     export OS\=MACOS
[        ]     export OSAC\=/usr/bin/osacompile
[        ]     export OTHER_LDFLAGS\=\ -ObjC\ -l\"c++\"\ -l\"sqlite3\"\ -l\"z\"\ -framework\ \"AppAuth\"\ -framework\ \"AppCheckCore\"\ -framework\ \"AppKit\"\ -framework\ \"Carbon\"\ -framework\ \"CoreGraphics\"\ -framework\ \"CoreTelephony\"\ -framework\ \"CoreText\"\ -framework\ \"FBLPromises\"\ -framework\ \"FirebaseAppCheckInterop\"\ -framework\ \"FirebaseAuth\"\ -framework\ \"FirebaseAuthInterop\"\ -framework\ \"FirebaseCore\"\ -framework\ \"FirebaseCoreExtension\"\ -framework\ \"FirebaseCoreInternal\"\ -framework\ \"FirebaseFirestore\"\ -framework\ \"FirebaseFirestoreInternal\"\ -framework\ \"FirebaseFunctions\"\ -framework\ \"FirebaseInstallations\"\ -framework\ \"FirebaseMessaging\"\ -framework\ \"FirebaseMessagingInterop\"\ -framework\ \"FirebaseSharedSwift\"\ -framework\ \"FirebaseStorage\"\ -framework\ \"Foundation\"\ -framework\ \"GTMAppAuth\"\ -framework\ \"GTMSessionFetcher\"\ -framework\ \"GoogleDataTransport\"\ -framework\ \"GoogleSignIn\"\ -framework\ \"GoogleUtilities\"\ -framework\ \"LocalAuthentication\"\ -framework\ \"OrderedSet\"\ -framework\ \"Security\"\ -framework\ \"SystemConfiguration\"\ -framework\ \"ZegoExpressEngine\"\ -framework\ \"absl\"\ -framework\ \"app_badge_plus\"\ -framework\ \"app_links\"\ -framework\ \"assets_audio_player\"\ -framework\ \"assets_audio_player_web\"\ -framework\ \"audio_session\"\ -framework\ \"camera_macos\"\ -framework\ \"cloud_firestore\"\ -framework\ \"cloud_functions\"\ -framework\ \"cupertino_native\"\ -framework\ \"desktop_drop\"\ -framework\ \"device_info_plus\"\ -framework\ \"emoji_picker_flutter\"\ -framework\ \"file_picker\"\ -framework\ \"file_selector_macos\"\ -framework\ \"firebase_auth\"\ -framework\ \"firebase_core\"\ -framework\ \"firebase_messaging\"\ -framework\ \"firebase_storage\"\ -framework\ \"flutter_inappwebview_macos\"\ -framework\ \"geolocator_apple\"\ -framework\ \"google_sign_in_ios\"\ -framework\ \"grpc\"\ -framework\ \"grpcpp\"\ -framework\ \"irondash_engine_context\"\ -framework\ \"just_audio\"\ -framework\ \"leveldb\"\ -framework\ \"nanopb\"\ -framework\ \"openssl_grpc\"\ -framework\ \"package_info_plus\"\ -framework\ \"path_provider_foundation\"\ -framework\ \"pdfx\"\ -framework\ \"quill_native_bridge_macos\"\ -framework\ \"record_macos\"\ -framework\ \"share_plus\"\ -framework\ \"shared_preferences_foundation\"\ -framework\ \"sign_in_with_apple\"\ -framework\ \"sqflite\"\ -framework\ \"super_native_extensions\"\ -framework\ \"url_launcher_macos\"\ -framework\ \"video_player_avfoundation\"\ -framework\ \"wakelock_plus\"\ -framework\ \"webview_flutter_wkwebview\"\ -framework\ \"zego_express_engine\"\ -weak_framework\ \"AuthenticationServices\"\ -weak_framework\ \"DeviceCheck\"\ -weak_framework\ \"FirebaseFirestoreInternal\"\ -weak_framework\ \"UserNotifications\"
[        ]     export OTHER_SWIFT_FLAGS\=\ -D\ COCOAPODS
[        ]     export PACKAGE_CONFIG\=/Users/vertin/Downloads/LinkedUp-Club-MacOS-Vertin-Dev/.dart_tool/package_config.json
[        ]     export PASCAL_STRINGS\=YES
[        ]     export PATH\=/Applications/Xcode.app/Contents/SharedFrameworks/SwiftBuild.framework/Versions/A/PlugIns/SWBBuildService.bundle/Contents/PlugIns/SWBUniversalPlatformPlugin.bundle/Contents/Frameworks/SWBUniversalPlatform.framework/Resources:/Applications/Xcode.app/Contents/Developer/Toolchains/XcodeDefault.xctoolchain/usr/bin:/Applications/Xcode.app/Contents/Developer/Toolchains/XcodeDefault.xctoolchain/usr/local/bin:/Applications/Xcode.app/Contents/Developer/Toolchains/XcodeDefault.xctoolchain/usr/libexec:/Applications/Xcode.app/Contents/Developer/Platforms/MacOSX.platform/usr/bin:/Applications/Xcode.app/Contents/Developer/Platforms/MacOSX.platform/usr/local/bin:/Applications/Xcode.app/Contents/Developer/Platforms/MacOSX.platform/Developer/usr/bin:/Applications/Xcode.app/Contents/Developer/Platforms/MacOSX.platform/Developer/usr/local/bin:/Applications/Xcode.app/Contents/Developer/usr/bin:/Applications/Xcode.app/Contents/Developer/usr/local/bin:/Users/vertin/.gem/ruby/2.6.0/bin:/usr/local/bin:/System/Cryptexes/App/usr/bin:/usr/bin:/bin:/usr/sbin:/sbin:/var/run/com.apple.security.cryptexd/codex.system/bootstrap/usr/local/bin:/var/run/com.apple.security.cryptexd/codex.system/bootstrap/usr/bin:/var/run/com.apple.security.cryptexd/codex.system/bootstrap/usr/appleinternal/bin:/Library/Apple/usr/bin:/Users/vertin/.cargo/bin:/Users/vertin/development/flutter/bin
[        ]     export PATH_PREFIXES_EXCLUDED_FROM_HEADER_DEPENDENCIES\=/usr/include\ /usr/local/include\ /System/Library/Frameworks\ /System/Library/PrivateFrameworks\ /Applications/Xcode.app/Contents/Developer/Headers\ /Applications/Xcode.app/Contents/Developer/SDKs\ /Applications/Xcode.app/Contents/Developer/Platforms
[        ]     export PER_ARCH_MODULE_FILE_DIR\=/Users/vertin/Downloads/LinkedUp-Club-MacOS-Vertin-Dev/build/macos/Build/Intermediates.noindex/Runner.build/Release/Flutter\ Assemble.build/Objects-normal/undefined_arch
[        ]     export PER_ARCH_OBJECT_FILE_DIR\=/Users/vertin/Downloads/LinkedUp-Club-MacOS-Vertin-Dev/build/macos/Build/Intermediates.noindex/Runner.build/Release/Flutter\ Assemble.build/Objects-normal/undefined_arch
[        ]     export PER_VARIANT_OBJECT_FILE_DIR\=/Users/vertin/Downloads/LinkedUp-Club-MacOS-Vertin-Dev/build/macos/Build/Intermediates.noindex/Runner.build/Release/Flutter\ Assemble.build/Objects-normal
[        ]     export PKGINFO_FILE_PATH\=/Users/vertin/Downloads/LinkedUp-Club-MacOS-Vertin-Dev/build/macos/Build/Intermediates.noindex/Runner.build/Release/Flutter\ Assemble.build/PkgInfo
[        ]     export PLATFORM_DEVELOPER_APPLICATIONS_DIR\=/Applications/Xcode.app/Contents/Developer/Applications
[        ]     export PLATFORM_DEVELOPER_BIN_DIR\=/Applications/Xcode.app/Contents/Developer/usr/bin
[        ]     export PLATFORM_DEVELOPER_LIBRARY_DIR\=/Applications/Xcode.app/Contents/Developer/Library
[        ]     export PLATFORM_DEVELOPER_SDK_DIR\=/Applications/Xcode.app/Contents/Developer/Platforms/MacOSX.platform/Developer/SDKs
[        ]     export PLATFORM_DEVELOPER_TOOLS_DIR\=/Applications/Xcode.app/Contents/Developer/Tools
[        ]     export PLATFORM_DEVELOPER_USR_DIR\=/Applications/Xcode.app/Contents/Developer/usr
[        ]     export PLATFORM_DIR\=/Applications/Xcode.app/Contents/Developer/Platforms/MacOSX.platform
[        ]     export PLATFORM_DISPLAY_NAME\=macOS
[        ]     export PLATFORM_FAMILY_NAME\=macOS
[        ]     export PLATFORM_NAME\=macosx
[        ]     export PLATFORM_PREFERRED_ARCH\=x86_64
[        ]     export PLATFORM_PRODUCT_BUILD_VERSION\=25C57
[        ]     export PLATFORM_REQUIRES_SWIFT_AUTOLINK_EXTRACT\=NO
[        ]     export PLATFORM_REQUIRES_SWIFT_MODULEWRAP\=NO
[        ]     export PLIST_FILE_OUTPUT_FORMAT\=same-as-input
[        ]     export PODS_BUILD_DIR\=/Users/vertin/Downloads/LinkedUp-Club-MacOS-Vertin-Dev/build/macos/Build/Products
[        ]     export PODS_CONFIGURATION_BUILD_DIR\=/Users/vertin/Downloads/LinkedUp-Club-MacOS-Vertin-Dev/build/macos/Build/Products/Release
[        ]     export PODS_PODFILE_DIR_PATH\=/Users/vertin/Downloads/LinkedUp-Club-MacOS-Vertin-Dev/macos/.
[        ]     export PODS_ROOT\=/Users/vertin/Downloads/LinkedUp-Club-MacOS-Vertin-Dev/macos/Pods
[        ]     export PODS_XCFRAMEWORKS_BUILD_DIR\=/Users/vertin/Downloads/LinkedUp-Club-MacOS-Vertin-Dev/build/macos/Build/Products/Release/XCFrameworkIntermediates
[        ]     export PRECOMPS_INCLUDE_HEADERS_FROM_BUILT_PRODUCTS_DIR\=YES
[        ]     export PRECOMP_DESTINATION_DIR\=/Users/vertin/Downloads/LinkedUp-Club-MacOS-Vertin-Dev/build/macos/Build/Intermediates.noindex/Runner.build/Release/Flutter\ Assemble.build/PrefixHeaders
[        ]     export PROCESSED_INFOPLIST_PATH\=/Users/vertin/Downloads/LinkedUp-Club-MacOS-Vertin-Dev/build/macos/Build/Intermediates.noindex/Runner.build/Release/Flutter\ Assemble.build/Objects-normal/undefined_arch/Processed-Info.plist
[        ]     export PRODUCT_BUNDLE_IDENTIFIER\=com.linkedup.club
[        ]     export PRODUCT_MODULE_NAME\=Flutter_Assemble
[        ]     export PRODUCT_NAME\=Flutter\ Assemble
[        ]     export PRODUCT_SETTINGS_PATH\=
[        ]     export PROFILING_CODE\=NO
[        ]     export PROJECT\=Runner
[        ]     export PROJECT_DERIVED_FILE_DIR\=/Users/vertin/Downloads/LinkedUp-Club-MacOS-Vertin-Dev/build/macos/Build/Intermediates.noindex/Runner.build/DerivedSources
[        ]     export PROJECT_DIR\=/Users/vertin/Downloads/LinkedUp-Club-MacOS-Vertin-Dev/macos
[        ]     export PROJECT_FILE_PATH\=/Users/vertin/Downloads/LinkedUp-Club-MacOS-Vertin-Dev/macos/Runner.xcodeproj
[        ]     export PROJECT_GUID\=18c1723432283e0cc55f10a6dcfd9e02
[        ]     export PROJECT_NAME\=Runner
[        ]     export PROJECT_TEMP_DIR\=/Users/vertin/Downloads/LinkedUp-Club-MacOS-Vertin-Dev/build/macos/Build/Intermediates.noindex/Runner.build
[        ]     export PROJECT_TEMP_ROOT\=/Users/vertin/Downloads/LinkedUp-Club-MacOS-Vertin-Dev/build/macos/Build/Intermediates.noindex
[        ]     export RECOMMENDED_MACOSX_DEPLOYMENT_TARGET\=11.0
[        ]     export RECURSIVE_SEARCH_PATHS_FOLLOW_SYMLINKS\=YES
[        ]     export REMOVE_CVS_FROM_RESOURCES\=YES
[        ]     export REMOVE_GIT_FROM_RESOURCES\=YES
[        ]     export REMOVE_HEADERS_FROM_EMBEDDED_BUNDLES\=YES
[        ]     export REMOVE_HG_FROM_RESOURCES\=YES
[        ]     export REMOVE_STATIC_EXECUTABLES_FROM_EMBEDDED_BUNDLES\=YES
[        ]     export REMOVE_SVN_FROM_RESOURCES\=YES
[        ]     export RESCHEDULE_INDEPENDENT_HEADERS_PHASES\=YES
[        ]     export REZ_COLLECTOR_DIR\=/Users/vertin/Downloads/LinkedUp-Club-MacOS-Vertin-Dev/build/macos/Build/Intermediates.noindex/Runner.build/Release/Flutter\ Assemble.build/ResourceManagerResources
[        ]     export REZ_OBJECTS_DIR\=/Users/vertin/Downloads/LinkedUp-Club-MacOS-Vertin-Dev/build/macos/Build/Intermediates.noindex/Runner.build/Release/Flutter\ Assemble.build/ResourceManagerResources/Objects
[        ]     export RUNTIME_EXCEPTION_ALLOW_DYLD_ENVIRONMENT_VARIABLES\=NO
[        ]     export RUNTIME_EXCEPTION_ALLOW_JIT\=NO
[        ]     export RUNTIME_EXCEPTION_ALLOW_UNSIGNED_EXECUTABLE_MEMORY\=NO
[        ]     export RUNTIME_EXCEPTION_DEBUGGING_TOOL\=NO
[        ]     export RUNTIME_EXCEPTION_DISABLE_EXECUTABLE_PAGE_PROTECTION\=NO
[        ]     export RUNTIME_EXCEPTION_DISABLE_LIBRARY_VALIDATION\=NO
[        ]     export SCAN_ALL_SOURCE_FILES_FOR_INCLUDES\=NO
[        ]     export SCRIPT_INPUT_FILE_0\=/Users/vertin/Downloads/LinkedUp-Club-MacOS-Vertin-Dev/macos/Flutter/ephemeral/tripwire
[        ]     export SCRIPT_INPUT_FILE_COUNT\=1
[        ]     export SCRIPT_INPUT_FILE_LIST_0\=/Users/vertin/Downloads/LinkedUp-Club-MacOS-Vertin-Dev/build/macos/Build/Intermediates.noindex/Runner.build/Release/Flutter\ Assemble.build/InputFileList-33CC111E2044C6BF0003C045-FlutterInputs-d04a3dd6eb436ef04e48ad68845cdc44-resolved.xcfilelist
[        ]     export SCRIPT_INPUT_FILE_LIST_COUNT\=1
[        ]     export SCRIPT_OUTPUT_FILE_COUNT\=0
[        ]     export SCRIPT_OUTPUT_FILE_LIST_0\=/Users/vertin/Downloads/LinkedUp-Club-MacOS-Vertin-Dev/build/macos/Build/Intermediates.noindex/Runner.build/Release/Flutter\ Assemble.build/OutputFileList-33CC111E2044C6BF0003C045-FlutterOutputs-9cee4d4281efe2c8fe1207c4c1e71afe-resolved.xcfilelist
[        ]     export SCRIPT_OUTPUT_FILE_LIST_COUNT\=1
[        ]     export SDKROOT\=/Applications/Xcode.app/Contents/Developer/Platforms/MacOSX.platform/Developer/SDKs/MacOSX26.2.sdk
[        ]     export SDK_DIR\=/Applications/Xcode.app/Contents/Developer/Platforms/MacOSX.platform/Developer/SDKs/MacOSX26.2.sdk
[        ]     export SDK_DIR_macosx\=/Applications/Xcode.app/Contents/Developer/Platforms/MacOSX.platform/Developer/SDKs/MacOSX26.2.sdk
[        ]     export SDK_DIR_macosx26_2\=/Applications/Xcode.app/Contents/Developer/Platforms/MacOSX.platform/Developer/SDKs/MacOSX26.2.sdk
[        ]     export SDK_NAME\=macosx26.2
[        ]     export SDK_NAMES\=macosx26.2
[        ]     export SDK_PRODUCT_BUILD_VERSION\=25C57
[        ]     export SDK_STAT_CACHE_DIR\=/Users/vertin/Downloads/LinkedUp-Club-MacOS-Vertin-Dev/build/macos
[        ]     export SDK_STAT_CACHE_ENABLE\=YES
[        ]     export SDK_STAT_CACHE_PATH\=/Users/vertin/Downloads/LinkedUp-Club-MacOS-Vertin-Dev/build/macos/SDKStatCaches.noindex/macosx26.2-25C57-00fa09913b459cbbc988d1f6730289ae.sdkstatcache
[        ]     export SDK_VERSION\=26.2
[        ]     export SDK_VERSION_ACTUAL\=260200
[        ]     export SDK_VERSION_MAJOR\=260000
[        ]     export SDK_VERSION_MINOR\=260200
[        ]     export SED\=/usr/bin/sed
[        ]     export SEPARATE_STRIP\=NO
[        ]     export SEPARATE_SYMBOL_EDIT\=NO
[        ]     export SET_DIR_MODE_OWNER_GROUP\=YES
[        ]     export SET_FILE_MODE_OWNER_GROUP\=NO
[        ]     export SHALLOW_BUNDLE\=NO
[        ]     export SHARED_DERIVED_FILE_DIR\=/Users/vertin/Downloads/LinkedUp-Club-MacOS-Vertin-Dev/build/macos/Build/Products/Release/DerivedSources
[        ]     export SHARED_PRECOMPS_DIR\=/Users/vertin/Downloads/LinkedUp-Club-MacOS-Vertin-Dev/build/macos/Build/Intermediates.noindex/PrecompiledHeaders
[        ]     export SKIP_INSTALL\=YES
[        ]     export SOURCE_ROOT\=/Users/vertin/Downloads/LinkedUp-Club-MacOS-Vertin-Dev/macos
[        ]     export SRCROOT\=/Users/vertin/Downloads/LinkedUp-Club-MacOS-Vertin-Dev/macos
[        ]     export STRINGSDATA_DIR\=/Users/vertin/Downloads/LinkedUp-Club-MacOS-Vertin-Dev/build/macos/Build/Intermediates.noindex/Runner.build/Release/Flutter\ Assemble.build/Objects-normal/undefined_arch
[        ]     export STRINGSDATA_ROOT\=/Users/vertin/Downloads/LinkedUp-Club-MacOS-Vertin-Dev/build/macos/Build/Intermediates.noindex/Runner.build/Release/Flutter\ Assemble.build
[        ]     export STRINGS_FILE_INFOPLIST_RENAME\=YES
[        ]     export STRINGS_FILE_OUTPUT_ENCODING\=UTF-16
[        ]     export STRING_CATALOG_GENERATE_SYMBOLS\=NO
[        ]     export STRIP_BITCODE_FROM_COPIED_FILES\=NO
[        ]     export STRIP_INSTALLED_PRODUCT\=YES
[        ]     export STRIP_PNG_TEXT\=NO
[        ]     export STRIP_STYLE\=all
[        ]     export STRIP_SWIFT_SYMBOLS\=YES
[        ]     export SUPPORTED_PLATFORMS\=macosx
[        ]     export SUPPORTS_TEXT_BASED_API\=NO
[        ]     export SUPPRESS_WARNINGS\=NO
[        ]     export SWIFT_COMPILATION_MODE\=wholemodule
[        ]     export SWIFT_EMIT_CONST_VALUE_PROTOCOLS\=AppIntent\ EntityQuery\ AppEntity\ TransientEntity\ AppEnum\ AppShortcutProviding\ AppShortcutsProvider\ AnyResolverProviding\ AppIntentsPackage\ DynamicOptionsProvider\ _IntentValueRepresentable\ _AssistantIntentsProvider\ _GenerativeFunctionExtractable\ IntentValueQuery\ Resolver\ AppExtension\ ExtensionPointDefining
[        ]     export SWIFT_EMIT_LOC_STRINGS\=NO
[        ]     export SWIFT_ENABLE_EXPLICIT_MODULES\=YES
[        ]     export SWIFT_OPTIMIZATION_LEVEL\=-O
[        ]     export SWIFT_PLATFORM_TARGET_PREFIX\=macos
[        ]     export SWIFT_RESPONSE_FILE_PATH_normal_arm64\=/Users/vertin/Downloads/LinkedUp-Club-MacOS-Vertin-Dev/build/macos/Build/Intermediates.noindex/Runner.build/Release/Flutter\ Assemble.build/Objects-normal/arm64/Flutter\ Assemble.SwiftFileList
[        ]     export SWIFT_RESPONSE_FILE_PATH_normal_x86_64\=/Users/vertin/Downloads/LinkedUp-Club-MacOS-Vertin-Dev/build/macos/Build/Intermediates.noindex/Runner.build/Release/Flutter\ Assemble.build/Objects-normal/x86_64/Flutter\ Assemble.SwiftFileList
[        ]     export SYMROOT\=/Users/vertin/Downloads/LinkedUp-Club-MacOS-Vertin-Dev/build/macos/Build/Products
[        ]     export SYSTEM_ADMIN_APPS_DIR\=/Applications/Utilities
[        ]     export SYSTEM_APPS_DIR\=/Applications
[        ]     export SYSTEM_CORE_SERVICES_DIR\=/System/Library/CoreServices
[        ]     export SYSTEM_DEMOS_DIR\=/Applications/Extras
[        ]     export SYSTEM_DEVELOPER_APPS_DIR\=/Applications/Xcode.app/Contents/Developer/Applications
[        ]     export SYSTEM_DEVELOPER_BIN_DIR\=/Applications/Xcode.app/Contents/Developer/usr/bin
[        ]     export SYSTEM_DEVELOPER_DEMOS_DIR\=/Applications/Xcode.app/Contents/Developer/Applications/Utilities/Built\ Examples
[        ]     export SYSTEM_DEVELOPER_DIR\=/Applications/Xcode.app/Contents/Developer
[        ]     export SYSTEM_DEVELOPER_DOC_DIR\=/Applications/Xcode.app/Contents/Developer/ADC\ Reference\ Library
[        ]     export SYSTEM_DEVELOPER_GRAPHICS_TOOLS_DIR\=/Applications/Xcode.app/Contents/Developer/Applications/Graphics\ Tools
[        ]     export SYSTEM_DEVELOPER_JAVA_TOOLS_DIR\=/Applications/Xcode.app/Contents/Developer/Applications/Java\ Tools
[        ]     export SYSTEM_DEVELOPER_PERFORMANCE_TOOLS_DIR\=/Applications/Xcode.app/Contents/Developer/Applications/Performance\ Tools
[        ]     export SYSTEM_DEVELOPER_RELEASENOTES_DIR\=/Applications/Xcode.app/Contents/Developer/ADC\ Reference\ Library/releasenotes
[        ]     export SYSTEM_DEVELOPER_TOOLS\=/Applications/Xcode.app/Contents/Developer/Tools
[        ]     export SYSTEM_DEVELOPER_TOOLS_DOC_DIR\=/Applications/Xcode.app/Contents/Developer/ADC\ Reference\ Library/documentation/DeveloperTools
[        ]     export SYSTEM_DEVELOPER_TOOLS_RELEASENOTES_DIR\=/Applications/Xcode.app/Contents/Developer/ADC\ Reference\ Library/releasenotes/DeveloperTools
[        ]     export SYSTEM_DEVELOPER_USR_DIR\=/Applications/Xcode.app/Contents/Developer/usr
[        ]     export SYSTEM_DEVELOPER_UTILITIES_DIR\=/Applications/Xcode.app/Contents/Developer/Applications/Utilities
[        ]     export SYSTEM_DEXT_INSTALL_PATH\=/System/Library/DriverExtensions
[        ]     export SYSTEM_DOCUMENTATION_DIR\=/Library/Documentation
[        ]     export SYSTEM_KEXT_INSTALL_PATH\=/System/Library/Extensions
[        ]     export SYSTEM_LIBRARY_DIR\=/System/Library
[        ]     export TAPI_DEMANGLE\=YES
[        ]     export TAPI_ENABLE_PROJECT_HEADERS\=NO
[        ]     export TAPI_LANGUAGE\=objective-c
[        ]     export TAPI_LANGUAGE_STANDARD\=compiler-default
[        ]     export TAPI_USE_SRCROOT\=YES
[        ]     export TAPI_VERIFY_MODE\=Pedantic
[        ]     export TARGETNAME\=Flutter\ Assemble
[        ]     export TARGET_BUILD_DIR\=/Users/vertin/Downloads/LinkedUp-Club-MacOS-Vertin-Dev/build/macos/Build/Products/Release
[        ]     export TARGET_NAME\=Flutter\ Assemble
[        ]     export TARGET_TEMP_DIR\=/Users/vertin/Downloads/LinkedUp-Club-MacOS-Vertin-Dev/build/macos/Build/Intermediates.noindex/Runner.build/Release/Flutter\ Assemble.build
[        ]     export TEMP_DIR\=/Users/vertin/Downloads/LinkedUp-Club-MacOS-Vertin-Dev/build/macos/Build/Intermediates.noindex/Runner.build/Release/Flutter\ Assemble.build
[        ]     export TEMP_FILES_DIR\=/Users/vertin/Downloads/LinkedUp-Club-MacOS-Vertin-Dev/build/macos/Build/Intermediates.noindex/Runner.build/Release/Flutter\ Assemble.build
[        ]     export TEMP_FILE_DIR\=/Users/vertin/Downloads/LinkedUp-Club-MacOS-Vertin-Dev/build/macos/Build/Intermediates.noindex/Runner.build/Release/Flutter\ Assemble.build
[        ]     export TEMP_ROOT\=/Users/vertin/Downloads/LinkedUp-Club-MacOS-Vertin-Dev/build/macos/Build/Intermediates.noindex
[        ]     export TEMP_SANDBOX_DIR\=/Users/vertin/Downloads/LinkedUp-Club-MacOS-Vertin-Dev/build/macos/Build/Intermediates.noindex/TemporaryTaskSandboxes
[        ]     export TEST_FRAMEWORK_SEARCH_PATHS\=\ /Applications/Xcode.app/Contents/Developer/Platforms/MacOSX.platform/Developer/Library/Frameworks
[        ]     export TEST_LIBRARY_SEARCH_PATHS\=\ /Applications/Xcode.app/Contents/Developer/Platforms/MacOSX.platform/Developer/usr/lib
[        ]     export TOOLCHAINS\=com.apple.dt.toolchain.XcodeDefault
[        ]     export TOOLCHAIN_DIR\=/Applications/Xcode.app/Contents/Developer/Toolchains/XcodeDefault.xctoolchain
[        ]     export TRACK_WIDGET_CREATION\=true
[        ]     export TREAT_MISSING_BASELINES_AS_TEST_FAILURES\=NO
[        ]     export TREAT_MISSING_SCRIPT_PHASE_OUTPUTS_AS_ERRORS\=NO
[        ]     export TREE_SHAKE_ICONS\=true
[        ]     export UID\=501
[        ]     export UNINSTALLED_PRODUCTS_DIR\=/Users/vertin/Downloads/LinkedUp-Club-MacOS-Vertin-Dev/build/macos/Build/Intermediates.noindex/UninstalledProducts
[        ]     export UNSTRIPPED_PRODUCT\=NO
[        ]     export USER\=vertin
[        ]     export USER_APPS_DIR\=/Users/vertin/Applications
[        ]     export USER_LIBRARY_DIR\=/Users/vertin/Library
[        ]     export USE_DYNAMIC_NO_PIC\=YES
[        ]     export USE_HEADERMAP\=YES
[        ]     export USE_HEADER_SYMLINKS\=NO
[        ]     export USE_RECURSIVE_SCRIPT_INPUTS_IN_SCRIPT_PHASES\=YES
[        ]     export VALIDATE_DEVELOPMENT_ASSET_PATHS\=YES_ERROR
[        ]     export VALIDATE_PRODUCT\=NO
[        ]     export VALID_ARCHS\=arm64\ arm64e\ i386\ x86_64
[        ]     export VERBOSE_PBXCP\=NO
[        ]     export VERBOSE_SCRIPT_LOGGING\=YES
[        ]     export VERSION_INFO_BUILDER\=vertin
[        ]     export VERSION_INFO_FILE\=Flutter\ Assemble_vers.c
[        ]     export VERSION_INFO_STRING\=\"@\(\#\)PROGRAM:Flutter\ Assemble\ \ PROJECT:Runner-\"
[        ]     export WARNING_CFLAGS\=-Wall\ -Wconditional-uninitialized\ -Wnullable-to-nonnull-conversion\ -Wmissing-method-return-type\ -Woverlength-strings
[        ]     export WORKSPACE_DIR\=/Users/vertin/Downloads/LinkedUp-Club-MacOS-Vertin-Dev/macos
[        ]     export WRAP_ASSET_PACKS_IN_SEPARATE_DIRECTORIES\=NO
[        ]     export XCODE_APP_SUPPORT_DIR\=/Applications/Xcode.app/Contents/Developer/Library/Xcode
[        ]     export XCODE_PRODUCT_BUILD_VERSION\=17C52
[        ]     export XCODE_VERSION_ACTUAL\=2620
[        ]     export XCODE_VERSION_MAJOR\=2600
[        ]     export XCODE_VERSION_MINOR\=2620
[        ]     export XPCSERVICES_FOLDER_PATH\=/XPCServices
[        ]     export YACC\=yacc
[        ]     export _BOOL_\=NO
[        ]     export _BOOL_NO\=NO
[        ]     export _BOOL_YES\=YES
[        ]     export _DEVELOPMENT_TEAM_IS_EMPTY\=YES
[        ]     export _DISCOVER_COMMAND_LINE_LINKER_INPUTS\=YES
[        ]     export _DISCOVER_COMMAND_LINE_LINKER_INPUTS_INCLUDE_WL\=YES
[        ]     export _IS_EMPTY_\=YES
[        ]     export _LD_MULTIARCH\=YES
[        ]     export _MACOSX_DEPLOYMENT_TARGET_IS_EMPTY\=NO
[        ]     export __DIAGNOSE_DEPRECATED_ARCHS\=YES
[        ]     export arch\=undefined_arch
[        ]     export variant\=normal
[        ]     /bin/sh -c /Users/vertin/Downloads/LinkedUp-Club-MacOS-Vertin-Dev/build/macos/Build/Intermediates.noindex/Runner.build/Release/Flutter\\\ Assemble.build/Script-33CC111E2044C6BF0003C045.sh
[+5600 ms] ♦ /Users/vertin/development/flutter/bin/flutter --verbose assemble --no-version-check --output=/Users/vertin/Downloads/LinkedUp-Club-MacOS-Vertin-Dev/build/macos/Build/Products/Release/ -dTargetPlatform=darwin -dTargetFile=lib/main.dart -dBuildMode=release -dConfiguration=Release -dDarwinArchs=arm64 x86_64 -dSdkRoot=/Applications/Xcode.app/Contents/Developer/Platforms/MacOSX.platform/Developer/SDKs/MacOSX26.2.sdk -dSplitDebugInfo= -dTreeShakeIcons=true -dTrackWidgetCreation=true -dDartObfuscation=false -dAction=build -dFrontendServerStarterPath= --ExtraGenSnapshotOptions= --DartDefines=RkxVVFRFUl9WRVJTSU9OPTMuMzguOQ==,RkxVVFRFUl9DSEFOTkVMPXN0YWJsZQ==,RkxVVFRFUl9HSVRfVVJMPWh0dHBzOi8vZ2l0aHViLmNvbS9mbHV0dGVyL2ZsdXR0ZXIuZ2l0,RkxVVFRFUl9GUkFNRVdPUktfUkVWSVNJT049NjczMjNkZTI4NQ==,RkxVVFRFUl9FTkdJTkVfUkVWSVNJT049NTg3YzE4Zjg3Mw==,RkxVVFRFUl9EQVJUX1ZFUlNJT049My4xMC44 --ExtraFrontEndOptions= -dSrcRoot=/Users/vertin/Downloads/LinkedUp-Club-MacOS-Vertin-Dev/macos --build-inputs=/Users/vertin/Downloads/LinkedUp-Club-MacOS-Vertin-Dev/macos/Flutter/ephemeral/FlutterInputs.xcfilelist --build-outputs=/Users/vertin/Downloads/LinkedUp-Club-MacOS-Vertin-Dev/macos/Flutter/ephemeral/FlutterOutputs.xcfilelist release_macos_bundle_flutter_assets
[        ] [  +29 ms] Unable to locate an Android SDK.
[        ] [   +5 ms] executing: sysctl hw.optional.arm64
[        ] [   +4 ms] Exit code 0 from: sysctl hw.optional.arm64
[        ] [        ] hw.optional.arm64: 1
[        ] [   +6 ms] Artifact Instance of 'MaterialFonts' is not required, skipping update.
[        ] [        ] Artifact Instance of 'GradleWrapper' is not required, skipping update.
[        ] [        ] Artifact Instance of 'AndroidGenSnapshotArtifacts' is not required, skipping update.
[        ] [        ] Artifact Instance of 'AndroidInternalBuildArtifacts' is not required, skipping update.
[        ] [        ] Artifact Instance of 'IOSEngineArtifacts' is not required, skipping update.
[        ] [        ] Artifact Instance of 'FlutterWebSdk' is not required, skipping update.
[        ] [        ] Artifact Instance of 'LegacyCanvasKitRemover' is not required, skipping update.
[        ] [        ] Artifact Instance of 'FlutterSdk' is not required, skipping update.
[        ] [        ] Artifact Instance of 'WindowsEngineArtifacts' is not required, skipping update.
[        ] [        ] Artifact Instance of 'MacOSEngineArtifacts' is not required, skipping update.
[        ] [        ] Artifact Instance of 'LinuxEngineArtifacts' is not required, skipping update.
[        ] [        ] Artifact Instance of 'LinuxFuchsiaSDKArtifacts' is not required, skipping update.
[        ] [        ] Artifact Instance of 'MacOSFuchsiaSDKArtifacts' is not required, skipping update.
[        ] [        ] Artifact Instance of 'FlutterRunnerSDKArtifacts' is not required, skipping update.
[        ] [        ] Artifact Instance of 'FlutterRunnerDebugSymbols' is not required, skipping update.
[        ] [        ] Artifact Instance of 'IosUsbArtifacts' is not required, skipping update.
[        ] [        ] Artifact Instance of 'IosUsbArtifacts' is not required, skipping update.
[        ] [        ] Artifact Instance of 'IosUsbArtifacts' is not required, skipping update.
[        ] [        ] Artifact Instance of 'IosUsbArtifacts' is not required, skipping update.
[        ] [        ] Artifact Instance of 'IosUsbArtifacts' is not required, skipping update.
[        ] [        ] Artifact Instance of 'IosUsbArtifacts' is not required, skipping update.
[        ] [        ] Artifact Instance of 'FontSubsetArtifacts' is not required, skipping update.
[        ] [        ] Artifact Instance of 'PubDependencies' is not required, skipping update.
[        ] [   +4 ms] Artifact Instance of 'AndroidGenSnapshotArtifacts' is not required, skipping update.
[        ] [        ] Artifact Instance of 'AndroidInternalBuildArtifacts' is not required, skipping update.
[        ] [        ] Artifact Instance of 'IOSEngineArtifacts' is not required, skipping update.
[        ] [        ] Artifact Instance of 'FlutterWebSdk' is not required, skipping update.
[        ] [        ] Artifact Instance of 'FlutterEngineStamp' is not required, skipping update.
[        ] [        ] Artifact Instance of 'LegacyCanvasKitRemover' is not required, skipping update.
[        ] [        ] Artifact Instance of 'WindowsEngineArtifacts' is not required, skipping update.
[        ] [        ] Artifact Instance of 'MacOSEngineArtifacts' is not required, skipping update.
[        ] [        ] Artifact Instance of 'LinuxEngineArtifacts' is not required, skipping update.
[        ] [        ] Artifact Instance of 'LinuxFuchsiaSDKArtifacts' is not required, skipping update.
[        ] [        ] Artifact Instance of 'MacOSFuchsiaSDKArtifacts' is not required, skipping update.
[        ] [        ] Artifact Instance of 'FlutterRunnerSDKArtifacts' is not required, skipping update.
[        ] [        ] Artifact Instance of 'FlutterRunnerDebugSymbols' is not required, skipping update.
[        ] [  +28 ms] Artifact Instance of 'MaterialFonts' is not required, skipping update.
[        ] [        ] Artifact Instance of 'GradleWrapper' is not required, skipping update.
[        ] [        ] Artifact Instance of 'AndroidGenSnapshotArtifacts' is not required, skipping update.
[        ] [        ] Artifact Instance of 'AndroidInternalBuildArtifacts' is not required, skipping update.
[        ] [        ] Artifact Instance of 'IOSEngineArtifacts' is not required, skipping update.
[        ] [        ] Artifact Instance of 'FlutterWebSdk' is not required, skipping update.
[        ] [        ] Artifact Instance of 'FlutterEngineStamp' is not required, skipping update.
[        ] [        ] Artifact Instance of 'LegacyCanvasKitRemover' is not required, skipping update.
[        ] [        ] Artifact Instance of 'FlutterSdk' is not required, skipping update.
[        ] [        ] Artifact Instance of 'WindowsEngineArtifacts' is not required, skipping update.
[        ] [        ] Artifact Instance of 'LinuxEngineArtifacts' is not required, skipping update.
[        ] [        ] Artifact Instance of 'LinuxFuchsiaSDKArtifacts' is not required, skipping update.
[        ] [        ] Artifact Instance of 'MacOSFuchsiaSDKArtifacts' is not required, skipping update.
[        ] [        ] Artifact Instance of 'FlutterRunnerSDKArtifacts' is not required, skipping update.
[        ] [        ] Artifact Instance of 'FlutterRunnerDebugSymbols' is not required, skipping update.
[        ] [        ] Artifact Instance of 'IosUsbArtifacts' is not required, skipping update.
[        ] [        ] Artifact Instance of 'IosUsbArtifacts' is not required, skipping update.
[        ] [        ] Artifact Instance of 'IosUsbArtifacts' is not required, skipping update.
[        ] [        ] Artifact Instance of 'IosUsbArtifacts' is not required, skipping update.
[        ] [        ] Artifact Instance of 'IosUsbArtifacts' is not required, skipping update.
[        ] [        ] Artifact Instance of 'IosUsbArtifacts' is not required, skipping update.
[        ] [        ] Artifact Instance of 'FontSubsetArtifacts' is not required, skipping update.
[        ] [        ] Artifact Instance of 'PubDependencies' is not required, skipping update.
[        ] [  +16 ms] Initializing file store
[        ] [  +11 ms] Done initializing file store
[        ] [  +48 ms] Skipping target: gen_dart_plugin_registrant
[        ] [   +1 ms] Skipping target: dart_build
[        ] [+2119 ms] Skipping target: release_unpack_macos
[        ] [        ] Skipping target: gen_localizations
[        ] [        ] Skipping target: install_code_assets
[        ] [+1322 ms] Skipping target: kernel_snapshot_program
[        ] [ +285 ms] Skipping target: compile_macos_framework
[        ] [   +1 ms] invalidated build due to missing files: /Users/vertin/Downloads/LinkedUp-Club-MacOS-Vertin-Dev/DOES_NOT_EXIST_RERUN_FOR_WILDCARD642303073
[        ] [ +464 ms] release_macos_bundle_flutter_assets: Starting due to {InvalidatedReasonKind.inputMissing: The following inputs were missing: /Users/vertin/Downloads/LinkedUp-Club-MacOS-Vertin-Dev/DOES_NOT_EXIST_RERUN_FOR_WILDCARD642303073}
[        ] [ +180 ms] Manifest contained wildcard assets. Inserting missing file into build graph to force rerun. for more information see #56466.
[        ] [   +6 ms] shaderc command: [/Users/vertin/development/flutter/bin/cache/artifacts/engine/darwin-x64/impellerc, --sksl, --runtime-stage-metal, --iplr, --sl=/Users/vertin/Downloads/LinkedUp-Club-MacOS-Vertin-Dev/build/macos/Build/Products/Release/App.framework/Versions/A/Resources/flutter_assets/packages/oc_liquid_glass/shaders/liquid_glass.frag, --spirv=/Users/vertin/Downloads/LinkedUp-Club-MacOS-Vertin-Dev/build/macos/Build/Products/Release/App.framework/Versions/A/Resources/flutter_assets/packages/oc_liquid_glass/shaders/liquid_glass.frag.spirv, --input=/Users/vertin/.pub-cache/hosted/pub.dev/oc_liquid_glass-0.2.1/shaders/liquid_glass.frag, --input-type=frag, --include=/Users/vertin/.pub-cache/hosted/pub.dev/oc_liquid_glass-0.2.1/shaders, --include=/Users/vertin/development/flutter/bin/cache/artifacts/engine/darwin-x64/shader_lib]
[        ] [        ] shaderc command: [/Users/vertin/development/flutter/bin/cache/artifacts/engine/darwin-x64/impellerc, --sksl, --runtime-stage-metal, --iplr, --sl=/Users/vertin/Downloads/LinkedUp-Club-MacOS-Vertin-Dev/build/macos/Build/Products/Release/App.framework/Versions/A/Resources/flutter_assets/packages/liquid_glass_renderer/lib/assets/shaders/liquid_glass_geometry_blended.frag, --spirv=/Users/vertin/Downloads/LinkedUp-Club-MacOS-Vertin-Dev/build/macos/Build/Products/Release/App.framework/Versions/A/Resources/flutter_assets/packages/liquid_glass_renderer/lib/assets/shaders/liquid_glass_geometry_blended.frag.spirv, --input=/Users/vertin/.pub-cache/hosted/pub.dev/liquid_glass_renderer-0.2.0-dev.4/lib/assets/shaders/liquid_glass_geometry_blended.frag, --input-type=frag, --include=/Users/vertin/.pub-cache/hosted/pub.dev/liquid_glass_renderer-0.2.0-dev.4/lib/assets/shaders, --include=/Users/vertin/development/flutter/bin/cache/artifacts/engine/darwin-x64/shader_lib]
[        ] [        ] shaderc command: [/Users/vertin/development/flutter/bin/cache/artifacts/engine/darwin-x64/impellerc, --sksl, --runtime-stage-metal, --iplr, --sl=/Users/vertin/Downloads/LinkedUp-Club-MacOS-Vertin-Dev/build/macos/Build/Products/Release/App.framework/Versions/A/Resources/flutter_assets/packages/liquid_glass_renderer/lib/assets/shaders/liquid_glass_filter.frag, --spirv=/Users/vertin/Downloads/LinkedUp-Club-MacOS-Vertin-Dev/build/macos/Build/Products/Release/App.framework/Versions/A/Resources/flutter_assets/packages/liquid_glass_renderer/lib/assets/shaders/liquid_glass_filter.frag.spirv, --input=/Users/vertin/.pub-cache/hosted/pub.dev/liquid_glass_renderer-0.2.0-dev.4/lib/assets/shaders/liquid_glass_filter.frag, --input-type=frag, --include=/Users/vertin/.pub-cache/hosted/pub.dev/liquid_glass_renderer-0.2.0-dev.4/lib/assets/shaders, --include=/Users/vertin/development/flutter/bin/cache/artifacts/engine/darwin-x64/shader_lib]
[        ] [        ] shaderc command: [/Users/vertin/development/flutter/bin/cache/artifacts/engine/darwin-x64/impellerc, --sksl, --runtime-stage-metal, --iplr, --sl=/Users/vertin/Downloads/LinkedUp-Club-MacOS-Vertin-Dev/build/macos/Build/Products/Release/App.framework/Versions/A/Resources/flutter_assets/packages/liquid_glass_renderer/lib/assets/shaders/liquid_glass_arbitrary.frag, --spirv=/Users/vertin/Downloads/LinkedUp-Club-MacOS-Vertin-Dev/build/macos/Build/Products/Release/App.framework/Versions/A/Resources/flutter_assets/packages/liquid_glass_renderer/lib/assets/shaders/liquid_glass_arbitrary.frag.spirv, --input=/Users/vertin/.pub-cache/hosted/pub.dev/liquid_glass_renderer-0.2.0-dev.4/lib/assets/shaders/liquid_glass_arbitrary.frag, --input-type=frag, --include=/Users/vertin/.pub-cache/hosted/pub.dev/liquid_glass_renderer-0.2.0-dev.4/lib/assets/shaders, --include=/Users/vertin/development/flutter/bin/cache/artifacts/engine/darwin-x64/shader_lib]
[        ] [        ] shaderc command: [/Users/vertin/development/flutter/bin/cache/artifacts/engine/darwin-x64/impellerc, --sksl, --runtime-stage-metal, --iplr, --sl=/Users/vertin/Downloads/LinkedUp-Club-MacOS-Vertin-Dev/build/macos/Build/Products/Release/App.framework/Versions/A/Resources/flutter_assets/packages/liquid_glass_renderer/lib/assets/shaders/liquid_glass_final_render.frag, --spirv=/Users/vertin/Downloads/LinkedUp-Club-MacOS-Vertin-Dev/build/macos/Build/Products/Release/App.framework/Versions/A/Resources/flutter_assets/packages/liquid_glass_renderer/lib/assets/shaders/liquid_glass_final_render.frag.spirv, --input=/Users/vertin/.pub-cache/hosted/pub.dev/liquid_glass_renderer-0.2.0-dev.4/lib/assets/shaders/liquid_glass_final_render.frag, --input-type=frag, --include=/Users/vertin/.pub-cache/hosted/pub.dev/liquid_glass_renderer-0.2.0-dev.4/lib/assets/shaders, --include=/Users/vertin/development/flutter/bin/cache/artifacts/engine/darwin-x64/shader_lib]
[        ] [   +3 ms] shaderc command: [/Users/vertin/development/flutter/bin/cache/artifacts/engine/darwin-x64/impellerc, --sksl, --runtime-stage-metal, --iplr, --sl=/Users/vertin/Downloads/LinkedUp-Club-MacOS-Vertin-Dev/build/macos/Build/Products/Release/App.framework/Versions/A/Resources/flutter_assets/shaders/ink_sparkle.frag, --spirv=/Users/vertin/Downloads/LinkedUp-Club-MacOS-Vertin-Dev/build/macos/Build/Products/Release/App.framework/Versions/A/Resources/flutter_assets/shaders/ink_sparkle.frag.spirv, --input=/Users/vertin/development/flutter/packages/flutter/lib/src/material/shaders/ink_sparkle.frag, --input-type=frag, --include=/Users/vertin/development/flutter/packages/flutter/lib/src/material/shaders, --include=/Users/vertin/development/flutter/bin/cache/artifacts/engine/darwin-x64/shader_lib]
[        ] [        ] shaderc command: [/Users/vertin/development/flutter/bin/cache/artifacts/engine/darwin-x64/impellerc, --sksl, --runtime-stage-metal, --iplr, --sl=/Users/vertin/Downloads/LinkedUp-Club-MacOS-Vertin-Dev/build/macos/Build/Products/Release/App.framework/Versions/A/Resources/flutter_assets/shaders/stretch_effect.frag, --spirv=/Users/vertin/Downloads/LinkedUp-Club-MacOS-Vertin-Dev/build/macos/Build/Products/Release/App.framework/Versions/A/Resources/flutter_assets/shaders/stretch_effect.frag.spirv, --input=/Users/vertin/development/flutter/packages/flutter/lib/src/material/shaders/stretch_effect.frag, --input-type=frag, --include=/Users/vertin/development/flutter/packages/flutter/lib/src/material/shaders, --include=/Users/vertin/development/flutter/bin/cache/artifacts/engine/darwin-x64/shader_lib]
[        ] [  +44 ms] Running command: /Users/vertin/development/flutter/bin/cache/dart-sdk/bin/dart /Users/vertin/development/flutter/bin/cache/artifacts/engine/darwin-x64/const_finder.dart.snapshot --kernel-file /Users/vertin/Downloads/LinkedUp-Club-MacOS-Vertin-Dev/.dart_tool/flutter_build/3a42ab00b9644e7a6717bf2ad3072749/app.dill --class-library-uri package:flutter/src/widgets/icon_data.dart --class-name IconData --annotation-class-name _StaticIconProvider --annotation-class-library-uri package:flutter/src/widgets/icon_data.dart
[        ] [ +701 ms] Expected to find fontFamily for constant IconData with codepoint: 128842, but found fontFamily: null. This usually means you are relying on the system font. Alternatively, font families in an IconData class can be provided in the assets section of your pubspec.yaml, or you are missing "uses-material-design: true".
[        ] [        ] Running font-subset: /Users/vertin/development/flutter/bin/cache/artifacts/engine/darwin-x64/font-subset /Users/vertin/Downloads/LinkedUp-Club-MacOS-Vertin-Dev/build/macos/Build/Products/Release/App.framework/Versions/A/Resources/flutter_assets/packages/font_awesome_flutter/lib/fonts/fa-brands-400.ttf /Users/vertin/.pub-cache/hosted/pub.dev/font_awesome_flutter-10.7.0/lib/fonts/fa-brands-400.ttf, using codepoints 61856 62319
[        ] [        ] Running font-subset: /Users/vertin/development/flutter/bin/cache/artifacts/engine/darwin-x64/font-subset /Users/vertin/Downloads/LinkedUp-Club-MacOS-Vertin-Dev/build/macos/Build/Products/Release/App.framework/Versions/A/Resources/flutter_assets/packages/font_awesome_flutter/lib/fonts/fa-regular-400.ttf /Users/vertin/.pub-cache/hosted/pub.dev/font_awesome_flutter-10.7.0/lib/fonts/fa-regular-400.ttf, using codepoints 61747 61528 61508
[        ] [        ] Running font-subset: /Users/vertin/development/flutter/bin/cache/artifacts/engine/darwin-x64/font-subset /Users/vertin/Downloads/LinkedUp-Club-MacOS-Vertin-Dev/build/macos/Build/Products/Release/App.framework/Versions/A/Resources/flutter_assets/packages/cupertino_icons/assets/CupertinoIcons.ttf /Users/vertin/.pub-cache/hosted/pub.dev/cupertino_icons-1.0.8/assets/CupertinoIcons.ttf, using codepoints 63064 62333 62342 63120 63129 62654 63459 63594 62455 63478 62319 63197 62530 62508 62415 62318 62592 62601 62588 62896 63032 62462 62933 63452 62949 62669 63217 63072 62499 62418 62629 63297 62461 62590 62468 62836 63464 62971 62759 63344 63025 63338 63028 63033 62419 63205 63296 62591 63283 63706 62618 62570 62470 62730 63335 62498 62666 62415 62334 63231 62661 62434 63376 62739 63183 63680 62500 62660 62550 63284
[        ] [        ] Running font-subset: /Users/vertin/development/flutter/bin/cache/artifacts/engine/darwin-x64/font-subset /Users/vertin/Downloads/LinkedUp-Club-MacOS-Vertin-Dev/build/macos/Build/Products/Release/App.framework/Versions/A/Resources/flutter_assets/packages/font_awesome_flutter/lib/fonts/fa-solid-900.ttf /Users/vertin/.pub-cache/hosted/pub.dev/font_awesome_flutter-10.7.0/lib/fonts/fa-solid-900.ttf, using codepoints 61530 61508 62405 61488 61485 61953 61982 61853 61441 61587 61445
[  +11 ms] [        ] Running font-subset: /Users/vertin/development/flutter/bin/cache/artifacts/engine/darwin-x64/font-subset /Users/vertin/Downloads/LinkedUp-Club-MacOS-Vertin-Dev/build/macos/Build/Products/Release/App.framework/Versions/A/Resources/flutter_assets/fonts/MaterialIcons-Regular.otf /Users/vertin/development/flutter/bin/cache/artifacts/material_fonts/MaterialIcons-Regular.otf, using codepoints 57699 58181 58771 58659 59077 59076 58848 57686 57911 58372 58060 58059 58660 58053 58905 58751 57706 57490 57541 58727 62832 58332 57502 57501 57496 57694 57695 57657 61453 57882 57634 58370 61764 57402 57491 58283 57687 57688 58492 58571 62631 61464 57499 63510 983768 62625 62624 58067 58774 58389 58866 58475 57733 57879 58674 58381 58333 58007 58502 58516 60765 58612 61354 58737 58518 58244 58710 63531 983713 61201 61484 58504 58195 57787 58513 57689 58927 58341 58337 57947 58780 57500 57527 59049 58550 59048 58886 57957 57648 57724 63672 983144 58448 62007 58447 57912 58449 57998 57569 57948 57685 62929 57588 58783 61214 58554 58003 58002 58236 983712 983233 57690 59007 58574 983122 983201 57857 63477 63023 63643 983134 62996 62318 63627 62775 63122 983640 63486 985200 63460 58286 57627 58291 983357 63047 57984 61000 57628 61300 983343 57415 62167 57489 57785 57918 58585 58695 57656 983367 58162 62910 63199 58560 58938 57791 58961 984329 58816 58178 983632 983241 63238 63084 983295 983294 63227 983649 57616 983508 59083 58173 63057 984310 63515 61531 983297 985024 58887 58031 58038 58047 58240 58041 58040 58044 57718 984294 58954 61465 57473 62223 61137 61342 61927 58514 61728 57704 983356 983678 61487 61080 61741 61801 57442 58522 59069 62504 61713 59496 62834 63034 63035 58728 57431 57680 59029 983133 983153 62842 57691 57925 57926 58091 58450 58874 60157 60661 63430 58519 984458 984459 58050 58035 58604 984385 58051 61734 58644 57521 62837 57523 58664 63237 983273 62839 63045 983503 63257 63620 63708 983190 63501 983979 983228 63369 63376 63578 62862 63131 61282 63346 57744 57683 63670 983450 58873 58123 58092 62284 62467 57492 61061 58913 62096 62079 62329 61358 62639 984494 58613 57504 57898
[        ] [  +12 ms] Font asset "fa-regular-400.ttf" was tree-shaken, reducing it from 68004 to 1624 bytes (97.6% reduction). Tree-shaking can be disabled by providing the --no-tree-shake-icons flag when building your app.
[        ] [        ] Font asset "fa-brands-400.ttf" was tree-shaken, reducing it from 207972 to 1432 bytes (99.3% reduction). Tree-shaking can be disabled by providing the --no-tree-shake-icons flag when building your app.
[        ] [        ] Font asset "CupertinoIcons.ttf" was tree-shaken, reducing it from 257628 to 10888 bytes (95.8% reduction). Tree-shaking can be disabled by providing the --no-tree-shake-icons flag when building your app.
[        ] [   +1 ms] Font asset "fa-solid-900.ttf" was tree-shaken, reducing it from 419720 to 3204 bytes (99.2% reduction). Tree-shaking can be disabled by providing the --no-tree-shake-icons flag when building your app.
[        ] [   +2 ms] Font asset "MaterialIcons-Regular.otf" was tree-shaken, reducing it from 1645184 to 34912 bytes (97.9% reduction). Tree-shaking can be disabled by providing the --no-tree-shake-icons flag when building your app.
[        ] [   +2 ms] release_macos_bundle_flutter_assets: Complete
[        ] [ +358 ms] Persisting file store
[        ] [   +8 ms] Done persisting file store
[        ] [  +24 ms] build succeeded.
[        ] [   +1 ms] "flutter assemble" took 5,659ms.
[        ] [   +2 ms] executing: sw_vers -productName
[        ] [   +8 ms] Exit code 0 from: sw_vers -productName
[        ] [        ] macOS
[        ] [        ] executing: sw_vers -productVersion
[        ] [   +6 ms] Exit code 0 from: sw_vers -productVersion
[        ] [        ] 26.0.1
[        ] [        ] executing: sw_vers -buildVersion
[        ] [   +7 ms] Exit code 0 from: sw_vers -buildVersion
[        ] [        ] 25A362
[        ] [        ] executing: uname -m
[        ] [   +3 ms] Exit code 0 from: uname -m
[        ] [        ] arm64
[        ] [   +6 ms] Running 1 shutdown hook
[        ] [        ] Shutdown hooks complete
[        ] [  +73 ms] exiting with code 0
[        ] Project /Users/vertin/Downloads/LinkedUp-Club-MacOS-Vertin-Dev built and packaged successfully.
[   +2 ms] note: Run script build phase 'Run Script' will be run during every build because the option to run the script phase "Based on dependency analysis" is unchecked. (in target 'Runner' from project 'Runner')
[        ] ProcessProductPackaging /Users/vertin/Downloads/LinkedUp-Club-MacOS-Vertin-Dev/macos/Runner/Release.entitlements /Users/vertin/Downloads/LinkedUp-Club-MacOS-Vertin-Dev/build/macos/Build/Intermediates.noindex/Runner.build/Release/Runner.build/LinkedUp.app.xcent (in target 'Runner' from project 'Runner')
[        ]     cd /Users/vertin/Downloads/LinkedUp-Club-MacOS-Vertin-Dev/macos
[        ]     Entitlements:
[        ]     {
[        ]     "com.apple.application-identifier" = "3GQ93ABMNG.com.linkedup.club";
[        ]     "com.apple.developer.applesignin" =     (
[        ]         Default
[        ]     );
[        ]     "com.apple.developer.aps-environment" = development;
[        ]     "com.apple.developer.team-identifier" = 3GQ93ABMNG;
[        ]     "com.apple.security.app-sandbox" = 1;
[        ]     "com.apple.security.cs.allow-jit" = 1;
[        ]     "com.apple.security.device.audio-input" = 1;
[        ]     "com.apple.security.device.camera" = 1;
[        ]     "com.apple.security.files.downloads.read-write" = 1;
[        ]     "com.apple.security.files.user-selected.read-only" = 1;
[        ]     "com.apple.security.files.user-selected.read-write" = 1;
[        ]     "com.apple.security.get-task-allow" = 1;
[        ]     "com.apple.security.network.client" = 1;
[        ]     "com.apple.security.network.server" = 1;
[        ]     "keychain-access-groups" =     (
[        ]         "3GQ93ABMNG.com.focuskpi.linkedup",
[        ]         "3GQ93ABMNG.com.googleusercontent.apps.548534727055-nudrbc4rnh96q9uumdkknfcq7hqp3fle"
[        ]     );
[        ] }
[        ]     builtin-productPackagingUtility /Users/vertin/Downloads/LinkedUp-Club-MacOS-Vertin-Dev/macos/Runner/Release.entitlements -entitlements -format xml -o /Users/vertin/Downloads/LinkedUp-Club-MacOS-Vertin-Dev/build/macos/Build/Intermediates.noindex/Runner.build/Release/Runner.build/LinkedUp.app.xcent
[        ] ProcessProductPackagingDER /Users/vertin/Downloads/LinkedUp-Club-MacOS-Vertin-Dev/build/macos/Build/Intermediates.noindex/Runner.build/Release/Runner.build/LinkedUp.app.xcent /Users/vertin/Downloads/LinkedUp-Club-MacOS-Vertin-Dev/build/macos/Build/Intermediates.noindex/Runner.build/Release/Runner.build/LinkedUp.app.xcent.der (in target 'Runner' from project 'Runner')
[        ]     cd /Users/vertin/Downloads/LinkedUp-Club-MacOS-Vertin-Dev/macos
[        ]     /usr/bin/derq query -f xml -i /Users/vertin/Downloads/LinkedUp-Club-MacOS-Vertin-Dev/build/macos/Build/Intermediates.noindex/Runner.build/Release/Runner.build/LinkedUp.app.xcent -o /Users/vertin/Downloads/LinkedUp-Club-MacOS-Vertin-Dev/build/macos/Build/Intermediates.noindex/Runner.build/Release/Runner.build/LinkedUp.app.xcent.der --raw
[   +2 ms] PhaseScriptExecution [CP]\ Check\ Pods\ Manifest.lock /Users/vertin/Downloads/LinkedUp-Club-MacOS-Vertin-Dev/build/macos/Build/Intermediates.noindex/Runner.build/Release/Runner.build/Script-8E921EB949E72DABB246E8DC.sh (in target 'Runner' from project 'Runner')
[        ]     cd /Users/vertin/Downloads/LinkedUp-Club-MacOS-Vertin-Dev/macos
[        ]     /bin/sh -c /Users/vertin/Downloads/LinkedUp-Club-MacOS-Vertin-Dev/build/macos/Build/Intermediates.noindex/Runner.build/Release/Runner.build/Script-8E921EB949E72DABB246E8DC.sh
[  +13 ms] CompileAssetCatalogVariant thinned /Users/vertin/Downloads/LinkedUp-Club-MacOS-Vertin-Dev/build/macos/Build/Products/Release/LinkedUp.app/Contents/Resources /Users/vertin/Downloads/LinkedUp-Club-MacOS-Vertin-Dev/macos/Runner/Assets.xcassets (in target 'Runner' from project 'Runner')
[        ]     cd /Users/vertin/Downloads/LinkedUp-Club-MacOS-Vertin-Dev/macos
[        ]     /Applications/Xcode.app/Contents/Developer/usr/bin/actool /Users/vertin/Downloads/LinkedUp-Club-MacOS-Vertin-Dev/macos/Runner/Assets.xcassets --compile /Users/vertin/Downloads/LinkedUp-Club-MacOS-Vertin-Dev/build/macos/Build/Intermediates.noindex/Runner.build/Release/Runner.build/assetcatalog_output/thinned --output-format human-readable-text --notices --warnings --export-dependency-info /Users/vertin/Downloads/LinkedUp-Club-MacOS-Vertin-Dev/build/macos/Build/Intermediates.noindex/Runner.build/Release/Runner.build/assetcatalog_dependencies_thinned --output-partial-info-plist /Users/vertin/Downloads/LinkedUp-Club-MacOS-Vertin-Dev/build/macos/Build/Intermediates.noindex/Runner.build/Release/Runner.build/assetcatalog_generated_info.plist_thinned --app-icon AppIcon --enable-on-demand-resources NO --development-region en --target-device mac --minimum-deployment-target 13.0 --platform macosx
[ +548 ms] /Users/vertin/Downloads/LinkedUp-Club-MacOS-Vertin-Dev/macos/Runner/AppDelegate.swift:5:8: error: Unable to find module dependency: 'FirebaseMessaging'
[        ] import FirebaseMessaging
[        ]        ^
[        ] /Users/vertin/Downloads/LinkedUp-Club-MacOS-Vertin-Dev/macos/Runner/AppDelegate.swift:5:8: note: a dependency of main module 'LinkedUp'
[        ] import FirebaseMessaging
[        ]        ^
[        ] /Users/vertin/Downloads/LinkedUp-Club-MacOS-Vertin-Dev/macos/Runner/AppDelegate.swift:6:8: error: Unable to find module dependency: 'FirebaseCore'
[        ] import FirebaseCore
[        ]        ^
[        ] /Users/vertin/Downloads/LinkedUp-Club-MacOS-Vertin-Dev/macos/Runner/AppDelegate.swift:6:8: note: a dependency of main module 'LinkedUp'
[        ] import FirebaseCore
[        ]        ^
[        ] /Users/vertin/Downloads/LinkedUp-Club-MacOS-Vertin-Dev/macos/Runner/AppDelegate.swift:7:8: error: Unable to find module dependency: 'GoogleSignIn'
[        ] import GoogleSignIn
[        ]        ^
[        ] /Users/vertin/Downloads/LinkedUp-Club-MacOS-Vertin-Dev/macos/Runner/AppDelegate.swift:7:8: note: a dependency of main module 'LinkedUp'
[        ] import GoogleSignIn
[        ]        ^
[        ] /Users/vertin/Downloads/LinkedUp-Club-MacOS-Vertin-Dev/macos/Flutter/GeneratedPluginRegistrant.swift:8:8: error: Unable to find module dependency: 'app_badge_plus'
[        ] import app_badge_plus
[        ]        ^
[        ] /Users/vertin/Downloads/LinkedUp-Club-MacOS-Vertin-Dev/macos/Flutter/GeneratedPluginRegistrant.swift:8:8: note: a dependency of main module 'LinkedUp'
[        ] import app_badge_plus
[        ]        ^
[        ] /Users/vertin/Downloads/LinkedUp-Club-MacOS-Vertin-Dev/macos/Flutter/GeneratedPluginRegistrant.swift:9:8: error: Unable to find module dependency: 'app_links'
[        ] import app_links
[        ]        ^
[        ] /Users/vertin/Downloads/LinkedUp-Club-MacOS-Vertin-Dev/macos/Flutter/GeneratedPluginRegistrant.swift:9:8: note: a dependency of main module 'LinkedUp'
[        ] import app_links
[        ]        ^
[        ] /Users/vertin/Downloads/LinkedUp-Club-MacOS-Vertin-Dev/macos/Flutter/GeneratedPluginRegistrant.swift:10:8: error: Unable to find module dependency: 'assets_audio_player'
[        ] import assets_audio_player
[        ]        ^
[        ] /Users/vertin/Downloads/LinkedUp-Club-MacOS-Vertin-Dev/macos/Flutter/GeneratedPluginRegistrant.swift:10:8: note: a dependency of main module 'LinkedUp'
[        ] import assets_audio_player
[        ]        ^
[        ] /Users/vertin/Downloads/LinkedUp-Club-MacOS-Vertin-Dev/macos/Flutter/GeneratedPluginRegistrant.swift:11:8: error: Unable to find module dependency: 'assets_audio_player_web'
[        ] import assets_audio_player_web
[        ]        ^
[        ] /Users/vertin/Downloads/LinkedUp-Club-MacOS-Vertin-Dev/macos/Flutter/GeneratedPluginRegistrant.swift:11:8: note: a dependency of main module 'LinkedUp'
[        ] import assets_audio_player_web
[        ]        ^
[        ] /Users/vertin/Downloads/LinkedUp-Club-MacOS-Vertin-Dev/macos/Flutter/GeneratedPluginRegistrant.swift:12:8: error: Unable to find module dependency: 'audio_session'
[        ] import audio_session
[        ]        ^
[        ] /Users/vertin/Downloads/LinkedUp-Club-MacOS-Vertin-Dev/macos/Flutter/GeneratedPluginRegistrant.swift:12:8: note: a dependency of main module 'LinkedUp'
[        ] import audio_session
[        ]        ^
[        ] /Users/vertin/Downloads/LinkedUp-Club-MacOS-Vertin-Dev/macos/Flutter/GeneratedPluginRegistrant.swift:13:8: error: Unable to find module dependency: 'camera_macos'
[        ] import camera_macos
[        ]        ^
[        ] /Users/vertin/Downloads/LinkedUp-Club-MacOS-Vertin-Dev/macos/Flutter/GeneratedPluginRegistrant.swift:13:8: note: a dependency of main module 'LinkedUp'
[        ] import camera_macos
[        ]        ^
[        ] /Users/vertin/Downloads/LinkedUp-Club-MacOS-Vertin-Dev/macos/Flutter/GeneratedPluginRegistrant.swift:14:8: error: Unable to find module dependency: 'cloud_firestore'
[        ] import cloud_firestore
[        ]        ^
[        ] /Users/vertin/Downloads/LinkedUp-Club-MacOS-Vertin-Dev/macos/Flutter/GeneratedPluginRegistrant.swift:14:8: note: a dependency of main module 'LinkedUp'
[        ] import cloud_firestore
[        ]        ^
[        ] /Users/vertin/Downloads/LinkedUp-Club-MacOS-Vertin-Dev/macos/Flutter/GeneratedPluginRegistrant.swift:15:8: error: Unable to find module dependency: 'cloud_functions'
[        ] import cloud_functions
[        ]        ^
[        ] /Users/vertin/Downloads/LinkedUp-Club-MacOS-Vertin-Dev/macos/Flutter/GeneratedPluginRegistrant.swift:15:8: note: a dependency of main module 'LinkedUp'
[        ] import cloud_functions
[        ]        ^
[        ] /Users/vertin/Downloads/LinkedUp-Club-MacOS-Vertin-Dev/macos/Flutter/GeneratedPluginRegistrant.swift:16:8: error: Unable to find module dependency: 'cupertino_native'
[        ] import cupertino_native
[        ]        ^
[        ] /Users/vertin/Downloads/LinkedUp-Club-MacOS-Vertin-Dev/macos/Flutter/GeneratedPluginRegistrant.swift:16:8: note: a dependency of main module 'LinkedUp'
[        ] import cupertino_native
[        ]        ^
[        ] /Users/vertin/Downloads/LinkedUp-Club-MacOS-Vertin-Dev/macos/Flutter/GeneratedPluginRegistrant.swift:17:8: error: Unable to find module dependency: 'desktop_drop'
[        ] import desktop_drop
[        ]        ^
[        ] /Users/vertin/Downloads/LinkedUp-Club-MacOS-Vertin-Dev/macos/Flutter/GeneratedPluginRegistrant.swift:17:8: note: a dependency of main module 'LinkedUp'
[        ] import desktop_drop
[        ]        ^
[        ] /Users/vertin/Downloads/LinkedUp-Club-MacOS-Vertin-Dev/macos/Flutter/GeneratedPluginRegistrant.swift:18:8: error: Unable to find module dependency: 'device_info_plus'
[        ] import device_info_plus
[        ]        ^
[        ] /Users/vertin/Downloads/LinkedUp-Club-MacOS-Vertin-Dev/macos/Flutter/GeneratedPluginRegistrant.swift:18:8: note: a dependency of main module 'LinkedUp'
[        ] import device_info_plus
[        ]        ^
[        ] /Users/vertin/Downloads/LinkedUp-Club-MacOS-Vertin-Dev/macos/Flutter/GeneratedPluginRegistrant.swift:19:8: error: Unable to find module dependency: 'emoji_picker_flutter'
[        ] import emoji_picker_flutter
[        ]        ^
[   +1 ms] /Users/vertin/Downloads/LinkedUp-Club-MacOS-Vertin-Dev/macos/Flutter/GeneratedPluginRegistrant.swift:19:8: note: a dependency of main module 'LinkedUp'
[        ] import emoji_picker_flutter
[        ]        ^
[        ] /Users/vertin/Downloads/LinkedUp-Club-MacOS-Vertin-Dev/macos/Flutter/GeneratedPluginRegistrant.swift:20:8: error: Unable to find module dependency: 'file_picker'
[        ] import file_picker
[        ]        ^
[        ] /Users/vertin/Downloads/LinkedUp-Club-MacOS-Vertin-Dev/macos/Flutter/GeneratedPluginRegistrant.swift:20:8: note: a dependency of main module 'LinkedUp'
[        ] import file_picker
[        ]        ^
[        ] /Users/vertin/Downloads/LinkedUp-Club-MacOS-Vertin-Dev/macos/Flutter/GeneratedPluginRegistrant.swift:21:8: error: Unable to find module dependency: 'file_selector_macos'
[        ] import file_selector_macos
[        ]        ^
[        ] /Users/vertin/Downloads/LinkedUp-Club-MacOS-Vertin-Dev/macos/Flutter/GeneratedPluginRegistrant.swift:21:8: note: a dependency of main module 'LinkedUp'
[        ] import file_selector_macos
[        ]        ^
[        ] /Users/vertin/Downloads/LinkedUp-Club-MacOS-Vertin-Dev/macos/Flutter/GeneratedPluginRegistrant.swift:22:8: error: Unable to find module dependency: 'firebase_auth'
[        ] import firebase_auth
[        ]        ^
[        ] /Users/vertin/Downloads/LinkedUp-Club-MacOS-Vertin-Dev/macos/Flutter/GeneratedPluginRegistrant.swift:22:8: note: a dependency of main module 'LinkedUp'
[        ] import firebase_auth
[        ]        ^
[        ] /Users/vertin/Downloads/LinkedUp-Club-MacOS-Vertin-Dev/macos/Flutter/GeneratedPluginRegistrant.swift:23:8: error: Unable to find module dependency: 'firebase_core'
[        ] import firebase_core
[        ]        ^
[        ] /Users/vertin/Downloads/LinkedUp-Club-MacOS-Vertin-Dev/macos/Flutter/GeneratedPluginRegistrant.swift:23:8: note: a dependency of main module 'LinkedUp'
[        ] import firebase_core
[        ]        ^
[        ] /Users/vertin/Downloads/LinkedUp-Club-MacOS-Vertin-Dev/macos/Flutter/GeneratedPluginRegistrant.swift:24:8: error: Unable to find module dependency: 'firebase_messaging'
[        ] import firebase_messaging
[        ]        ^
[        ] /Users/vertin/Downloads/LinkedUp-Club-MacOS-Vertin-Dev/macos/Flutter/GeneratedPluginRegistrant.swift:24:8: note: a dependency of main module 'LinkedUp'
[        ] import firebase_messaging
[        ]        ^
[        ] /Users/vertin/Downloads/LinkedUp-Club-MacOS-Vertin-Dev/macos/Flutter/GeneratedPluginRegistrant.swift:25:8: error: Unable to find module dependency: 'firebase_storage'
[        ] import firebase_storage
[        ]        ^
[        ] /Users/vertin/Downloads/LinkedUp-Club-MacOS-Vertin-Dev/macos/Flutter/GeneratedPluginRegistrant.swift:25:8: note: a dependency of main module 'LinkedUp'
[        ] import firebase_storage
[        ]        ^
[        ] /Users/vertin/Downloads/LinkedUp-Club-MacOS-Vertin-Dev/macos/Flutter/GeneratedPluginRegistrant.swift:26:8: error: Unable to find module dependency: 'flutter_inappwebview_macos'
[        ] import flutter_inappwebview_macos
[        ]        ^
[        ] /Users/vertin/Downloads/LinkedUp-Club-MacOS-Vertin-Dev/macos/Flutter/GeneratedPluginRegistrant.swift:26:8: note: a dependency of main module 'LinkedUp'
[        ] import flutter_inappwebview_macos
[        ]        ^
[        ] /Users/vertin/Downloads/LinkedUp-Club-MacOS-Vertin-Dev/macos/Flutter/GeneratedPluginRegistrant.swift:27:8: error: Unable to find module dependency: 'geolocator_apple'
[        ] import geolocator_apple
[        ]        ^
[        ] /Users/vertin/Downloads/LinkedUp-Club-MacOS-Vertin-Dev/macos/Flutter/GeneratedPluginRegistrant.swift:27:8: note: a dependency of main module 'LinkedUp'
[        ] import geolocator_apple
[        ]        ^
[        ] /Users/vertin/Downloads/LinkedUp-Club-MacOS-Vertin-Dev/macos/Flutter/GeneratedPluginRegistrant.swift:28:8: error: Unable to find module dependency: 'google_sign_in_ios'
[        ] import google_sign_in_ios
[        ]        ^
[        ] /Users/vertin/Downloads/LinkedUp-Club-MacOS-Vertin-Dev/macos/Flutter/GeneratedPluginRegistrant.swift:28:8: note: a dependency of main module 'LinkedUp'
[        ] import google_sign_in_ios
[        ]        ^
[        ] /Users/vertin/Downloads/LinkedUp-Club-MacOS-Vertin-Dev/macos/Flutter/GeneratedPluginRegistrant.swift:29:8: error: Unable to find module dependency: 'irondash_engine_context'
[        ] import irondash_engine_context
[        ]        ^
[        ] /Users/vertin/Downloads/LinkedUp-Club-MacOS-Vertin-Dev/macos/Flutter/GeneratedPluginRegistrant.swift:29:8: note: a dependency of main module 'LinkedUp'
[        ] import irondash_engine_context
[        ]        ^
[        ] /Users/vertin/Downloads/LinkedUp-Club-MacOS-Vertin-Dev/macos/Flutter/GeneratedPluginRegistrant.swift:30:8: error: Unable to find module dependency: 'just_audio'
[        ] import just_audio
[        ]        ^
[        ] /Users/vertin/Downloads/LinkedUp-Club-MacOS-Vertin-Dev/macos/Flutter/GeneratedPluginRegistrant.swift:30:8: note: a dependency of main module 'LinkedUp'
[        ] import just_audio
[        ]        ^
[        ] /Users/vertin/Downloads/LinkedUp-Club-MacOS-Vertin-Dev/macos/Flutter/GeneratedPluginRegistrant.swift:31:8: error: Unable to find module dependency: 'package_info_plus'
[        ] import package_info_plus
[        ]        ^
[        ] /Users/vertin/Downloads/LinkedUp-Club-MacOS-Vertin-Dev/macos/Flutter/GeneratedPluginRegistrant.swift:31:8: note: a dependency of main module 'LinkedUp'
[        ] import package_info_plus
[        ]        ^
[        ] /Users/vertin/Downloads/LinkedUp-Club-MacOS-Vertin-Dev/macos/Flutter/GeneratedPluginRegistrant.swift:32:8: error: Unable to find module dependency: 'path_provider_foundation'
[        ] import path_provider_foundation
[        ]        ^
[        ] /Users/vertin/Downloads/LinkedUp-Club-MacOS-Vertin-Dev/macos/Flutter/GeneratedPluginRegistrant.swift:32:8: note: a dependency of main module 'LinkedUp'
[        ] import path_provider_foundation
[        ]        ^
[        ] /Users/vertin/Downloads/LinkedUp-Club-MacOS-Vertin-Dev/macos/Flutter/GeneratedPluginRegistrant.swift:33:8: error: Unable to find module dependency: 'pdfx'
[        ] import pdfx
[        ]        ^
[        ] /Users/vertin/Downloads/LinkedUp-Club-MacOS-Vertin-Dev/macos/Flutter/GeneratedPluginRegistrant.swift:33:8: note: a dependency of main module 'LinkedUp'
[        ] import pdfx
[        ]        ^
[        ] /Users/vertin/Downloads/LinkedUp-Club-MacOS-Vertin-Dev/macos/Flutter/GeneratedPluginRegistrant.swift:34:8: error: Unable to find module dependency: 'quill_native_bridge_macos'
[        ] import quill_native_bridge_macos
[        ]        ^
[        ] /Users/vertin/Downloads/LinkedUp-Club-MacOS-Vertin-Dev/macos/Flutter/GeneratedPluginRegistrant.swift:34:8: note: a dependency of main module 'LinkedUp'
[        ] import quill_native_bridge_macos
[        ]        ^
[        ] /Users/vertin/Downloads/LinkedUp-Club-MacOS-Vertin-Dev/macos/Flutter/GeneratedPluginRegistrant.swift:35:8: error: Unable to find module dependency: 'record_macos'
[        ] import record_macos
[        ]        ^
[        ] /Users/vertin/Downloads/LinkedUp-Club-MacOS-Vertin-Dev/macos/Flutter/GeneratedPluginRegistrant.swift:35:8: note: a dependency of main module 'LinkedUp'
[        ] import record_macos
[        ]        ^
[        ] /Users/vertin/Downloads/LinkedUp-Club-MacOS-Vertin-Dev/macos/Flutter/GeneratedPluginRegistrant.swift:36:8: error: Unable to find module dependency: 'share_plus'
[        ] import share_plus
[        ]        ^
[        ] /Users/vertin/Downloads/LinkedUp-Club-MacOS-Vertin-Dev/macos/Flutter/GeneratedPluginRegistrant.swift:36:8: note: a dependency of main module 'LinkedUp'
[        ] import share_plus
[        ]        ^
[        ] /Users/vertin/Downloads/LinkedUp-Club-MacOS-Vertin-Dev/macos/Flutter/GeneratedPluginRegistrant.swift:37:8: error: Unable to find module dependency: 'shared_preferences_foundation'
[        ] import shared_preferences_foundation
[        ]        ^
[        ] /Users/vertin/Downloads/LinkedUp-Club-MacOS-Vertin-Dev/macos/Flutter/GeneratedPluginRegistrant.swift:37:8: note: a dependency of main module 'LinkedUp'
[        ] import shared_preferences_foundation
[        ]        ^
[        ] /Users/vertin/Downloads/LinkedUp-Club-MacOS-Vertin-Dev/macos/Flutter/GeneratedPluginRegistrant.swift:38:8: error: Unable to find module dependency: 'sign_in_with_apple'
[        ] import sign_in_with_apple
[        ]        ^
[        ] /Users/vertin/Downloads/LinkedUp-Club-MacOS-Vertin-Dev/macos/Flutter/GeneratedPluginRegistrant.swift:38:8: note: a dependency of main module 'LinkedUp'
[        ] import sign_in_with_apple
[        ]        ^
[        ] /Users/vertin/Downloads/LinkedUp-Club-MacOS-Vertin-Dev/macos/Flutter/GeneratedPluginRegistrant.swift:39:8: error: Unable to find module dependency: 'sqflite'
[        ] import sqflite
[        ]        ^
[        ] /Users/vertin/Downloads/LinkedUp-Club-MacOS-Vertin-Dev/macos/Flutter/GeneratedPluginRegistrant.swift:39:8: note: a dependency of main module 'LinkedUp'
[        ] import sqflite
[        ]        ^
[        ] /Users/vertin/Downloads/LinkedUp-Club-MacOS-Vertin-Dev/macos/Flutter/GeneratedPluginRegistrant.swift:40:8: error: Unable to find module dependency: 'super_native_extensions'
[        ] import super_native_extensions
[        ]        ^
[        ] /Users/vertin/Downloads/LinkedUp-Club-MacOS-Vertin-Dev/macos/Flutter/GeneratedPluginRegistrant.swift:40:8: note: a dependency of main module 'LinkedUp'
[        ] import super_native_extensions
[        ]        ^
[        ] /Users/vertin/Downloads/LinkedUp-Club-MacOS-Vertin-Dev/macos/Flutter/GeneratedPluginRegistrant.swift:41:8: error: Unable to find module dependency: 'url_launcher_macos'
[        ] import url_launcher_macos
[        ]        ^
[        ] /Users/vertin/Downloads/LinkedUp-Club-MacOS-Vertin-Dev/macos/Flutter/GeneratedPluginRegistrant.swift:41:8: note: a dependency of main module 'LinkedUp'
[        ] import url_launcher_macos
[        ]        ^
[        ] /Users/vertin/Downloads/LinkedUp-Club-MacOS-Vertin-Dev/macos/Flutter/GeneratedPluginRegistrant.swift:42:8: error: Unable to find module dependency: 'video_player_avfoundation'
[        ] import video_player_avfoundation
[        ]        ^
[        ] /Users/vertin/Downloads/LinkedUp-Club-MacOS-Vertin-Dev/macos/Flutter/GeneratedPluginRegistrant.swift:42:8: note: a dependency of main module 'LinkedUp'
[        ] import video_player_avfoundation
[        ]        ^
[        ] /Users/vertin/Downloads/LinkedUp-Club-MacOS-Vertin-Dev/macos/Flutter/GeneratedPluginRegistrant.swift:43:8: error: Unable to find module dependency: 'wakelock_plus'
[        ] import wakelock_plus
[        ]        ^
[        ] /Users/vertin/Downloads/LinkedUp-Club-MacOS-Vertin-Dev/macos/Flutter/GeneratedPluginRegistrant.swift:43:8: note: a dependency of main module 'LinkedUp'
[        ] import wakelock_plus
[        ]        ^
[        ] /Users/vertin/Downloads/LinkedUp-Club-MacOS-Vertin-Dev/macos/Flutter/GeneratedPluginRegistrant.swift:44:8: error: Unable to find module dependency: 'webview_flutter_wkwebview'
[        ] import webview_flutter_wkwebview
[        ]        ^
[        ] /Users/vertin/Downloads/LinkedUp-Club-MacOS-Vertin-Dev/macos/Flutter/GeneratedPluginRegistrant.swift:44:8: note: a dependency of main module 'LinkedUp'
[        ] import webview_flutter_wkwebview
[        ]        ^
[        ] /Users/vertin/Downloads/LinkedUp-Club-MacOS-Vertin-Dev/macos/Flutter/GeneratedPluginRegistrant.swift:45:8: error: Unable to find module dependency: 'zego_express_engine'
[        ] import zego_express_engine
[        ]        ^
[        ] /Users/vertin/Downloads/LinkedUp-Club-MacOS-Vertin-Dev/macos/Flutter/GeneratedPluginRegistrant.swift:45:8: note: a dependency of main module 'LinkedUp'
[        ] import zego_express_engine
[        ]        ^
[        ] /Users/vertin/Downloads/LinkedUp-Club-MacOS-Vertin-Dev/macos/Runner/AppDelegate.swift:5:8: error: Unable to find module dependency: 'FirebaseMessaging'
[        ] import FirebaseMessaging
[        ]        ^
[        ] /Users/vertin/Downloads/LinkedUp-Club-MacOS-Vertin-Dev/macos/Runner/AppDelegate.swift:5:8: note: a dependency of main module 'LinkedUp'
[        ] import FirebaseMessaging
[        ]        ^
[        ] /Users/vertin/Downloads/LinkedUp-Club-MacOS-Vertin-Dev/macos/Runner/AppDelegate.swift:6:8: error: Unable to find module dependency: 'FirebaseCore'
[        ] import FirebaseCore
[        ]        ^
[        ] /Users/vertin/Downloads/LinkedUp-Club-MacOS-Vertin-Dev/macos/Runner/AppDelegate.swift:6:8: note: a dependency of main module 'LinkedUp'
[        ] import FirebaseCore
[        ]        ^
[        ] /Users/vertin/Downloads/LinkedUp-Club-MacOS-Vertin-Dev/macos/Runner/AppDelegate.swift:7:8: error: Unable to find module dependency: 'GoogleSignIn'
[        ] import GoogleSignIn
[        ]        ^
[        ] /Users/vertin/Downloads/LinkedUp-Club-MacOS-Vertin-Dev/macos/Runner/AppDelegate.swift:7:8: note: a dependency of main module 'LinkedUp'
[        ] import GoogleSignIn
[        ]        ^
[        ] /Users/vertin/Downloads/LinkedUp-Club-MacOS-Vertin-Dev/macos/Flutter/GeneratedPluginRegistrant.swift:8:8: error: Unable to find module dependency: 'app_badge_plus'
[        ] import app_badge_plus
[        ]        ^
[        ] /Users/vertin/Downloads/LinkedUp-Club-MacOS-Vertin-Dev/macos/Flutter/GeneratedPluginRegistrant.swift:8:8: note: a dependency of main module 'LinkedUp'
[        ] import app_badge_plus
[        ]        ^
[        ] /Users/vertin/Downloads/LinkedUp-Club-MacOS-Vertin-Dev/macos/Flutter/GeneratedPluginRegistrant.swift:9:8: error: Unable to find module dependency: 'app_links'
[        ] import app_links
[        ]        ^
[        ] /Users/vertin/Downloads/LinkedUp-Club-MacOS-Vertin-Dev/macos/Flutter/GeneratedPluginRegistrant.swift:9:8: note: a dependency of main module 'LinkedUp'
[        ] import app_links
[        ]        ^
[        ] /Users/vertin/Downloads/LinkedUp-Club-MacOS-Vertin-Dev/macos/Flutter/GeneratedPluginRegistrant.swift:10:8: error: Unable to find module dependency: 'assets_audio_player'
[        ] import assets_audio_player
[        ]        ^
[        ] /Users/vertin/Downloads/LinkedUp-Club-MacOS-Vertin-Dev/macos/Flutter/GeneratedPluginRegistrant.swift:10:8: note: a dependency of main module 'LinkedUp'
[        ] import assets_audio_player
[        ]        ^
[        ] /Users/vertin/Downloads/LinkedUp-Club-MacOS-Vertin-Dev/macos/Flutter/GeneratedPluginRegistrant.swift:11:8: error: Unable to find module dependency: 'assets_audio_player_web'
[        ] import assets_audio_player_web
[        ]        ^
[        ] /Users/vertin/Downloads/LinkedUp-Club-MacOS-Vertin-Dev/macos/Flutter/GeneratedPluginRegistrant.swift:11:8: note: a dependency of main module 'LinkedUp'
[        ] import assets_audio_player_web
[        ]        ^
[        ] /Users/vertin/Downloads/LinkedUp-Club-MacOS-Vertin-Dev/macos/Flutter/GeneratedPluginRegistrant.swift:12:8: error: Unable to find module dependency: 'audio_session'
[        ] import audio_session
[        ]        ^
[        ] /Users/vertin/Downloads/LinkedUp-Club-MacOS-Vertin-Dev/macos/Flutter/GeneratedPluginRegistrant.swift:12:8: note: a dependency of main module 'LinkedUp'
[        ] import audio_session
[        ]        ^
[        ] /Users/vertin/Downloads/LinkedUp-Club-MacOS-Vertin-Dev/macos/Flutter/GeneratedPluginRegistrant.swift:13:8: error: Unable to find module dependency: 'camera_macos'
[        ] import camera_macos
[        ]        ^
[        ] /Users/vertin/Downloads/LinkedUp-Club-MacOS-Vertin-Dev/macos/Flutter/GeneratedPluginRegistrant.swift:13:8: note: a dependency of main module 'LinkedUp'
[        ] import camera_macos
[        ]        ^
[        ] /Users/vertin/Downloads/LinkedUp-Club-MacOS-Vertin-Dev/macos/Flutter/GeneratedPluginRegistrant.swift:14:8: error: Unable to find module dependency: 'cloud_firestore'
[        ] import cloud_firestore
[        ]        ^
[        ] /Users/vertin/Downloads/LinkedUp-Club-MacOS-Vertin-Dev/macos/Flutter/GeneratedPluginRegistrant.swift:14:8: note: a dependency of main module 'LinkedUp'
[        ] import cloud_firestore
[        ]        ^
[        ] /Users/vertin/Downloads/LinkedUp-Club-MacOS-Vertin-Dev/macos/Flutter/GeneratedPluginRegistrant.swift:15:8: error: Unable to find module dependency: 'cloud_functions'
[        ] import cloud_functions
[        ]        ^
[        ] /Users/vertin/Downloads/LinkedUp-Club-MacOS-Vertin-Dev/macos/Flutter/GeneratedPluginRegistrant.swift:15:8: note: a dependency of main module 'LinkedUp'
[        ] import cloud_functions
[        ]        ^
[        ] /Users/vertin/Downloads/LinkedUp-Club-MacOS-Vertin-Dev/macos/Flutter/GeneratedPluginRegistrant.swift:16:8: error: Unable to find module dependency: 'cupertino_native'
[        ] import cupertino_native
[        ]        ^
[        ] /Users/vertin/Downloads/LinkedUp-Club-MacOS-Vertin-Dev/macos/Flutter/GeneratedPluginRegistrant.swift:16:8: note: a dependency of main module 'LinkedUp'
[        ] import cupertino_native
[        ]        ^
[        ] /Users/vertin/Downloads/LinkedUp-Club-MacOS-Vertin-Dev/macos/Flutter/GeneratedPluginRegistrant.swift:17:8: error: Unable to find module dependency: 'desktop_drop'
[        ] import desktop_drop
[        ]        ^
[        ] /Users/vertin/Downloads/LinkedUp-Club-MacOS-Vertin-Dev/macos/Flutter/GeneratedPluginRegistrant.swift:17:8: note: a dependency of main module 'LinkedUp'
[        ] import desktop_drop
[        ]        ^
[        ] /Users/vertin/Downloads/LinkedUp-Club-MacOS-Vertin-Dev/macos/Flutter/GeneratedPluginRegistrant.swift:18:8: error: Unable to find module dependency: 'device_info_plus'
[        ] import device_info_plus
[        ]        ^
[        ] /Users/vertin/Downloads/LinkedUp-Club-MacOS-Vertin-Dev/macos/Flutter/GeneratedPluginRegistrant.swift:18:8: note: a dependency of main module 'LinkedUp'
[        ] import device_info_plus
[        ]        ^
[        ] /Users/vertin/Downloads/LinkedUp-Club-MacOS-Vertin-Dev/macos/Flutter/GeneratedPluginRegistrant.swift:19:8: error: Unable to find module dependency: 'emoji_picker_flutter'
[        ] import emoji_picker_flutter
[        ]        ^
[        ] /Users/vertin/Downloads/LinkedUp-Club-MacOS-Vertin-Dev/macos/Flutter/GeneratedPluginRegistrant.swift:19:8: note: a dependency of main module 'LinkedUp'
[        ] import emoji_picker_flutter
[        ]        ^
[        ] /Users/vertin/Downloads/LinkedUp-Club-MacOS-Vertin-Dev/macos/Flutter/GeneratedPluginRegistrant.swift:20:8: error: Unable to find module dependency: 'file_picker'
[        ] import file_picker
[        ]        ^
[        ] /Users/vertin/Downloads/LinkedUp-Club-MacOS-Vertin-Dev/macos/Flutter/GeneratedPluginRegistrant.swift:20:8: note: a dependency of main module 'LinkedUp'
[        ] import file_picker
[        ]        ^
[        ] /Users/vertin/Downloads/LinkedUp-Club-MacOS-Vertin-Dev/macos/Flutter/GeneratedPluginRegistrant.swift:21:8: error: Unable to find module dependency: 'file_selector_macos'
[        ] import file_selector_macos
[        ]        ^
[        ] /Users/vertin/Downloads/LinkedUp-Club-MacOS-Vertin-Dev/macos/Flutter/GeneratedPluginRegistrant.swift:21:8: note: a dependency of main module 'LinkedUp'
[        ] import file_selector_macos
[        ]        ^
[        ] /Users/vertin/Downloads/LinkedUp-Club-MacOS-Vertin-Dev/macos/Flutter/GeneratedPluginRegistrant.swift:22:8: error: Unable to find module dependency: 'firebase_auth'
[        ] import firebase_auth
[        ]        ^
[        ] /Users/vertin/Downloads/LinkedUp-Club-MacOS-Vertin-Dev/macos/Flutter/GeneratedPluginRegistrant.swift:22:8: note: a dependency of main module 'LinkedUp'
[        ] import firebase_auth
[        ]        ^
[        ] /Users/vertin/Downloads/LinkedUp-Club-MacOS-Vertin-Dev/macos/Flutter/GeneratedPluginRegistrant.swift:23:8: error: Unable to find module dependency: 'firebase_core'
[        ] import firebase_core
[        ]        ^
[        ] /Users/vertin/Downloads/LinkedUp-Club-MacOS-Vertin-Dev/macos/Flutter/GeneratedPluginRegistrant.swift:23:8: note: a dependency of main module 'LinkedUp'
[        ] import firebase_core
[        ]        ^
[        ] /Users/vertin/Downloads/LinkedUp-Club-MacOS-Vertin-Dev/macos/Flutter/GeneratedPluginRegistrant.swift:24:8: error: Unable to find module dependency: 'firebase_messaging'
[        ] import firebase_messaging
[        ]        ^
[        ] /Users/vertin/Downloads/LinkedUp-Club-MacOS-Vertin-Dev/macos/Flutter/GeneratedPluginRegistrant.swift:24:8: note: a dependency of main module 'LinkedUp'
[        ] import firebase_messaging
[        ]        ^
[        ] /Users/vertin/Downloads/LinkedUp-Club-MacOS-Vertin-Dev/macos/Flutter/GeneratedPluginRegistrant.swift:25:8: error: Unable to find module dependency: 'firebase_storage'
[        ] import firebase_storage
[        ]        ^
[        ] /Users/vertin/Downloads/LinkedUp-Club-MacOS-Vertin-Dev/macos/Flutter/GeneratedPluginRegistrant.swift:25:8: note: a dependency of main module 'LinkedUp'
[        ] import firebase_storage
[        ]        ^
[        ] /Users/vertin/Downloads/LinkedUp-Club-MacOS-Vertin-Dev/macos/Flutter/GeneratedPluginRegistrant.swift:26:8: error: Unable to find module dependency: 'flutter_inappwebview_macos'
[        ] import flutter_inappwebview_macos
[        ]        ^
[        ] /Users/vertin/Downloads/LinkedUp-Club-MacOS-Vertin-Dev/macos/Flutter/GeneratedPluginRegistrant.swift:26:8: note: a dependency of main module 'LinkedUp'
[        ] import flutter_inappwebview_macos
[        ]        ^
[        ] /Users/vertin/Downloads/LinkedUp-Club-MacOS-Vertin-Dev/macos/Flutter/GeneratedPluginRegistrant.swift:27:8: error: Unable to find module dependency: 'geolocator_apple'
[        ] import geolocator_apple
[        ]        ^
[        ] /Users/vertin/Downloads/LinkedUp-Club-MacOS-Vertin-Dev/macos/Flutter/GeneratedPluginRegistrant.swift:27:8: note: a dependency of main module 'LinkedUp'
[        ] import geolocator_apple
[        ]        ^
[        ] /Users/vertin/Downloads/LinkedUp-Club-MacOS-Vertin-Dev/macos/Flutter/GeneratedPluginRegistrant.swift:28:8: error: Unable to find module dependency: 'google_sign_in_ios'
[        ] import google_sign_in_ios
[        ]        ^
[        ] /Users/vertin/Downloads/LinkedUp-Club-MacOS-Vertin-Dev/macos/Flutter/GeneratedPluginRegistrant.swift:28:8: note: a dependency of main module 'LinkedUp'
[        ] import google_sign_in_ios
[        ]        ^
[        ] /Users/vertin/Downloads/LinkedUp-Club-MacOS-Vertin-Dev/macos/Flutter/GeneratedPluginRegistrant.swift:29:8: error: Unable to find module dependency: 'irondash_engine_context'
[        ] import irondash_engine_context
[        ]        ^
[        ] /Users/vertin/Downloads/LinkedUp-Club-MacOS-Vertin-Dev/macos/Flutter/GeneratedPluginRegistrant.swift:29:8: note: a dependency of main module 'LinkedUp'
[        ] import irondash_engine_context
[        ]        ^
[        ] /Users/vertin/Downloads/LinkedUp-Club-MacOS-Vertin-Dev/macos/Flutter/GeneratedPluginRegistrant.swift:30:8: error: Unable to find module dependency: 'just_audio'
[        ] import just_audio
[        ]        ^
[        ] /Users/vertin/Downloads/LinkedUp-Club-MacOS-Vertin-Dev/macos/Flutter/GeneratedPluginRegistrant.swift:30:8: note: a dependency of main module 'LinkedUp'
[        ] import just_audio
[        ]        ^
[        ] /Users/vertin/Downloads/LinkedUp-Club-MacOS-Vertin-Dev/macos/Flutter/GeneratedPluginRegistrant.swift:31:8: error: Unable to find module dependency: 'package_info_plus'
[        ] import package_info_plus
[        ]        ^
[        ] /Users/vertin/Downloads/LinkedUp-Club-MacOS-Vertin-Dev/macos/Flutter/GeneratedPluginRegistrant.swift:31:8: note: a dependency of main module 'LinkedUp'
[        ] import package_info_plus
[        ]        ^
[        ] /Users/vertin/Downloads/LinkedUp-Club-MacOS-Vertin-Dev/macos/Flutter/GeneratedPluginRegistrant.swift:32:8: error: Unable to find module dependency: 'path_provider_foundation'
[        ] import path_provider_foundation
[        ]        ^
[        ] /Users/vertin/Downloads/LinkedUp-Club-MacOS-Vertin-Dev/macos/Flutter/GeneratedPluginRegistrant.swift:32:8: note: a dependency of main module 'LinkedUp'
[        ] import path_provider_foundation
[        ]        ^
[        ] /Users/vertin/Downloads/LinkedUp-Club-MacOS-Vertin-Dev/macos/Flutter/GeneratedPluginRegistrant.swift:33:8: error: Unable to find module dependency: 'pdfx'
[        ] import pdfx
[        ]        ^
[        ] /Users/vertin/Downloads/LinkedUp-Club-MacOS-Vertin-Dev/macos/Flutter/GeneratedPluginRegistrant.swift:33:8: note: a dependency of main module 'LinkedUp'
[        ] import pdfx
[        ]        ^
[        ] /Users/vertin/Downloads/LinkedUp-Club-MacOS-Vertin-Dev/macos/Flutter/GeneratedPluginRegistrant.swift:34:8: error: Unable to find module dependency: 'quill_native_bridge_macos'
[        ] import quill_native_bridge_macos
[        ]        ^
[        ] /Users/vertin/Downloads/LinkedUp-Club-MacOS-Vertin-Dev/macos/Flutter/GeneratedPluginRegistrant.swift:34:8: note: a dependency of main module 'LinkedUp'
[        ] import quill_native_bridge_macos
[        ]        ^
[        ] /Users/vertin/Downloads/LinkedUp-Club-MacOS-Vertin-Dev/macos/Flutter/GeneratedPluginRegistrant.swift:35:8: error: Unable to find module dependency: 'record_macos'
[        ] import record_macos
[        ]        ^
[        ] /Users/vertin/Downloads/LinkedUp-Club-MacOS-Vertin-Dev/macos/Flutter/GeneratedPluginRegistrant.swift:35:8: note: a dependency of main module 'LinkedUp'
[        ] import record_macos
[        ]        ^
[        ] /Users/vertin/Downloads/LinkedUp-Club-MacOS-Vertin-Dev/macos/Flutter/GeneratedPluginRegistrant.swift:36:8: error: Unable to find module dependency: 'share_plus'
[        ] import share_plus
[        ]        ^
[        ] /Users/vertin/Downloads/LinkedUp-Club-MacOS-Vertin-Dev/macos/Flutter/GeneratedPluginRegistrant.swift:36:8: note: a dependency of main module 'LinkedUp'
[        ] import share_plus
[        ]        ^
[        ] /Users/vertin/Downloads/LinkedUp-Club-MacOS-Vertin-Dev/macos/Flutter/GeneratedPluginRegistrant.swift:37:8: error: Unable to find module dependency: 'shared_preferences_foundation'
[        ] import shared_preferences_foundation
[        ]        ^
[        ] /Users/vertin/Downloads/LinkedUp-Club-MacOS-Vertin-Dev/macos/Flutter/GeneratedPluginRegistrant.swift:37:8: note: a dependency of main module 'LinkedUp'
[        ] import shared_preferences_foundation
[        ]        ^
[        ] /Users/vertin/Downloads/LinkedUp-Club-MacOS-Vertin-Dev/macos/Flutter/GeneratedPluginRegistrant.swift:38:8: error: Unable to find module dependency: 'sign_in_with_apple'
[        ] import sign_in_with_apple
[        ]        ^
[        ] /Users/vertin/Downloads/LinkedUp-Club-MacOS-Vertin-Dev/macos/Flutter/GeneratedPluginRegistrant.swift:38:8: note: a dependency of main module 'LinkedUp'
[        ] import sign_in_with_apple
[        ]        ^
[        ] /Users/vertin/Downloads/LinkedUp-Club-MacOS-Vertin-Dev/macos/Flutter/GeneratedPluginRegistrant.swift:39:8: error: Unable to find module dependency: 'sqflite'
[        ] import sqflite
[        ]        ^
[        ] /Users/vertin/Downloads/LinkedUp-Club-MacOS-Vertin-Dev/macos/Flutter/GeneratedPluginRegistrant.swift:39:8: note: a dependency of main module 'LinkedUp'
[        ] import sqflite
[        ]        ^
[        ] /Users/vertin/Downloads/LinkedUp-Club-MacOS-Vertin-Dev/macos/Flutter/GeneratedPluginRegistrant.swift:40:8: error: Unable to find module dependency: 'super_native_extensions'
[        ] import super_native_extensions
[        ]        ^
[        ] /Users/vertin/Downloads/LinkedUp-Club-MacOS-Vertin-Dev/macos/Flutter/GeneratedPluginRegistrant.swift:40:8: note: a dependency of main module 'LinkedUp'
[        ] import super_native_extensions
[        ]        ^
[        ] /Users/vertin/Downloads/LinkedUp-Club-MacOS-Vertin-Dev/macos/Flutter/GeneratedPluginRegistrant.swift:41:8: error: Unable to find module dependency: 'url_launcher_macos'
[        ] import url_launcher_macos
[        ]        ^
[        ] /Users/vertin/Downloads/LinkedUp-Club-MacOS-Vertin-Dev/macos/Flutter/GeneratedPluginRegistrant.swift:41:8: note: a dependency of main module 'LinkedUp'
[        ] import url_launcher_macos
[        ]        ^
[        ] /Users/vertin/Downloads/LinkedUp-Club-MacOS-Vertin-Dev/macos/Flutter/GeneratedPluginRegistrant.swift:42:8: error: Unable to find module dependency: 'video_player_avfoundation'
[        ] import video_player_avfoundation
[        ]        ^
[        ] /Users/vertin/Downloads/LinkedUp-Club-MacOS-Vertin-Dev/macos/Flutter/GeneratedPluginRegistrant.swift:42:8: note: a dependency of main module 'LinkedUp'
[        ] import video_player_avfoundation
[        ]        ^
[        ] /Users/vertin/Downloads/LinkedUp-Club-MacOS-Vertin-Dev/macos/Flutter/GeneratedPluginRegistrant.swift:43:8: error: Unable to find module dependency: 'wakelock_plus'
[        ] import wakelock_plus
[        ]        ^
[        ] /Users/vertin/Downloads/LinkedUp-Club-MacOS-Vertin-Dev/macos/Flutter/GeneratedPluginRegistrant.swift:43:8: note: a dependency of main module 'LinkedUp'
[        ] import wakelock_plus
[        ]        ^
[        ] /Users/vertin/Downloads/LinkedUp-Club-MacOS-Vertin-Dev/macos/Flutter/GeneratedPluginRegistrant.swift:44:8: error: Unable to find module dependency: 'webview_flutter_wkwebview'
[        ] import webview_flutter_wkwebview
[        ]        ^
[        ] /Users/vertin/Downloads/LinkedUp-Club-MacOS-Vertin-Dev/macos/Flutter/GeneratedPluginRegistrant.swift:44:8: note: a dependency of main module 'LinkedUp'
[        ] import webview_flutter_wkwebview
[        ]        ^
[        ] /Users/vertin/Downloads/LinkedUp-Club-MacOS-Vertin-Dev/macos/Flutter/GeneratedPluginRegistrant.swift:45:8: error: Unable to find module dependency: 'zego_express_engine'
[        ] import zego_express_engine
[        ]        ^
[        ] /Users/vertin/Downloads/LinkedUp-Club-MacOS-Vertin-Dev/macos/Flutter/GeneratedPluginRegistrant.swift:45:8: note: a dependency of main module 'LinkedUp'
[        ] import zego_express_engine
[        ]        ^
[  +16 ms] SwiftDriver Runner normal arm64 com.apple.xcode.tools.swift.compiler (in target 'Runner' from project 'Runner')
[        ]     cd /Users/vertin/Downloads/LinkedUp-Club-MacOS-Vertin-Dev/macos
[        ]     builtin-SwiftDriver -- /Applications/Xcode.app/Contents/Developer/Toolchains/XcodeDefault.xctoolchain/usr/bin/swiftc -module-name LinkedUp -O -whole-module-optimization -enforce-exclusivity\=checked @/Users/vertin/Downloads/LinkedUp-Club-MacOS-Vertin-Dev/build/macos/Build/Intermediates.noindex/Runner.build/Release/Runner.build/Objects-normal/arm64/LinkedUp.SwiftFileList -D COCOAPODS -D COCOAPODS -enable-bare-slash-regex -enable-experimental-feature DebugDescriptionMacro -sdk /Applications/Xcode.app/Contents/Developer/Platforms/MacOSX.platform/Developer/SDKs/MacOSX26.2.sdk -target arm64-apple-macos13.0 -g -module-cache-path /Users/vertin/Downloads/LinkedUp-Club-MacOS-Vertin-Dev/build/macos/ModuleCache.noindex -Xfrontend -serialize-debugging-options -swift-version 5 -I /Users/vertin/Downloads/LinkedUp-Club-MacOS-Vertin-Dev/build/macos/Build/Products/Release -F /Users/vertin/Downloads/LinkedUp-Club-MacOS-Vertin-Dev/build/macos/Build/Products/Release -F /Users/vertin/Downloads/LinkedUp-Club-MacOS-Vertin-Dev/build/macos/Build/Products/Release/AppAuth -F /Users/vertin/Downloads/LinkedUp-Club-MacOS-Vertin-Dev/build/macos/Build/Products/Release/AppCheckCore -F /Users/vertin/Downloads/LinkedUp-Club-MacOS-Vertin-Dev/build/macos/Build/Products/Release/FirebaseAppCheckInterop -F /Users/vertin/Downloads/LinkedUp-Club-MacOS-Vertin-Dev/build/macos/Build/Products/Release/FirebaseAuth -F /Users/vertin/Downloads/LinkedUp-Club-MacOS-Vertin-Dev/build/macos/Build/Products/Release/FirebaseAuthInterop -F /Users/vertin/Downloads/LinkedUp-Club-MacOS-Vertin-Dev/build/macos/Build/Products/Release/FirebaseCore -F /Users/vertin/Downloads/LinkedUp-Club-MacOS-Vertin-Dev/build/macos/Build/Products/Release/FirebaseCoreExtension -F /Users/vertin/Downloads/LinkedUp-Club-MacOS-Vertin-Dev/build/macos/Build/Products/Release/FirebaseCoreInternal -F /Users/vertin/Downloads/LinkedUp-Club-MacOS-Vertin-Dev/build/macos/Build/Products/Release/FirebaseFirestoreBinary -F /Users/vertin/Downloads/LinkedUp-Club-MacOS-Vertin-Dev/build/macos/Build/Products/Release/FirebaseFunctions -F /Users/vertin/Downloads/LinkedUp-Club-MacOS-Vertin-Dev/build/macos/Build/Products/Release/FirebaseInstallations -F /Users/vertin/Downloads/LinkedUp-Club-MacOS-Vertin-Dev/build/macos/Build/Products/Release/FirebaseMessaging -F /Users/vertin/Downloads/LinkedUp-Club-MacOS-Vertin-Dev/build/macos/Build/Products/Release/FirebaseMessagingInterop -F /Users/vertin/Downloads/LinkedUp-Club-MacOS-Vertin-Dev/build/macos/Build/Products/Release/FirebaseSharedSwift -F /Users/vertin/Downloads/LinkedUp-Club-MacOS-Vertin-Dev/build/macos/Build/Products/Release/FirebaseStorage -F /Users/vertin/Downloads/LinkedUp-Club-MacOS-Vertin-Dev/build/macos/Build/Products/Release/GTMAppAuth -F /Users/vertin/Downloads/LinkedUp-Club-MacOS-Vertin-Dev/build/macos/Build/Products/Release/GTMSessionFetcher -F /Users/vertin/Downloads/LinkedUp-Club-MacOS-Vertin-Dev/build/macos/Build/Products/Release/GoogleDataTransport -F /Users/vertin/Downloads/LinkedUp-Club-MacOS-Vertin-Dev/build/macos/Build/Products/Release/GoogleSignIn -F /Users/vertin/Downloads/LinkedUp-Club-MacOS-Vertin-Dev/build/macos/Build/Products/Release/GoogleUtilities -F /Users/vertin/Downloads/LinkedUp-Club-MacOS-Vertin-Dev/build/macos/Build/Products/Release/OrderedSet -F /Users/vertin/Downloads/LinkedUp-Club-MacOS-Vertin-Dev/build/macos/Build/Products/Release/PromisesObjC -F /Users/vertin/Downloads/LinkedUp-Club-MacOS-Vertin-Dev/build/macos/Build/Products/Release/app_badge_plus -F /Users/vertin/Downloads/LinkedUp-Club-MacOS-Vertin-Dev/build/macos/Build/Products/Release/app_links -F /Users/vertin/Downloads/LinkedUp-Club-MacOS-Vertin-Dev/build/macos/Build/Products/Release/assets_audio_player -F /Users/vertin/Downloads/LinkedUp-Club-MacOS-Vertin-Dev/build/macos/Build/Products/Release/assets_audio_player_web -F /Users/vertin/Downloads/LinkedUp-Club-MacOS-Vertin-Dev/build/macos/Build/Products/Release/audio_session -F /Users/vertin/Downloads/LinkedUp-Club-MacOS-Vertin-Dev/build/macos/Build/Products/Release/camera_macos -F /Users/vertin/Downloads/LinkedUp-Club-MacOS-Vertin-Dev/build/macos/Build/Products/Release/cloud_firestore -F /Users/vertin/Downloads/LinkedUp-Club-MacOS-Vertin-Dev/build/macos/Build/Products/Release/cloud_functions -F /Users/vertin/Downloads/LinkedUp-Club-MacOS-Vertin-Dev/build/macos/Build/Products/Release/cupertino_native -F /Users/vertin/Downloads/LinkedUp-Club-MacOS-Vertin-Dev/build/macos/Build/Products/Release/desktop_drop -F /Users/vertin/Downloads/LinkedUp-Club-MacOS-Vertin-Dev/build/macos/Build/Products/Release/device_info_plus -F /Users/vertin/Downloads/LinkedUp-Club-MacOS-Vertin-Dev/build/macos/Build/Products/Release/emoji_picker_flutter -F /Users/vertin/Downloads/LinkedUp-Club-MacOS-Vertin-Dev/build/macos/Build/Products/Release/file_picker -F /Users/vertin/Downloads/LinkedUp-Club-MacOS-Vertin-Dev/build/macos/Build/Products/Release/file_selector_macos -F /Users/vertin/Downloads/LinkedUp-Club-MacOS-Vertin-Dev/build/macos/Build/Products/Release/firebase_auth -F /Users/vertin/Downloads/LinkedUp-Club-MacOS-Vertin-Dev/build/macos/Build/Products/Release/firebase_core -F /Users/vertin/Downloads/LinkedUp-Club-MacOS-Vertin-Dev/build/macos/Build/Products/Release/firebase_messaging -F /Users/vertin/Downloads/LinkedUp-Club-MacOS-Vertin-Dev/build/macos/Build/Products/Release/firebase_storage -F /Users/vertin/Downloads/LinkedUp-Club-MacOS-Vertin-Dev/build/macos/Build/Products/Release/flutter_inappwebview_macos -F /Users/vertin/Downloads/LinkedUp-Club-MacOS-Vertin-Dev/build/macos/Build/Products/Release/geolocator_apple -F /Users/vertin/Downloads/LinkedUp-Club-MacOS-Vertin-Dev/build/macos/Build/Products/Release/google_sign_in_ios -F /Users/vertin/Downloads/LinkedUp-Club-MacOS-Vertin-Dev/build/macos/Build/Products/Release/irondash_engine_context -F /Users/vertin/Downloads/LinkedUp-Club-MacOS-Vertin-Dev/build/macos/Build/Products/Release/just_audio -F /Users/vertin/Downloads/LinkedUp-Club-MacOS-Vertin-Dev/build/macos/Build/Products/Release/leveldb-library -F /Users/vertin/Downloads/LinkedUp-Club-MacOS-Vertin-Dev/build/macos/Build/Products/Release/nanopb -F /Users/vertin/Downloads/LinkedUp-Club-MacOS-Vertin-Dev/build/macos/Build/Products/Release/package_info_plus -F /Users/vertin/Downloads/LinkedUp-Club-MacOS-Vertin-Dev/build/macos/Build/Products/Release/path_provider_foundation -F /Users/vertin/Downloads/LinkedUp-Club-MacOS-Vertin-Dev/build/macos/Build/Products/Release/pdfx -F /Users/vertin/Downloads/LinkedUp-Club-MacOS-Vertin-Dev/build/macos/Build/Products/Release/quill_native_bridge_macos -F /Users/vertin/Downloads/LinkedUp-Club-MacOS-Vertin-Dev/build/macos/Build/Products/Release/record_macos -F /Users/vertin/Downloads/LinkedUp-Club-MacOS-Vertin-Dev/build/macos/Build/Products/Release/share_plus -F /Users/vertin/Downloads/LinkedUp-Club-MacOS-Vertin-Dev/build/macos/Build/Products/Release/shared_preferences_foundation -F /Users/vertin/Downloads/LinkedUp-Club-MacOS-Vertin-Dev/build/macos/Build/Products/Release/sign_in_with_apple -F /Users/vertin/Downloads/LinkedUp-Club-MacOS-Vertin-Dev/build/macos/Build/Products/Release/sqflite -F /Users/vertin/Downloads/LinkedUp-Club-MacOS-Vertin-Dev/build/macos/Build/Products/Release/super_native_extensions -F /Users/vertin/Downloads/LinkedUp-Club-MacOS-Vertin-Dev/build/macos/Build/Products/Release/url_launcher_macos -F /Users/vertin/Downloads/LinkedUp-Club-MacOS-Vertin-Dev/build/macos/Build/Products/Release/video_player_avfoundation -F /Users/vertin/Downloads/LinkedUp-Club-MacOS-Vertin-Dev/build/macos/Build/Products/Release/wakelock_plus -F /Users/vertin/Downloads/LinkedUp-Club-MacOS-Vertin-Dev/build/macos/Build/Products/Release/webview_flutter_wkwebview -F /Users/vertin/Downloads/LinkedUp-Club-MacOS-Vertin-Dev/build/macos/Build/Products/Release/zego_express_engine -F /Users/vertin/Downloads/LinkedUp-Club-MacOS-Vertin-Dev/macos/Flutter/ephemeral/.symlinks/plugins/zego_express_engine/macos/libs -F /Users/vertin/Downloads/LinkedUp-Club-MacOS-Vertin-Dev/macos/Pods/FirebaseFirestoreAbseilBinary -F /Users/vertin/Downloads/LinkedUp-Club-MacOS-Vertin-Dev/macos/Pods/FirebaseFirestoreGRPCBoringSSLBinary -F /Users/vertin/Downloads/LinkedUp-Club-MacOS-Vertin-Dev/macos/Pods/FirebaseFirestoreGRPCCPPBinary -F /Users/vertin/Downloads/LinkedUp-Club-MacOS-Vertin-Dev/macos/Pods/FirebaseFirestoreGRPCCoreBinary -F /Users/vertin/Downloads/LinkedUp-Club-MacOS-Vertin-Dev/macos/Pods/FirebaseFirestoreInternalBinary -F /Users/vertin/Downloads/LinkedUp-Club-MacOS-Vertin-Dev/build/macos/Build/Products/Release/XCFrameworkIntermediates/FirebaseFirestoreAbseilBinary -F /Users/vertin/Downloads/LinkedUp-Club-MacOS-Vertin-Dev/build/macos/Build/Products/Release/XCFrameworkIntermediates/FirebaseFirestoreGRPCBoringSSLBinary -F /Users/vertin/Downloads/LinkedUp-Club-MacOS-Vertin-Dev/build/macos/Build/Products/Release/XCFrameworkIntermediates/FirebaseFirestoreGRPCCPPBinary -F /Users/vertin/Downloads/LinkedUp-Club-MacOS-Vertin-Dev/build/macos/Build/Products/Release/XCFrameworkIntermediates/FirebaseFirestoreGRPCCoreBinary -F /Users/vertin/Downloads/LinkedUp-Club-MacOS-Vertin-Dev/build/macos/Build/Products/Release/XCFrameworkIntermediates/FirebaseFirestoreInternalBinary -F /Users/vertin/Downloads/LinkedUp-Club-MacOS-Vertin-Dev/build/macos/Build/Products/Release/XCFrameworkIntermediates/zego_express_engine -F /Users/vertin/Downloads/LinkedUp-Club-MacOS-Vertin-Dev/build/macos/Build/Products/Release/AppAuth -F /Users/vertin/Downloads/LinkedUp-Club-MacOS-Vertin-Dev/build/macos/Build/Products/Release/AppCheckCore -F /Users/vertin/Downloads/LinkedUp-Club-MacOS-Vertin-Dev/build/macos/Build/Products/Release/FirebaseAppCheckInterop -F /Users/vertin/Downloads/LinkedUp-Club-MacOS-Vertin-Dev/build/macos/Build/Products/Release/FirebaseAuth -F /Users/vertin/Downloads/LinkedUp-Club-MacOS-Vertin-Dev/build/macos/Build/Products/Release/FirebaseAuthInterop -F /Users/vertin/Downloads/LinkedUp-Club-MacOS-Vertin-Dev/build/macos/Build/Products/Release/FirebaseCore -F /Users/vertin/Downloads/LinkedUp-Club-MacOS-Vertin-Dev/build/macos/Build/Products/Release/FirebaseCoreExtension -F /Users/vertin/Downloads/LinkedUp-Club-MacOS-Vertin-Dev/build/macos/Build/Products/Release/FirebaseCoreInternal -F /Users/vertin/Downloads/LinkedUp-Club-MacOS-Vertin-Dev/build/macos/Build/Products/Release/FirebaseFirestoreBinary -F /Users/vertin/Downloads/LinkedUp-Club-MacOS-Vertin-Dev/build/macos/Build/Products/Release/FirebaseFunctions -F /Users/vertin/Downloads/LinkedUp-Club-MacOS-Vertin-Dev/build/macos/Build/Products/Release/FirebaseInstallations -F /Users/vertin/Downloads/LinkedUp-Club-MacOS-Vertin-Dev/build/macos/Build/Products/Release/FirebaseMessaging -F /Users/vertin/Downloads/LinkedUp-Club-MacOS-Vertin-Dev/build/macos/Build/Products/Release/FirebaseMessagingInterop -F /Users/vertin/Downloads/LinkedUp-Club-MacOS-Vertin-Dev/build/macos/Build/Products/Release/FirebaseSharedSwift -F /Users/vertin/Downloads/LinkedUp-Club-MacOS-Vertin-Dev/build/macos/Build/Products/Release/FirebaseStorage -F /Users/vertin/Downloads/LinkedUp-Club-MacOS-Vertin-Dev/build/macos/Build/Products/Release/GTMAppAuth -F /Users/vertin/Downloads/LinkedUp-Club-MacOS-Vertin-Dev/build/macos/Build/Products/Release/GTMSessionFetcher -F /Users/vertin/Downloads/LinkedUp-Club-MacOS-Vertin-Dev/build/macos/Build/Products/Release/GoogleDataTransport -F /Users/vertin/Downloads/LinkedUp-Club-MacOS-Vertin-Dev/build/macos/Build/Products/Release/GoogleSignIn -F /Users/vertin/Downloads/LinkedUp-Club-MacOS-Vertin-Dev/build/macos/Build/Products/Release/GoogleUtilities -F /Users/vertin/Downloads/LinkedUp-Club-MacOS-Vertin-Dev/build/macos/Build/Products/Release/OrderedSet -F /Users/vertin/Downloads/LinkedUp-Club-MacOS-Vertin-Dev/build/macos/Build/Products/Release/PromisesObjC -F /Users/vertin/Downloads/LinkedUp-Club-MacOS-Vertin-Dev/build/macos/Build/Products/Release/app_badge_plus -F /Users/vertin/Downloads/LinkedUp-Club-MacOS-Vertin-Dev/build/macos/Build/Products/Release/app_links -F /Users/vertin/Downloads/LinkedUp-Club-MacOS-Vertin-Dev/build/macos/Build/Products/Release/assets_audio_player -F /Users/vertin/Downloads/LinkedUp-Club-MacOS-Vertin-Dev/build/macos/Build/Products/Release/assets_audio_player_web -F /Users/vertin/Downloads/LinkedUp-Club-MacOS-Vertin-Dev/build/macos/Build/Products/Release/audio_session -F /Users/vertin/Downloads/LinkedUp-Club-MacOS-Vertin-Dev/build/macos/Build/Products/Release/camera_macos -F /Users/vertin/Downloads/LinkedUp-Club-MacOS-Vertin-Dev/build/macos/Build/Products/Release/cloud_firestore -F /Users/vertin/Downloads/LinkedUp-Club-MacOS-Vertin-Dev/build/macos/Build/Products/Release/cloud_functions -F /Users/vertin/Downloads/LinkedUp-Club-MacOS-Vertin-Dev/build/macos/Build/Products/Release/cupertino_native -F /Users/vertin/Downloads/LinkedUp-Club-MacOS-Vertin-Dev/build/macos/Build/Products/Release/desktop_drop -F /Users/vertin/Downloads/LinkedUp-Club-MacOS-Vertin-Dev/build/macos/Build/Products/Release/device_info_plus -F /Users/vertin/Downloads/LinkedUp-Club-MacOS-Vertin-Dev/build/macos/Build/Products/Release/emoji_picker_flutter -F /Users/vertin/Downloads/LinkedUp-Club-MacOS-Vertin-Dev/build/macos/Build/Products/Release/file_picker -F /Users/vertin/Downloads/LinkedUp-Club-MacOS-Vertin-Dev/build/macos/Build/Products/Release/file_selector_macos -F /Users/vertin/Downloads/LinkedUp-Club-MacOS-Vertin-Dev/build/macos/Build/Products/Release/firebase_auth -F /Users/vertin/Downloads/LinkedUp-Club-MacOS-Vertin-Dev/build/macos/Build/Products/Release/firebase_core -F /Users/vertin/Downloads/LinkedUp-Club-MacOS-Vertin-Dev/build/macos/Build/Products/Release/firebase_messaging -F /Users/vertin/Downloads/LinkedUp-Club-MacOS-Vertin-Dev/build/macos/Build/Products/Release/firebase_storage -F /Users/vertin/Downloads/LinkedUp-Club-MacOS-Vertin-Dev/build/macos/Build/Products/Release/flutter_inappwebview_macos -F /Users/vertin/Downloads/LinkedUp-Club-MacOS-Vertin-Dev/build/macos/Build/Products/Release/geolocator_apple -F /Users/vertin/Downloads/LinkedUp-Club-MacOS-Vertin-Dev/build/macos/Build/Products/Release/google_sign_in_ios -F /Users/vertin/Downloads/LinkedUp-Club-MacOS-Vertin-Dev/build/macos/Build/Products/Release/irondash_engine_context -F /Users/vertin/Downloads/LinkedUp-Club-MacOS-Vertin-Dev/build/macos/Build/Products/Release/just_audio -F /Users/vertin/Downloads/LinkedUp-Club-MacOS-Vertin-Dev/build/macos/Build/Products/Release/leveldb-library -F /Users/vertin/Downloads/LinkedUp-Club-MacOS-Vertin-Dev/build/macos/Build/Products/Release/nanopb -F /Users/vertin/Downloads/LinkedUp-Club-MacOS-Vertin-Dev/build/macos/Build/Products/Release/package_info_plus -F /Users/vertin/Downloads/LinkedUp-Club-MacOS-Vertin-Dev/build/macos/Build/Products/Release/path_provider_foundation -F /Users/vertin/Downloads/LinkedUp-Club-MacOS-Vertin-Dev/build/macos/Build/Products/Release/pdfx -F /Users/vertin/Downloads/LinkedUp-Club-MacOS-Vertin-Dev/build/macos/Build/Products/Release/quill_native_bridge_macos -F /Users/vertin/Downloads/LinkedUp-Club-MacOS-Vertin-Dev/build/macos/Build/Products/Release/record_macos -F /Users/vertin/Downloads/LinkedUp-Club-MacOS-Vertin-Dev/build/macos/Build/Products/Release/share_plus -F /Users/vertin/Downloads/LinkedUp-Club-MacOS-Vertin-Dev/build/macos/Build/Products/Release/shared_preferences_foundation -F /Users/vertin/Downloads/LinkedUp-Club-MacOS-Vertin-Dev/build/macos/Build/Products/Release/sign_in_with_apple -F /Users/vertin/Downloads/LinkedUp-Club-MacOS-Vertin-Dev/build/macos/Build/Products/Release/sqflite -F /Users/vertin/Downloads/LinkedUp-Club-MacOS-Vertin-Dev/build/macos/Build/Products/Release/super_native_extensions -F /Users/vertin/Downloads/LinkedUp-Club-MacOS-Vertin-Dev/build/macos/Build/Products/Release/url_launcher_macos -F /Users/vertin/Downloads/LinkedUp-Club-MacOS-Vertin-Dev/build/macos/Build/Products/Release/video_player_avfoundation -F /Users/vertin/Downloads/LinkedUp-Club-MacOS-Vertin-Dev/build/macos/Build/Products/Release/wakelock_plus -F /Users/vertin/Downloads/LinkedUp-Club-MacOS-Vertin-Dev/build/macos/Build/Products/Release/webview_flutter_wkwebview -F /Users/vertin/Downloads/LinkedUp-Club-MacOS-Vertin-Dev/build/macos/Build/Products/Release/zego_express_engine -F /Users/vertin/Downloads/LinkedUp-Club-MacOS-Vertin-Dev/macos/Flutter/ephemeral/.symlinks/plugins/zego_express_engine/macos/libs -F /Users/vertin/Downloads/LinkedUp-Club-MacOS-Vertin-Dev/macos/Pods/FirebaseFirestoreAbseilBinary -F /Users/vertin/Downloads/LinkedUp-Club-MacOS-Vertin-Dev/macos/Pods/FirebaseFirestoreGRPCBoringSSLBinary -F /Users/vertin/Downloads/LinkedUp-Club-MacOS-Vertin-Dev/macos/Pods/FirebaseFirestoreGRPCCPPBinary -F /Users/vertin/Downloads/LinkedUp-Club-MacOS-Vertin-Dev/macos/Pods/FirebaseFirestoreGRPCCoreBinary -F /Users/vertin/Downloads/LinkedUp-Club-MacOS-Vertin-Dev/macos/Pods/FirebaseFirestoreInternalBinary -F /Users/vertin/Downloads/LinkedUp-Club-MacOS-Vertin-Dev/build/macos/Build/Products/Release/XCFrameworkIntermediates/FirebaseFirestoreAbseilBinary -F /Users/vertin/Downloads/LinkedUp-Club-MacOS-Vertin-Dev/build/macos/Build/Products/Release/XCFrameworkIntermediates/FirebaseFirestoreGRPCBoringSSLBinary -F /Users/vertin/Downloads/LinkedUp-Club-MacOS-Vertin-Dev/build/macos/Build/Products/Release/XCFrameworkIntermediates/FirebaseFirestoreGRPCCPPBinary -F /Users/vertin/Downloads/LinkedUp-Club-MacOS-Vertin-Dev/build/macos/Build/Products/Release/XCFrameworkIntermediates/FirebaseFirestoreGRPCCoreBinary -F /Users/vertin/Downloads/LinkedUp-Club-MacOS-Vertin-Dev/build/macos/Build/Products/Release/XCFrameworkIntermediates/FirebaseFirestoreInternalBinary -F /Users/vertin/Downloads/LinkedUp-Club-MacOS-Vertin-Dev/build/macos/Build/Products/Release/XCFrameworkIntermediates/zego_express_engine -F /Users/vertin/Downloads/LinkedUp-Club-MacOS-Vertin-Dev/build/macos/Build/Products/Release/FirebaseMessaging -F /Users/vertin/Downloads/LinkedUp-Club-MacOS-Vertin-Dev/build/macos/Build/Products/Release/FirebaseCore -F /Users/vertin/Downloads/LinkedUp-Club-MacOS-Vertin-Dev/build/macos/Build/Products/Release/GoogleSignIn -F /Users/vertin/Downloads/LinkedUp-Club-MacOS-Vertin-Dev/build/macos/Build/Products/Release/app_badge_plus -F /Users/vertin/Downloads/LinkedUp-Club-MacOS-Vertin-Dev/build/macos/Build/Products/Release/app_links -F /Users/vertin/Downloads/LinkedUp-Club-MacOS-Vertin-Dev/build/macos/Build/Products/Release/assets_audio_player -F /Users/vertin/Downloads/LinkedUp-Club-MacOS-Vertin-Dev/build/macos/Build/Products/Release/audio_session -F /Users/vertin/Downloads/LinkedUp-Club-MacOS-Vertin-Dev/build/macos/Build/Products/Release/camera_macos -F /Users/vertin/Downloads/LinkedUp-Club-MacOS-Vertin-Dev/build/macos/Build/Products/Release/cloud_firestore -F /Users/vertin/Downloads/LinkedUp-Club-MacOS-Vertin-Dev/build/macos/Build/Products/Release/cloud_functions -F /Users/vertin/Downloads/LinkedUp-Club-MacOS-Vertin-Dev/build/macos/Build/Products/Release/desktop_drop -F /Users/vertin/Downloads/LinkedUp-Club-MacOS-Vertin-Dev/build/macos/Build/Products/Release/device_info_plus -F /Users/vertin/Downloads/LinkedUp-Club-MacOS-Vertin-Dev/build/macos/Build/Products/Release/emoji_picker_flutter -F /Users/vertin/Downloads/LinkedUp-Club-MacOS-Vertin-Dev/build/macos/Build/Products/Release/file_picker -F /Users/vertin/Downloads/LinkedUp-Club-MacOS-Vertin-Dev/build/macos/Build/Products/Release/file_selector_macos -F /Users/vertin/Downloads/LinkedUp-Club-MacOS-Vertin-Dev/build/macos/Build/Products/Release/firebase_auth -F /Users/vertin/Downloads/LinkedUp-Club-MacOS-Vertin-Dev/build/macos/Build/Products/Release/firebase_core -F /Users/vertin/Downloads/LinkedUp-Club-MacOS-Vertin-Dev/build/macos/Build/Products/Release/firebase_messaging -F /Users/vertin/Downloads/LinkedUp-Club-MacOS-Vertin-Dev/build/macos/Build/Products/Release/firebase_storage -F /Users/vertin/Downloads/LinkedUp-Club-MacOS-Vertin-Dev/build/macos/Build/Products/Release/flutter_inappwebview_macos -F /Users/vertin/Downloads/LinkedUp-Club-MacOS-Vertin-Dev/build/macos/Build/Products/Release/geolocator_apple -F /Users/vertin/Downloads/LinkedUp-Club-MacOS-Vertin-Dev/build/macos/Build/Products/Release/google_sign_in_ios -F /Users/vertin/Downloads/LinkedUp-Club-MacOS-Vertin-Dev/build/macos/Build/Products/Release/irondash_engine_context -F /Users/vertin/Downloads/LinkedUp-Club-MacOS-Vertin-Dev/build/macos/Build/Products/Release/just_audio -F /Users/vertin/Downloads/LinkedUp-Club-MacOS-Vertin-Dev/build/macos/Build/Products/Release/nanopb -F /Users/vertin/Downloads/LinkedUp-Club-MacOS-Vertin-Dev/build/macos/Build/Products/Release/package_info_plus -F /Users/vertin/Downloads/LinkedUp-Club-MacOS-Vertin-Dev/build/macos/Build/Products/Release/path_provider_foundation -F /Users/vertin/Downloads/LinkedUp-Club-MacOS-Vertin-Dev/build/macos/Build/Products/Release/record_macos -F /Users/vertin/Downloads/LinkedUp-Club-MacOS-Vertin-Dev/build/macos/Build/Products/Release/share_plus -F /Users/vertin/Downloads/LinkedUp-Club-MacOS-Vertin-Dev/build/macos/Build/Products/Release/shared_preferences_foundation -F /Users/vertin/Downloads/LinkedUp-Club-MacOS-Vertin-Dev/build/macos/Build/Products/Release/sign_in_with_apple -F /Users/vertin/Downloads/LinkedUp-Club-MacOS-Vertin-Dev/build/macos/Build/Products/Release/sqflite -F /Users/vertin/Downloads/LinkedUp-Club-MacOS-Vertin-Dev/build/macos/Build/Products/Release/super_native_extensions -F /Users/vertin/Downloads/LinkedUp-Club-MacOS-Vertin-Dev/build/macos/Build/Products/Release/url_launcher_macos -F /Users/vertin/Downloads/LinkedUp-Club-MacOS-Vertin-Dev/build/macos/Build/Products/Release/video_player_avfoundation -F /Users/vertin/Downloads/LinkedUp-Club-MacOS-Vertin-Dev/build/macos/Build/Products/Release/wakelock_plus -F /Users/vertin/Downloads/LinkedUp-Club-MacOS-Vertin-Dev/build/macos/Build/Products/Release/webview_flutter_wkwebview -F /Users/vertin/Downloads/LinkedUp-Club-MacOS-Vertin-Dev/build/macos/Build/Products/Release/zego_express_engine -c -num-threads 10 -Xcc -ivfsstatcache -Xcc /Users/vertin/Downloads/LinkedUp-Club-MacOS-Vertin-Dev/build/macos/SDKStatCaches.noindex/macosx26.2-25C57-00fa09913b459cbbc988d1f6730289ae.sdkstatcache -output-file-map /Users/vertin/Downloads/LinkedUp-Club-MacOS-Vertin-Dev/build/macos/Build/Intermediates.noindex/Runner.build/Release/Runner.build/Objects-normal/arm64/Runner-OutputFileMap.json -use-frontend-parseable-output -save-temps -no-color-diagnostics -explicit-module-build -module-cache-path /Users/vertin/Downloads/LinkedUp-Club-MacOS-Vertin-Dev/build/macos/Build/Intermediates.noindex/SwiftExplicitPrecompiledModules -clang-scanner-module-cache-path /Users/vertin/Downloads/LinkedUp-Club-MacOS-Vertin-Dev/build/macos/ModuleCache.noindex -sdk-module-cache-path /Users/vertin/Downloads/LinkedUp-Club-MacOS-Vertin-Dev/build/macos/ModuleCache.noindex -serialize-diagnostics -emit-dependencies -emit-module -emit-module-path /Users/vertin/Downloads/LinkedUp-Club-MacOS-Vertin-Dev/build/macos/Build/Intermediates.noindex/Runner.build/Release/Runner.build/Objects-normal/arm64/LinkedUp.swiftmodule -validate-clang-modules-once -clang-build-session-file /Users/vertin/Downloads/LinkedUp-Club-MacOS-Vertin-Dev/build/macos/ModuleCache.noindex/Session.modulevalidation -Xcc -I/Users/vertin/Downloads/LinkedUp-Club-MacOS-Vertin-Dev/build/macos/Build/Intermediates.noindex/Runner.build/Release/Runner.build/swift-overrides.hmap -emit-const-values -Xfrontend -const-gather-protocols-file -Xfrontend /Users/vertin/Downloads/LinkedUp-Club-MacOS-Vertin-Dev/build/macos/Build/Intermediates.noindex/Runner.build/Release/Runner.build/Objects-normal/arm64/Runner_const_extract_protocols.json -Xcc -iquote -Xcc /Users/vertin/Downloads/LinkedUp-Club-MacOS-Vertin-Dev/build/macos/Build/Intermediates.noindex/Runner.build/Release/Runner.build/LinkedUp-generated-files.hmap -Xcc -I/Users/vertin/Downloads/LinkedUp-Club-MacOS-Vertin-Dev/build/macos/Build/Intermediates.noindex/Runner.build/Release/Runner.build/LinkedUp-own-target-headers.hmap -Xcc -I/Users/vertin/Downloads/LinkedUp-Club-MacOS-Vertin-Dev/build/macos/Build/Intermediates.noindex/Runner.build/Release/Runner.build/LinkedUp-all-target-headers.hmap -Xcc -iquote -Xcc /Users/vertin/Downloads/LinkedUp-Club-MacOS-Vertin-Dev/build/macos/Build/Intermediates.noindex/Runner.build/Release/Runner.build/LinkedUp-project-headers.hmap -Xcc -I/Users/vertin/Downloads/LinkedUp-Club-MacOS-Vertin-Dev/build/macos/Build/Products/Release/include -Xcc -I/Users/vertin/Downloads/LinkedUp-Club-MacOS-Vertin-Dev/build/macos/Build/Products/Release/AppAuth/AppAuth.framework/Headers -Xcc -I/Users/vertin/Downloads/LinkedUp-Club-MacOS-Vertin-Dev/build/macos/Build/Products/Release/AppCheckCore/AppCheckCore.framework/Headers -Xcc -I/Users/vertin/Downloads/LinkedUp-Club-MacOS-Vertin-Dev/build/macos/Build/Products/Release/FirebaseAppCheckInterop/FirebaseAppCheckInterop.framework/Headers -Xcc -I/Users/vertin/Downloads/LinkedUp-Club-MacOS-Vertin-Dev/build/macos/Build/Products/Release/FirebaseAuth/FirebaseAuth.framework/Headers -Xcc -I/Users/vertin/Downloads/LinkedUp-Club-MacOS-Vertin-Dev/build/macos/Build/Products/Release/FirebaseAuthInterop/FirebaseAuthInterop.framework/Headers -Xcc -I/Users/vertin/Downloads/LinkedUp-Club-MacOS-Vertin-Dev/build/macos/Build/Products/Release/FirebaseCore/FirebaseCore.framework/Headers -Xcc -I/Users/vertin/Downloads/LinkedUp-Club-MacOS-Vertin-Dev/build/macos/Build/Products/Release/FirebaseCoreExtension/FirebaseCoreExtension.framework/Headers -Xcc -I/Users/vertin/Downloads/LinkedUp-Club-MacOS-Vertin-Dev/build/macos/Build/Products/Release/FirebaseCoreInternal/FirebaseCoreInternal.framework/Headers -Xcc -I/Users/vertin/Downloads/LinkedUp-Club-MacOS-Vertin-Dev/build/macos/Build/Products/Release/FirebaseFirestoreBinary/FirebaseFirestore.framework/Headers -Xcc -I/Users/vertin/Downloads/LinkedUp-Club-MacOS-Vertin-Dev/build/macos/Build/Products/Release/FirebaseFunctions/FirebaseFunctions.framework/Headers -Xcc -I/Users/vertin/Downloads/LinkedUp-Club-MacOS-Vertin-Dev/build/macos/Build/Products/Release/FirebaseInstallations/FirebaseInstallations.framework/Headers -Xcc -I/Users/vertin/Downloads/LinkedUp-Club-MacOS-Vertin-Dev/build/macos/Build/Products/Release/FirebaseMessaging/FirebaseMessaging.framework/Headers -Xcc -I/Users/vertin/Downloads/LinkedUp-Club-MacOS-Vertin-Dev/build/macos/Build/Products/Release/FirebaseMessagingInterop/FirebaseMessagingInterop.framework/Headers -Xcc -I/Users/vertin/Downloads/LinkedUp-Club-MacOS-Vertin-Dev/build/macos/Build/Products/Release/FirebaseSharedSwift/FirebaseSharedSwift.framework/Headers -Xcc -I/Users/vertin/Downloads/LinkedUp-Club-MacOS-Vertin-Dev/build/macos/Build/Products/Release/FirebaseStorage/FirebaseStorage.framework/Headers -Xcc -I/Users/vertin/Downloads/LinkedUp-Club-MacOS-Vertin-Dev/build/macos/Build/Products/Release/GTMAppAuth/GTMAppAuth.framework/Headers -Xcc -I/Users/vertin/Downloads/LinkedUp-Club-MacOS-Vertin-Dev/build/macos/Build/Products/Release/GTMSessionFetcher/GTMSessionFetcher.framework/Headers -Xcc -I/Users/vertin/Downloads/LinkedUp-Club-MacOS-Vertin-Dev/build/macos/Build/Products/Release/GoogleDataTransport/GoogleDataTransport.framework/Headers -Xcc -I/Users/vertin/Downloads/LinkedUp-Club-MacOS-Vertin-Dev/build/macos/Build/Products/Release/GoogleSignIn/GoogleSignIn.framework/Headers -Xcc -I/Users/vertin/Downloads/LinkedUp-Club-MacOS-Vertin-Dev/build/macos/Build/Products/Release/GoogleUtilities/GoogleUtilities.framework/Headers -Xcc -I/Users/vertin/Downloads/LinkedUp-Club-MacOS-Vertin-Dev/build/macos/Build/Products/Release/OrderedSet/OrderedSet.framework/Headers -Xcc -I/Users/vertin/Downloads/LinkedUp-Club-MacOS-Vertin-Dev/build/macos/Build/Products/Release/PromisesObjC/FBLPromises.framework/Headers -Xcc -I/Users/vertin/Downloads/LinkedUp-Club-MacOS-Vertin-Dev/build/macos/Build/Products/Release/app_badge_plus/app_badge_plus.framework/Headers -Xcc -I/Users/vertin/Downloads/LinkedUp-Club-MacOS-Vertin-Dev/build/macos/Build/Products/Release/app_links/app_links.framework/Headers -Xcc -I/Users/vertin/Downloads/LinkedUp-Club-MacOS-Vertin-Dev/build/macos/Build/Products/Release/assets_audio_player/assets_audio_player.framework/Headers -Xcc -I/Users/vertin/Downloads/LinkedUp-Club-MacOS-Vertin-Dev/build/macos/Build/Products/Release/assets_audio_player_web/assets_audio_player_web.framework/Headers -Xcc -I/Users/vertin/Downloads/LinkedUp-Club-MacOS-Vertin-Dev/build/macos/Build/Products/Release/audio_session/audio_session.framework/Headers -Xcc -I/Users/vertin/Downloads/LinkedUp-Club-MacOS-Vertin-Dev/build/macos/Build/Products/Release/camera_macos/camera_macos.framework/Headers -Xcc -I/Users/vertin/Downloads/LinkedUp-Club-MacOS-Vertin-Dev/build/macos/Build/Products/Release/cloud_firestore/cloud_firestore.framework/Headers -Xcc -I/Users/vertin/Downloads/LinkedUp-Club-MacOS-Vertin-Dev/build/macos/Build/Products/Release/cloud_functions/cloud_functions.framework/Headers -Xcc -I/Users/vertin/Downloads/LinkedUp-Club-MacOS-Vertin-Dev/build/macos/Build/Products/Release/cupertino_native/cupertino_native.framework/Headers -Xcc -I/Users/vertin/Downloads/LinkedUp-Club-MacOS-Vertin-Dev/build/macos/Build/Products/Release/desktop_drop/desktop_drop.framework/Headers -Xcc -I/Users/vertin/Downloads/LinkedUp-Club-MacOS-Vertin-Dev/build/macos/Build/Products/Release/device_info_plus/device_info_plus.framework/Headers -Xcc -I/Users/vertin/Downloads/LinkedUp-Club-MacOS-Vertin-Dev/build/macos/Build/Products/Release/emoji_picker_flutter/emoji_picker_flutter.framework/Headers -Xcc -I/Users/vertin/Downloads/LinkedUp-Club-MacOS-Vertin-Dev/build/macos/Build/Products/Release/file_picker/file_picker.framework/Headers -Xcc -I/Users/vertin/Downloads/LinkedUp-Club-MacOS-Vertin-Dev/build/macos/Build/Products/Release/file_selector_macos/file_selector_macos.framework/Headers -Xcc -I/Users/vertin/Downloads/LinkedUp-Club-MacOS-Vertin-Dev/build/macos/Build/Products/Release/firebase_auth/firebase_auth.framework/Headers -Xcc -I/Users/vertin/Downloads/LinkedUp-Club-MacOS-Vertin-Dev/build/macos/Build/Products/Release/firebase_core/firebase_core.framework/Headers -Xcc -I/Users/vertin/Downloads/LinkedUp-Club-MacOS-Vertin-Dev/build/macos/Build/Products/Release/firebase_messaging/firebase_messaging.framework/Headers -Xcc -I/Users/vertin/Downloads/LinkedUp-Club-MacOS-Vertin-Dev/build/macos/Build/Products/Release/firebase_storage/firebase_storage.framework/Headers -Xcc -I/Users/vertin/Downloads/LinkedUp-Club-MacOS-Vertin-Dev/build/macos/Build/Products/Release/flutter_inappwebview_macos/flutter_inappwebview_macos.framework/Headers -Xcc -I/Users/vertin/Downloads/LinkedUp-Club-MacOS-Vertin-Dev/build/macos/Build/Products/Release/geolocator_apple/geolocator_apple.framework/Headers -Xcc -I/Users/vertin/Downloads/LinkedUp-Club-MacOS-Vertin-Dev/build/macos/Build/Products/Release/google_sign_in_ios/google_sign_in_ios.framework/Headers -Xcc -I/Users/vertin/Downloads/LinkedUp-Club-MacOS-Vertin-Dev/build/macos/Build/Products/Release/irondash_engine_context/irondash_engine_context.framework/Headers -Xcc -I/Users/vertin/Downloads/LinkedUp-Club-MacOS-Vertin-Dev/build/macos/Build/Products/Release/just_audio/just_audio.framework/Headers -Xcc -I/Users/vertin/Downloads/LinkedUp-Club-MacOS-Vertin-Dev/build/macos/Build/Products/Release/leveldb-library/leveldb.framework/Headers -Xcc -I/Users/vertin/Downloads/LinkedUp-Club-MacOS-Vertin-Dev/build/macos/Build/Products/Release/nanopb/nanopb.framework/Headers -Xcc -I/Users/vertin/Downloads/LinkedUp-Club-MacOS-Vertin-Dev/build/macos/Build/Products/Release/package_info_plus/package_info_plus.framework/Headers -Xcc -I/Users/vertin/Downloads/LinkedUp-Club-MacOS-Vertin-Dev/build/macos/Build/Products/Release/path_provider_foundation/path_provider_foundation.framework/Headers -Xcc -I/Users/vertin/Downloads/LinkedUp-Club-MacOS-Vertin-Dev/build/macos/Build/Products/Release/pdfx/pdfx.framework/Headers -Xcc -I/Users/vertin/Downloads/LinkedUp-Club-MacOS-Vertin-Dev/build/macos/Build/Products/Release/quill_native_bridge_macos/quill_native_bridge_macos.framework/Headers -Xcc -I/Users/vertin/Downloads/LinkedUp-Club-MacOS-Vertin-Dev/build/macos/Build/Products/Release/record_macos/record_macos.framework/Headers -Xcc -I/Users/vertin/Downloads/LinkedUp-Club-MacOS-Vertin-Dev/build/macos/Build/Products/Release/share_plus/share_plus.framework/Headers -Xcc -I/Users/vertin/Downloads/LinkedUp-Club-MacOS-Vertin-Dev/build/macos/Build/Products/Release/shared_preferences_foundation/shared_preferences_foundation.framework/Headers -Xcc -I/Users/vertin/Downloads/LinkedUp-Club-MacOS-Vertin-Dev/build/macos/Build/Products/Release/sign_in_with_apple/sign_in_with_apple.framework/Headers -Xcc -I/Users/vertin/Downloads/LinkedUp-Club-MacOS-Vertin-Dev/build/macos/Build/Products/Release/sqflite/sqflite.framework/Headers -Xcc -I/Users/vertin/Downloads/LinkedUp-Club-MacOS-Vertin-Dev/build/macos/Build/Products/Release/super_native_extensions/super_native_extensions.framework/Headers -Xcc -I/Users/vertin/Downloads/LinkedUp-Club-MacOS-Vertin-Dev/build/macos/Build/Products/Release/url_launcher_macos/url_launcher_macos.framework/Headers -Xcc -I/Users/vertin/Downloads/LinkedUp-Club-MacOS-Vertin-Dev/build/macos/Build/Products/Release/video_player_avfoundation/video_player_avfoundation.framework/Headers -Xcc -I/Users/vertin/Downloads/LinkedUp-Club-MacOS-Vertin-Dev/build/macos/Build/Products/Release/wakelock_plus/wakelock_plus.framework/Headers -Xcc -I/Users/vertin/Downloads/LinkedUp-Club-MacOS-Vertin-Dev/build/macos/Build/Products/Release/webview_flutter_wkwebview/webview_flutter_wkwebview.framework/Headers -Xcc -I/Users/vertin/Downloads/LinkedUp-Club-MacOS-Vertin-Dev/build/macos/Build/Products/Release/zego_express_engine/zego_express_engine.framework/Headers -Xcc -I/Users/vertin/Downloads/LinkedUp-Club-MacOS-Vertin-Dev/macos/Pods/Headers/Public -Xcc -I/Users/vertin/Downloads/LinkedUp-Club-MacOS-Vertin-Dev/macos/Pods/Headers/Public/Firebase -Xcc -I/Users/vertin/Downloads/LinkedUp-Club-MacOS-Vertin-Dev/macos/Pods/Firebase/CoreOnly/Sources -Xcc -I/Users/vertin/Downloads/LinkedUp-Club-MacOS-Vertin-Dev/build/macos/Build/Products/Release/AppAuth/AppAuth.framework/Headers -Xcc -I/Users/vertin/Downloads/LinkedUp-Club-MacOS-Vertin-Dev/build/macos/Build/Products/Release/AppCheckCore/AppCheckCore.framework/Headers -Xcc -I/Users/vertin/Downloads/LinkedUp-Club-MacOS-Vertin-Dev/build/macos/Build/Products/Release/FirebaseAppCheckInterop/FirebaseAppCheckInterop.framework/Headers -Xcc -I/Users/vertin/Downloads/LinkedUp-Club-MacOS-Vertin-Dev/build/macos/Build/Products/Release/FirebaseAuth/FirebaseAuth.framework/Headers -Xcc -I/Users/vertin/Downloads/LinkedUp-Club-MacOS-Vertin-Dev/build/macos/Build/Products/Release/FirebaseAuthInterop/FirebaseAuthInterop.framework/Headers -Xcc -I/Users/vertin/Downloads/LinkedUp-Club-MacOS-Vertin-Dev/build/macos/Build/Products/Release/FirebaseCore/FirebaseCore.framework/Headers -Xcc -I/Users/vertin/Downloads/LinkedUp-Club-MacOS-Vertin-Dev/build/macos/Build/Products/Release/FirebaseCoreExtension/FirebaseCoreExtension.framework/Headers -Xcc -I/Users/vertin/Downloads/LinkedUp-Club-MacOS-Vertin-Dev/build/macos/Build/Products/Release/FirebaseCoreInternal/FirebaseCoreInternal.framework/Headers -Xcc -I/Users/vertin/Downloads/LinkedUp-Club-MacOS-Vertin-Dev/build/macos/Build/Products/Release/FirebaseFirestoreBinary/FirebaseFirestore.framework/Headers -Xcc -I/Users/vertin/Downloads/LinkedUp-Club-MacOS-Vertin-Dev/build/macos/Build/Products/Release/FirebaseFunctions/FirebaseFunctions.framework/Headers -Xcc -I/Users/vertin/Downloads/LinkedUp-Club-MacOS-Vertin-Dev/build/macos/Build/Products/Release/FirebaseInstallations/FirebaseInstallations.framework/Headers -Xcc -I/Users/vertin/Downloads/LinkedUp-Club-MacOS-Vertin-Dev/build/macos/Build/Products/Release/FirebaseMessaging/FirebaseMessaging.framework/Headers -Xcc -I/Users/vertin/Downloads/LinkedUp-Club-MacOS-Vertin-Dev/build/macos/Build/Products/Release/FirebaseMessagingInterop/FirebaseMessagingInterop.framework/Headers -Xcc -I/Users/vertin/Downloads/LinkedUp-Club-MacOS-Vertin-Dev/build/macos/Build/Products/Release/FirebaseSharedSwift/FirebaseSharedSwift.framework/Headers -Xcc -I/Users/vertin/Downloads/LinkedUp-Club-MacOS-Vertin-Dev/build/macos/Build/Products/Release/FirebaseStorage/FirebaseStorage.framework/Headers -Xcc -I/Users/vertin/Downloads/LinkedUp-Club-MacOS-Vertin-Dev/build/macos/Build/Products/Release/GTMAppAuth/GTMAppAuth.framework/Headers -Xcc -I/Users/vertin/Downloads/LinkedUp-Club-MacOS-Vertin-Dev/build/macos/Build/Products/Release/GTMSessionFetcher/GTMSessionFetcher.framework/Headers -Xcc -I/Users/vertin/Downloads/LinkedUp-Club-MacOS-Vertin-Dev/build/macos/Build/Products/Release/GoogleDataTransport/GoogleDataTransport.framework/Headers -Xcc -I/Users/vertin/Downloads/LinkedUp-Club-MacOS-Vertin-Dev/build/macos/Build/Products/Release/GoogleSignIn/GoogleSignIn.framework/Headers -Xcc -I/Users/vertin/Downloads/LinkedUp-Club-MacOS-Vertin-Dev/build/macos/Build/Products/Release/GoogleUtilities/GoogleUtilities.framework/Headers -Xcc -I/Users/vertin/Downloads/LinkedUp-Club-MacOS-Vertin-Dev/build/macos/Build/Products/Release/OrderedSet/OrderedSet.framework/Headers -Xcc -I/Users/vertin/Downloads/LinkedUp-Club-MacOS-Vertin-Dev/build/macos/Build/Products/Release/PromisesObjC/FBLPromises.framework/Headers -Xcc -I/Users/vertin/Downloads/LinkedUp-Club-MacOS-Vertin-Dev/build/macos/Build/Products/Release/app_badge_plus/app_badge_plus.framework/Headers -Xcc -I/Users/vertin/Downloads/LinkedUp-Club-MacOS-Vertin-Dev/build/macos/Build/Products/Release/app_links/app_links.framework/Headers -Xcc -I/Users/vertin/Downloads/LinkedUp-Club-MacOS-Vertin-Dev/build/macos/Build/Products/Release/assets_audio_player/assets_audio_player.framework/Headers -Xcc -I/Users/vertin/Downloads/LinkedUp-Club-MacOS-Vertin-Dev/build/macos/Build/Products/Release/assets_audio_player_web/assets_audio_player_web.framework/Headers -Xcc -I/Users/vertin/Downloads/LinkedUp-Club-MacOS-Vertin-Dev/build/macos/Build/Products/Release/audio_session/audio_session.framework/Headers -Xcc -I/Users/vertin/Downloads/LinkedUp-Club-MacOS-Vertin-Dev/build/macos/Build/Products/Release/camera_macos/camera_macos.framework/Headers -Xcc -I/Users/vertin/Downloads/LinkedUp-Club-MacOS-Vertin-Dev/build/macos/Build/Products/Release/cloud_firestore/cloud_firestore.framework/Headers -Xcc -I/Users/vertin/Downloads/LinkedUp-Club-MacOS-Vertin-Dev/build/macos/Build/Products/Release/cloud_functions/cloud_functions.framework/Headers -Xcc -I/Users/vertin/Downloads/LinkedUp-Club-MacOS-Vertin-Dev/build/macos/Build/Products/Release/cupertino_native/cupertino_native.framework/Headers -Xcc -I/Users/vertin/Downloads/LinkedUp-Club-MacOS-Vertin-Dev/build/macos/Build/Products/Release/desktop_drop/desktop_drop.framework/Headers -Xcc -I/Users/vertin/Downloads/LinkedUp-Club-MacOS-Vertin-Dev/build/macos/Build/Products/Release/device_info_plus/device_info_plus.framework/Headers -Xcc -I/Users/vertin/Downloads/LinkedUp-Club-MacOS-Vertin-Dev/build/macos/Build/Products/Release/emoji_picker_flutter/emoji_picker_flutter.framework/Headers -Xcc -I/Users/vertin/Downloads/LinkedUp-Club-MacOS-Vertin-Dev/build/macos/Build/Products/Release/file_picker/file_picker.framework/Headers -Xcc -I/Users/vertin/Downloads/LinkedUp-Club-MacOS-Vertin-Dev/build/macos/Build/Products/Release/file_selector_macos/file_selector_macos.framework/Headers -Xcc -I/Users/vertin/Downloads/LinkedUp-Club-MacOS-Vertin-Dev/build/macos/Build/Products/Release/firebase_auth/firebase_auth.framework/Headers -Xcc -I/Users/vertin/Downloads/LinkedUp-Club-MacOS-Vertin-Dev/build/macos/Build/Products/Release/firebase_core/firebase_core.framework/Headers -Xcc -I/Users/vertin/Downloads/LinkedUp-Club-MacOS-Vertin-Dev/build/macos/Build/Products/Release/firebase_messaging/firebase_messaging.framework/Headers -Xcc -I/Users/vertin/Downloads/LinkedUp-Club-MacOS-Vertin-Dev/build/macos/Build/Products/Release/firebase_storage/firebase_storage.framework/Headers -Xcc -I/Users/vertin/Downloads/LinkedUp-Club-MacOS-Vertin-Dev/build/macos/Build/Products/Release/flutter_inappwebview_macos/flutter_inappwebview_macos.framework/Headers -Xcc -I/Users/vertin/Downloads/LinkedUp-Club-MacOS-Vertin-Dev/build/macos/Build/Products/Release/geolocator_apple/geolocator_apple.framework/Headers -Xcc -I/Users/vertin/Downloads/LinkedUp-Club-MacOS-Vertin-Dev/build/macos/Build/Products/Release/google_sign_in_ios/google_sign_in_ios.framework/Headers -Xcc -I/Users/vertin/Downloads/LinkedUp-Club-MacOS-Vertin-Dev/build/macos/Build/Products/Release/irondash_engine_context/irondash_engine_context.framework/Headers -Xcc -I/Users/vertin/Downloads/LinkedUp-Club-MacOS-Vertin-Dev/build/macos/Build/Products/Release/just_audio/just_audio.framework/Headers -Xcc -I/Users/vertin/Downloads/LinkedUp-Club-MacOS-Vertin-Dev/build/macos/Build/Products/Release/leveldb-library/leveldb.framework/Headers -Xcc -I/Users/vertin/Downloads/LinkedUp-Club-MacOS-Vertin-Dev/build/macos/Build/Products/Release/nanopb/nanopb.framework/Headers -Xcc -I/Users/vertin/Downloads/LinkedUp-Club-MacOS-Vertin-Dev/build/macos/Build/Products/Release/package_info_plus/package_info_plus.framework/Headers -Xcc -I/Users/vertin/Downloads/LinkedUp-Club-MacOS-Vertin-Dev/build/macos/Build/Products/Release/path_provider_foundation/path_provider_foundation.framework/Headers -Xcc -I/Users/vertin/Downloads/LinkedUp-Club-MacOS-Vertin-Dev/build/macos/Build/Products/Release/pdfx/pdfx.framework/Headers -Xcc -I/Users/vertin/Downloads/LinkedUp-Club-MacOS-Vertin-Dev/build/macos/Build/Products/Release/quill_native_bridge_macos/quill_native_bridge_macos.framework/Headers -Xcc -I/Users/vertin/Downloads/LinkedUp-Club-MacOS-Vertin-Dev/build/macos/Build/Products/Release/record_macos/record_macos.framework/Headers -Xcc -I/Users/vertin/Downloads/LinkedUp-Club-MacOS-Vertin-Dev/build/macos/Build/Products/Release/share_plus/share_plus.framework/Headers -Xcc -I/Users/vertin/Downloads/LinkedUp-Club-MacOS-Vertin-Dev/build/macos/Build/Products/Release/shared_preferences_foundation/shared_preferences_foundation.framework/Headers -Xcc -I/Users/vertin/Downloads/LinkedUp-Club-MacOS-Vertin-Dev/build/macos/Build/Products/Release/sign_in_with_apple/sign_in_with_apple.framework/Headers -Xcc -I/Users/vertin/Downloads/LinkedUp-Club-MacOS-Vertin-Dev/build/macos/Build/Products/Release/sqflite/sqflite.framework/Headers -Xcc -I/Users/vertin/Downloads/LinkedUp-Club-MacOS-Vertin-Dev/build/macos/Build/Products/Release/super_native_extensions/super_native_extensions.framework/Headers -Xcc -I/Users/vertin/Downloads/LinkedUp-Club-MacOS-Vertin-Dev/build/macos/Build/Products/Release/url_launcher_macos/url_launcher_macos.framework/Headers -Xcc -I/Users/vertin/Downloads/LinkedUp-Club-MacOS-Vertin-Dev/build/macos/Build/Products/Release/video_player_avfoundation/video_player_avfoundation.framework/Headers -Xcc -I/Users/vertin/Downloads/LinkedUp-Club-MacOS-Vertin-Dev/build/macos/Build/Products/Release/wakelock_plus/wakelock_plus.framework/Headers -Xcc -I/Users/vertin/Downloads/LinkedUp-Club-MacOS-Vertin-Dev/build/macos/Build/Products/Release/webview_flutter_wkwebview/webview_flutter_wkwebview.framework/Headers -Xcc -I/Users/vertin/Downloads/LinkedUp-Club-MacOS-Vertin-Dev/build/macos/Build/Products/Release/zego_express_engine/zego_express_engine.framework/Headers -Xcc -I/Users/vertin/Downloads/LinkedUp-Club-MacOS-Vertin-Dev/macos/Pods/Headers/Public -Xcc -I/Users/vertin/Downloads/LinkedUp-Club-MacOS-Vertin-Dev/macos/Pods/Headers/Public/Firebase -Xcc -I/Users/vertin/Downloads/LinkedUp-Club-MacOS-Vertin-Dev/build/macos/Build/Products/Release/AppAuth/AppAuth.framework/Headers -Xcc -I/Users/vertin/Downloads/LinkedUp-Club-MacOS-Vertin-Dev/build/macos/Build/Products/Release/AppCheckCore/AppCheckCore.framework/Headers -Xcc -I/Users/vertin/Downloads/LinkedUp-Club-MacOS-Vertin-Dev/build/macos/Build/Products/Release/FirebaseAppCheckInterop/FirebaseAppCheckInterop.framework/Headers -Xcc -I/Users/vertin/Downloads/LinkedUp-Club-MacOS-Vertin-Dev/build/macos/Build/Products/Release/FirebaseAuth/FirebaseAuth.framework/Headers -Xcc -I/Users/vertin/Downloads/LinkedUp-Club-MacOS-Vertin-Dev/build/macos/Build/Products/Release/FirebaseAuthInterop/FirebaseAuthInterop.framework/Headers -Xcc -I/Users/vertin/Downloads/LinkedUp-Club-MacOS-Vertin-Dev/build/macos/Build/Products/Release/FirebaseCore/FirebaseCore.framework/Headers -Xcc -I/Users/vertin/Downloads/LinkedUp-Club-MacOS-Vertin-Dev/build/macos/Build/Products/Release/FirebaseCoreExtension/FirebaseCoreExtension.framework/Headers -Xcc -I/Users/vertin/Downloads/LinkedUp-Club-MacOS-Vertin-Dev/build/macos/Build/Products/Release/FirebaseCoreInternal/FirebaseCoreInternal.framework/Headers -Xcc -I/Users/vertin/Downloads/LinkedUp-Club-MacOS-Vertin-Dev/build/macos/Build/Products/Release/FirebaseFirestoreBinary/FirebaseFirestore.framework/Headers -Xcc -I/Users/vertin/Downloads/LinkedUp-Club-MacOS-Vertin-Dev/build/macos/Build/Products/Release/FirebaseFunctions/FirebaseFunctions.framework/Headers -Xcc -I/Users/vertin/Downloads/LinkedUp-Club-MacOS-Vertin-Dev/build/macos/Build/Products/Release/FirebaseInstallations/FirebaseInstallations.framework/Headers -Xcc -I/Users/vertin/Downloads/LinkedUp-Club-MacOS-Vertin-Dev/build/macos/Build/Products/Release/FirebaseMessaging/FirebaseMessaging.framework/Headers -Xcc -I/Users/vertin/Downloads/LinkedUp-Club-MacOS-Vertin-Dev/build/macos/Build/Products/Release/FirebaseMessagingInterop/FirebaseMessagingInterop.framework/Headers -Xcc -I/Users/vertin/Downloads/LinkedUp-Club-MacOS-Vertin-Dev/build/macos/Build/Products/Release/FirebaseSharedSwift/FirebaseSharedSwift.framework/Headers -Xcc -I/Users/vertin/Downloads/LinkedUp-Club-MacOS-Vertin-Dev/build/macos/Build/Products/Release/FirebaseStorage/FirebaseStorage.framework/Headers -Xcc -I/Users/vertin/Downloads/LinkedUp-Club-MacOS-Vertin-Dev/build/macos/Build/Products/Release/GTMAppAuth/GTMAppAuth.framework/Headers -Xcc -I/Users/vertin/Downloads/LinkedUp-Club-MacOS-Vertin-Dev/build/macos/Build/Products/Release/GTMSessionFetcher/GTMSessionFetcher.framework/Headers -Xcc -I/Users/vertin/Downloads/LinkedUp-Club-MacOS-Vertin-Dev/build/macos/Build/Products/Release/GoogleDataTransport/GoogleDataTransport.framework/Headers -Xcc -I/Users/vertin/Downloads/LinkedUp-Club-MacOS-Vertin-Dev/build/macos/Build/Products/Release/GoogleSignIn/GoogleSignIn.framework/Headers -Xcc -I/Users/vertin/Downloads/LinkedUp-Club-MacOS-Vertin-Dev/build/macos/Build/Products/Release/GoogleUtilities/GoogleUtilities.framework/Headers -Xcc -I/Users/vertin/Downloads/LinkedUp-Club-MacOS-Vertin-Dev/build/macos/Build/Products/Release/OrderedSet/OrderedSet.framework/Headers -Xcc -I/Users/vertin/Downloads/LinkedUp-Club-MacOS-Vertin-Dev/build/macos/Build/Products/Release/PromisesObjC/FBLPromises.framework/Headers -Xcc -I/Users/vertin/Downloads/LinkedUp-Club-MacOS-Vertin-Dev/build/macos/Build/Products/Release/app_badge_plus/app_badge_plus.framework/Headers -Xcc -I/Users/vertin/Downloads/LinkedUp-Club-MacOS-Vertin-Dev/build/macos/Build/Products/Release/app_links/app_links.framework/Headers -Xcc -I/Users/vertin/Downloads/LinkedUp-Club-MacOS-Vertin-Dev/build/macos/Build/Products/Release/assets_audio_player/assets_audio_player.framework/Headers -Xcc -I/Users/vertin/Downloads/LinkedUp-Club-MacOS-Vertin-Dev/build/macos/Build/Products/Release/assets_audio_player_web/assets_audio_player_web.framework/Headers -Xcc -I/Users/vertin/Downloads/LinkedUp-Club-MacOS-Vertin-Dev/build/macos/Build/Products/Release/audio_session/audio_session.framework/Headers -Xcc -I/Users/vertin/Downloads/LinkedUp-Club-MacOS-Vertin-Dev/build/macos/Build/Products/Release/camera_macos/camera_macos.framework/Headers -Xcc -I/Users/vertin/Downloads/LinkedUp-Club-MacOS-Vertin-Dev/build/macos/Build/Products/Release/cloud_firestore/cloud_firestore.framework/Headers -Xcc -I/Users/vertin/Downloads/LinkedUp-Club-MacOS-Vertin-Dev/build/macos/Build/Products/Release/cloud_functions/cloud_functions.framework/Headers -Xcc -I/Users/vertin/Downloads/LinkedUp-Club-MacOS-Vertin-Dev/build/macos/Build/Products/Release/cupertino_native/cupertino_native.framework/Headers -Xcc -I/Users/vertin/Downloads/LinkedUp-Club-MacOS-Vertin-Dev/build/macos/Build/Products/Release/desktop_drop/desktop_drop.framework/Headers -Xcc -I/Users/vertin/Downloads/LinkedUp-Club-MacOS-Vertin-Dev/build/macos/Build/Products/Release/device_info_plus/device_info_plus.framework/Headers -Xcc -I/Users/vertin/Downloads/LinkedUp-Club-MacOS-Vertin-Dev/build/macos/Build/Products/Release/emoji_picker_flutter/emoji_picker_flutter.framework/Headers -Xcc -I/Users/vertin/Downloads/LinkedUp-Club-MacOS-Vertin-Dev/build/macos/Build/Products/Release/file_picker/file_picker.framework/Headers -Xcc -I/Users/vertin/Downloads/LinkedUp-Club-MacOS-Vertin-Dev/build/macos/Build/Products/Release/file_selector_macos/file_selector_macos.framework/Headers -Xcc -I/Users/vertin/Downloads/LinkedUp-Club-MacOS-Vertin-Dev/build/macos/Build/Products/Release/firebase_auth/firebase_auth.framework/Headers -Xcc -I/Users/vertin/Downloads/LinkedUp-Club-MacOS-Vertin-Dev/build/macos/Build/Products/Release/firebase_core/firebase_core.framework/Headers -Xcc -I/Users/vertin/Downloads/LinkedUp-Club-MacOS-Vertin-Dev/build/macos/Build/Products/Release/firebase_messaging/firebase_messaging.framework/Headers -Xcc -I/Users/vertin/Downloads/LinkedUp-Club-MacOS-Vertin-Dev/build/macos/Build/Products/Release/firebase_storage/firebase_storage.framework/Headers -Xcc -I/Users/vertin/Downloads/LinkedUp-Club-MacOS-Vertin-Dev/build/macos/Build/Products/Release/flutter_inappwebview_macos/flutter_inappwebview_macos.framework/Headers -Xcc -I/Users/vertin/Downloads/LinkedUp-Club-MacOS-Vertin-Dev/build/macos/Build/Products/Release/geolocator_apple/geolocator_apple.framework/Headers -Xcc -I/Users/vertin/Downloads/LinkedUp-Club-MacOS-Vertin-Dev/build/macos/Build/Products/Release/google_sign_in_ios/google_sign_in_ios.framework/Headers -Xcc -I/Users/vertin/Downloads/LinkedUp-Club-MacOS-Vertin-Dev/build/macos/Build/Products/Release/irondash_engine_context/irondash_engine_context.framework/Headers -Xcc -I/Users/vertin/Downloads/LinkedUp-Club-MacOS-Vertin-Dev/build/macos/Build/Products/Release/just_audio/just_audio.framework/Headers -Xcc -I/Users/vertin/Downloads/LinkedUp-Club-MacOS-Vertin-Dev/build/macos/Build/Products/Release/leveldb-library/leveldb.framework/Headers -Xcc -I/Users/vertin/Downloads/LinkedUp-Club-MacOS-Vertin-Dev/build/macos/Build/Products/Release/nanopb/nanopb.framework/Headers -Xcc -I/Users/vertin/Downloads/LinkedUp-Club-MacOS-Vertin-Dev/build/macos/Build/Products/Release/package_info_plus/package_info_plus.framework/Headers -Xcc -I/Users/vertin/Downloads/LinkedUp-Club-MacOS-Vertin-Dev/build/macos/Build/Products/Release/path_provider_foundation/path_provider_foundation.framework/Headers -Xcc -I/Users/vertin/Downloads/LinkedUp-Club-MacOS-Vertin-Dev/build/macos/Build/Products/Release/pdfx/pdfx.framework/Headers -Xcc -I/Users/vertin/Downloads/LinkedUp-Club-MacOS-Vertin-Dev/build/macos/Build/Products/Release/quill_native_bridge_macos/quill_native_bridge_macos.framework/Headers -Xcc -I/Users/vertin/Downloads/LinkedUp-Club-MacOS-Vertin-Dev/build/macos/Build/Products/Release/record_macos/record_macos.framework/Headers -Xcc -I/Users/vertin/Downloads/LinkedUp-Club-MacOS-Vertin-Dev/build/macos/Build/Products/Release/share_plus/share_plus.framework/Headers -Xcc -I/Users/vertin/Downloads/LinkedUp-Club-MacOS-Vertin-Dev/build/macos/Build/Products/Release/shared_preferences_foundation/shared_preferences_foundation.framework/Headers -Xcc -I/Users/vertin/Downloads/LinkedUp-Club-MacOS-Vertin-Dev/build/macos/Build/Products/Release/sign_in_with_apple/sign_in_with_apple.framework/Headers -Xcc -I/Users/vertin/Downloads/LinkedUp-Club-MacOS-Vertin-Dev/build/macos/Build/Products/Release/sqflite/sqflite.framework/Headers -Xcc -I/Users/vertin/Downloads/LinkedUp-Club-MacOS-Vertin-Dev/build/macos/Build/Products/Release/super_native_extensions/super_native_extensions.framework/Headers -Xcc -I/Users/vertin/Downloads/LinkedUp-Club-MacOS-Vertin-Dev/build/macos/Build/Products/Release/url_launcher_macos/url_launcher_macos.framework/Headers -Xcc -I/Users/vertin/Downloads/LinkedUp-Club-MacOS-Vertin-Dev/build/macos/Build/Products/Release/video_player_avfoundation/video_player_avfoundation.framework/Headers -Xcc -I/Users/vertin/Downloads/LinkedUp-Club-MacOS-Vertin-Dev/build/macos/Build/Products/Release/wakelock_plus/wakelock_plus.framework/Headers -Xcc -I/Users/vertin/Downloads/LinkedUp-Club-MacOS-Vertin-Dev/build/macos/Build/Products/Release/webview_flutter_wkwebview/webview_flutter_wkwebview.framework/Headers -Xcc -I/Users/vertin/Downloads/LinkedUp-Club-MacOS-Vertin-Dev/build/macos/Build/Products/Release/zego_express_engine/zego_express_engine.framework/Headers -Xcc -I/Users/vertin/Downloads/LinkedUp-Club-MacOS-Vertin-Dev/macos/Pods/Headers/Public -Xcc -I/Users/vertin/Downloads/LinkedUp-Club-MacOS-Vertin-Dev/macos/Pods/Headers/Public/Firebase -Xcc -I/Users/vertin/Downloads/LinkedUp-Club-MacOS-Vertin-Dev/macos/Pods/Firebase/CoreOnly/Sources -Xcc -I/Users/vertin/Downloads/LinkedUp-Club-MacOS-Vertin-Dev/macos/Pods/Firebase/CoreOnly/Sources -Xcc -I/Users/vertin/Downloads/LinkedUp-Club-MacOS-Vertin-Dev/build/macos/Build/Intermediates.noindex/Runner.build/Release/Runner.build/DerivedSources-normal/arm64 -Xcc -I/Users/vertin/Downloads/LinkedUp-Club-MacOS-Vertin-Dev/build/macos/Build/Intermediates.noindex/Runner.build/Release/Runner.build/DerivedSources/arm64 -Xcc -I/Users/vertin/Downloads/LinkedUp-Club-MacOS-Vertin-Dev/build/macos/Build/Intermediates.noindex/Runner.build/Release/Runner.build/DerivedSources -Xcc -DCOCOAPODS\=1 -Xcc -DPB_FIELD_32BIT\=1 -Xcc -DPB_NO_PACKED_STRUCTS\=1 -Xcc -DPB_ENABLE_MALLOC\=1 -Xcc -DCOCOAPODS\=1 -Xcc -DCOCOAPODS\=1 -Xcc -DPB_FIELD_32BIT\=1 -Xcc -DPB_NO_PACKED_STRUCTS\=1 -Xcc -DPB_ENABLE_MALLOC\=1 -Xcc -DPB_FIELD_32BIT\=1 -Xcc -DPB_NO_PACKED_STRUCTS\=1 -Xcc -DPB_ENABLE_MALLOC\=1 -emit-objc-header -emit-objc-header-path /Users/vertin/Downloads/LinkedUp-Club-MacOS-Vertin-Dev/build/macos/Build/Intermediates.noindex/Runner.build/Release/Runner.build/Objects-normal/arm64/LinkedUp-Swift.h -working-directory /Users/vertin/Downloads/LinkedUp-Club-MacOS-Vertin-Dev/macos -no-emit-module-separately-wmo
[        ] /Users/vertin/Downloads/LinkedUp-Club-MacOS-Vertin-Dev/macos/Runner/AppDelegate.swift:5:8: error: Unable to find module dependency: 'FirebaseMessaging'
[        ] import FirebaseMessaging
[        ]        ^ (in target 'Runner' from project 'Runner')
[        ] /Users/vertin/Downloads/LinkedUp-Club-MacOS-Vertin-Dev/macos/Runner/AppDelegate.swift:5:8: note: A dependency of main module 'LinkedUp'
[        ] import FirebaseMessaging
[        ]        ^ (in target 'Runner' from project 'Runner')
[        ] /Users/vertin/Downloads/LinkedUp-Club-MacOS-Vertin-Dev/macos/Runner/AppDelegate.swift:6:8: error: Unable to find module dependency: 'FirebaseCore'
[        ] import FirebaseCore
[        ]        ^ (in target 'Runner' from project 'Runner')
[        ] /Users/vertin/Downloads/LinkedUp-Club-MacOS-Vertin-Dev/macos/Runner/AppDelegate.swift:6:8: note: A dependency of main module 'LinkedUp'
[        ] import FirebaseCore
[        ]        ^ (in target 'Runner' from project 'Runner')
[        ] /Users/vertin/Downloads/LinkedUp-Club-MacOS-Vertin-Dev/macos/Runner/AppDelegate.swift:7:8: error: Unable to find module dependency: 'GoogleSignIn'
[        ] import GoogleSignIn
[        ]        ^ (in target 'Runner' from project 'Runner')
[        ] /Users/vertin/Downloads/LinkedUp-Club-MacOS-Vertin-Dev/macos/Runner/AppDelegate.swift:7:8: note: A dependency of main module 'LinkedUp'
[        ] import GoogleSignIn
[        ]        ^ (in target 'Runner' from project 'Runner')
[        ] /Users/vertin/Downloads/LinkedUp-Club-MacOS-Vertin-Dev/macos/Flutter/GeneratedPluginRegistrant.swift:8:8: error: Unable to find module dependency: 'app_badge_plus'
[        ] import app_badge_plus
[        ]        ^ (in target 'Runner' from project 'Runner')
[        ] /Users/vertin/Downloads/LinkedUp-Club-MacOS-Vertin-Dev/macos/Flutter/GeneratedPluginRegistrant.swift:8:8: note: A dependency of main module 'LinkedUp'
[        ] import app_badge_plus
[        ]        ^ (in target 'Runner' from project 'Runner')
[        ] /Users/vertin/Downloads/LinkedUp-Club-MacOS-Vertin-Dev/macos/Flutter/GeneratedPluginRegistrant.swift:9:8: error: Unable to find module dependency: 'app_links'
[        ] import app_links
[        ]        ^ (in target 'Runner' from project 'Runner')
[        ] /Users/vertin/Downloads/LinkedUp-Club-MacOS-Vertin-Dev/macos/Flutter/GeneratedPluginRegistrant.swift:9:8: note: A dependency of main module 'LinkedUp'
[        ] import app_links
[        ]        ^ (in target 'Runner' from project 'Runner')
[        ] /Users/vertin/Downloads/LinkedUp-Club-MacOS-Vertin-Dev/macos/Flutter/GeneratedPluginRegistrant.swift:10:8: error: Unable to find module dependency: 'assets_audio_player'
[        ] import assets_audio_player
[        ]        ^ (in target 'Runner' from project 'Runner')
[        ] /Users/vertin/Downloads/LinkedUp-Club-MacOS-Vertin-Dev/macos/Flutter/GeneratedPluginRegistrant.swift:10:8: note: A dependency of main module 'LinkedUp'
[        ] import assets_audio_player
[        ]        ^ (in target 'Runner' from project 'Runner')
[        ] /Users/vertin/Downloads/LinkedUp-Club-MacOS-Vertin-Dev/macos/Flutter/GeneratedPluginRegistrant.swift:11:8: error: Unable to find module dependency: 'assets_audio_player_web'
[        ] import assets_audio_player_web
[        ]        ^ (in target 'Runner' from project 'Runner')
[        ] /Users/vertin/Downloads/LinkedUp-Club-MacOS-Vertin-Dev/macos/Flutter/GeneratedPluginRegistrant.swift:11:8: note: A dependency of main module 'LinkedUp'
[        ] import assets_audio_player_web
[        ]        ^ (in target 'Runner' from project 'Runner')
[        ] /Users/vertin/Downloads/LinkedUp-Club-MacOS-Vertin-Dev/macos/Flutter/GeneratedPluginRegistrant.swift:12:8: error: Unable to find module dependency: 'audio_session'
[        ] import audio_session
[        ]        ^ (in target 'Runner' from project 'Runner')
[        ] /Users/vertin/Downloads/LinkedUp-Club-MacOS-Vertin-Dev/macos/Flutter/GeneratedPluginRegistrant.swift:12:8: note: A dependency of main module 'LinkedUp'
[        ] import audio_session
[        ]        ^ (in target 'Runner' from project 'Runner')
[        ] /Users/vertin/Downloads/LinkedUp-Club-MacOS-Vertin-Dev/macos/Flutter/GeneratedPluginRegistrant.swift:13:8: error: Unable to find module dependency: 'camera_macos'
[        ] import camera_macos
[        ]        ^ (in target 'Runner' from project 'Runner')
[        ] /Users/vertin/Downloads/LinkedUp-Club-MacOS-Vertin-Dev/macos/Flutter/GeneratedPluginRegistrant.swift:13:8: note: A dependency of main module 'LinkedUp'
[        ] import camera_macos
[        ]        ^ (in target 'Runner' from project 'Runner')
[        ] /Users/vertin/Downloads/LinkedUp-Club-MacOS-Vertin-Dev/macos/Flutter/GeneratedPluginRegistrant.swift:14:8: error: Unable to find module dependency: 'cloud_firestore'
[        ] import cloud_firestore
[        ]        ^ (in target 'Runner' from project 'Runner')
[        ] /Users/vertin/Downloads/LinkedUp-Club-MacOS-Vertin-Dev/macos/Flutter/GeneratedPluginRegistrant.swift:14:8: note: A dependency of main module 'LinkedUp'
[        ] import cloud_firestore
[        ]        ^ (in target 'Runner' from project 'Runner')
[        ] /Users/vertin/Downloads/LinkedUp-Club-MacOS-Vertin-Dev/macos/Flutter/GeneratedPluginRegistrant.swift:15:8: error: Unable to find module dependency: 'cloud_functions'
[        ] import cloud_functions
[        ]        ^ (in target 'Runner' from project 'Runner')
[        ] /Users/vertin/Downloads/LinkedUp-Club-MacOS-Vertin-Dev/macos/Flutter/GeneratedPluginRegistrant.swift:15:8: note: A dependency of main module 'LinkedUp'
[        ] import cloud_functions
[        ]        ^ (in target 'Runner' from project 'Runner')
[        ] /Users/vertin/Downloads/LinkedUp-Club-MacOS-Vertin-Dev/macos/Flutter/GeneratedPluginRegistrant.swift:16:8: error: Unable to find module dependency: 'cupertino_native'
[        ] import cupertino_native
[        ]        ^ (in target 'Runner' from project 'Runner')
[        ] /Users/vertin/Downloads/LinkedUp-Club-MacOS-Vertin-Dev/macos/Flutter/GeneratedPluginRegistrant.swift:16:8: note: A dependency of main module 'LinkedUp'
[        ] import cupertino_native
[        ]        ^ (in target 'Runner' from project 'Runner')
[        ] /Users/vertin/Downloads/LinkedUp-Club-MacOS-Vertin-Dev/macos/Flutter/GeneratedPluginRegistrant.swift:17:8: error: Unable to find module dependency: 'desktop_drop'
[        ] import desktop_drop
[        ]        ^ (in target 'Runner' from project 'Runner')
[        ] /Users/vertin/Downloads/LinkedUp-Club-MacOS-Vertin-Dev/macos/Flutter/GeneratedPluginRegistrant.swift:17:8: note: A dependency of main module 'LinkedUp'
[        ] import desktop_drop
[        ]        ^ (in target 'Runner' from project 'Runner')
[        ] /Users/vertin/Downloads/LinkedUp-Club-MacOS-Vertin-Dev/macos/Flutter/GeneratedPluginRegistrant.swift:18:8: error: Unable to find module dependency: 'device_info_plus'
[        ] import device_info_plus
[        ]        ^ (in target 'Runner' from project 'Runner')
[        ] /Users/vertin/Downloads/LinkedUp-Club-MacOS-Vertin-Dev/macos/Flutter/GeneratedPluginRegistrant.swift:18:8: note: A dependency of main module 'LinkedUp'
[        ] import device_info_plus
[        ]        ^ (in target 'Runner' from project 'Runner')
[        ] /Users/vertin/Downloads/LinkedUp-Club-MacOS-Vertin-Dev/macos/Flutter/GeneratedPluginRegistrant.swift:19:8: error: Unable to find module dependency: 'emoji_picker_flutter'
[        ] import emoji_picker_flutter
[        ]        ^ (in target 'Runner' from project 'Runner')
[        ] /Users/vertin/Downloads/LinkedUp-Club-MacOS-Vertin-Dev/macos/Flutter/GeneratedPluginRegistrant.swift:19:8: note: A dependency of main module 'LinkedUp'
[        ] import emoji_picker_flutter
[        ]        ^ (in target 'Runner' from project 'Runner')
[        ] /Users/vertin/Downloads/LinkedUp-Club-MacOS-Vertin-Dev/macos/Flutter/GeneratedPluginRegistrant.swift:20:8: error: Unable to find module dependency: 'file_picker'
[        ] import file_picker
[        ]        ^ (in target 'Runner' from project 'Runner')
[        ] /Users/vertin/Downloads/LinkedUp-Club-MacOS-Vertin-Dev/macos/Flutter/GeneratedPluginRegistrant.swift:20:8: note: A dependency of main module 'LinkedUp'
[        ] import file_picker
[        ]        ^ (in target 'Runner' from project 'Runner')
[        ] /Users/vertin/Downloads/LinkedUp-Club-MacOS-Vertin-Dev/macos/Flutter/GeneratedPluginRegistrant.swift:21:8: error: Unable to find module dependency: 'file_selector_macos'
[        ] import file_selector_macos
[        ]        ^ (in target 'Runner' from project 'Runner')
[        ] /Users/vertin/Downloads/LinkedUp-Club-MacOS-Vertin-Dev/macos/Flutter/GeneratedPluginRegistrant.swift:21:8: note: A dependency of main module 'LinkedUp'
[        ] import file_selector_macos
[        ]        ^ (in target 'Runner' from project 'Runner')
[        ] /Users/vertin/Downloads/LinkedUp-Club-MacOS-Vertin-Dev/macos/Flutter/GeneratedPluginRegistrant.swift:22:8: error: Unable to find module dependency: 'firebase_auth'
[        ] import firebase_auth
[        ]        ^ (in target 'Runner' from project 'Runner')
[        ] /Users/vertin/Downloads/LinkedUp-Club-MacOS-Vertin-Dev/macos/Flutter/GeneratedPluginRegistrant.swift:22:8: note: A dependency of main module 'LinkedUp'
[        ] import firebase_auth
[        ]        ^ (in target 'Runner' from project 'Runner')
[        ] /Users/vertin/Downloads/LinkedUp-Club-MacOS-Vertin-Dev/macos/Flutter/GeneratedPluginRegistrant.swift:23:8: error: Unable to find module dependency: 'firebase_core'
[        ] import firebase_core
[        ]        ^ (in target 'Runner' from project 'Runner')
[        ] /Users/vertin/Downloads/LinkedUp-Club-MacOS-Vertin-Dev/macos/Flutter/GeneratedPluginRegistrant.swift:23:8: note: A dependency of main module 'LinkedUp'
[        ] import firebase_core
[        ]        ^ (in target 'Runner' from project 'Runner')
[        ] /Users/vertin/Downloads/LinkedUp-Club-MacOS-Vertin-Dev/macos/Flutter/GeneratedPluginRegistrant.swift:24:8: error: Unable to find module dependency: 'firebase_messaging'
[        ] import firebase_messaging
[        ]        ^ (in target 'Runner' from project 'Runner')
[        ] /Users/vertin/Downloads/LinkedUp-Club-MacOS-Vertin-Dev/macos/Flutter/GeneratedPluginRegistrant.swift:24:8: note: A dependency of main module 'LinkedUp'
[        ] import firebase_messaging
[        ]        ^ (in target 'Runner' from project 'Runner')
[        ] /Users/vertin/Downloads/LinkedUp-Club-MacOS-Vertin-Dev/macos/Flutter/GeneratedPluginRegistrant.swift:25:8: error: Unable to find module dependency: 'firebase_storage'
[        ] import firebase_storage
[        ]        ^ (in target 'Runner' from project 'Runner')
[        ] /Users/vertin/Downloads/LinkedUp-Club-MacOS-Vertin-Dev/macos/Flutter/GeneratedPluginRegistrant.swift:25:8: note: A dependency of main module 'LinkedUp'
[        ] import firebase_storage
[        ]        ^ (in target 'Runner' from project 'Runner')
[        ] /Users/vertin/Downloads/LinkedUp-Club-MacOS-Vertin-Dev/macos/Flutter/GeneratedPluginRegistrant.swift:26:8: error: Unable to find module dependency: 'flutter_inappwebview_macos'
[        ] import flutter_inappwebview_macos
[        ]        ^ (in target 'Runner' from project 'Runner')
[        ] /Users/vertin/Downloads/LinkedUp-Club-MacOS-Vertin-Dev/macos/Flutter/GeneratedPluginRegistrant.swift:26:8: note: A dependency of main module 'LinkedUp'
[        ] import flutter_inappwebview_macos
[        ]        ^ (in target 'Runner' from project 'Runner')
[        ] /Users/vertin/Downloads/LinkedUp-Club-MacOS-Vertin-Dev/macos/Flutter/GeneratedPluginRegistrant.swift:27:8: error: Unable to find module dependency: 'geolocator_apple'
[        ] import geolocator_apple
[        ]        ^ (in target 'Runner' from project 'Runner')
[        ] /Users/vertin/Downloads/LinkedUp-Club-MacOS-Vertin-Dev/macos/Flutter/GeneratedPluginRegistrant.swift:27:8: note: A dependency of main module 'LinkedUp'
[        ] import geolocator_apple
[        ]        ^ (in target 'Runner' from project 'Runner')
[        ] /Users/vertin/Downloads/LinkedUp-Club-MacOS-Vertin-Dev/macos/Flutter/GeneratedPluginRegistrant.swift:28:8: error: Unable to find module dependency: 'google_sign_in_ios'
[        ] import google_sign_in_ios
[        ]        ^ (in target 'Runner' from project 'Runner')
[        ] /Users/vertin/Downloads/LinkedUp-Club-MacOS-Vertin-Dev/macos/Flutter/GeneratedPluginRegistrant.swift:28:8: note: A dependency of main module 'LinkedUp'
[        ] import google_sign_in_ios
[        ]        ^ (in target 'Runner' from project 'Runner')
[        ] /Users/vertin/Downloads/LinkedUp-Club-MacOS-Vertin-Dev/macos/Flutter/GeneratedPluginRegistrant.swift:29:8: error: Unable to find module dependency: 'irondash_engine_context'
[        ] import irondash_engine_context
[        ]        ^ (in target 'Runner' from project 'Runner')
[        ] /Users/vertin/Downloads/LinkedUp-Club-MacOS-Vertin-Dev/macos/Flutter/GeneratedPluginRegistrant.swift:29:8: note: A dependency of main module 'LinkedUp'
[        ] import irondash_engine_context
[        ]        ^ (in target 'Runner' from project 'Runner')
[        ] /Users/vertin/Downloads/LinkedUp-Club-MacOS-Vertin-Dev/macos/Flutter/GeneratedPluginRegistrant.swift:30:8: error: Unable to find module dependency: 'just_audio'
[        ] import just_audio
[        ]        ^ (in target 'Runner' from project 'Runner')
[        ] /Users/vertin/Downloads/LinkedUp-Club-MacOS-Vertin-Dev/macos/Flutter/GeneratedPluginRegistrant.swift:30:8: note: A dependency of main module 'LinkedUp'
[        ] import just_audio
[        ]        ^ (in target 'Runner' from project 'Runner')
[        ] /Users/vertin/Downloads/LinkedUp-Club-MacOS-Vertin-Dev/macos/Flutter/GeneratedPluginRegistrant.swift:31:8: error: Unable to find module dependency: 'package_info_plus'
[        ] import package_info_plus
[        ]        ^ (in target 'Runner' from project 'Runner')
[        ] /Users/vertin/Downloads/LinkedUp-Club-MacOS-Vertin-Dev/macos/Flutter/GeneratedPluginRegistrant.swift:31:8: note: A dependency of main module 'LinkedUp'
[        ] import package_info_plus
[        ]        ^ (in target 'Runner' from project 'Runner')
[        ] /Users/vertin/Downloads/LinkedUp-Club-MacOS-Vertin-Dev/macos/Flutter/GeneratedPluginRegistrant.swift:32:8: error: Unable to find module dependency: 'path_provider_foundation'
[        ] import path_provider_foundation
[        ]        ^ (in target 'Runner' from project 'Runner')
[        ] /Users/vertin/Downloads/LinkedUp-Club-MacOS-Vertin-Dev/macos/Flutter/GeneratedPluginRegistrant.swift:32:8: note: A dependency of main module 'LinkedUp'
[        ] import path_provider_foundation
[        ]        ^ (in target 'Runner' from project 'Runner')
[        ] /Users/vertin/Downloads/LinkedUp-Club-MacOS-Vertin-Dev/macos/Flutter/GeneratedPluginRegistrant.swift:33:8: error: Unable to find module dependency: 'pdfx'
[        ] import pdfx
[        ]        ^ (in target 'Runner' from project 'Runner')
[        ] /Users/vertin/Downloads/LinkedUp-Club-MacOS-Vertin-Dev/macos/Flutter/GeneratedPluginRegistrant.swift:33:8: note: A dependency of main module 'LinkedUp'
[        ] import pdfx
[        ]        ^ (in target 'Runner' from project 'Runner')
[        ] /Users/vertin/Downloads/LinkedUp-Club-MacOS-Vertin-Dev/macos/Flutter/GeneratedPluginRegistrant.swift:34:8: error: Unable to find module dependency: 'quill_native_bridge_macos'
[        ] import quill_native_bridge_macos
[        ]        ^ (in target 'Runner' from project 'Runner')
[        ] /Users/vertin/Downloads/LinkedUp-Club-MacOS-Vertin-Dev/macos/Flutter/GeneratedPluginRegistrant.swift:34:8: note: A dependency of main module 'LinkedUp'
[        ] import quill_native_bridge_macos
[        ]        ^ (in target 'Runner' from project 'Runner')
[        ] /Users/vertin/Downloads/LinkedUp-Club-MacOS-Vertin-Dev/macos/Flutter/GeneratedPluginRegistrant.swift:35:8: error: Unable to find module dependency: 'record_macos'
[        ] import record_macos
[        ]        ^ (in target 'Runner' from project 'Runner')
[        ] /Users/vertin/Downloads/LinkedUp-Club-MacOS-Vertin-Dev/macos/Flutter/GeneratedPluginRegistrant.swift:35:8: note: A dependency of main module 'LinkedUp'
[        ] import record_macos
[        ]        ^ (in target 'Runner' from project 'Runner')
[        ] /Users/vertin/Downloads/LinkedUp-Club-MacOS-Vertin-Dev/macos/Flutter/GeneratedPluginRegistrant.swift:36:8: error: Unable to find module dependency: 'share_plus'
[        ] import share_plus
[        ]        ^ (in target 'Runner' from project 'Runner')
[        ] /Users/vertin/Downloads/LinkedUp-Club-MacOS-Vertin-Dev/macos/Flutter/GeneratedPluginRegistrant.swift:36:8: note: A dependency of main module 'LinkedUp'
[        ] import share_plus
[        ]        ^ (in target 'Runner' from project 'Runner')
[        ] /Users/vertin/Downloads/LinkedUp-Club-MacOS-Vertin-Dev/macos/Flutter/GeneratedPluginRegistrant.swift:37:8: error: Unable to find module dependency: 'shared_preferences_foundation'
[        ] import shared_preferences_foundation
[        ]        ^ (in target 'Runner' from project 'Runner')
[        ] /Users/vertin/Downloads/LinkedUp-Club-MacOS-Vertin-Dev/macos/Flutter/GeneratedPluginRegistrant.swift:37:8: note: A dependency of main module 'LinkedUp'
[        ] import shared_preferences_foundation
[        ]        ^ (in target 'Runner' from project 'Runner')
[        ] /Users/vertin/Downloads/LinkedUp-Club-MacOS-Vertin-Dev/macos/Flutter/GeneratedPluginRegistrant.swift:38:8: error: Unable to find module dependency: 'sign_in_with_apple'
[        ] import sign_in_with_apple
[        ]        ^ (in target 'Runner' from project 'Runner')
[        ] /Users/vertin/Downloads/LinkedUp-Club-MacOS-Vertin-Dev/macos/Flutter/GeneratedPluginRegistrant.swift:38:8: note: A dependency of main module 'LinkedUp'
[        ] import sign_in_with_apple
[        ]        ^ (in target 'Runner' from project 'Runner')
[        ] /Users/vertin/Downloads/LinkedUp-Club-MacOS-Vertin-Dev/macos/Flutter/GeneratedPluginRegistrant.swift:39:8: error: Unable to find module dependency: 'sqflite'
[        ] import sqflite
[        ]        ^ (in target 'Runner' from project 'Runner')
[        ] /Users/vertin/Downloads/LinkedUp-Club-MacOS-Vertin-Dev/macos/Flutter/GeneratedPluginRegistrant.swift:39:8: note: A dependency of main module 'LinkedUp'
[        ] import sqflite
[        ]        ^ (in target 'Runner' from project 'Runner')
[        ] /Users/vertin/Downloads/LinkedUp-Club-MacOS-Vertin-Dev/macos/Flutter/GeneratedPluginRegistrant.swift:40:8: error: Unable to find module dependency: 'super_native_extensions'
[        ] import super_native_extensions
[        ]        ^ (in target 'Runner' from project 'Runner')
[        ] /Users/vertin/Downloads/LinkedUp-Club-MacOS-Vertin-Dev/macos/Flutter/GeneratedPluginRegistrant.swift:40:8: note: A dependency of main module 'LinkedUp'
[        ] import super_native_extensions
[        ]        ^ (in target 'Runner' from project 'Runner')
[        ] /Users/vertin/Downloads/LinkedUp-Club-MacOS-Vertin-Dev/macos/Flutter/GeneratedPluginRegistrant.swift:41:8: error: Unable to find module dependency: 'url_launcher_macos'
[        ] import url_launcher_macos
[        ]        ^ (in target 'Runner' from project 'Runner')
[        ] /Users/vertin/Downloads/LinkedUp-Club-MacOS-Vertin-Dev/macos/Flutter/GeneratedPluginRegistrant.swift:41:8: note: A dependency of main module 'LinkedUp'
[        ] import url_launcher_macos
[        ]        ^ (in target 'Runner' from project 'Runner')
[        ] /Users/vertin/Downloads/LinkedUp-Club-MacOS-Vertin-Dev/macos/Flutter/GeneratedPluginRegistrant.swift:42:8: error: Unable to find module dependency: 'video_player_avfoundation'
[        ] import video_player_avfoundation
[        ]        ^ (in target 'Runner' from project 'Runner')
[        ] /Users/vertin/Downloads/LinkedUp-Club-MacOS-Vertin-Dev/macos/Flutter/GeneratedPluginRegistrant.swift:42:8: note: A dependency of main module 'LinkedUp'
[        ] import video_player_avfoundation
[        ]        ^ (in target 'Runner' from project 'Runner')
[        ] /Users/vertin/Downloads/LinkedUp-Club-MacOS-Vertin-Dev/macos/Flutter/GeneratedPluginRegistrant.swift:43:8: error: Unable to find module dependency: 'wakelock_plus'
[        ] import wakelock_plus
[        ]        ^ (in target 'Runner' from project 'Runner')
[        ] /Users/vertin/Downloads/LinkedUp-Club-MacOS-Vertin-Dev/macos/Flutter/GeneratedPluginRegistrant.swift:43:8: note: A dependency of main module 'LinkedUp'
[        ] import wakelock_plus
[        ]        ^ (in target 'Runner' from project 'Runner')
[        ] /Users/vertin/Downloads/LinkedUp-Club-MacOS-Vertin-Dev/macos/Flutter/GeneratedPluginRegistrant.swift:44:8: error: Unable to find module dependency: 'webview_flutter_wkwebview'
[        ] import webview_flutter_wkwebview
[        ]        ^ (in target 'Runner' from project 'Runner')
[        ] /Users/vertin/Downloads/LinkedUp-Club-MacOS-Vertin-Dev/macos/Flutter/GeneratedPluginRegistrant.swift:44:8: note: A dependency of main module 'LinkedUp'
[        ] import webview_flutter_wkwebview
[        ]        ^ (in target 'Runner' from project 'Runner')
[        ] /Users/vertin/Downloads/LinkedUp-Club-MacOS-Vertin-Dev/macos/Flutter/GeneratedPluginRegistrant.swift:45:8: error: Unable to find module dependency: 'zego_express_engine'
[        ] import zego_express_engine
[        ]        ^ (in target 'Runner' from project 'Runner')
[        ] /Users/vertin/Downloads/LinkedUp-Club-MacOS-Vertin-Dev/macos/Flutter/GeneratedPluginRegistrant.swift:45:8: note: A dependency of main module 'LinkedUp'
[        ] import zego_express_engine
[        ]        ^ (in target 'Runner' from project 'Runner')
[        ] SwiftDriver Runner normal x86_64 com.apple.xcode.tools.swift.compiler (in target 'Runner' from project 'Runner')
[        ]     cd /Users/vertin/Downloads/LinkedUp-Club-MacOS-Vertin-Dev/macos
[        ]     builtin-SwiftDriver -- /Applications/Xcode.app/Contents/Developer/Toolchains/XcodeDefault.xctoolchain/usr/bin/swiftc -module-name LinkedUp -O -whole-module-optimization -enforce-exclusivity\=checked @/Users/vertin/Downloads/LinkedUp-Club-MacOS-Vertin-Dev/build/macos/Build/Intermediates.noindex/Runner.build/Release/Runner.build/Objects-normal/x86_64/LinkedUp.SwiftFileList -D COCOAPODS -D COCOAPODS -enable-bare-slash-regex -enable-experimental-feature DebugDescriptionMacro -sdk /Applications/Xcode.app/Contents/Developer/Platforms/MacOSX.platform/Developer/SDKs/MacOSX26.2.sdk -target x86_64-apple-macos13.0 -g -module-cache-path /Users/vertin/Downloads/LinkedUp-Club-MacOS-Vertin-Dev/build/macos/ModuleCache.noindex -Xfrontend -serialize-debugging-options -swift-version 5 -I /Users/vertin/Downloads/LinkedUp-Club-MacOS-Vertin-Dev/build/macos/Build/Products/Release -F /Users/vertin/Downloads/LinkedUp-Club-MacOS-Vertin-Dev/build/macos/Build/Products/Release -F /Users/vertin/Downloads/LinkedUp-Club-MacOS-Vertin-Dev/build/macos/Build/Products/Release/AppAuth -F /Users/vertin/Downloads/LinkedUp-Club-MacOS-Vertin-Dev/build/macos/Build/Products/Release/AppCheckCore -F /Users/vertin/Downloads/LinkedUp-Club-MacOS-Vertin-Dev/build/macos/Build/Products/Release/FirebaseAppCheckInterop -F /Users/vertin/Downloads/LinkedUp-Club-MacOS-Vertin-Dev/build/macos/Build/Products/Release/FirebaseAuth -F /Users/vertin/Downloads/LinkedUp-Club-MacOS-Vertin-Dev/build/macos/Build/Products/Release/FirebaseAuthInterop -F /Users/vertin/Downloads/LinkedUp-Club-MacOS-Vertin-Dev/build/macos/Build/Products/Release/FirebaseCore -F /Users/vertin/Downloads/LinkedUp-Club-MacOS-Vertin-Dev/build/macos/Build/Products/Release/FirebaseCoreExtension -F /Users/vertin/Downloads/LinkedUp-Club-MacOS-Vertin-Dev/build/macos/Build/Products/Release/FirebaseCoreInternal -F /Users/vertin/Downloads/LinkedUp-Club-MacOS-Vertin-Dev/build/macos/Build/Products/Release/FirebaseFirestoreBinary -F /Users/vertin/Downloads/LinkedUp-Club-MacOS-Vertin-Dev/build/macos/Build/Products/Release/FirebaseFunctions -F /Users/vertin/Downloads/LinkedUp-Club-MacOS-Vertin-Dev/build/macos/Build/Products/Release/FirebaseInstallations -F /Users/vertin/Downloads/LinkedUp-Club-MacOS-Vertin-Dev/build/macos/Build/Products/Release/FirebaseMessaging -F /Users/vertin/Downloads/LinkedUp-Club-MacOS-Vertin-Dev/build/macos/Build/Products/Release/FirebaseMessagingInterop -F /Users/vertin/Downloads/LinkedUp-Club-MacOS-Vertin-Dev/build/macos/Build/Products/Release/FirebaseSharedSwift -F /Users/vertin/Downloads/LinkedUp-Club-MacOS-Vertin-Dev/build/macos/Build/Products/Release/FirebaseStorage -F /Users/vertin/Downloads/LinkedUp-Club-MacOS-Vertin-Dev/build/macos/Build/Products/Release/GTMAppAuth -F /Users/vertin/Downloads/LinkedUp-Club-MacOS-Vertin-Dev/build/macos/Build/Products/Release/GTMSessionFetcher -F /Users/vertin/Downloads/LinkedUp-Club-MacOS-Vertin-Dev/build/macos/Build/Products/Release/GoogleDataTransport -F /Users/vertin/Downloads/LinkedUp-Club-MacOS-Vertin-Dev/build/macos/Build/Products/Release/GoogleSignIn -F /Users/vertin/Downloads/LinkedUp-Club-MacOS-Vertin-Dev/build/macos/Build/Products/Release/GoogleUtilities -F /Users/vertin/Downloads/LinkedUp-Club-MacOS-Vertin-Dev/build/macos/Build/Products/Release/OrderedSet -F /Users/vertin/Downloads/LinkedUp-Club-MacOS-Vertin-Dev/build/macos/Build/Products/Release/PromisesObjC -F /Users/vertin/Downloads/LinkedUp-Club-MacOS-Vertin-Dev/build/macos/Build/Products/Release/app_badge_plus -F /Users/vertin/Downloads/LinkedUp-Club-MacOS-Vertin-Dev/build/macos/Build/Products/Release/app_links -F /Users/vertin/Downloads/LinkedUp-Club-MacOS-Vertin-Dev/build/macos/Build/Products/Release/assets_audio_player -F /Users/vertin/Downloads/LinkedUp-Club-MacOS-Vertin-Dev/build/macos/Build/Products/Release/assets_audio_player_web -F /Users/vertin/Downloads/LinkedUp-Club-MacOS-Vertin-Dev/build/macos/Build/Products/Release/audio_session -F /Users/vertin/Downloads/LinkedUp-Club-MacOS-Vertin-Dev/build/macos/Build/Products/Release/camera_macos -F /Users/vertin/Downloads/LinkedUp-Club-MacOS-Vertin-Dev/build/macos/Build/Products/Release/cloud_firestore -F /Users/vertin/Downloads/LinkedUp-Club-MacOS-Vertin-Dev/build/macos/Build/Products/Release/cloud_functions -F /Users/vertin/Downloads/LinkedUp-Club-MacOS-Vertin-Dev/build/macos/Build/Products/Release/cupertino_native -F /Users/vertin/Downloads/LinkedUp-Club-MacOS-Vertin-Dev/build/macos/Build/Products/Release/desktop_drop -F /Users/vertin/Downloads/LinkedUp-Club-MacOS-Vertin-Dev/build/macos/Build/Products/Release/device_info_plus -F /Users/vertin/Downloads/LinkedUp-Club-MacOS-Vertin-Dev/build/macos/Build/Products/Release/emoji_picker_flutter -F /Users/vertin/Downloads/LinkedUp-Club-MacOS-Vertin-Dev/build/macos/Build/Products/Release/file_picker -F /Users/vertin/Downloads/LinkedUp-Club-MacOS-Vertin-Dev/build/macos/Build/Products/Release/file_selector_macos -F /Users/vertin/Downloads/LinkedUp-Club-MacOS-Vertin-Dev/build/macos/Build/Products/Release/firebase_auth -F /Users/vertin/Downloads/LinkedUp-Club-MacOS-Vertin-Dev/build/macos/Build/Products/Release/firebase_core -F /Users/vertin/Downloads/LinkedUp-Club-MacOS-Vertin-Dev/build/macos/Build/Products/Release/firebase_messaging -F /Users/vertin/Downloads/LinkedUp-Club-MacOS-Vertin-Dev/build/macos/Build/Products/Release/firebase_storage -F /Users/vertin/Downloads/LinkedUp-Club-MacOS-Vertin-Dev/build/macos/Build/Products/Release/flutter_inappwebview_macos -F /Users/vertin/Downloads/LinkedUp-Club-MacOS-Vertin-Dev/build/macos/Build/Products/Release/geolocator_apple -F /Users/vertin/Downloads/LinkedUp-Club-MacOS-Vertin-Dev/build/macos/Build/Products/Release/google_sign_in_ios -F /Users/vertin/Downloads/LinkedUp-Club-MacOS-Vertin-Dev/build/macos/Build/Products/Release/irondash_engine_context -F /Users/vertin/Downloads/LinkedUp-Club-MacOS-Vertin-Dev/build/macos/Build/Products/Release/just_audio -F /Users/vertin/Downloads/LinkedUp-Club-MacOS-Vertin-Dev/build/macos/Build/Products/Release/leveldb-library -F /Users/vertin/Downloads/LinkedUp-Club-MacOS-Vertin-Dev/build/macos/Build/Products/Release/nanopb -F /Users/vertin/Downloads/LinkedUp-Club-MacOS-Vertin-Dev/build/macos/Build/Products/Release/package_info_plus -F /Users/vertin/Downloads/LinkedUp-Club-MacOS-Vertin-Dev/build/macos/Build/Products/Release/path_provider_foundation -F /Users/vertin/Downloads/LinkedUp-Club-MacOS-Vertin-Dev/build/macos/Build/Products/Release/pdfx -F /Users/vertin/Downloads/LinkedUp-Club-MacOS-Vertin-Dev/build/macos/Build/Products/Release/quill_native_bridge_macos -F /Users/vertin/Downloads/LinkedUp-Club-MacOS-Vertin-Dev/build/macos/Build/Products/Release/record_macos -F /Users/vertin/Downloads/LinkedUp-Club-MacOS-Vertin-Dev/build/macos/Build/Products/Release/share_plus -F /Users/vertin/Downloads/LinkedUp-Club-MacOS-Vertin-Dev/build/macos/Build/Products/Release/shared_preferences_foundation -F /Users/vertin/Downloads/LinkedUp-Club-MacOS-Vertin-Dev/build/macos/Build/Products/Release/sign_in_with_apple -F /Users/vertin/Downloads/LinkedUp-Club-MacOS-Vertin-Dev/build/macos/Build/Products/Release/sqflite -F /Users/vertin/Downloads/LinkedUp-Club-MacOS-Vertin-Dev/build/macos/Build/Products/Release/super_native_extensions -F /Users/vertin/Downloads/LinkedUp-Club-MacOS-Vertin-Dev/build/macos/Build/Products/Release/url_launcher_macos -F /Users/vertin/Downloads/LinkedUp-Club-MacOS-Vertin-Dev/build/macos/Build/Products/Release/video_player_avfoundation -F /Users/vertin/Downloads/LinkedUp-Club-MacOS-Vertin-Dev/build/macos/Build/Products/Release/wakelock_plus -F /Users/vertin/Downloads/LinkedUp-Club-MacOS-Vertin-Dev/build/macos/Build/Products/Release/webview_flutter_wkwebview -F /Users/vertin/Downloads/LinkedUp-Club-MacOS-Vertin-Dev/build/macos/Build/Products/Release/zego_express_engine -F /Users/vertin/Downloads/LinkedUp-Club-MacOS-Vertin-Dev/macos/Flutter/ephemeral/.symlinks/plugins/zego_express_engine/macos/libs -F /Users/vertin/Downloads/LinkedUp-Club-MacOS-Vertin-Dev/macos/Pods/FirebaseFirestoreAbseilBinary -F /Users/vertin/Downloads/LinkedUp-Club-MacOS-Vertin-Dev/macos/Pods/FirebaseFirestoreGRPCBoringSSLBinary -F /Users/vertin/Downloads/LinkedUp-Club-MacOS-Vertin-Dev/macos/Pods/FirebaseFirestoreGRPCCPPBinary -F /Users/vertin/Downloads/LinkedUp-Club-MacOS-Vertin-Dev/macos/Pods/FirebaseFirestoreGRPCCoreBinary -F /Users/vertin/Downloads/LinkedUp-Club-MacOS-Vertin-Dev/macos/Pods/FirebaseFirestoreInternalBinary -F /Users/vertin/Downloads/LinkedUp-Club-MacOS-Vertin-Dev/build/macos/Build/Products/Release/XCFrameworkIntermediates/FirebaseFirestoreAbseilBinary -F /Users/vertin/Downloads/LinkedUp-Club-MacOS-Vertin-Dev/build/macos/Build/Products/Release/XCFrameworkIntermediates/FirebaseFirestoreGRPCBoringSSLBinary -F /Users/vertin/Downloads/LinkedUp-Club-MacOS-Vertin-Dev/build/macos/Build/Products/Release/XCFrameworkIntermediates/FirebaseFirestoreGRPCCPPBinary -F /Users/vertin/Downloads/LinkedUp-Club-MacOS-Vertin-Dev/build/macos/Build/Products/Release/XCFrameworkIntermediates/FirebaseFirestoreGRPCCoreBinary -F /Users/vertin/Downloads/LinkedUp-Club-MacOS-Vertin-Dev/build/macos/Build/Products/Release/XCFrameworkIntermediates/FirebaseFirestoreInternalBinary -F /Users/vertin/Downloads/LinkedUp-Club-MacOS-Vertin-Dev/build/macos/Build/Products/Release/XCFrameworkIntermediates/zego_express_engine -F /Users/vertin/Downloads/LinkedUp-Club-MacOS-Vertin-Dev/build/macos/Build/Products/Release/AppAuth -F /Users/vertin/Downloads/LinkedUp-Club-MacOS-Vertin-Dev/build/macos/Build/Products/Release/AppCheckCore -F /Users/vertin/Downloads/LinkedUp-Club-MacOS-Vertin-Dev/build/macos/Build/Products/Release/FirebaseAppCheckInterop -F /Users/vertin/Downloads/LinkedUp-Club-MacOS-Vertin-Dev/build/macos/Build/Products/Release/FirebaseAuth -F /Users/vertin/Downloads/LinkedUp-Club-MacOS-Vertin-Dev/build/macos/Build/Products/Release/FirebaseAuthInterop -F /Users/vertin/Downloads/LinkedUp-Club-MacOS-Vertin-Dev/build/macos/Build/Products/Release/FirebaseCore -F /Users/vertin/Downloads/LinkedUp-Club-MacOS-Vertin-Dev/build/macos/Build/Products/Release/FirebaseCoreExtension -F /Users/vertin/Downloads/LinkedUp-Club-MacOS-Vertin-Dev/build/macos/Build/Products/Release/FirebaseCoreInternal -F /Users/vertin/Downloads/LinkedUp-Club-MacOS-Vertin-Dev/build/macos/Build/Products/Release/FirebaseFirestoreBinary -F /Users/vertin/Downloads/LinkedUp-Club-MacOS-Vertin-Dev/build/macos/Build/Products/Release/FirebaseFunctions -F /Users/vertin/Downloads/LinkedUp-Club-MacOS-Vertin-Dev/build/macos/Build/Products/Release/FirebaseInstallations -F /Users/vertin/Downloads/LinkedUp-Club-MacOS-Vertin-Dev/build/macos/Build/Products/Release/FirebaseMessaging -F /Users/vertin/Downloads/LinkedUp-Club-MacOS-Vertin-Dev/build/macos/Build/Products/Release/FirebaseMessagingInterop -F /Users/vertin/Downloads/LinkedUp-Club-MacOS-Vertin-Dev/build/macos/Build/Products/Release/FirebaseSharedSwift -F /Users/vertin/Downloads/LinkedUp-Club-MacOS-Vertin-Dev/build/macos/Build/Products/Release/FirebaseStorage -F /Users/vertin/Downloads/LinkedUp-Club-MacOS-Vertin-Dev/build/macos/Build/Products/Release/GTMAppAuth -F /Users/vertin/Downloads/LinkedUp-Club-MacOS-Vertin-Dev/build/macos/Build/Products/Release/GTMSessionFetcher -F /Users/vertin/Downloads/LinkedUp-Club-MacOS-Vertin-Dev/build/macos/Build/Products/Release/GoogleDataTransport -F /Users/vertin/Downloads/LinkedUp-Club-MacOS-Vertin-Dev/build/macos/Build/Products/Release/GoogleSignIn -F /Users/vertin/Downloads/LinkedUp-Club-MacOS-Vertin-Dev/build/macos/Build/Products/Release/GoogleUtilities -F /Users/vertin/Downloads/LinkedUp-Club-MacOS-Vertin-Dev/build/macos/Build/Products/Release/OrderedSet -F /Users/vertin/Downloads/LinkedUp-Club-MacOS-Vertin-Dev/build/macos/Build/Products/Release/PromisesObjC -F /Users/vertin/Downloads/LinkedUp-Club-MacOS-Vertin-Dev/build/macos/Build/Products/Release/app_badge_plus -F /Users/vertin/Downloads/LinkedUp-Club-MacOS-Vertin-Dev/build/macos/Build/Products/Release/app_links -F /Users/vertin/Downloads/LinkedUp-Club-MacOS-Vertin-Dev/build/macos/Build/Products/Release/assets_audio_player -F /Users/vertin/Downloads/LinkedUp-Club-MacOS-Vertin-Dev/build/macos/Build/Products/Release/assets_audio_player_web -F /Users/vertin/Downloads/LinkedUp-Club-MacOS-Vertin-Dev/build/macos/Build/Products/Release/audio_session -F /Users/vertin/Downloads/LinkedUp-Club-MacOS-Vertin-Dev/build/macos/Build/Products/Release/camera_macos -F /Users/vertin/Downloads/LinkedUp-Club-MacOS-Vertin-Dev/build/macos/Build/Products/Release/cloud_firestore -F /Users/vertin/Downloads/LinkedUp-Club-MacOS-Vertin-Dev/build/macos/Build/Products/Release/cloud_functions -F /Users/vertin/Downloads/LinkedUp-Club-MacOS-Vertin-Dev/build/macos/Build/Products/Release/cupertino_native -F /Users/vertin/Downloads/LinkedUp-Club-MacOS-Vertin-Dev/build/macos/Build/Products/Release/desktop_drop -F /Users/vertin/Downloads/LinkedUp-Club-MacOS-Vertin-Dev/build/macos/Build/Products/Release/device_info_plus -F /Users/vertin/Downloads/LinkedUp-Club-MacOS-Vertin-Dev/build/macos/Build/Products/Release/emoji_picker_flutter -F /Users/vertin/Downloads/LinkedUp-Club-MacOS-Vertin-Dev/build/macos/Build/Products/Release/file_picker -F /Users/vertin/Downloads/LinkedUp-Club-MacOS-Vertin-Dev/build/macos/Build/Products/Release/file_selector_macos -F /Users/vertin/Downloads/LinkedUp-Club-MacOS-Vertin-Dev/build/macos/Build/Products/Release/firebase_auth -F /Users/vertin/Downloads/LinkedUp-Club-MacOS-Vertin-Dev/build/macos/Build/Products/Release/firebase_core -F /Users/vertin/Downloads/LinkedUp-Club-MacOS-Vertin-Dev/build/macos/Build/Products/Release/firebase_messaging -F /Users/vertin/Downloads/LinkedUp-Club-MacOS-Vertin-Dev/build/macos/Build/Products/Release/firebase_storage -F /Users/vertin/Downloads/LinkedUp-Club-MacOS-Vertin-Dev/build/macos/Build/Products/Release/flutter_inappwebview_macos -F /Users/vertin/Downloads/LinkedUp-Club-MacOS-Vertin-Dev/build/macos/Build/Products/Release/geolocator_apple -F /Users/vertin/Downloads/LinkedUp-Club-MacOS-Vertin-Dev/build/macos/Build/Products/Release/google_sign_in_ios -F /Users/vertin/Downloads/LinkedUp-Club-MacOS-Vertin-Dev/build/macos/Build/Products/Release/irondash_engine_context -F /Users/vertin/Downloads/LinkedUp-Club-MacOS-Vertin-Dev/build/macos/Build/Products/Release/just_audio -F /Users/vertin/Downloads/LinkedUp-Club-MacOS-Vertin-Dev/build/macos/Build/Products/Release/leveldb-library -F /Users/vertin/Downloads/LinkedUp-Club-MacOS-Vertin-Dev/build/macos/Build/Products/Release/nanopb -F /Users/vertin/Downloads/LinkedUp-Club-MacOS-Vertin-Dev/build/macos/Build/Products/Release/package_info_plus -F /Users/vertin/Downloads/LinkedUp-Club-MacOS-Vertin-Dev/build/macos/Build/Products/Release/path_provider_foundation -F /Users/vertin/Downloads/LinkedUp-Club-MacOS-Vertin-Dev/build/macos/Build/Products/Release/pdfx -F /Users/vertin/Downloads/LinkedUp-Club-MacOS-Vertin-Dev/build/macos/Build/Products/Release/quill_native_bridge_macos -F /Users/vertin/Downloads/LinkedUp-Club-MacOS-Vertin-Dev/build/macos/Build/Products/Release/record_macos -F /Users/vertin/Downloads/LinkedUp-Club-MacOS-Vertin-Dev/build/macos/Build/Products/Release/share_plus -F /Users/vertin/Downloads/LinkedUp-Club-MacOS-Vertin-Dev/build/macos/Build/Products/Release/shared_preferences_foundation -F /Users/vertin/Downloads/LinkedUp-Club-MacOS-Vertin-Dev/build/macos/Build/Products/Release/sign_in_with_apple -F /Users/vertin/Downloads/LinkedUp-Club-MacOS-Vertin-Dev/build/macos/Build/Products/Release/sqflite -F /Users/vertin/Downloads/LinkedUp-Club-MacOS-Vertin-Dev/build/macos/Build/Products/Release/super_native_extensions -F /Users/vertin/Downloads/LinkedUp-Club-MacOS-Vertin-Dev/build/macos/Build/Products/Release/url_launcher_macos -F /Users/vertin/Downloads/LinkedUp-Club-MacOS-Vertin-Dev/build/macos/Build/Products/Release/video_player_avfoundation -F /Users/vertin/Downloads/LinkedUp-Club-MacOS-Vertin-Dev/build/macos/Build/Products/Release/wakelock_plus -F /Users/vertin/Downloads/LinkedUp-Club-MacOS-Vertin-Dev/build/macos/Build/Products/Release/webview_flutter_wkwebview -F /Users/vertin/Downloads/LinkedUp-Club-MacOS-Vertin-Dev/build/macos/Build/Products/Release/zego_express_engine -F /Users/vertin/Downloads/LinkedUp-Club-MacOS-Vertin-Dev/macos/Flutter/ephemeral/.symlinks/plugins/zego_express_engine/macos/libs -F /Users/vertin/Downloads/LinkedUp-Club-MacOS-Vertin-Dev/macos/Pods/FirebaseFirestoreAbseilBinary -F /Users/vertin/Downloads/LinkedUp-Club-MacOS-Vertin-Dev/macos/Pods/FirebaseFirestoreGRPCBoringSSLBinary -F /Users/vertin/Downloads/LinkedUp-Club-MacOS-Vertin-Dev/macos/Pods/FirebaseFirestoreGRPCCPPBinary -F /Users/vertin/Downloads/LinkedUp-Club-MacOS-Vertin-Dev/macos/Pods/FirebaseFirestoreGRPCCoreBinary -F /Users/vertin/Downloads/LinkedUp-Club-MacOS-Vertin-Dev/macos/Pods/FirebaseFirestoreInternalBinary -F /Users/vertin/Downloads/LinkedUp-Club-MacOS-Vertin-Dev/build/macos/Build/Products/Release/XCFrameworkIntermediates/FirebaseFirestoreAbseilBinary -F /Users/vertin/Downloads/LinkedUp-Club-MacOS-Vertin-Dev/build/macos/Build/Products/Release/XCFrameworkIntermediates/FirebaseFirestoreGRPCBoringSSLBinary -F /Users/vertin/Downloads/LinkedUp-Club-MacOS-Vertin-Dev/build/macos/Build/Products/Release/XCFrameworkIntermediates/FirebaseFirestoreGRPCCPPBinary -F /Users/vertin/Downloads/LinkedUp-Club-MacOS-Vertin-Dev/build/macos/Build/Products/Release/XCFrameworkIntermediates/FirebaseFirestoreGRPCCoreBinary -F /Users/vertin/Downloads/LinkedUp-Club-MacOS-Vertin-Dev/build/macos/Build/Products/Release/XCFrameworkIntermediates/FirebaseFirestoreInternalBinary -F /Users/vertin/Downloads/LinkedUp-Club-MacOS-Vertin-Dev/build/macos/Build/Products/Release/XCFrameworkIntermediates/zego_express_engine -F /Users/vertin/Downloads/LinkedUp-Club-MacOS-Vertin-Dev/build/macos/Build/Products/Release/FirebaseMessaging -F /Users/vertin/Downloads/LinkedUp-Club-MacOS-Vertin-Dev/build/macos/Build/Products/Release/FirebaseCore -F /Users/vertin/Downloads/LinkedUp-Club-MacOS-Vertin-Dev/build/macos/Build/Products/Release/GoogleSignIn -F /Users/vertin/Downloads/LinkedUp-Club-MacOS-Vertin-Dev/build/macos/Build/Products/Release/app_badge_plus -F /Users/vertin/Downloads/LinkedUp-Club-MacOS-Vertin-Dev/build/macos/Build/Products/Release/app_links -F /Users/vertin/Downloads/LinkedUp-Club-MacOS-Vertin-Dev/build/macos/Build/Products/Release/assets_audio_player -F /Users/vertin/Downloads/LinkedUp-Club-MacOS-Vertin-Dev/build/macos/Build/Products/Release/audio_session -F /Users/vertin/Downloads/LinkedUp-Club-MacOS-Vertin-Dev/build/macos/Build/Products/Release/camera_macos -F /Users/vertin/Downloads/LinkedUp-Club-MacOS-Vertin-Dev/build/macos/Build/Products/Release/cloud_firestore -F /Users/vertin/Downloads/LinkedUp-Club-MacOS-Vertin-Dev/build/macos/Build/Products/Release/cloud_functions -F /Users/vertin/Downloads/LinkedUp-Club-MacOS-Vertin-Dev/build/macos/Build/Products/Release/desktop_drop -F /Users/vertin/Downloads/LinkedUp-Club-MacOS-Vertin-Dev/build/macos/Build/Products/Release/device_info_plus -F /Users/vertin/Downloads/LinkedUp-Club-MacOS-Vertin-Dev/build/macos/Build/Products/Release/emoji_picker_flutter -F /Users/vertin/Downloads/LinkedUp-Club-MacOS-Vertin-Dev/build/macos/Build/Products/Release/file_picker -F /Users/vertin/Downloads/LinkedUp-Club-MacOS-Vertin-Dev/build/macos/Build/Products/Release/file_selector_macos -F /Users/vertin/Downloads/LinkedUp-Club-MacOS-Vertin-Dev/build/macos/Build/Products/Release/firebase_auth -F /Users/vertin/Downloads/LinkedUp-Club-MacOS-Vertin-Dev/build/macos/Build/Products/Release/firebase_core -F /Users/vertin/Downloads/LinkedUp-Club-MacOS-Vertin-Dev/build/macos/Build/Products/Release/firebase_messaging -F /Users/vertin/Downloads/LinkedUp-Club-MacOS-Vertin-Dev/build/macos/Build/Products/Release/firebase_storage -F /Users/vertin/Downloads/LinkedUp-Club-MacOS-Vertin-Dev/build/macos/Build/Products/Release/flutter_inappwebview_macos -F /Users/vertin/Downloads/LinkedUp-Club-MacOS-Vertin-Dev/build/macos/Build/Products/Release/geolocator_apple -F /Users/vertin/Downloads/LinkedUp-Club-MacOS-Vertin-Dev/build/macos/Build/Products/Release/google_sign_in_ios -F /Users/vertin/Downloads/LinkedUp-Club-MacOS-Vertin-Dev/build/macos/Build/Products/Release/irondash_engine_context -F /Users/vertin/Downloads/LinkedUp-Club-MacOS-Vertin-Dev/build/macos/Build/Products/Release/just_audio -F /Users/vertin/Downloads/LinkedUp-Club-MacOS-Vertin-Dev/build/macos/Build/Products/Release/nanopb -F /Users/vertin/Downloads/LinkedUp-Club-MacOS-Vertin-Dev/build/macos/Build/Products/Release/package_info_plus -F /Users/vertin/Downloads/LinkedUp-Club-MacOS-Vertin-Dev/build/macos/Build/Products/Release/path_provider_foundation -F /Users/vertin/Downloads/LinkedUp-Club-MacOS-Vertin-Dev/build/macos/Build/Products/Release/record_macos -F /Users/vertin/Downloads/LinkedUp-Club-MacOS-Vertin-Dev/build/macos/Build/Products/Release/share_plus -F /Users/vertin/Downloads/LinkedUp-Club-MacOS-Vertin-Dev/build/macos/Build/Products/Release/shared_preferences_foundation -F /Users/vertin/Downloads/LinkedUp-Club-MacOS-Vertin-Dev/build/macos/Build/Products/Release/sign_in_with_apple -F /Users/vertin/Downloads/LinkedUp-Club-MacOS-Vertin-Dev/build/macos/Build/Products/Release/sqflite -F /Users/vertin/Downloads/LinkedUp-Club-MacOS-Vertin-Dev/build/macos/Build/Products/Release/super_native_extensions -F /Users/vertin/Downloads/LinkedUp-Club-MacOS-Vertin-Dev/build/macos/Build/Products/Release/url_launcher_macos -F /Users/vertin/Downloads/LinkedUp-Club-MacOS-Vertin-Dev/build/macos/Build/Products/Release/video_player_avfoundation -F /Users/vertin/Downloads/LinkedUp-Club-MacOS-Vertin-Dev/build/macos/Build/Products/Release/wakelock_plus -F /Users/vertin/Downloads/LinkedUp-Club-MacOS-Vertin-Dev/build/macos/Build/Products/Release/webview_flutter_wkwebview -F /Users/vertin/Downloads/LinkedUp-Club-MacOS-Vertin-Dev/build/macos/Build/Products/Release/zego_express_engine -c -num-threads 10 -Xcc -ivfsstatcache -Xcc /Users/vertin/Downloads/LinkedUp-Club-MacOS-Vertin-Dev/build/macos/SDKStatCaches.noindex/macosx26.2-25C57-00fa09913b459cbbc988d1f6730289ae.sdkstatcache -output-file-map /Users/vertin/Downloads/LinkedUp-Club-MacOS-Vertin-Dev/build/macos/Build/Intermediates.noindex/Runner.build/Release/Runner.build/Objects-normal/x86_64/Runner-OutputFileMap.json -use-frontend-parseable-output -save-temps -no-color-diagnostics -explicit-module-build -module-cache-path /Users/vertin/Downloads/LinkedUp-Club-MacOS-Vertin-Dev/build/macos/Build/Intermediates.noindex/SwiftExplicitPrecompiledModules -clang-scanner-module-cache-path /Users/vertin/Downloads/LinkedUp-Club-MacOS-Vertin-Dev/build/macos/ModuleCache.noindex -sdk-module-cache-path /Users/vertin/Downloads/LinkedUp-Club-MacOS-Vertin-Dev/build/macos/ModuleCache.noindex -serialize-diagnostics -emit-dependencies -emit-module -emit-module-path /Users/vertin/Downloads/LinkedUp-Club-MacOS-Vertin-Dev/build/macos/Build/Intermediates.noindex/Runner.build/Release/Runner.build/Objects-normal/x86_64/LinkedUp.swiftmodule -validate-clang-modules-once -clang-build-session-file /Users/vertin/Downloads/LinkedUp-Club-MacOS-Vertin-Dev/build/macos/ModuleCache.noindex/Session.modulevalidation -Xcc -I/Users/vertin/Downloads/LinkedUp-Club-MacOS-Vertin-Dev/build/macos/Build/Intermediates.noindex/Runner.build/Release/Runner.build/swift-overrides.hmap -emit-const-values -Xfrontend -const-gather-protocols-file -Xfrontend /Users/vertin/Downloads/LinkedUp-Club-MacOS-Vertin-Dev/build/macos/Build/Intermediates.noindex/Runner.build/Release/Runner.build/Objects-normal/x86_64/Runner_const_extract_protocols.json -Xcc -iquote -Xcc /Users/vertin/Downloads/LinkedUp-Club-MacOS-Vertin-Dev/build/macos/Build/Intermediates.noindex/Runner.build/Release/Runner.build/LinkedUp-generated-files.hmap -Xcc -I/Users/vertin/Downloads/LinkedUp-Club-MacOS-Vertin-Dev/build/macos/Build/Intermediates.noindex/Runner.build/Release/Runner.build/LinkedUp-own-target-headers.hmap -Xcc -I/Users/vertin/Downloads/LinkedUp-Club-MacOS-Vertin-Dev/build/macos/Build/Intermediates.noindex/Runner.build/Release/Runner.build/LinkedUp-all-target-headers.hmap -Xcc -iquote -Xcc /Users/vertin/Downloads/LinkedUp-Club-MacOS-Vertin-Dev/build/macos/Build/Intermediates.noindex/Runner.build/Release/Runner.build/LinkedUp-project-headers.hmap -Xcc -I/Users/vertin/Downloads/LinkedUp-Club-MacOS-Vertin-Dev/build/macos/Build/Products/Release/include -Xcc -I/Users/vertin/Downloads/LinkedUp-Club-MacOS-Vertin-Dev/build/macos/Build/Products/Release/AppAuth/AppAuth.framework/Headers -Xcc -I/Users/vertin/Downloads/LinkedUp-Club-MacOS-Vertin-Dev/build/macos/Build/Products/Release/AppCheckCore/AppCheckCore.framework/Headers -Xcc -I/Users/vertin/Downloads/LinkedUp-Club-MacOS-Vertin-Dev/build/macos/Build/Products/Release/FirebaseAppCheckInterop/FirebaseAppCheckInterop.framework/Headers -Xcc -I/Users/vertin/Downloads/LinkedUp-Club-MacOS-Vertin-Dev/build/macos/Build/Products/Release/FirebaseAuth/FirebaseAuth.framework/Headers -Xcc -I/Users/vertin/Downloads/LinkedUp-Club-MacOS-Vertin-Dev/build/macos/Build/Products/Release/FirebaseAuthInterop/FirebaseAuthInterop.framework/Headers -Xcc -I/Users/vertin/Downloads/LinkedUp-Club-MacOS-Vertin-Dev/build/macos/Build/Products/Release/FirebaseCore/FirebaseCore.framework/Headers -Xcc -I/Users/vertin/Downloads/LinkedUp-Club-MacOS-Vertin-Dev/build/macos/Build/Products/Release/FirebaseCoreExtension/FirebaseCoreExtension.framework/Headers -Xcc -I/Users/vertin/Downloads/LinkedUp-Club-MacOS-Vertin-Dev/build/macos/Build/Products/Release/FirebaseCoreInternal/FirebaseCoreInternal.framework/Headers -Xcc -I/Users/vertin/Downloads/LinkedUp-Club-MacOS-Vertin-Dev/build/macos/Build/Products/Release/FirebaseFirestoreBinary/FirebaseFirestore.framework/Headers -Xcc -I/Users/vertin/Downloads/LinkedUp-Club-MacOS-Vertin-Dev/build/macos/Build/Products/Release/FirebaseFunctions/FirebaseFunctions.framework/Headers -Xcc -I/Users/vertin/Downloads/LinkedUp-Club-MacOS-Vertin-Dev/build/macos/Build/Products/Release/FirebaseInstallations/FirebaseInstallations.framework/Headers -Xcc -I/Users/vertin/Downloads/LinkedUp-Club-MacOS-Vertin-Dev/build/macos/Build/Products/Release/FirebaseMessaging/FirebaseMessaging.framework/Headers -Xcc -I/Users/vertin/Downloads/LinkedUp-Club-MacOS-Vertin-Dev/build/macos/Build/Products/Release/FirebaseMessagingInterop/FirebaseMessagingInterop.framework/Headers -Xcc -I/Users/vertin/Downloads/LinkedUp-Club-MacOS-Vertin-Dev/build/macos/Build/Products/Release/FirebaseSharedSwift/FirebaseSharedSwift.framework/Headers -Xcc -I/Users/vertin/Downloads/LinkedUp-Club-MacOS-Vertin-Dev/build/macos/Build/Products/Release/FirebaseStorage/FirebaseStorage.framework/Headers -Xcc -I/Users/vertin/Downloads/LinkedUp-Club-MacOS-Vertin-Dev/build/macos/Build/Products/Release/GTMAppAuth/GTMAppAuth.framework/Headers -Xcc -I/Users/vertin/Downloads/LinkedUp-Club-MacOS-Vertin-Dev/build/macos/Build/Products/Release/GTMSessionFetcher/GTMSessionFetcher.framework/Headers -Xcc -I/Users/vertin/Downloads/LinkedUp-Club-MacOS-Vertin-Dev/build/macos/Build/Products/Release/GoogleDataTransport/GoogleDataTransport.framework/Headers -Xcc -I/Users/vertin/Downloads/LinkedUp-Club-MacOS-Vertin-Dev/build/macos/Build/Products/Release/GoogleSignIn/GoogleSignIn.framework/Headers -Xcc -I/Users/vertin/Downloads/LinkedUp-Club-MacOS-Vertin-Dev/build/macos/Build/Products/Release/GoogleUtilities/GoogleUtilities.framework/Headers -Xcc -I/Users/vertin/Downloads/LinkedUp-Club-MacOS-Vertin-Dev/build/macos/Build/Products/Release/OrderedSet/OrderedSet.framework/Headers -Xcc -I/Users/vertin/Downloads/LinkedUp-Club-MacOS-Vertin-Dev/build/macos/Build/Products/Release/PromisesObjC/FBLPromises.framework/Headers -Xcc -I/Users/vertin/Downloads/LinkedUp-Club-MacOS-Vertin-Dev/build/macos/Build/Products/Release/app_badge_plus/app_badge_plus.framework/Headers -Xcc -I/Users/vertin/Downloads/LinkedUp-Club-MacOS-Vertin-Dev/build/macos/Build/Products/Release/app_links/app_links.framework/Headers -Xcc -I/Users/vertin/Downloads/LinkedUp-Club-MacOS-Vertin-Dev/build/macos/Build/Products/Release/assets_audio_player/assets_audio_player.framework/Headers -Xcc -I/Users/vertin/Downloads/LinkedUp-Club-MacOS-Vertin-Dev/build/macos/Build/Products/Release/assets_audio_player_web/assets_audio_player_web.framework/Headers -Xcc -I/Users/vertin/Downloads/LinkedUp-Club-MacOS-Vertin-Dev/build/macos/Build/Products/Release/audio_session/audio_session.framework/Headers -Xcc -I/Users/vertin/Downloads/LinkedUp-Club-MacOS-Vertin-Dev/build/macos/Build/Products/Release/camera_macos/camera_macos.framework/Headers -Xcc -I/Users/vertin/Downloads/LinkedUp-Club-MacOS-Vertin-Dev/build/macos/Build/Products/Release/cloud_firestore/cloud_firestore.framework/Headers -Xcc -I/Users/vertin/Downloads/LinkedUp-Club-MacOS-Vertin-Dev/build/macos/Build/Products/Release/cloud_functions/cloud_functions.framework/Headers -Xcc -I/Users/vertin/Downloads/LinkedUp-Club-MacOS-Vertin-Dev/build/macos/Build/Products/Release/cupertino_native/cupertino_native.framework/Headers -Xcc -I/Users/vertin/Downloads/LinkedUp-Club-MacOS-Vertin-Dev/build/macos/Build/Products/Release/desktop_drop/desktop_drop.framework/Headers -Xcc -I/Users/vertin/Downloads/LinkedUp-Club-MacOS-Vertin-Dev/build/macos/Build/Products/Release/device_info_plus/device_info_plus.framework/Headers -Xcc -I/Users/vertin/Downloads/LinkedUp-Club-MacOS-Vertin-Dev/build/macos/Build/Products/Release/emoji_picker_flutter/emoji_picker_flutter.framework/Headers -Xcc -I/Users/vertin/Downloads/LinkedUp-Club-MacOS-Vertin-Dev/build/macos/Build/Products/Release/file_picker/file_picker.framework/Headers -Xcc -I/Users/vertin/Downloads/LinkedUp-Club-MacOS-Vertin-Dev/build/macos/Build/Products/Release/file_selector_macos/file_selector_macos.framework/Headers -Xcc -I/Users/vertin/Downloads/LinkedUp-Club-MacOS-Vertin-Dev/build/macos/Build/Products/Release/firebase_auth/firebase_auth.framework/Headers -Xcc -I/Users/vertin/Downloads/LinkedUp-Club-MacOS-Vertin-Dev/build/macos/Build/Products/Release/firebase_core/firebase_core.framework/Headers -Xcc -I/Users/vertin/Downloads/LinkedUp-Club-MacOS-Vertin-Dev/build/macos/Build/Products/Release/firebase_messaging/firebase_messaging.framework/Headers -Xcc -I/Users/vertin/Downloads/LinkedUp-Club-MacOS-Vertin-Dev/build/macos/Build/Products/Release/firebase_storage/firebase_storage.framework/Headers -Xcc -I/Users/vertin/Downloads/LinkedUp-Club-MacOS-Vertin-Dev/build/macos/Build/Products/Release/flutter_inappwebview_macos/flutter_inappwebview_macos.framework/Headers -Xcc -I/Users/vertin/Downloads/LinkedUp-Club-MacOS-Vertin-Dev/build/macos/Build/Products/Release/geolocator_apple/geolocator_apple.framework/Headers -Xcc -I/Users/vertin/Downloads/LinkedUp-Club-MacOS-Vertin-Dev/build/macos/Build/Products/Release/google_sign_in_ios/google_sign_in_ios.framework/Headers -Xcc -I/Users/vertin/Downloads/LinkedUp-Club-MacOS-Vertin-Dev/build/macos/Build/Products/Release/irondash_engine_context/irondash_engine_context.framework/Headers -Xcc -I/Users/vertin/Downloads/LinkedUp-Club-MacOS-Vertin-Dev/build/macos/Build/Products/Release/just_audio/just_audio.framework/Headers -Xcc -I/Users/vertin/Downloads/LinkedUp-Club-MacOS-Vertin-Dev/build/macos/Build/Products/Release/leveldb-library/leveldb.framework/Headers -Xcc -I/Users/vertin/Downloads/LinkedUp-Club-MacOS-Vertin-Dev/build/macos/Build/Products/Release/nanopb/nanopb.framework/Headers -Xcc -I/Users/vertin/Downloads/LinkedUp-Club-MacOS-Vertin-Dev/build/macos/Build/Products/Release/package_info_plus/package_info_plus.framework/Headers -Xcc -I/Users/vertin/Downloads/LinkedUp-Club-MacOS-Vertin-Dev/build/macos/Build/Products/Release/path_provider_foundation/path_provider_foundation.framework/Headers -Xcc -I/Users/vertin/Downloads/LinkedUp-Club-MacOS-Vertin-Dev/build/macos/Build/Products/Release/pdfx/pdfx.framework/Headers -Xcc -I/Users/vertin/Downloads/LinkedUp-Club-MacOS-Vertin-Dev/build/macos/Build/Products/Release/quill_native_bridge_macos/quill_native_bridge_macos.framework/Headers -Xcc -I/Users/vertin/Downloads/LinkedUp-Club-MacOS-Vertin-Dev/build/macos/Build/Products/Release/record_macos/record_macos.framework/Headers -Xcc -I/Users/vertin/Downloads/LinkedUp-Club-MacOS-Vertin-Dev/build/macos/Build/Products/Release/share_plus/share_plus.framework/Headers -Xcc -I/Users/vertin/Downloads/LinkedUp-Club-MacOS-Vertin-Dev/build/macos/Build/Products/Release/shared_preferences_foundation/shared_preferences_foundation.framework/Headers -Xcc -I/Users/vertin/Downloads/LinkedUp-Club-MacOS-Vertin-Dev/build/macos/Build/Products/Release/sign_in_with_apple/sign_in_with_apple.framework/Headers -Xcc -I/Users/vertin/Downloads/LinkedUp-Club-MacOS-Vertin-Dev/build/macos/Build/Products/Release/sqflite/sqflite.framework/Headers -Xcc -I/Users/vertin/Downloads/LinkedUp-Club-MacOS-Vertin-Dev/build/macos/Build/Products/Release/super_native_extensions/super_native_extensions.framework/Headers -Xcc -I/Users/vertin/Downloads/LinkedUp-Club-MacOS-Vertin-Dev/build/macos/Build/Products/Release/url_launcher_macos/url_launcher_macos.framework/Headers -Xcc -I/Users/vertin/Downloads/LinkedUp-Club-MacOS-Vertin-Dev/build/macos/Build/Products/Release/video_player_avfoundation/video_player_avfoundation.framework/Headers -Xcc -I/Users/vertin/Downloads/LinkedUp-Club-MacOS-Vertin-Dev/build/macos/Build/Products/Release/wakelock_plus/wakelock_plus.framework/Headers -Xcc -I/Users/vertin/Downloads/LinkedUp-Club-MacOS-Vertin-Dev/build/macos/Build/Products/Release/webview_flutter_wkwebview/webview_flutter_wkwebview.framework/Headers -Xcc -I/Users/vertin/Downloads/LinkedUp-Club-MacOS-Vertin-Dev/build/macos/Build/Products/Release/zego_express_engine/zego_express_engine.framework/Headers -Xcc -I/Users/vertin/Downloads/LinkedUp-Club-MacOS-Vertin-Dev/macos/Pods/Headers/Public -Xcc -I/Users/vertin/Downloads/LinkedUp-Club-MacOS-Vertin-Dev/macos/Pods/Headers/Public/Firebase -Xcc -I/Users/vertin/Downloads/LinkedUp-Club-MacOS-Vertin-Dev/macos/Pods/Firebase/CoreOnly/Sources -Xcc -I/Users/vertin/Downloads/LinkedUp-Club-MacOS-Vertin-Dev/build/macos/Build/Products/Release/AppAuth/AppAuth.framework/Headers -Xcc -I/Users/vertin/Downloads/LinkedUp-Club-MacOS-Vertin-Dev/build/macos/Build/Products/Release/AppCheckCore/AppCheckCore.framework/Headers -Xcc -I/Users/vertin/Downloads/LinkedUp-Club-MacOS-Vertin-Dev/build/macos/Build/Products/Release/FirebaseAppCheckInterop/FirebaseAppCheckInterop.framework/Headers -Xcc -I/Users/vertin/Downloads/LinkedUp-Club-MacOS-Vertin-Dev/build/macos/Build/Products/Release/FirebaseAuth/FirebaseAuth.framework/Headers -Xcc -I/Users/vertin/Downloads/LinkedUp-Club-MacOS-Vertin-Dev/build/macos/Build/Products/Release/FirebaseAuthInterop/FirebaseAuthInterop.framework/Headers -Xcc -I/Users/vertin/Downloads/LinkedUp-Club-MacOS-Vertin-Dev/build/macos/Build/Products/Release/FirebaseCore/FirebaseCore.framework/Headers -Xcc -I/Users/vertin/Downloads/LinkedUp-Club-MacOS-Vertin-Dev/build/macos/Build/Products/Release/FirebaseCoreExtension/FirebaseCoreExtension.framework/Headers -Xcc -I/Users/vertin/Downloads/LinkedUp-Club-MacOS-Vertin-Dev/build/macos/Build/Products/Release/FirebaseCoreInternal/FirebaseCoreInternal.framework/Headers -Xcc -I/Users/vertin/Downloads/LinkedUp-Club-MacOS-Vertin-Dev/build/macos/Build/Products/Release/FirebaseFirestoreBinary/FirebaseFirestore.framework/Headers -Xcc -I/Users/vertin/Downloads/LinkedUp-Club-MacOS-Vertin-Dev/build/macos/Build/Products/Release/FirebaseFunctions/FirebaseFunctions.framework/Headers -Xcc -I/Users/vertin/Downloads/LinkedUp-Club-MacOS-Vertin-Dev/build/macos/Build/Products/Release/FirebaseInstallations/FirebaseInstallations.framework/Headers -Xcc -I/Users/vertin/Downloads/LinkedUp-Club-MacOS-Vertin-Dev/build/macos/Build/Products/Release/FirebaseMessaging/FirebaseMessaging.framework/Headers -Xcc -I/Users/vertin/Downloads/LinkedUp-Club-MacOS-Vertin-Dev/build/macos/Build/Products/Release/FirebaseMessagingInterop/FirebaseMessagingInterop.framework/Headers -Xcc -I/Users/vertin/Downloads/LinkedUp-Club-MacOS-Vertin-Dev/build/macos/Build/Products/Release/FirebaseSharedSwift/FirebaseSharedSwift.framework/Headers -Xcc -I/Users/vertin/Downloads/LinkedUp-Club-MacOS-Vertin-Dev/build/macos/Build/Products/Release/FirebaseStorage/FirebaseStorage.framework/Headers -Xcc -I/Users/vertin/Downloads/LinkedUp-Club-MacOS-Vertin-Dev/build/macos/Build/Products/Release/GTMAppAuth/GTMAppAuth.framework/Headers -Xcc -I/Users/vertin/Downloads/LinkedUp-Club-MacOS-Vertin-Dev/build/macos/Build/Products/Release/GTMSessionFetcher/GTMSessionFetcher.framework/Headers -Xcc -I/Users/vertin/Downloads/LinkedUp-Club-MacOS-Vertin-Dev/build/macos/Build/Products/Release/GoogleDataTransport/GoogleDataTransport.framework/Headers -Xcc -I/Users/vertin/Downloads/LinkedUp-Club-MacOS-Vertin-Dev/build/macos/Build/Products/Release/GoogleSignIn/GoogleSignIn.framework/Headers -Xcc -I/Users/vertin/Downloads/LinkedUp-Club-MacOS-Vertin-Dev/build/macos/Build/Products/Release/GoogleUtilities/GoogleUtilities.framework/Headers -Xcc -I/Users/vertin/Downloads/LinkedUp-Club-MacOS-Vertin-Dev/build/macos/Build/Products/Release/OrderedSet/OrderedSet.framework/Headers -Xcc -I/Users/vertin/Downloads/LinkedUp-Club-MacOS-Vertin-Dev/build/macos/Build/Products/Release/PromisesObjC/FBLPromises.framework/Headers -Xcc -I/Users/vertin/Downloads/LinkedUp-Club-MacOS-Vertin-Dev/build/macos/Build/Products/Release/app_badge_plus/app_badge_plus.framework/Headers -Xcc -I/Users/vertin/Downloads/LinkedUp-Club-MacOS-Vertin-Dev/build/macos/Build/Products/Release/app_links/app_links.framework/Headers -Xcc -I/Users/vertin/Downloads/LinkedUp-Club-MacOS-Vertin-Dev/build/macos/Build/Products/Release/assets_audio_player/assets_audio_player.framework/Headers -Xcc -I/Users/vertin/Downloads/LinkedUp-Club-MacOS-Vertin-Dev/build/macos/Build/Products/Release/assets_audio_player_web/assets_audio_player_web.framework/Headers -Xcc -I/Users/vertin/Downloads/LinkedUp-Club-MacOS-Vertin-Dev/build/macos/Build/Products/Release/audio_session/audio_session.framework/Headers -Xcc -I/Users/vertin/Downloads/LinkedUp-Club-MacOS-Vertin-Dev/build/macos/Build/Products/Release/camera_macos/camera_macos.framework/Headers -Xcc -I/Users/vertin/Downloads/LinkedUp-Club-MacOS-Vertin-Dev/build/macos/Build/Products/Release/cloud_firestore/cloud_firestore.framework/Headers -Xcc -I/Users/vertin/Downloads/LinkedUp-Club-MacOS-Vertin-Dev/build/macos/Build/Products/Release/cloud_functions/cloud_functions.framework/Headers -Xcc -I/Users/vertin/Downloads/LinkedUp-Club-MacOS-Vertin-Dev/build/macos/Build/Products/Release/cupertino_native/cupertino_native.framework/Headers -Xcc -I/Users/vertin/Downloads/LinkedUp-Club-MacOS-Vertin-Dev/build/macos/Build/Products/Release/desktop_drop/desktop_drop.framework/Headers -Xcc -I/Users/vertin/Downloads/LinkedUp-Club-MacOS-Vertin-Dev/build/macos/Build/Products/Release/device_info_plus/device_info_plus.framework/Headers -Xcc -I/Users/vertin/Downloads/LinkedUp-Club-MacOS-Vertin-Dev/build/macos/Build/Products/Release/emoji_picker_flutter/emoji_picker_flutter.framework/Headers -Xcc -I/Users/vertin/Downloads/LinkedUp-Club-MacOS-Vertin-Dev/build/macos/Build/Products/Release/file_picker/file_picker.framework/Headers -Xcc -I/Users/vertin/Downloads/LinkedUp-Club-MacOS-Vertin-Dev/build/macos/Build/Products/Release/file_selector_macos/file_selector_macos.framework/Headers -Xcc -I/Users/vertin/Downloads/LinkedUp-Club-MacOS-Vertin-Dev/build/macos/Build/Products/Release/firebase_auth/firebase_auth.framework/Headers -Xcc -I/Users/vertin/Downloads/LinkedUp-Club-MacOS-Vertin-Dev/build/macos/Build/Products/Release/firebase_core/firebase_core.framework/Headers -Xcc -I/Users/vertin/Downloads/LinkedUp-Club-MacOS-Vertin-Dev/build/macos/Build/Products/Release/firebase_messaging/firebase_messaging.framework/Headers -Xcc -I/Users/vertin/Downloads/LinkedUp-Club-MacOS-Vertin-Dev/build/macos/Build/Products/Release/firebase_storage/firebase_storage.framework/Headers -Xcc -I/Users/vertin/Downloads/LinkedUp-Club-MacOS-Vertin-Dev/build/macos/Build/Products/Release/flutter_inappwebview_macos/flutter_inappwebview_macos.framework/Headers -Xcc -I/Users/vertin/Downloads/LinkedUp-Club-MacOS-Vertin-Dev/build/macos/Build/Products/Release/geolocator_apple/geolocator_apple.framework/Headers -Xcc -I/Users/vertin/Downloads/LinkedUp-Club-MacOS-Vertin-Dev/build/macos/Build/Products/Release/google_sign_in_ios/google_sign_in_ios.framework/Headers -Xcc -I/Users/vertin/Downloads/LinkedUp-Club-MacOS-Vertin-Dev/build/macos/Build/Products/Release/irondash_engine_context/irondash_engine_context.framework/Headers -Xcc -I/Users/vertin/Downloads/LinkedUp-Club-MacOS-Vertin-Dev/build/macos/Build/Products/Release/just_audio/just_audio.framework/Headers -Xcc -I/Users/vertin/Downloads/LinkedUp-Club-MacOS-Vertin-Dev/build/macos/Build/Products/Release/leveldb-library/leveldb.framework/Headers -Xcc -I/Users/vertin/Downloads/LinkedUp-Club-MacOS-Vertin-Dev/build/macos/Build/Products/Release/nanopb/nanopb.framework/Headers -Xcc -I/Users/vertin/Downloads/LinkedUp-Club-MacOS-Vertin-Dev/build/macos/Build/Products/Release/package_info_plus/package_info_plus.framework/Headers -Xcc -I/Users/vertin/Downloads/LinkedUp-Club-MacOS-Vertin-Dev/build/macos/Build/Products/Release/path_provider_foundation/path_provider_foundation.framework/Headers -Xcc -I/Users/vertin/Downloads/LinkedUp-Club-MacOS-Vertin-Dev/build/macos/Build/Products/Release/pdfx/pdfx.framework/Headers -Xcc -I/Users/vertin/Downloads/LinkedUp-Club-MacOS-Vertin-Dev/build/macos/Build/Products/Release/quill_native_bridge_macos/quill_native_bridge_macos.framework/Headers -Xcc -I/Users/vertin/Downloads/LinkedUp-Club-MacOS-Vertin-Dev/build/macos/Build/Products/Release/record_macos/record_macos.framework/Headers -Xcc -I/Users/vertin/Downloads/LinkedUp-Club-MacOS-Vertin-Dev/build/macos/Build/Products/Release/share_plus/share_plus.framework/Headers -Xcc -I/Users/vertin/Downloads/LinkedUp-Club-MacOS-Vertin-Dev/build/macos/Build/Products/Release/shared_preferences_foundation/shared_preferences_foundation.framework/Headers -Xcc -I/Users/vertin/Downloads/LinkedUp-Club-MacOS-Vertin-Dev/build/macos/Build/Products/Release/sign_in_with_apple/sign_in_with_apple.framework/Headers -Xcc -I/Users/vertin/Downloads/LinkedUp-Club-MacOS-Vertin-Dev/build/macos/Build/Products/Release/sqflite/sqflite.framework/Headers -Xcc -I/Users/vertin/Downloads/LinkedUp-Club-MacOS-Vertin-Dev/build/macos/Build/Products/Release/super_native_extensions/super_native_extensions.framework/Headers -Xcc -I/Users/vertin/Downloads/LinkedUp-Club-MacOS-Vertin-Dev/build/macos/Build/Products/Release/url_launcher_macos/url_launcher_macos.framework/Headers -Xcc -I/Users/vertin/Downloads/LinkedUp-Club-MacOS-Vertin-Dev/build/macos/Build/Products/Release/video_player_avfoundation/video_player_avfoundation.framework/Headers -Xcc -I/Users/vertin/Downloads/LinkedUp-Club-MacOS-Vertin-Dev/build/macos/Build/Products/Release/wakelock_plus/wakelock_plus.framework/Headers -Xcc -I/Users/vertin/Downloads/LinkedUp-Club-MacOS-Vertin-Dev/build/macos/Build/Products/Release/webview_flutter_wkwebview/webview_flutter_wkwebview.framework/Headers -Xcc -I/Users/vertin/Downloads/LinkedUp-Club-MacOS-Vertin-Dev/build/macos/Build/Products/Release/zego_express_engine/zego_express_engine.framework/Headers -Xcc -I/Users/vertin/Downloads/LinkedUp-Club-MacOS-Vertin-Dev/macos/Pods/Headers/Public -Xcc -I/Users/vertin/Downloads/LinkedUp-Club-MacOS-Vertin-Dev/macos/Pods/Headers/Public/Firebase -Xcc -I/Users/vertin/Downloads/LinkedUp-Club-MacOS-Vertin-Dev/build/macos/Build/Products/Release/AppAuth/AppAuth.framework/Headers -Xcc -I/Users/vertin/Downloads/LinkedUp-Club-MacOS-Vertin-Dev/build/macos/Build/Products/Release/AppCheckCore/AppCheckCore.framework/Headers -Xcc -I/Users/vertin/Downloads/LinkedUp-Club-MacOS-Vertin-Dev/build/macos/Build/Products/Release/FirebaseAppCheckInterop/FirebaseAppCheckInterop.framework/Headers -Xcc -I/Users/vertin/Downloads/LinkedUp-Club-MacOS-Vertin-Dev/build/macos/Build/Products/Release/FirebaseAuth/FirebaseAuth.framework/Headers -Xcc -I/Users/vertin/Downloads/LinkedUp-Club-MacOS-Vertin-Dev/build/macos/Build/Products/Release/FirebaseAuthInterop/FirebaseAuthInterop.framework/Headers -Xcc -I/Users/vertin/Downloads/LinkedUp-Club-MacOS-Vertin-Dev/build/macos/Build/Products/Release/FirebaseCore/FirebaseCore.framework/Headers -Xcc -I/Users/vertin/Downloads/LinkedUp-Club-MacOS-Vertin-Dev/build/macos/Build/Products/Release/FirebaseCoreExtension/FirebaseCoreExtension.framework/Headers -Xcc -I/Users/vertin/Downloads/LinkedUp-Club-MacOS-Vertin-Dev/build/macos/Build/Products/Release/FirebaseCoreInternal/FirebaseCoreInternal.framework/Headers -Xcc -I/Users/vertin/Downloads/LinkedUp-Club-MacOS-Vertin-Dev/build/macos/Build/Products/Release/FirebaseFirestoreBinary/FirebaseFirestore.framework/Headers -Xcc -I/Users/vertin/Downloads/LinkedUp-Club-MacOS-Vertin-Dev/build/macos/Build/Products/Release/FirebaseFunctions/FirebaseFunctions.framework/Headers -Xcc -I/Users/vertin/Downloads/LinkedUp-Club-MacOS-Vertin-Dev/build/macos/Build/Products/Release/FirebaseInstallations/FirebaseInstallations.framework/Headers -Xcc -I/Users/vertin/Downloads/LinkedUp-Club-MacOS-Vertin-Dev/build/macos/Build/Products/Release/FirebaseMessaging/FirebaseMessaging.framework/Headers -Xcc -I/Users/vertin/Downloads/LinkedUp-Club-MacOS-Vertin-Dev/build/macos/Build/Products/Release/FirebaseMessagingInterop/FirebaseMessagingInterop.framework/Headers -Xcc -I/Users/vertin/Downloads/LinkedUp-Club-MacOS-Vertin-Dev/build/macos/Build/Products/Release/FirebaseSharedSwift/FirebaseSharedSwift.framework/Headers -Xcc -I/Users/vertin/Downloads/LinkedUp-Club-MacOS-Vertin-Dev/build/macos/Build/Products/Release/FirebaseStorage/FirebaseStorage.framework/Headers -Xcc -I/Users/vertin/Downloads/LinkedUp-Club-MacOS-Vertin-Dev/build/macos/Build/Products/Release/GTMAppAuth/GTMAppAuth.framework/Headers -Xcc -I/Users/vertin/Downloads/LinkedUp-Club-MacOS-Vertin-Dev/build/macos/Build/Products/Release/GTMSessionFetcher/GTMSessionFetcher.framework/Headers -Xcc -I/Users/vertin/Downloads/LinkedUp-Club-MacOS-Vertin-Dev/build/macos/Build/Products/Release/GoogleDataTransport/GoogleDataTransport.framework/Headers -Xcc -I/Users/vertin/Downloads/LinkedUp-Club-MacOS-Vertin-Dev/build/macos/Build/Products/Release/GoogleSignIn/GoogleSignIn.framework/Headers -Xcc -I/Users/vertin/Downloads/LinkedUp-Club-MacOS-Vertin-Dev/build/macos/Build/Products/Release/GoogleUtilities/GoogleUtilities.framework/Headers -Xcc -I/Users/vertin/Downloads/LinkedUp-Club-MacOS-Vertin-Dev/build/macos/Build/Products/Release/OrderedSet/OrderedSet.framework/Headers -Xcc -I/Users/vertin/Downloads/LinkedUp-Club-MacOS-Vertin-Dev/build/macos/Build/Products/Release/PromisesObjC/FBLPromises.framework/Headers -Xcc -I/Users/vertin/Downloads/LinkedUp-Club-MacOS-Vertin-Dev/build/macos/Build/Products/Release/app_badge_plus/app_badge_plus.framework/Headers -Xcc -I/Users/vertin/Downloads/LinkedUp-Club-MacOS-Vertin-Dev/build/macos/Build/Products/Release/app_links/app_links.framework/Headers -Xcc -I/Users/vertin/Downloads/LinkedUp-Club-MacOS-Vertin-Dev/build/macos/Build/Products/Release/assets_audio_player/assets_audio_player.framework/Headers -Xcc -I/Users/vertin/Downloads/LinkedUp-Club-MacOS-Vertin-Dev/build/macos/Build/Products/Release/assets_audio_player_web/assets_audio_player_web.framework/Headers -Xcc -I/Users/vertin/Downloads/LinkedUp-Club-MacOS-Vertin-Dev/build/macos/Build/Products/Release/audio_session/audio_session.framework/Headers -Xcc -I/Users/vertin/Downloads/LinkedUp-Club-MacOS-Vertin-Dev/build/macos/Build/Products/Release/camera_macos/camera_macos.framework/Headers -Xcc -I/Users/vertin/Downloads/LinkedUp-Club-MacOS-Vertin-Dev/build/macos/Build/Products/Release/cloud_firestore/cloud_firestore.framework/Headers -Xcc -I/Users/vertin/Downloads/LinkedUp-Club-MacOS-Vertin-Dev/build/macos/Build/Products/Release/cloud_functions/cloud_functions.framework/Headers -Xcc -I/Users/vertin/Downloads/LinkedUp-Club-MacOS-Vertin-Dev/build/macos/Build/Products/Release/cupertino_native/cupertino_native.framework/Headers -Xcc -I/Users/vertin/Downloads/LinkedUp-Club-MacOS-Vertin-Dev/build/macos/Build/Products/Release/desktop_drop/desktop_drop.framework/Headers -Xcc -I/Users/vertin/Downloads/LinkedUp-Club-MacOS-Vertin-Dev/build/macos/Build/Products/Release/device_info_plus/device_info_plus.framework/Headers -Xcc -I/Users/vertin/Downloads/LinkedUp-Club-MacOS-Vertin-Dev/build/macos/Build/Products/Release/emoji_picker_flutter/emoji_picker_flutter.framework/Headers -Xcc -I/Users/vertin/Downloads/LinkedUp-Club-MacOS-Vertin-Dev/build/macos/Build/Products/Release/file_picker/file_picker.framework/Headers -Xcc -I/Users/vertin/Downloads/LinkedUp-Club-MacOS-Vertin-Dev/build/macos/Build/Products/Release/file_selector_macos/file_selector_macos.framework/Headers -Xcc -I/Users/vertin/Downloads/LinkedUp-Club-MacOS-Vertin-Dev/build/macos/Build/Products/Release/firebase_auth/firebase_auth.framework/Headers -Xcc -I/Users/vertin/Downloads/LinkedUp-Club-MacOS-Vertin-Dev/build/macos/Build/Products/Release/firebase_core/firebase_core.framework/Headers -Xcc -I/Users/vertin/Downloads/LinkedUp-Club-MacOS-Vertin-Dev/build/macos/Build/Products/Release/firebase_messaging/firebase_messaging.framework/Headers -Xcc -I/Users/vertin/Downloads/LinkedUp-Club-MacOS-Vertin-Dev/build/macos/Build/Products/Release/firebase_storage/firebase_storage.framework/Headers -Xcc -I/Users/vertin/Downloads/LinkedUp-Club-MacOS-Vertin-Dev/build/macos/Build/Products/Release/flutter_inappwebview_macos/flutter_inappwebview_macos.framework/Headers -Xcc -I/Users/vertin/Downloads/LinkedUp-Club-MacOS-Vertin-Dev/build/macos/Build/Products/Release/geolocator_apple/geolocator_apple.framework/Headers -Xcc -I/Users/vertin/Downloads/LinkedUp-Club-MacOS-Vertin-Dev/build/macos/Build/Products/Release/google_sign_in_ios/google_sign_in_ios.framework/Headers -Xcc -I/Users/vertin/Downloads/LinkedUp-Club-MacOS-Vertin-Dev/build/macos/Build/Products/Release/irondash_engine_context/irondash_engine_context.framework/Headers -Xcc -I/Users/vertin/Downloads/LinkedUp-Club-MacOS-Vertin-Dev/build/macos/Build/Products/Release/just_audio/just_audio.framework/Headers -Xcc -I/Users/vertin/Downloads/LinkedUp-Club-MacOS-Vertin-Dev/build/macos/Build/Products/Release/leveldb-library/leveldb.framework/Headers -Xcc -I/Users/vertin/Downloads/LinkedUp-Club-MacOS-Vertin-Dev/build/macos/Build/Products/Release/nanopb/nanopb.framework/Headers -Xcc -I/Users/vertin/Downloads/LinkedUp-Club-MacOS-Vertin-Dev/build/macos/Build/Products/Release/package_info_plus/package_info_plus.framework/Headers -Xcc -I/Users/vertin/Downloads/LinkedUp-Club-MacOS-Vertin-Dev/build/macos/Build/Products/Release/path_provider_foundation/path_provider_foundation.framework/Headers -Xcc -I/Users/vertin/Downloads/LinkedUp-Club-MacOS-Vertin-Dev/build/macos/Build/Products/Release/pdfx/pdfx.framework/Headers -Xcc -I/Users/vertin/Downloads/LinkedUp-Club-MacOS-Vertin-Dev/build/macos/Build/Products/Release/quill_native_bridge_macos/quill_native_bridge_macos.framework/Headers -Xcc -I/Users/vertin/Downloads/LinkedUp-Club-MacOS-Vertin-Dev/build/macos/Build/Products/Release/record_macos/record_macos.framework/Headers -Xcc -I/Users/vertin/Downloads/LinkedUp-Club-MacOS-Vertin-Dev/build/macos/Build/Products/Release/share_plus/share_plus.framework/Headers -Xcc -I/Users/vertin/Downloads/LinkedUp-Club-MacOS-Vertin-Dev/build/macos/Build/Products/Release/shared_preferences_foundation/shared_preferences_foundation.framework/Headers -Xcc -I/Users/vertin/Downloads/LinkedUp-Club-MacOS-Vertin-Dev/build/macos/Build/Products/Release/sign_in_with_apple/sign_in_with_apple.framework/Headers -Xcc -I/Users/vertin/Downloads/LinkedUp-Club-MacOS-Vertin-Dev/build/macos/Build/Products/Release/sqflite/sqflite.framework/Headers -Xcc -I/Users/vertin/Downloads/LinkedUp-Club-MacOS-Vertin-Dev/build/macos/Build/Products/Release/super_native_extensions/super_native_extensions.framework/Headers -Xcc -I/Users/vertin/Downloads/LinkedUp-Club-MacOS-Vertin-Dev/build/macos/Build/Products/Release/url_launcher_macos/url_launcher_macos.framework/Headers -Xcc -I/Users/vertin/Downloads/LinkedUp-Club-MacOS-Vertin-Dev/build/macos/Build/Products/Release/video_player_avfoundation/video_player_avfoundation.framework/Headers -Xcc -I/Users/vertin/Downloads/LinkedUp-Club-MacOS-Vertin-Dev/build/macos/Build/Products/Release/wakelock_plus/wakelock_plus.framework/Headers -Xcc -I/Users/vertin/Downloads/LinkedUp-Club-MacOS-Vertin-Dev/build/macos/Build/Products/Release/webview_flutter_wkwebview/webview_flutter_wkwebview.framework/Headers -Xcc -I/Users/vertin/Downloads/LinkedUp-Club-MacOS-Vertin-Dev/build/macos/Build/Products/Release/zego_express_engine/zego_express_engine.framework/Headers -Xcc -I/Users/vertin/Downloads/LinkedUp-Club-MacOS-Vertin-Dev/macos/Pods/Headers/Public -Xcc -I/Users/vertin/Downloads/LinkedUp-Club-MacOS-Vertin-Dev/macos/Pods/Headers/Public/Firebase -Xcc -I/Users/vertin/Downloads/LinkedUp-Club-MacOS-Vertin-Dev/macos/Pods/Firebase/CoreOnly/Sources -Xcc -I/Users/vertin/Downloads/LinkedUp-Club-MacOS-Vertin-Dev/macos/Pods/Firebase/CoreOnly/Sources -Xcc -I/Users/vertin/Downloads/LinkedUp-Club-MacOS-Vertin-Dev/build/macos/Build/Intermediates.noindex/Runner.build/Release/Runner.build/DerivedSources-normal/x86_64 -Xcc -I/Users/vertin/Downloads/LinkedUp-Club-MacOS-Vertin-Dev/build/macos/Build/Intermediates.noindex/Runner.build/Release/Runner.build/DerivedSources/x86_64 -Xcc -I/Users/vertin/Downloads/LinkedUp-Club-MacOS-Vertin-Dev/build/macos/Build/Intermediates.noindex/Runner.build/Release/Runner.build/DerivedSources -Xcc -DCOCOAPODS\=1 -Xcc -DPB_FIELD_32BIT\=1 -Xcc -DPB_NO_PACKED_STRUCTS\=1 -Xcc -DPB_ENABLE_MALLOC\=1 -Xcc -DCOCOAPODS\=1 -Xcc -DCOCOAPODS\=1 -Xcc -DPB_FIELD_32BIT\=1 -Xcc -DPB_NO_PACKED_STRUCTS\=1 -Xcc -DPB_ENABLE_MALLOC\=1 -Xcc -DPB_FIELD_32BIT\=1 -Xcc -DPB_NO_PACKED_STRUCTS\=1 -Xcc -DPB_ENABLE_MALLOC\=1 -emit-objc-header -emit-objc-header-path /Users/vertin/Downloads/LinkedUp-Club-MacOS-Vertin-Dev/build/macos/Build/Intermediates.noindex/Runner.build/Release/Runner.build/Objects-normal/x86_64/LinkedUp-Swift.h -working-directory /Users/vertin/Downloads/LinkedUp-Club-MacOS-Vertin-Dev/macos -no-emit-module-separately-wmo
[        ] /Users/vertin/Downloads/LinkedUp-Club-MacOS-Vertin-Dev/macos/Runner/AppDelegate.swift:5:8: error: Unable to find module dependency: 'FirebaseMessaging'
[        ] import FirebaseMessaging
[        ]        ^ (in target 'Runner' from project 'Runner')
[        ] /Users/vertin/Downloads/LinkedUp-Club-MacOS-Vertin-Dev/macos/Runner/AppDelegate.swift:5:8: note: A dependency of main module 'LinkedUp'
[        ] import FirebaseMessaging
[        ]        ^ (in target 'Runner' from project 'Runner')
[        ] /Users/vertin/Downloads/LinkedUp-Club-MacOS-Vertin-Dev/macos/Runner/AppDelegate.swift:6:8: error: Unable to find module dependency: 'FirebaseCore'
[        ] import FirebaseCore
[        ]        ^ (in target 'Runner' from project 'Runner')
[        ] /Users/vertin/Downloads/LinkedUp-Club-MacOS-Vertin-Dev/macos/Runner/AppDelegate.swift:6:8: note: A dependency of main module 'LinkedUp'
[        ] import FirebaseCore
[        ]        ^ (in target 'Runner' from project 'Runner')
[        ] /Users/vertin/Downloads/LinkedUp-Club-MacOS-Vertin-Dev/macos/Runner/AppDelegate.swift:7:8: error: Unable to find module dependency: 'GoogleSignIn'
[        ] import GoogleSignIn
[        ]        ^ (in target 'Runner' from project 'Runner')
[        ] /Users/vertin/Downloads/LinkedUp-Club-MacOS-Vertin-Dev/macos/Runner/AppDelegate.swift:7:8: note: A dependency of main module 'LinkedUp'
[        ] import GoogleSignIn
[        ]        ^ (in target 'Runner' from project 'Runner')
[        ] /Users/vertin/Downloads/LinkedUp-Club-MacOS-Vertin-Dev/macos/Flutter/GeneratedPluginRegistrant.swift:8:8: error: Unable to find module dependency: 'app_badge_plus'
[        ] import app_badge_plus
[        ]        ^ (in target 'Runner' from project 'Runner')
[        ] /Users/vertin/Downloads/LinkedUp-Club-MacOS-Vertin-Dev/macos/Flutter/GeneratedPluginRegistrant.swift:8:8: note: A dependency of main module 'LinkedUp'
[        ] import app_badge_plus
[        ]        ^ (in target 'Runner' from project 'Runner')
[        ] /Users/vertin/Downloads/LinkedUp-Club-MacOS-Vertin-Dev/macos/Flutter/GeneratedPluginRegistrant.swift:9:8: error: Unable to find module dependency: 'app_links'
[        ] import app_links
[        ]        ^ (in target 'Runner' from project 'Runner')
[        ] /Users/vertin/Downloads/LinkedUp-Club-MacOS-Vertin-Dev/macos/Flutter/GeneratedPluginRegistrant.swift:9:8: note: A dependency of main module 'LinkedUp'
[        ] import app_links
[        ]        ^ (in target 'Runner' from project 'Runner')
[        ] /Users/vertin/Downloads/LinkedUp-Club-MacOS-Vertin-Dev/macos/Flutter/GeneratedPluginRegistrant.swift:10:8: error: Unable to find module dependency: 'assets_audio_player'
[        ] import assets_audio_player
[        ]        ^ (in target 'Runner' from project 'Runner')
[        ] /Users/vertin/Downloads/LinkedUp-Club-MacOS-Vertin-Dev/macos/Flutter/GeneratedPluginRegistrant.swift:10:8: note: A dependency of main module 'LinkedUp'
[        ] import assets_audio_player
[        ]        ^ (in target 'Runner' from project 'Runner')
[        ] /Users/vertin/Downloads/LinkedUp-Club-MacOS-Vertin-Dev/macos/Flutter/GeneratedPluginRegistrant.swift:11:8: error: Unable to find module dependency: 'assets_audio_player_web'
[        ] import assets_audio_player_web
[        ]        ^ (in target 'Runner' from project 'Runner')
[        ] /Users/vertin/Downloads/LinkedUp-Club-MacOS-Vertin-Dev/macos/Flutter/GeneratedPluginRegistrant.swift:11:8: note: A dependency of main module 'LinkedUp'
[        ] import assets_audio_player_web
[        ]        ^ (in target 'Runner' from project 'Runner')
[        ] /Users/vertin/Downloads/LinkedUp-Club-MacOS-Vertin-Dev/macos/Flutter/GeneratedPluginRegistrant.swift:12:8: error: Unable to find module dependency: 'audio_session'
[        ] import audio_session
[        ]        ^ (in target 'Runner' from project 'Runner')
[        ] /Users/vertin/Downloads/LinkedUp-Club-MacOS-Vertin-Dev/macos/Flutter/GeneratedPluginRegistrant.swift:12:8: note: A dependency of main module 'LinkedUp'
[        ] import audio_session
[        ]        ^ (in target 'Runner' from project 'Runner')
[        ] /Users/vertin/Downloads/LinkedUp-Club-MacOS-Vertin-Dev/macos/Flutter/GeneratedPluginRegistrant.swift:13:8: error: Unable to find module dependency: 'camera_macos'
[        ] import camera_macos
[        ]        ^ (in target 'Runner' from project 'Runner')
[        ] /Users/vertin/Downloads/LinkedUp-Club-MacOS-Vertin-Dev/macos/Flutter/GeneratedPluginRegistrant.swift:13:8: note: A dependency of main module 'LinkedUp'
[        ] import camera_macos
[        ]        ^ (in target 'Runner' from project 'Runner')
[        ] /Users/vertin/Downloads/LinkedUp-Club-MacOS-Vertin-Dev/macos/Flutter/GeneratedPluginRegistrant.swift:14:8: error: Unable to find module dependency: 'cloud_firestore'
[        ] import cloud_firestore
[        ]        ^ (in target 'Runner' from project 'Runner')
[        ] /Users/vertin/Downloads/LinkedUp-Club-MacOS-Vertin-Dev/macos/Flutter/GeneratedPluginRegistrant.swift:14:8: note: A dependency of main module 'LinkedUp'
[        ] import cloud_firestore
[        ]        ^ (in target 'Runner' from project 'Runner')
[        ] /Users/vertin/Downloads/LinkedUp-Club-MacOS-Vertin-Dev/macos/Flutter/GeneratedPluginRegistrant.swift:15:8: error: Unable to find module dependency: 'cloud_functions'
[        ] import cloud_functions
[        ]        ^ (in target 'Runner' from project 'Runner')
[        ] /Users/vertin/Downloads/LinkedUp-Club-MacOS-Vertin-Dev/macos/Flutter/GeneratedPluginRegistrant.swift:15:8: note: A dependency of main module 'LinkedUp'
[        ] import cloud_functions
[        ]        ^ (in target 'Runner' from project 'Runner')
[        ] /Users/vertin/Downloads/LinkedUp-Club-MacOS-Vertin-Dev/macos/Flutter/GeneratedPluginRegistrant.swift:16:8: error: Unable to find module dependency: 'cupertino_native'
[        ] import cupertino_native
[        ]        ^ (in target 'Runner' from project 'Runner')
[        ] /Users/vertin/Downloads/LinkedUp-Club-MacOS-Vertin-Dev/macos/Flutter/GeneratedPluginRegistrant.swift:16:8: note: A dependency of main module 'LinkedUp'
[        ] import cupertino_native
[        ]        ^ (in target 'Runner' from project 'Runner')
[        ] /Users/vertin/Downloads/LinkedUp-Club-MacOS-Vertin-Dev/macos/Flutter/GeneratedPluginRegistrant.swift:17:8: error: Unable to find module dependency: 'desktop_drop'
[        ] import desktop_drop
[        ]        ^ (in target 'Runner' from project 'Runner')
[        ] /Users/vertin/Downloads/LinkedUp-Club-MacOS-Vertin-Dev/macos/Flutter/GeneratedPluginRegistrant.swift:17:8: note: A dependency of main module 'LinkedUp'
[        ] import desktop_drop
[        ]        ^ (in target 'Runner' from project 'Runner')
[        ] /Users/vertin/Downloads/LinkedUp-Club-MacOS-Vertin-Dev/macos/Flutter/GeneratedPluginRegistrant.swift:18:8: error: Unable to find module dependency: 'device_info_plus'
[        ] import device_info_plus
[        ]        ^ (in target 'Runner' from project 'Runner')
[        ] /Users/vertin/Downloads/LinkedUp-Club-MacOS-Vertin-Dev/macos/Flutter/GeneratedPluginRegistrant.swift:18:8: note: A dependency of main module 'LinkedUp'
[        ] import device_info_plus
[        ]        ^ (in target 'Runner' from project 'Runner')
[        ] /Users/vertin/Downloads/LinkedUp-Club-MacOS-Vertin-Dev/macos/Flutter/GeneratedPluginRegistrant.swift:19:8: error: Unable to find module dependency: 'emoji_picker_flutter'
[        ] import emoji_picker_flutter
[        ]        ^ (in target 'Runner' from project 'Runner')
[        ] /Users/vertin/Downloads/LinkedUp-Club-MacOS-Vertin-Dev/macos/Flutter/GeneratedPluginRegistrant.swift:19:8: note: A dependency of main module 'LinkedUp'
[        ] import emoji_picker_flutter
[        ]        ^ (in target 'Runner' from project 'Runner')
[        ] /Users/vertin/Downloads/LinkedUp-Club-MacOS-Vertin-Dev/macos/Flutter/GeneratedPluginRegistrant.swift:20:8: error: Unable to find module dependency: 'file_picker'
[        ] import file_picker
[        ]        ^ (in target 'Runner' from project 'Runner')
[        ] /Users/vertin/Downloads/LinkedUp-Club-MacOS-Vertin-Dev/macos/Flutter/GeneratedPluginRegistrant.swift:20:8: note: A dependency of main module 'LinkedUp'
[        ] import file_picker
[        ]        ^ (in target 'Runner' from project 'Runner')
[        ] /Users/vertin/Downloads/LinkedUp-Club-MacOS-Vertin-Dev/macos/Flutter/GeneratedPluginRegistrant.swift:21:8: error: Unable to find module dependency: 'file_selector_macos'
[        ] import file_selector_macos
[        ]        ^ (in target 'Runner' from project 'Runner')
[        ] /Users/vertin/Downloads/LinkedUp-Club-MacOS-Vertin-Dev/macos/Flutter/GeneratedPluginRegistrant.swift:21:8: note: A dependency of main module 'LinkedUp'
[        ] import file_selector_macos
[        ]        ^ (in target 'Runner' from project 'Runner')
[        ] /Users/vertin/Downloads/LinkedUp-Club-MacOS-Vertin-Dev/macos/Flutter/GeneratedPluginRegistrant.swift:22:8: error: Unable to find module dependency: 'firebase_auth'
[        ] import firebase_auth
[        ]        ^ (in target 'Runner' from project 'Runner')
[        ] /Users/vertin/Downloads/LinkedUp-Club-MacOS-Vertin-Dev/macos/Flutter/GeneratedPluginRegistrant.swift:22:8: note: A dependency of main module 'LinkedUp'
[        ] import firebase_auth
[        ]        ^ (in target 'Runner' from project 'Runner')
[        ] /Users/vertin/Downloads/LinkedUp-Club-MacOS-Vertin-Dev/macos/Flutter/GeneratedPluginRegistrant.swift:23:8: error: Unable to find module dependency: 'firebase_core'
[        ] import firebase_core
[        ]        ^ (in target 'Runner' from project 'Runner')
[        ] /Users/vertin/Downloads/LinkedUp-Club-MacOS-Vertin-Dev/macos/Flutter/GeneratedPluginRegistrant.swift:23:8: note: A dependency of main module 'LinkedUp'
[        ] import firebase_core
[        ]        ^ (in target 'Runner' from project 'Runner')
[        ] /Users/vertin/Downloads/LinkedUp-Club-MacOS-Vertin-Dev/macos/Flutter/GeneratedPluginRegistrant.swift:24:8: error: Unable to find module dependency: 'firebase_messaging'
[        ] import firebase_messaging
[        ]        ^ (in target 'Runner' from project 'Runner')
[        ] /Users/vertin/Downloads/LinkedUp-Club-MacOS-Vertin-Dev/macos/Flutter/GeneratedPluginRegistrant.swift:24:8: note: A dependency of main module 'LinkedUp'
[        ] import firebase_messaging
[        ]        ^ (in target 'Runner' from project 'Runner')
[        ] /Users/vertin/Downloads/LinkedUp-Club-MacOS-Vertin-Dev/macos/Flutter/GeneratedPluginRegistrant.swift:25:8: error: Unable to find module dependency: 'firebase_storage'
[        ] import firebase_storage
[        ]        ^ (in target 'Runner' from project 'Runner')
[        ] /Users/vertin/Downloads/LinkedUp-Club-MacOS-Vertin-Dev/macos/Flutter/GeneratedPluginRegistrant.swift:25:8: note: A dependency of main module 'LinkedUp'
[        ] import firebase_storage
[        ]        ^ (in target 'Runner' from project 'Runner')
[        ] /Users/vertin/Downloads/LinkedUp-Club-MacOS-Vertin-Dev/macos/Flutter/GeneratedPluginRegistrant.swift:26:8: error: Unable to find module dependency: 'flutter_inappwebview_macos'
[        ] import flutter_inappwebview_macos
[        ]        ^ (in target 'Runner' from project 'Runner')
[        ] /Users/vertin/Downloads/LinkedUp-Club-MacOS-Vertin-Dev/macos/Flutter/GeneratedPluginRegistrant.swift:26:8: note: A dependency of main module 'LinkedUp'
[        ] import flutter_inappwebview_macos
[        ]        ^ (in target 'Runner' from project 'Runner')
[        ] /Users/vertin/Downloads/LinkedUp-Club-MacOS-Vertin-Dev/macos/Flutter/GeneratedPluginRegistrant.swift:27:8: error: Unable to find module dependency: 'geolocator_apple'
[        ] import geolocator_apple
[        ]        ^ (in target 'Runner' from project 'Runner')
[        ] /Users/vertin/Downloads/LinkedUp-Club-MacOS-Vertin-Dev/macos/Flutter/GeneratedPluginRegistrant.swift:27:8: note: A dependency of main module 'LinkedUp'
[        ] import geolocator_apple
[        ]        ^ (in target 'Runner' from project 'Runner')
[        ] /Users/vertin/Downloads/LinkedUp-Club-MacOS-Vertin-Dev/macos/Flutter/GeneratedPluginRegistrant.swift:28:8: error: Unable to find module dependency: 'google_sign_in_ios'
[        ] import google_sign_in_ios
[        ]        ^ (in target 'Runner' from project 'Runner')
[        ] /Users/vertin/Downloads/LinkedUp-Club-MacOS-Vertin-Dev/macos/Flutter/GeneratedPluginRegistrant.swift:28:8: note: A dependency of main module 'LinkedUp'
[        ] import google_sign_in_ios
[        ]        ^ (in target 'Runner' from project 'Runner')
[        ] /Users/vertin/Downloads/LinkedUp-Club-MacOS-Vertin-Dev/macos/Flutter/GeneratedPluginRegistrant.swift:29:8: error: Unable to find module dependency: 'irondash_engine_context'
[        ] import irondash_engine_context
[        ]        ^ (in target 'Runner' from project 'Runner')
[        ] /Users/vertin/Downloads/LinkedUp-Club-MacOS-Vertin-Dev/macos/Flutter/GeneratedPluginRegistrant.swift:29:8: note: A dependency of main module 'LinkedUp'
[        ] import irondash_engine_context
[        ]        ^ (in target 'Runner' from project 'Runner')
[        ] /Users/vertin/Downloads/LinkedUp-Club-MacOS-Vertin-Dev/macos/Flutter/GeneratedPluginRegistrant.swift:30:8: error: Unable to find module dependency: 'just_audio'
[        ] import just_audio
[        ]        ^ (in target 'Runner' from project 'Runner')
[        ] /Users/vertin/Downloads/LinkedUp-Club-MacOS-Vertin-Dev/macos/Flutter/GeneratedPluginRegistrant.swift:30:8: note: A dependency of main module 'LinkedUp'
[        ] import just_audio
[        ]        ^ (in target 'Runner' from project 'Runner')
[        ] /Users/vertin/Downloads/LinkedUp-Club-MacOS-Vertin-Dev/macos/Flutter/GeneratedPluginRegistrant.swift:31:8: error: Unable to find module dependency: 'package_info_plus'
[        ] import package_info_plus
[        ]        ^ (in target 'Runner' from project 'Runner')
[        ] /Users/vertin/Downloads/LinkedUp-Club-MacOS-Vertin-Dev/macos/Flutter/GeneratedPluginRegistrant.swift:31:8: note: A dependency of main module 'LinkedUp'
[        ] import package_info_plus
[        ]        ^ (in target 'Runner' from project 'Runner')
[        ] /Users/vertin/Downloads/LinkedUp-Club-MacOS-Vertin-Dev/macos/Flutter/GeneratedPluginRegistrant.swift:32:8: error: Unable to find module dependency: 'path_provider_foundation'
[        ] import path_provider_foundation
[        ]        ^ (in target 'Runner' from project 'Runner')
[        ] /Users/vertin/Downloads/LinkedUp-Club-MacOS-Vertin-Dev/macos/Flutter/GeneratedPluginRegistrant.swift:32:8: note: A dependency of main module 'LinkedUp'
[        ] import path_provider_foundation
[        ]        ^ (in target 'Runner' from project 'Runner')
[        ] /Users/vertin/Downloads/LinkedUp-Club-MacOS-Vertin-Dev/macos/Flutter/GeneratedPluginRegistrant.swift:33:8: error: Unable to find module dependency: 'pdfx'
[        ] import pdfx
[        ]        ^ (in target 'Runner' from project 'Runner')
[        ] /Users/vertin/Downloads/LinkedUp-Club-MacOS-Vertin-Dev/macos/Flutter/GeneratedPluginRegistrant.swift:33:8: note: A dependency of main module 'LinkedUp'
[        ] import pdfx
[        ]        ^ (in target 'Runner' from project 'Runner')
[        ] /Users/vertin/Downloads/LinkedUp-Club-MacOS-Vertin-Dev/macos/Flutter/GeneratedPluginRegistrant.swift:34:8: error: Unable to find module dependency: 'quill_native_bridge_macos'
[        ] import quill_native_bridge_macos
[        ]        ^ (in target 'Runner' from project 'Runner')
[        ] /Users/vertin/Downloads/LinkedUp-Club-MacOS-Vertin-Dev/macos/Flutter/GeneratedPluginRegistrant.swift:34:8: note: A dependency of main module 'LinkedUp'
[        ] import quill_native_bridge_macos
[        ]        ^ (in target 'Runner' from project 'Runner')
[        ] /Users/vertin/Downloads/LinkedUp-Club-MacOS-Vertin-Dev/macos/Flutter/GeneratedPluginRegistrant.swift:35:8: error: Unable to find module dependency: 'record_macos'
[        ] import record_macos
[        ]        ^ (in target 'Runner' from project 'Runner')
[        ] /Users/vertin/Downloads/LinkedUp-Club-MacOS-Vertin-Dev/macos/Flutter/GeneratedPluginRegistrant.swift:35:8: note: A dependency of main module 'LinkedUp'
[        ] import record_macos
[        ]        ^ (in target 'Runner' from project 'Runner')
[        ] /Users/vertin/Downloads/LinkedUp-Club-MacOS-Vertin-Dev/macos/Flutter/GeneratedPluginRegistrant.swift:36:8: error: Unable to find module dependency: 'share_plus'
[        ] import share_plus
[        ]        ^ (in target 'Runner' from project 'Runner')
[        ] /Users/vertin/Downloads/LinkedUp-Club-MacOS-Vertin-Dev/macos/Flutter/GeneratedPluginRegistrant.swift:36:8: note: A dependency of main module 'LinkedUp'
[        ] import share_plus
[        ]        ^ (in target 'Runner' from project 'Runner')
[        ] /Users/vertin/Downloads/LinkedUp-Club-MacOS-Vertin-Dev/macos/Flutter/GeneratedPluginRegistrant.swift:37:8: error: Unable to find module dependency: 'shared_preferences_foundation'
[        ] import shared_preferences_foundation
[        ]        ^ (in target 'Runner' from project 'Runner')
[        ] /Users/vertin/Downloads/LinkedUp-Club-MacOS-Vertin-Dev/macos/Flutter/GeneratedPluginRegistrant.swift:37:8: note: A dependency of main module 'LinkedUp'
[        ] import shared_preferences_foundation
[        ]        ^ (in target 'Runner' from project 'Runner')
[        ] /Users/vertin/Downloads/LinkedUp-Club-MacOS-Vertin-Dev/macos/Flutter/GeneratedPluginRegistrant.swift:38:8: error: Unable to find module dependency: 'sign_in_with_apple'
[        ] import sign_in_with_apple
[        ]        ^ (in target 'Runner' from project 'Runner')
[        ] /Users/vertin/Downloads/LinkedUp-Club-MacOS-Vertin-Dev/macos/Flutter/GeneratedPluginRegistrant.swift:38:8: note: A dependency of main module 'LinkedUp'
[        ] import sign_in_with_apple
[        ]        ^ (in target 'Runner' from project 'Runner')
[        ] /Users/vertin/Downloads/LinkedUp-Club-MacOS-Vertin-Dev/macos/Flutter/GeneratedPluginRegistrant.swift:39:8: error: Unable to find module dependency: 'sqflite'
[        ] import sqflite
[        ]        ^ (in target 'Runner' from project 'Runner')
[        ] /Users/vertin/Downloads/LinkedUp-Club-MacOS-Vertin-Dev/macos/Flutter/GeneratedPluginRegistrant.swift:39:8: note: A dependency of main module 'LinkedUp'
[        ] import sqflite
[        ]        ^ (in target 'Runner' from project 'Runner')
[        ] /Users/vertin/Downloads/LinkedUp-Club-MacOS-Vertin-Dev/macos/Flutter/GeneratedPluginRegistrant.swift:40:8: error: Unable to find module dependency: 'super_native_extensions'
[        ] import super_native_extensions
[        ]        ^ (in target 'Runner' from project 'Runner')
[        ] /Users/vertin/Downloads/LinkedUp-Club-MacOS-Vertin-Dev/macos/Flutter/GeneratedPluginRegistrant.swift:40:8: note: A dependency of main module 'LinkedUp'
[        ] import super_native_extensions
[        ]        ^ (in target 'Runner' from project 'Runner')
[        ] /Users/vertin/Downloads/LinkedUp-Club-MacOS-Vertin-Dev/macos/Flutter/GeneratedPluginRegistrant.swift:41:8: error: Unable to find module dependency: 'url_launcher_macos'
[        ] import url_launcher_macos
[        ]        ^ (in target 'Runner' from project 'Runner')
[        ] /Users/vertin/Downloads/LinkedUp-Club-MacOS-Vertin-Dev/macos/Flutter/GeneratedPluginRegistrant.swift:41:8: note: A dependency of main module 'LinkedUp'
[        ] import url_launcher_macos
[        ]        ^ (in target 'Runner' from project 'Runner')
[        ] /Users/vertin/Downloads/LinkedUp-Club-MacOS-Vertin-Dev/macos/Flutter/GeneratedPluginRegistrant.swift:42:8: error: Unable to find module dependency: 'video_player_avfoundation'
[        ] import video_player_avfoundation
[        ]        ^ (in target 'Runner' from project 'Runner')
[        ] /Users/vertin/Downloads/LinkedUp-Club-MacOS-Vertin-Dev/macos/Flutter/GeneratedPluginRegistrant.swift:42:8: note: A dependency of main module 'LinkedUp'
[        ] import video_player_avfoundation
[        ]        ^ (in target 'Runner' from project 'Runner')
[        ] /Users/vertin/Downloads/LinkedUp-Club-MacOS-Vertin-Dev/macos/Flutter/GeneratedPluginRegistrant.swift:43:8: error: Unable to find module dependency: 'wakelock_plus'
[        ] import wakelock_plus
[        ]        ^ (in target 'Runner' from project 'Runner')
[        ] /Users/vertin/Downloads/LinkedUp-Club-MacOS-Vertin-Dev/macos/Flutter/GeneratedPluginRegistrant.swift:43:8: note: A dependency of main module 'LinkedUp'
[        ] import wakelock_plus
[        ]        ^ (in target 'Runner' from project 'Runner')
[        ] /Users/vertin/Downloads/LinkedUp-Club-MacOS-Vertin-Dev/macos/Flutter/GeneratedPluginRegistrant.swift:44:8: error: Unable to find module dependency: 'webview_flutter_wkwebview'
[        ] import webview_flutter_wkwebview
[        ]        ^ (in target 'Runner' from project 'Runner')
[        ] /Users/vertin/Downloads/LinkedUp-Club-MacOS-Vertin-Dev/macos/Flutter/GeneratedPluginRegistrant.swift:44:8: note: A dependency of main module 'LinkedUp'
[        ] import webview_flutter_wkwebview
[        ]        ^ (in target 'Runner' from project 'Runner')
[        ] /Users/vertin/Downloads/LinkedUp-Club-MacOS-Vertin-Dev/macos/Flutter/GeneratedPluginRegistrant.swift:45:8: error: Unable to find module dependency: 'zego_express_engine'
[        ] import zego_express_engine
[        ]        ^ (in target 'Runner' from project 'Runner')
[        ] /Users/vertin/Downloads/LinkedUp-Club-MacOS-Vertin-Dev/macos/Flutter/GeneratedPluginRegistrant.swift:45:8: note: A dependency of main module 'LinkedUp'
[        ] import zego_express_engine
[        ]        ^ (in target 'Runner' from project 'Runner')
[   +3 ms] warning: Stale file '/Users/vertin/Library/Developer/Xcode/DerivedData/Runner-fvvuxeybejktbldmffqljvprspvq/Build/Intermediates.noindex/ArchiveIntermediates/Runner/BuildProductsPath/Release/App.framework.dSYM/Contents/Resources/DWARF/App' is located outside of the allowed root paths.
[        ] warning: Stale file '/Users/vertin/Library/Developer/Xcode/DerivedData/Runner-fvvuxeybejktbldmffqljvprspvq/Build/Intermediates.noindex/ArchiveIntermediates/Runner/BuildProductsPath/Release/App.framework/Versions/A/App' is located outside of the allowed root paths.
[        ] warning: Stale file '/Users/vertin/Library/Developer/Xcode/DerivedData/Runner-fvvuxeybejktbldmffqljvprspvq/Build/Intermediates.noindex/ArchiveIntermediates/Runner/BuildProductsPath/Release/App.framework/Versions/A/Resources/Info.plist' is located outside of the allowed root paths.
[        ] warning: Stale file '/Users/vertin/Library/Developer/Xcode/DerivedData/Runner-fvvuxeybejktbldmffqljvprspvq/Build/Intermediates.noindex/ArchiveIntermediates/Runner/BuildProductsPath/Release/App.framework/Versions/A/Resources/flutter_assets/AssetManifest.bin' is located outside of the allowed root paths.
[        ] warning: Stale file '/Users/vertin/Library/Developer/Xcode/DerivedData/Runner-fvvuxeybejktbldmffqljvprspvq/Build/Intermediates.noindex/ArchiveIntermediates/Runner/BuildProductsPath/Release/App.framework/Versions/A/Resources/flutter_assets/FontManifest.json' is located outside of the allowed root paths.
[        ] warning: Stale file '/Users/vertin/Library/Developer/Xcode/DerivedData/Runner-fvvuxeybejktbldmffqljvprspvq/Build/Intermediates.noindex/ArchiveIntermediates/Runner/BuildProductsPath/Release/App.framework/Versions/A/Resources/flutter_assets/NOTICES.Z' is located outside of the allowed root paths.
[        ] warning: Stale file '/Users/vertin/Library/Developer/Xcode/DerivedData/Runner-fvvuxeybejktbldmffqljvprspvq/Build/Intermediates.noindex/ArchiveIntermediates/Runner/BuildProductsPath/Release/App.framework/Versions/A/Resources/flutter_assets/NativeAssetsManifest.json' is located outside of the allowed root paths.
[        ] warning: Stale file '/Users/vertin/Library/Developer/Xcode/DerivedData/Runner-fvvuxeybejktbldmffqljvprspvq/Build/Intermediates.noindex/ArchiveIntermediates/Runner/BuildProductsPath/Release/App.framework/Versions/A/Resources/flutter_assets/assets/audios/favicon.png' is located outside of the allowed root paths.
[        ] warning: Stale file '/Users/vertin/Library/Developer/Xcode/DerivedData/Runner-fvvuxeybejktbldmffqljvprspvq/Build/Intermediates.noindex/ArchiveIntermediates/Runner/BuildProductsPath/Release/App.framework/Versions/A/Resources/flutter_assets/assets/audios/mac_os_glass.mp3' is located outside of the allowed root paths.
[        ] warning: Stale file '/Users/vertin/Library/Developer/Xcode/DerivedData/Runner-fvvuxeybejktbldmffqljvprspvq/Build/Intermediates.noindex/ArchiveIntermediates/Runner/BuildProductsPath/Release/App.framework/Versions/A/Resources/flutter_assets/assets/audios/new-notification-3-398649.mp3' is located outside of the allowed root paths.
[        ] warning: Stale file '/Users/vertin/Library/Developer/Xcode/DerivedData/Runner-fvvuxeybejktbldmffqljvprspvq/Build/Intermediates.noindex/ArchiveIntermediates/Runner/BuildProductsPath/Release/App.framework/Versions/A/Resources/flutter_assets/assets/audios/notification_sound.mp3' is located outside of the allowed root paths.
[        ] warning: Stale file '/Users/vertin/Library/Developer/Xcode/DerivedData/Runner-fvvuxeybejktbldmffqljvprspvq/Build/Intermediates.noindex/ArchiveIntermediates/Runner/BuildProductsPath/Release/App.framework/Versions/A/Resources/flutter_assets/assets/fonts/Inter-Bold.ttf' is located outside of the allowed root paths.
[        ] warning: Stale file '/Users/vertin/Library/Developer/Xcode/DerivedData/Runner-fvvuxeybejktbldmffqljvprspvq/Build/Intermediates.noindex/ArchiveIntermediates/Runner/BuildProductsPath/Release/App.framework/Versions/A/Resources/flutter_assets/assets/fonts/Inter-Italic.ttf' is located outside of the allowed root paths.
[        ] warning: Stale file '/Users/vertin/Library/Developer/Xcode/DerivedData/Runner-fvvuxeybejktbldmffqljvprspvq/Build/Intermediates.noindex/ArchiveIntermediates/Runner/BuildProductsPath/Release/App.framework/Versions/A/Resources/flutter_assets/assets/fonts/Inter-Light.ttf' is located outside of the allowed root paths.
[        ] warning: Stale file '/Users/vertin/Library/Developer/Xcode/DerivedData/Runner-fvvuxeybejktbldmffqljvprspvq/Build/Intermediates.noindex/ArchiveIntermediates/Runner/BuildProductsPath/Release/App.framework/Versions/A/Resources/flutter_assets/assets/fonts/Inter-Medium.ttf' is located outside of the allowed root paths.
[        ] warning: Stale file '/Users/vertin/Library/Developer/Xcode/DerivedData/Runner-fvvuxeybejktbldmffqljvprspvq/Build/Intermediates.noindex/ArchiveIntermediates/Runner/BuildProductsPath/Release/App.framework/Versions/A/Resources/flutter_assets/assets/fonts/Inter-Regular.ttf' is located outside of the allowed root paths.
[        ] warning: Stale file '/Users/vertin/Library/Developer/Xcode/DerivedData/Runner-fvvuxeybejktbldmffqljvprspvq/Build/Intermediates.noindex/ArchiveIntermediates/Runner/BuildProductsPath/Release/App.framework/Versions/A/Resources/flutter_assets/assets/fonts/Inter-SemiBold.ttf' is located outside of the allowed root paths.
[        ] warning: Stale file '/Users/vertin/Library/Developer/Xcode/DerivedData/Runner-fvvuxeybejktbldmffqljvprspvq/Build/Intermediates.noindex/ArchiveIntermediates/Runner/BuildProductsPath/Release/App.framework/Versions/A/Resources/flutter_assets/assets/fonts/favicon.png' is located outside of the allowed root paths.
[        ] warning: Stale file '/Users/vertin/Library/Developer/Xcode/DerivedData/Runner-fvvuxeybejktbldmffqljvprspvq/Build/Intermediates.noindex/ArchiveIntermediates/Runner/BuildProductsPath/Release/App.framework/Versions/A/Resources/flutter_assets/assets/images/00315368875b4683939ad1b231c721a5cc3c7227.png' is located outside of the allowed root paths.
[        ] warning: Stale file '/Users/vertin/Library/Developer/Xcode/DerivedData/Runner-fvvuxeybejktbldmffqljvprspvq/Build/Intermediates.noindex/ArchiveIntermediates/Runner/BuildProductsPath/Release/App.framework/Versions/A/Resources/flutter_assets/assets/images/3e5cbd419c5eeea9116da22d9e39b5bfa4785a4d.png' is located outside of the allowed root paths.
[        ] warning: Stale file '/Users/vertin/Library/Developer/Xcode/DerivedData/Runner-fvvuxeybejktbldmffqljvprspvq/Build/Intermediates.noindex/ArchiveIntermediates/Runner/BuildProductsPath/Release/App.framework/Versions/A/Resources/flutter_assets/assets/images/67b27b2cda06e9c69e5d000615c1153f80b09576.png' is located outside of the allowed root paths.
[        ] warning: Stale file '/Users/vertin/Library/Developer/Xcode/DerivedData/Runner-fvvuxeybejktbldmffqljvprspvq/Build/Intermediates.noindex/ArchiveIntermediates/Runner/BuildProductsPath/Release/App.framework/Versions/A/Resources/flutter_assets/assets/images/9939941067409a27e7334f498969c725da0ae11a.png' is located outside of the allowed root paths.
[        ] warning: Stale file '/Users/vertin/Library/Developer/Xcode/DerivedData/Runner-fvvuxeybejktbldmffqljvprspvq/Build/Intermediates.noindex/ArchiveIntermediates/Runner/BuildProductsPath/Release/App.framework/Versions/A/Resources/flutter_assets/assets/images/Logo_2.png' is located outside of the allowed root paths.
[        ] warning: Stale file '/Users/vertin/Library/Developer/Xcode/DerivedData/Runner-fvvuxeybejktbldmffqljvprspvq/Build/Intermediates.noindex/ArchiveIntermediates/Runner/BuildProductsPath/Release/App.framework/Versions/A/Resources/flutter_assets/assets/images/ac223b5163821230e58fbb86c4f9ddd0d1772771.png' is located outside of the allowed root paths.
[        ] warning: Stale file '/Users/vertin/Library/Developer/Xcode/DerivedData/Runner-fvvuxeybejktbldmffqljvprspvq/Build/Intermediates.noindex/ArchiveIntermediates/Runner/BuildProductsPath/Release/App.framework/Versions/A/Resources/flutter_assets/assets/images/adaptive_foreground_icon.png' is located outside of the allowed root paths.
[        ] warning: Stale file '/Users/vertin/Library/Developer/Xcode/DerivedData/Runner-fvvuxeybejktbldmffqljvprspvq/Build/Intermediates.noindex/ArchiveIntermediates/Runner/BuildProductsPath/Release/App.framework/Versions/A/Resources/flutter_assets/assets/images/app_launcher_icon.png' is located outside of the allowed root paths.
[        ] warning: Stale file '/Users/vertin/Library/Developer/Xcode/DerivedData/Runner-fvvuxeybejktbldmffqljvprspvq/Build/Intermediates.noindex/ArchiveIntermediates/Runner/BuildProductsPath/Release/App.framework/Versions/A/Resources/flutter_assets/assets/images/div.png' is located outside of the allowed root paths.
[        ] warning: Stale file '/Users/vertin/Library/Developer/Xcode/DerivedData/Runner-fvvuxeybejktbldmffqljvprspvq/Build/Intermediates.noindex/ArchiveIntermediates/Runner/BuildProductsPath/Release/App.framework/Versions/A/Resources/flutter_assets/assets/images/email-5-512.png' is located outside of the allowed root paths.
[        ] warning: Stale file '/Users/vertin/Library/Developer/Xcode/DerivedData/Runner-fvvuxeybejktbldmffqljvprspvq/Build/Intermediates.noindex/ArchiveIntermediates/Runner/BuildProductsPath/Release/App.framework/Versions/A/Resources/flutter_assets/assets/images/envelope.png' is located outside of the allowed root paths.
[        ] warning: Stale file '/Users/vertin/Library/Developer/Xcode/DerivedData/Runner-fvvuxeybejktbldmffqljvprspvq/Build/Intermediates.noindex/ArchiveIntermediates/Runner/BuildProductsPath/Release/App.framework/Versions/A/Resources/flutter_assets/assets/images/error_image.png' is located outside of the allowed root paths.
[        ] warning: Stale file '/Users/vertin/Library/Developer/Xcode/DerivedData/Runner-fvvuxeybejktbldmffqljvprspvq/Build/Intermediates.noindex/ArchiveIntermediates/Runner/BuildProductsPath/Release/App.framework/Versions/A/Resources/flutter_assets/assets/images/eventbrite-logo.png' is located outside of the allowed root paths.
[        ] warning: Stale file '/Users/vertin/Library/Developer/Xcode/DerivedData/Runner-fvvuxeybejktbldmffqljvprspvq/Build/Intermediates.noindex/ArchiveIntermediates/Runner/BuildProductsPath/Release/App.framework/Versions/A/Resources/flutter_assets/assets/images/favicon.png' is located outside of the allowed root paths.
[        ] warning: Stale file '/Users/vertin/Library/Developer/Xcode/DerivedData/Runner-fvvuxeybejktbldmffqljvprspvq/Build/Intermediates.noindex/ArchiveIntermediates/Runner/BuildProductsPath/Release/App.framework/Versions/A/Resources/flutter_assets/assets/images/gmeet.png' is located outside of the allowed root paths.
[        ] warning: Stale file '/Users/vertin/Library/Developer/Xcode/DerivedData/Runner-fvvuxeybejktbldmffqljvprspvq/Build/Intermediates.noindex/ArchiveIntermediates/Runner/BuildProductsPath/Release/App.framework/Versions/A/Resources/flutter_assets/assets/images/google-calendar.png' is located outside of the allowed root paths.
[        ] warning: Stale file '/Users/vertin/Library/Developer/Xcode/DerivedData/Runner-fvvuxeybejktbldmffqljvprspvq/Build/Intermediates.noindex/ArchiveIntermediates/Runner/BuildProductsPath/Release/App.framework/Versions/A/Resources/flutter_assets/assets/images/google.png' is located outside of the allowed root paths.
[        ] warning: Stale file '/Users/vertin/Library/Developer/Xcode/DerivedData/Runner-fvvuxeybejktbldmffqljvprspvq/Build/Intermediates.noindex/ArchiveIntermediates/Runner/BuildProductsPath/Release/App.framework/Versions/A/Resources/flutter_assets/assets/images/lona-workspace.png' is located outside of the allowed root paths.
[        ] warning: Stale file '/Users/vertin/Library/Developer/Xcode/DerivedData/Runner-fvvuxeybejktbldmffqljvprspvq/Build/Intermediates.noindex/ArchiveIntermediates/Runner/BuildProductsPath/Release/App.framework/Versions/A/Resources/flutter_assets/assets/images/mail-512.png' is located outside of the allowed root paths.
[        ] warning: Stale file '/Users/vertin/Library/Developer/Xcode/DerivedData/Runner-fvvuxeybejktbldmffqljvprspvq/Build/Intermediates.noindex/ArchiveIntermediates/Runner/BuildProductsPath/Release/App.framework/Versions/A/Resources/flutter_assets/assets/images/software-agent.png' is located outside of the allowed root paths.
[        ] warning: Stale file '/Users/vertin/Library/Developer/Xcode/DerivedData/Runner-fvvuxeybejktbldmffqljvprspvq/Build/Intermediates.noindex/ArchiveIntermediates/Runner/BuildProductsPath/Release/App.framework/Versions/A/Resources/flutter_assets/assets/images/svg.png' is located outside of the allowed root paths.
[        ] warning: Stale file '/Users/vertin/Library/Developer/Xcode/DerivedData/Runner-fvvuxeybejktbldmffqljvprspvq/Build/Intermediates.noindex/ArchiveIntermediates/Runner/BuildProductsPath/Release/App.framework/Versions/A/Resources/flutter_assets/assets/jsons/favicon.png' is located outside of the allowed root paths.
[        ] warning: Stale file '/Users/vertin/Library/Developer/Xcode/DerivedData/Runner-fvvuxeybejktbldmffqljvprspvq/Build/Intermediates.noindex/ArchiveIntermediates/Runner/BuildProductsPath/Release/App.framework/Versions/A/Resources/flutter_assets/assets/pdfs/favicon.png' is located outside of the allowed root paths.
[        ] warning: Stale file '/Users/vertin/Library/Developer/Xcode/DerivedData/Runner-fvvuxeybejktbldmffqljvprspvq/Build/Intermediates.noindex/ArchiveIntermediates/Runner/BuildProductsPath/Release/App.framework/Versions/A/Resources/flutter_assets/assets/rive_animations/favicon.png' is located outside of the allowed root paths.
[        ] warning: Stale file '/Users/vertin/Library/Developer/Xcode/DerivedData/Runner-fvvuxeybejktbldmffqljvprspvq/Build/Intermediates.noindex/ArchiveIntermediates/Runner/BuildProductsPath/Release/App.framework/Versions/A/Resources/flutter_assets/assets/videos/favicon.png' is located outside of the allowed root paths.
[        ] warning: Stale file '/Users/vertin/Library/Developer/Xcode/DerivedData/Runner-fvvuxeybejktbldmffqljvprspvq/Build/Intermediates.noindex/ArchiveIntermediates/Runner/BuildProductsPath/Release/App.framework/Versions/A/Resources/flutter_assets/fonts/MaterialIcons-Regular.otf' is located outside of the allowed root paths.
[        ] warning: Stale file '/Users/vertin/Library/Developer/Xcode/DerivedData/Runner-fvvuxeybejktbldmffqljvprspvq/Build/Intermediates.noindex/ArchiveIntermediates/Runner/BuildProductsPath/Release/App.framework/Versions/A/Resources/flutter_assets/packages/branchio_dynamic_linking_akp5u6/assets/audios/favicon.png' is located outside of the allowed root paths.
[        ] warning: Stale file '/Users/vertin/Library/Developer/Xcode/DerivedData/Runner-fvvuxeybejktbldmffqljvprspvq/Build/Intermediates.noindex/ArchiveIntermediates/Runner/BuildProductsPath/Release/App.framework/Versions/A/Resources/flutter_assets/packages/branchio_dynamic_linking_akp5u6/assets/fonts/favicon.png' is located outside of the allowed root paths.
[        ] warning: Stale file '/Users/vertin/Library/Developer/Xcode/DerivedData/Runner-fvvuxeybejktbldmffqljvprspvq/Build/Intermediates.noindex/ArchiveIntermediates/Runner/BuildProductsPath/Release/App.framework/Versions/A/Resources/flutter_assets/packages/branchio_dynamic_linking_akp5u6/assets/images/favicon.png' is located outside of the allowed root paths.
[        ] warning: Stale file '/Users/vertin/Library/Developer/Xcode/DerivedData/Runner-fvvuxeybejktbldmffqljvprspvq/Build/Intermediates.noindex/ArchiveIntermediates/Runner/BuildProductsPath/Release/App.framework/Versions/A/Resources/flutter_assets/packages/branchio_dynamic_linking_akp5u6/assets/jsons/favicon.png' is located outside of the allowed root paths.
[        ] warning: Stale file '/Users/vertin/Library/Developer/Xcode/DerivedData/Runner-fvvuxeybejktbldmffqljvprspvq/Build/Intermediates.noindex/ArchiveIntermediates/Runner/BuildProductsPath/Release/App.framework/Versions/A/Resources/flutter_assets/packages/branchio_dynamic_linking_akp5u6/assets/pdfs/favicon.png' is located outside of the allowed root paths.
[        ] warning: Stale file '/Users/vertin/Library/Developer/Xcode/DerivedData/Runner-fvvuxeybejktbldmffqljvprspvq/Build/Intermediates.noindex/ArchiveIntermediates/Runner/BuildProductsPath/Release/App.framework/Versions/A/Resources/flutter_assets/packages/branchio_dynamic_linking_akp5u6/assets/rive_animations/favicon.png' is located outside of the allowed root paths.
[        ] warning: Stale file '/Users/vertin/Library/Developer/Xcode/DerivedData/Runner-fvvuxeybejktbldmffqljvprspvq/Build/Intermediates.noindex/ArchiveIntermediates/Runner/BuildProductsPath/Release/App.framework/Versions/A/Resources/flutter_assets/packages/branchio_dynamic_linking_akp5u6/assets/videos/favicon.png' is located outside of the allowed root paths.
[        ] warning: Stale file '/Users/vertin/Library/Developer/Xcode/DerivedData/Runner-fvvuxeybejktbldmffqljvprspvq/Build/Intermediates.noindex/ArchiveIntermediates/Runner/BuildProductsPath/Release/App.framework/Versions/A/Resources/flutter_assets/packages/cupertino_icons/assets/CupertinoIcons.ttf' is located outside of the allowed root paths.
[        ] warning: Stale file '/Users/vertin/Library/Developer/Xcode/DerivedData/Runner-fvvuxeybejktbldmffqljvprspvq/Build/Intermediates.noindex/ArchiveIntermediates/Runner/BuildProductsPath/Release/App.framework/Versions/A/Resources/flutter_assets/packages/flutter_google_places/assets/google_black.png' is located outside of the allowed root paths.
[        ] warning: Stale file '/Users/vertin/Library/Developer/Xcode/DerivedData/Runner-fvvuxeybejktbldmffqljvprspvq/Build/Intermediates.noindex/ArchiveIntermediates/Runner/BuildProductsPath/Release/App.framework/Versions/A/Resources/flutter_assets/packages/flutter_google_places/assets/google_white.png' is located outside of the allowed root paths.
[        ] warning: Stale file '/Users/vertin/Library/Developer/Xcode/DerivedData/Runner-fvvuxeybejktbldmffqljvprspvq/Build/Intermediates.noindex/ArchiveIntermediates/Runner/BuildProductsPath/Release/App.framework/Versions/A/Resources/flutter_assets/packages/flutter_inappwebview/assets/t_rex_runner/t-rex.css' is located outside of the allowed root paths.
[        ] warning: Stale file '/Users/vertin/Library/Developer/Xcode/DerivedData/Runner-fvvuxeybejktbldmffqljvprspvq/Build/Intermediates.noindex/ArchiveIntermediates/Runner/BuildProductsPath/Release/App.framework/Versions/A/Resources/flutter_assets/packages/flutter_inappwebview/assets/t_rex_runner/t-rex.html' is located outside of the allowed root paths.
[        ] warning: Stale file '/Users/vertin/Library/Developer/Xcode/DerivedData/Runner-fvvuxeybejktbldmffqljvprspvq/Build/Intermediates.noindex/ArchiveIntermediates/Runner/BuildProductsPath/Release/App.framework/Versions/A/Resources/flutter_assets/packages/flutter_inappwebview_web/assets/web/web_support.js' is located outside of the allowed root paths.
[        ] warning: Stale file '/Users/vertin/Library/Developer/Xcode/DerivedData/Runner-fvvuxeybejktbldmffqljvprspvq/Build/Intermediates.noindex/ArchiveIntermediates/Runner/BuildProductsPath/Release/App.framework/Versions/A/Resources/flutter_assets/packages/font_awesome_flutter/lib/fonts/fa-brands-400.ttf' is located outside of the allowed root paths.
[        ] warning: Stale file '/Users/vertin/Library/Developer/Xcode/DerivedData/Runner-fvvuxeybejktbldmffqljvprspvq/Build/Intermediates.noindex/ArchiveIntermediates/Runner/BuildProductsPath/Release/App.framework/Versions/A/Resources/flutter_assets/packages/font_awesome_flutter/lib/fonts/fa-regular-400.ttf' is located outside of the allowed root paths.
[        ] warning: Stale file '/Users/vertin/Library/Developer/Xcode/DerivedData/Runner-fvvuxeybejktbldmffqljvprspvq/Build/Intermediates.noindex/ArchiveIntermediates/Runner/BuildProductsPath/Release/App.framework/Versions/A/Resources/flutter_assets/packages/font_awesome_flutter/lib/fonts/fa-solid-900.ttf' is located outside of the allowed root paths.
[        ] warning: Stale file '/Users/vertin/Library/Developer/Xcode/DerivedData/Runner-fvvuxeybejktbldmffqljvprspvq/Build/Intermediates.noindex/ArchiveIntermediates/Runner/BuildProductsPath/Release/App.framework/Versions/A/Resources/flutter_assets/packages/liquid_glass_renderer/lib/assets/shaders/liquid_glass_arbitrary.frag' is located outside of the allowed root paths.
[        ] warning: Stale file '/Users/vertin/Library/Developer/Xcode/DerivedData/Runner-fvvuxeybejktbldmffqljvprspvq/Build/Intermediates.noindex/ArchiveIntermediates/Runner/BuildProductsPath/Release/App.framework/Versions/A/Resources/flutter_assets/packages/liquid_glass_renderer/lib/assets/shaders/liquid_glass_filter.frag' is located outside of the allowed root paths.
[        ] warning: Stale file '/Users/vertin/Library/Developer/Xcode/DerivedData/Runner-fvvuxeybejktbldmffqljvprspvq/Build/Intermediates.noindex/ArchiveIntermediates/Runner/BuildProductsPath/Release/App.framework/Versions/A/Resources/flutter_assets/packages/liquid_glass_renderer/lib/assets/shaders/liquid_glass_final_render.frag' is located outside of the allowed root paths.
[        ] warning: Stale file '/Users/vertin/Library/Developer/Xcode/DerivedData/Runner-fvvuxeybejktbldmffqljvprspvq/Build/Intermediates.noindex/ArchiveIntermediates/Runner/BuildProductsPath/Release/App.framework/Versions/A/Resources/flutter_assets/packages/liquid_glass_renderer/lib/assets/shaders/liquid_glass_geometry_blended.frag' is located outside of the allowed root paths.
[        ] warning: Stale file '/Users/vertin/Library/Developer/Xcode/DerivedData/Runner-fvvuxeybejktbldmffqljvprspvq/Build/Intermediates.noindex/ArchiveIntermediates/Runner/BuildProductsPath/Release/App.framework/Versions/A/Resources/flutter_assets/packages/oc_liquid_glass/shaders/liquid_glass.frag' is located outside of the allowed root paths.
[        ] warning: Stale file '/Users/vertin/Library/Developer/Xcode/DerivedData/Runner-fvvuxeybejktbldmffqljvprspvq/Build/Intermediates.noindex/ArchiveIntermediates/Runner/BuildProductsPath/Release/App.framework/Versions/A/Resources/flutter_assets/packages/record_web/assets/js/record.fixwebmduration.js' is located outside of the allowed root paths.
[        ] warning: Stale file '/Users/vertin/Library/Developer/Xcode/DerivedData/Runner-fvvuxeybejktbldmffqljvprspvq/Build/Intermediates.noindex/ArchiveIntermediates/Runner/BuildProductsPath/Release/App.framework/Versions/A/Resources/flutter_assets/packages/record_web/assets/js/record.worklet.js' is located outside of the allowed root paths.
[        ] warning: Stale file '/Users/vertin/Library/Developer/Xcode/DerivedData/Runner-fvvuxeybejktbldmffqljvprspvq/Build/Intermediates.noindex/ArchiveIntermediates/Runner/BuildProductsPath/Release/App.framework/Versions/A/Resources/flutter_assets/packages/wakelock_plus/assets/no_sleep.js' is located outside of the allowed root paths.
[        ] warning: Stale file '/Users/vertin/Library/Developer/Xcode/DerivedData/Runner-fvvuxeybejktbldmffqljvprspvq/Build/Intermediates.noindex/ArchiveIntermediates/Runner/BuildProductsPath/Release/App.framework/Versions/A/Resources/flutter_assets/packages/zego_express_engine/assets/ZegoExpressWebFlutterWrapper.js' is located outside of the allowed root paths.
[        ] warning: Stale file '/Users/vertin/Library/Developer/Xcode/DerivedData/Runner-fvvuxeybejktbldmffqljvprspvq/Build/Intermediates.noindex/ArchiveIntermediates/Runner/BuildProductsPath/Release/App.framework/Versions/A/Resources/flutter_assets/packages/zego_express_engine/assets/copyrighted-music.js' is located outside of the allowed root paths.
[        ] warning: Stale file '/Users/vertin/Library/Developer/Xcode/DerivedData/Runner-fvvuxeybejktbldmffqljvprspvq/Build/Intermediates.noindex/ArchiveIntermediates/Runner/BuildProductsPath/Release/App.framework/Versions/A/Resources/flutter_assets/packages/zego_express_engine/assets/voice-changer.js' is located outside of the allowed root paths.
[        ] warning: Stale file '/Users/vertin/Library/Developer/Xcode/DerivedData/Runner-fvvuxeybejktbldmffqljvprspvq/Build/Intermediates.noindex/ArchiveIntermediates/Runner/BuildProductsPath/Release/App.framework/Versions/A/Resources/flutter_assets/shaders/ink_sparkle.frag' is located outside of the allowed root paths.
[        ] warning: Stale file '/Users/vertin/Library/Developer/Xcode/DerivedData/Runner-fvvuxeybejktbldmffqljvprspvq/Build/Intermediates.noindex/ArchiveIntermediates/Runner/BuildProductsPath/Release/App.framework/Versions/A/Resources/flutter_assets/shaders/stretch_effect.frag' is located outside of the allowed root paths.
[        ] warning: Stale file '/Users/vertin/Library/Developer/Xcode/DerivedData/Runner-fvvuxeybejktbldmffqljvprspvq/Build/Intermediates.noindex/ArchiveIntermediates/Runner/BuildProductsPath/Release/FlutterMacOS.framework.dSYM/Contents/Resources/DWARF/FlutterMacOS' is located outside of the allowed root paths.
[        ] warning: Stale file '/Users/vertin/Library/Developer/Xcode/DerivedData/Runner-fvvuxeybejktbldmffqljvprspvq/Build/Intermediates.noindex/ArchiveIntermediates/Runner/BuildProductsPath/Release/FlutterMacOS.framework/Versions/A/FlutterMacOS' is located outside of the allowed root paths.
[        ] ** BUILD FAILED **
[        ] The following build commands failed:
[        ] 	SwiftDriver Runner normal arm64 com.apple.xcode.tools.swift.compiler (in target 'Runner' from project 'Runner')
[        ] 	SwiftDriver Runner normal x86_64 com.apple.xcode.tools.swift.compiler (in target 'Runner' from project 'Runner')
[   +2 ms] 	Building workspace Runner with scheme Runner and configuration Release
[        ] (3 failures)
[  +32 ms] Building macOS application... (completed in 9.1s)
[        ] "flutter macos" took 11,842ms.
[   +2 ms] executing: sw_vers -productName
[  +26 ms] Exit code 0 from: sw_vers -productName
[        ] macOS
[        ] executing: sw_vers -productVersion
[   +7 ms] Exit code 0 from: sw_vers -productVersion
[        ] 26.0.1
[        ] executing: sw_vers -buildVersion
[   +7 ms] Exit code 0 from: sw_vers -buildVersion
[        ] 25A362
[        ] executing: uname -m
[   +3 ms] Exit code 0 from: uname -m
[        ] arm64
[   +6 ms] Build process failed
[        ] 
           #0      throwToolExit (package:flutter_tools/src/base/common.dart:34:3)
           #1      buildMacOS (package:flutter_tools/src/macos/build_macos.dart:239:5)
           <asynchronous suspension>
           #2      BuildMacosCommand.runCommand (package:flutter_tools/src/commands/build_macos.dart:60:5)
           <asynchronous suspension>
           #3      FlutterCommand.run.<anonymous closure> (package:flutter_tools/src/runner/flutter_command.dart:1559:27)
           <asynchronous suspension>
           #4      AppContext.run.<anonymous closure> (package:flutter_tools/src/base/context.dart:154:19)
           <asynchronous suspension>
           #5      CommandRunner.runCommand (package:args/command_runner.dart:212:13)
           <asynchronous suspension>
           #6      FlutterCommandRunner.runCommand.<anonymous closure> (package:flutter_tools/src/runner/flutter_command_runner.dart:487:9)
           <asynchronous suspension>
           #7      AppContext.run.<anonymous closure> (package:flutter_tools/src/base/context.dart:154:19)
           <asynchronous suspension>
           #8      FlutterCommandRunner.runCommand (package:flutter_tools/src/runner/flutter_command_runner.dart:422:5)
           <asynchronous suspension>
           #9      run.<anonymous closure>.<anonymous closure> (package:flutter_tools/runner.dart:104:11)
           <asynchronous suspension>
           #10     AppContext.run.<anonymous closure> (package:flutter_tools/src/base/context.dart:154:19)
           <asynchronous suspension>
           #11     main (package:flutter_tools/executable.dart:103:3)
           <asynchronous suspension>


[        ] Running 1 shutdown hook
[        ] Shutdown hooks complete
[  +30 ms] exiting with code 1
